00:00 +0: loading C:/Users/ADMIN/Desktop/CocEnglish/apps/mobile/test/avatar_motion_test.dart
00:00 +0: failed avatar does not poison new consumers and in-flight disposal is safe
═════════════════════════════════════════════════════════════════════════════════════════
[31m[1m  Rive Native: Failed to open dynamic library[0m
[33m  Library: rive_native.dll[0m      

  To fix this issue, run the following command:     
[36m[1m    dart run rive_native:setup --verbose --clean --platform windows[0m           
  
  See the troubleshooting section in the docs for more information:
[36m[1m    https://rive.app/docs/runtimes/flutter/rive-native#troubleshooting[0m
═════════════════════════════════════════════════════════════════════════════════════════

══╡ EXCEPTION CAUGHT BY FLUTTER TEST FRAMEWORK ╞════════════════════════════════════════════════════
The following TestFailure was thrown running a test:
Expected: exactly one matching candidate
  Actual: _TypeWidgetFinder:<Found 0 widgets with type "RiveWidget": []>
   Which: means none were found but one was expected
New consumers must retry after an earlier failed file load

When the exception was thrown, this was the stack:
#4      main.<anonymous closure> (file:///C:/Users/ADMIN/Desktop/CocEnglish/apps/mobile/test/avatar_motion_test.dart:32:5)
<asynchronous suspension>
#5      testWidgets.<anonymous closure>.<anonymous closure> (package:flutter_test/src/widget_tester.dart:192:15)
<asynchronous suspension>
#6      TestWidgetsFlutterBinding._runTestBody (package:flutter_test/src/binding.dart:1953:5)
<asynchronous suspension>
<asynchronous suspension>
(elided one frame from package:stack_trace)

This was caught by the test expectation on the following line:
  file:///C:/Users/ADMIN/Desktop/CocEnglish/apps/mobile/test/avatar_motion_test.dart line 32
The test description was:
  failed avatar does not poison new consumers and in-flight disposal is safe
════════════════════════════════════════════════════════════════════════════════════════════════════
00:14 +0 -1: failed avatar does not poison new consumers and in-flight disposal is safe [E]
  Test failed. See exception logs above.
  The test description was: failed avatar does not poison new consumers and in-flight disposal is safe
  
00:14 +0 -1: Some tests failed.

Failing tests:
  C:/Users/ADMIN/Desktop/CocEnglish/apps/mobile/test/avatar_motion_test.dart: failed avatar does not poison new consumers and in-flight disposal is safe
