Resolving dependencies...
Downloading packages...
  code_assets 1.2.1 (2.1.0 available)
  hooks 2.0.2 (2.2.0 available)
  material_color_utilities 0.13.0 (0.13.1 available)
  meta 1.18.3 (1.19.0 available)
  objective_c 9.5.0 (9.6.2 available)
  record_use 0.6.0 (1.1.1 available)
  test_api 0.7.12 (0.7.14 available)
  vector_math 2.4.0 (2.4.3 available)
  window_to_front 0.0.4 (1.0.0 available)
Got dependencies!
9 packages have newer versions incompatible with dependency constraints.
Try `flutter pub outdated` for more information.
00:00 +0: loading C:/Users/ADMIN/Desktop/CocEnglish/apps/mobile/test/challenge_test.dart
test/challenge_test.dart:9:26: Error: The method 'tick' isn't defined for the type 'JourneyController'.
 - 'JourneyController' is from 'package:cocenglish/features/practice/application/journey_controller.dart' ('lib/features/practice/application/journey_controller.dart').
Try correcting the name to the name of an existing method, or defining a method named 'tick'.
    vm.select('that');vm.tick(104);
                         ^^^^
test/challenge_test.dart:10:55: Error: The getter 'remaining' isn't defined for the type 'JourneyState'.
 - 'JourneyState' is from 'package:cocenglish/features/practice/domain/journey_models.dart' ('lib/features/practice/domain/journey_models.dart').
Try correcting the name to the name of an existing getter, or defining a getter or field named 'remaining'.
    expect(c.read(journeyControllerProvider('rapid')).remaining,1);
                                                      ^^^^^^^^^
test/challenge_test.dart:11:8: Error: The method 'tick' isn't defined for the type 'JourneyController'.
 - 'JourneyController' is from 'package:cocenglish/features/practice/application/journey_controller.dart' ('lib/features/practice/application/journey_controller.dart').
Try correcting the name to the name of an existing method, or defining a method named 'tick'.
    vm.tick(1);expect(c.read(journeyControllerProvider('rapid')).expired,true);
       ^^^^
test/challenge_test.dart:11:66: Error: The getter 'expired' isn't defined for the type 'JourneyState'.
 - 'JourneyState' is from 'package:cocenglish/features/practice/domain/journey_models.dart' ('lib/features/practice/domain/journey_models.dart').
Try correcting the name to the name of an existing getter, or defining a getter or field named 'expired'.
    vm.tick(1);expect(c.read(journeyControllerProvider('rapid')).expired,true);
                                                                 ^^^^^^^
test/challenge_test.dart:16:66: Error: The getter 'remaining' isn't defined for the type 'JourneyState'.
 - 'JourneyState' is from 'package:cocenglish/features/practice/domain/journey_models.dart' ('lib/features/practice/domain/journey_models.dart').
Try correcting the name to the name of an existing getter, or defining a getter or field named 'remaining'.
    vm.start();expect(c.read(journeyControllerProvider('rapid')).remaining,105);
                                                                 ^^^^^^^^^
test/challenge_test.dart:17:55: Error: The getter 'expired' isn't defined for the type 'JourneyState'.
 - 'JourneyState' is from 'package:cocenglish/features/practice/domain/journey_models.dart' ('lib/features/practice/domain/journey_models.dart').
Try correcting the name to the name of an existing getter, or defining a getter or field named 'expired'.
    expect(c.read(journeyControllerProvider('rapid')).expired,false);
                                                      ^^^^^^^
test/challenge_test.dart:27:62: Error: The method 'tick' isn't defined for the type 'JourneyController'.
 - 'JourneyController' is from 'package:cocenglish/features/practice/application/journey_controller.dart' ('lib/features/practice/application/journey_controller.dart').
Try correcting the name to the name of an existing method, or defining a method named 'tick'.
    final done=c.read(journeyControllerProvider('rapid'));vm.tick(120);
                                                             ^^^^
test/challenge_test.dart:33:84: Error: The method 'tick' isn't defined for the type 'JourneyController'.
 - 'JourneyController' is from 'package:cocenglish/features/practice/application/journey_controller.dart' ('lib/features/practice/application/journey_controller.dart').
Try correcting the name to the name of an existing method, or defining a method named 'tick'.
    final vm=c.read(journeyControllerProvider('legendary').notifier);vm.start();vm.tick(300);
                                                                                   ^^^^
test/challenge_test.dart:34:59: Error: The getter 'expired' isn't defined for the type 'JourneyState'.
 - 'JourneyState' is from 'package:cocenglish/features/practice/domain/journey_models.dart' ('lib/features/practice/domain/journey_models.dart').
Try correcting the name to the name of an existing getter, or defining a getter or field named 'expired'.
    expect(c.read(journeyControllerProvider('legendary')).expired,false);
                                                          ^^^^^^^
00:00 +0 -1: loading C:/Users/ADMIN/Desktop/CocEnglish/apps/mobile/test/challenge_test.dart [E]
  Failed to load "C:/Users/ADMIN/Desktop/CocEnglish/apps/mobile/test/challenge_test.dart":
  Compilation failed for testPath=C:/Users/ADMIN/Desktop/CocEnglish/apps/mobile/test/challenge_test.dart: test/challenge_test.dart:9:26: Error: The method 'tick' isn't defined for the type 'JourneyController'.
   - 'JourneyController' is from 'package:cocenglish/features/practice/application/journey_controller.dart' ('lib/features/practice/application/journey_controller.dart').
  Try correcting the name to the name of an existing method, or defining a method named 'tick'.
      vm.select('that');vm.tick(104);
                           ^^^^
  test/challenge_test.dart:10:55: Error: The getter 'remaining' isn't defined for the type 'JourneyState'.
   - 'JourneyState' is from 'package:cocenglish/features/practice/domain/journey_models.dart' ('lib/features/practice/domain/journey_models.dart').
  Try correcting the name to the name of an existing getter, or defining a getter or field named 'remaining'.
      expect(c.read(journeyControllerProvider('rapid')).remaining,1);
                                                        ^^^^^^^^^
  test/challenge_test.dart:11:8: Error: The method 'tick' isn't defined for the type 'JourneyController'.
   - 'JourneyController' is from 'package:cocenglish/features/practice/application/journey_controller.dart' ('lib/features/practice/application/journey_controller.dart').
  Try correcting the name to the name of an existing method, or defining a method named 'tick'.
      vm.tick(1);expect(c.read(journeyControllerProvider('rapid')).expired,true);
         ^^^^
  test/challenge_test.dart:11:66: Error: The getter 'expired' isn't defined for the type 'JourneyState'.
   - 'JourneyState' is from 'package:cocenglish/features/practice/domain/journey_models.dart' ('lib/features/practice/domain/journey_models.dart').
  Try correcting the name to the name of an existing getter, or defining a getter or field named 'expired'.
      vm.tick(1);expect(c.read(journeyControllerProvider('rapid')).expired,true);
                                                                   ^^^^^^^
  test/challenge_test.dart:16:66: Error: The getter 'remaining' isn't defined for the type 'JourneyState'.
   - 'JourneyState' is from 'package:cocenglish/features/practice/domain/journey_models.dart' ('lib/features/practice/domain/journey_models.dart').
  Try correcting the name to the name of an existing getter, or defining a getter or field named 'remaining'.
      vm.start();expect(c.read(journeyControllerProvider('rapid')).remaining,105);
                                                                   ^^^^^^^^^
  test/challenge_test.dart:17:55: Error: The getter 'expired' isn't defined for the type 'JourneyState'.
   - 'JourneyState' is from 'package:cocenglish/features/practice/domain/journey_models.dart' ('lib/features/practice/domain/journey_models.dart').
  Try correcting the name to the name of an existing getter, or defining a getter or field named 'expired'.
      expect(c.read(journeyControllerProvider('rapid')).expired,false);
                                                        ^^^^^^^
  test/challenge_test.dart:27:62: Error: The method 'tick' isn't defined for the type 'JourneyController'.
   - 'JourneyController' is from 'package:cocenglish/features/practice/application/journey_controller.dart' ('lib/features/practice/application/journey_controller.dart').
  Try correcting the name to the name of an existing method, or defining a method named 'tick'.
      final done=c.read(journeyControllerProvider('rapid'));vm.tick(120);
                                                               ^^^^
  test/challenge_test.dart:33:84: Error: The method 'tick' isn't defined for the type 'JourneyController'.
   - 'JourneyController' is from 'package:cocenglish/features/practice/application/journey_controller.dart' ('lib/features/practice/application/journey_controller.dart').
  Try correcting the name to the name of an existing method, or defining a method named 'tick'.
      final vm=c.read(journeyControllerProvider('legendary').notifier);vm.start();vm.tick(300);
                                                                                     ^^^^
  test/challenge_test.dart:34:59: Error: The getter 'expired' isn't defined for the type 'JourneyState'.
   - 'JourneyState' is from 'package:cocenglish/features/practice/domain/journey_models.dart' ('lib/features/practice/domain/journey_models.dart').
  Try correcting the name to the name of an existing getter, or defining a getter or field named 'expired'.
      expect(c.read(journeyControllerProvider('legendary')).expired,false);
                                                            ^^^^^^^
  .
00:00 +0 -1: Some tests failed.

Failing tests:
  C:/Users/ADMIN/Desktop/CocEnglish/apps/mobile/test/challenge_test.dart: loading C:/Users/ADMIN/Desktop/CocEnglish/apps/mobile/test/challenge_test.dart
