00:00 +0: loading C:/Users/ADMIN/Desktop/CocEnglish/apps/mobile/test/clash_motion_test.dart
00:00 +0: clash uses original coach and answer-driven Zari/Oscar state inputs
══╡ EXCEPTION CAUGHT BY FLUTTER TEST FRAMEWORK ╞════════════════════════════════════════════════════
The following StateError was thrown running a test:
Bad state: No element

When the exception was thrown, this was the stack:
#0      Iterable.single (dart:core/iterable.dart:694:25)
#1      WidgetController.widget (package:flutter_test/src/controller.dart:828:30)
#2      main.<anonymous closure> (file:///C:/Users/ADMIN/Desktop/CocEnglish/apps/mobile/test/clash_motion_test.dart:16:19)
<asynchronous suspension>
#3      testWidgets.<anonymous closure>.<anonymous closure> (package:flutter_test/src/widget_tester.dart:192:15)
<asynchronous suspension>
#4      TestWidgetsFlutterBinding._runTestBody (package:flutter_test/src/binding.dart:1953:5)
<asynchronous suspension>
<asynchronous suspension>
(elided one frame from package:stack_trace)

The test description was:
  clash uses original coach and answer-driven Zari/Oscar state inputs
════════════════════════════════════════════════════════════════════════════════════════════════════
00:00 +0 -1: clash uses original coach and answer-driven Zari/Oscar state inputs [E]
  Test failed. See exception logs above.
  The test description was: clash uses original coach and answer-driven Zari/Oscar state inputs
  
00:00 +0 -1: Some tests failed.

Failing tests:
  C:/Users/ADMIN/Desktop/CocEnglish/apps/mobile/test/clash_motion_test.dart: clash uses original coach and answer-driven Zari/Oscar state inputs
