00:00 +0: loading C:/Users/ADMIN/Desktop/CocEnglish/apps/mobile/test/saved_account_management_test.dart
00:00 +0: Manage accounts opens full screen and Done preserves account
00:01 +1: minus opens Remove popover and dismissal preserves account
00:01 +2: Remove forgets saved account once and returns to welcome
══╡ EXCEPTION CAUGHT BY FLUTTER TEST FRAMEWORK ╞════════════════════════════════════════════════════
The following TestFailure was thrown running a test:
Expected: <1>
  Actual: <0>

When the exception was thrown, this was the stack:
#4      main.<anonymous closure> (file:///C:/Users/ADMIN/Desktop/CocEnglish/apps/mobile/test/saved_account_management_test.dart:172:5)
<asynchronous suspension>
#5      testWidgets.<anonymous closure>.<anonymous closure> (package:flutter_test/src/widget_tester.dart:192:15)
<asynchronous suspension>
#6      TestWidgetsFlutterBinding._runTestBody (package:flutter_test/src/binding.dart:1953:5)
<asynchronous suspension>
<asynchronous suspension>
(elided one frame from package:stack_trace)

This was caught by the test expectation on the following line:
  file:///C:/Users/ADMIN/Desktop/CocEnglish/apps/mobile/test/saved_account_management_test.dart line 172
The test description was:
  Remove forgets saved account once and returns to welcome
════════════════════════════════════════════════════════════════════════════════════════════════════
00:02 +2 -1: Remove forgets saved account once and returns to welcome [E]
  Test failed. See exception logs above.
  The test description was: Remove forgets saved account once and returns to welcome

00:02 +2 -1: pending Remove disables duplicate account removal
00:03 +3 -1: failed Remove stays visible with account at width 360 text2
00:03 +4 -1: Some tests failed.

Failing tests:
  C:/Users/ADMIN/Desktop/CocEnglish/apps/mobile/test/saved_account_management_test.dart: Remove forgets saved account once and returns to welcome
