00:00 +0: loading C:/Users/ADMIN/Desktop/CocEnglish/apps/mobile/test/course_management_test.dart
test/course_management_test.dart:1:8: Error: Error when reading 'lib/features/account/application/course_management_controller.dart': The system cannot find the file specified
import 'package:cocenglish/features/account/application/course_management_controller.dart';
       ^
test/course_management_test.dart:10:39: Error: Undefined name 'courseManagementProvider'.
    final controller = container.read(courseManagementProvider.notifier);
                                      ^^^^^^^^^^^^^^^^^^^^^^^^
test/course_management_test.dart:14:22: Error: Undefined name 'courseManagementProvider'.
      container.read(courseManagementProvider).protectionMessage,
                     ^^^^^^^^^^^^^^^^^^^^^^^^
test/course_management_test.dart:18:22: Error: Undefined name 'courseManagementProvider'.
      container.read(courseManagementProvider).courses.map((course) => course.id),
                     ^^^^^^^^^^^^^^^^^^^^^^^^
test/course_management_test.dart:26:39: Error: Undefined name 'courseManagementProvider'.
    final controller = container.read(courseManagementProvider.notifier);
                                      ^^^^^^^^^^^^^^^^^^^^^^^^
test/course_management_test.dart:31:22: Error: Undefined name 'courseManagementProvider'.
      container.read(courseManagementProvider).courses.map((course) => course.id),
                     ^^^^^^^^^^^^^^^^^^^^^^^^
test/course_management_test.dart:38:22: Error: Undefined name 'courseManagementProvider'.
      container.read(courseManagementProvider).phase,
                     ^^^^^^^^^^^^^^^^^^^^^^^^
test/course_management_test.dart:39:7: Error: Undefined name 'CourseRemovalPhase'.
      CourseRemovalPhase.removing,
      ^^^^^^^^^^^^^^^^^^
test/course_management_test.dart:43:22: Error: Undefined name 'courseManagementProvider'.
      container.read(courseManagementProvider).courses.map((course) => course.id),
                     ^^^^^^^^^^^^^^^^^^^^^^^^
test/course_management_test.dart:54:39: Error: Undefined name 'courseManagementProvider'.
    final controller = container.read(courseManagementProvider.notifier);
                                      ^^^^^^^^^^^^^^^^^^^^^^^^
00:00 +0 -1: loading C:/Users/ADMIN/Desktop/CocEnglish/apps/mobile/test/course_management_test.dart [E]
  Failed to load "C:/Users/ADMIN/Desktop/CocEnglish/apps/mobile/test/course_management_test.dart":
  Compilation failed for testPath=C:/Users/ADMIN/Desktop/CocEnglish/apps/mobile/test/course_management_test.dart: test/course_management_test.dart:1:8: Error: Error when reading 'lib/features/account/application/course_management_controller.dart': The system cannot find the file specified
  import 'package:cocenglish/features/account/application/course_management_controller.dart';
         ^
  test/course_management_test.dart:10:39: Error: Undefined name 'courseManagementProvider'.
      final controller = container.read(courseManagementProvider.notifier);
                                        ^^^^^^^^^^^^^^^^^^^^^^^^
  test/course_management_test.dart:14:22: Error: Undefined name 'courseManagementProvider'.
        container.read(courseManagementProvider).protectionMessage,
                       ^^^^^^^^^^^^^^^^^^^^^^^^
  test/course_management_test.dart:18:22: Error: Undefined name 'courseManagementProvider'.
        container.read(courseManagementProvider).courses.map((course) => course.id),
                       ^^^^^^^^^^^^^^^^^^^^^^^^
  test/course_management_test.dart:26:39: Error: Undefined name 'courseManagementProvider'.
      final controller = container.read(courseManagementProvider.notifier);
                                        ^^^^^^^^^^^^^^^^^^^^^^^^
  test/course_management_test.dart:31:22: Error: Undefined name 'courseManagementProvider'.
        container.read(courseManagementProvider).courses.map((course) => course.id),
                       ^^^^^^^^^^^^^^^^^^^^^^^^
  test/course_management_test.dart:38:22: Error: Undefined name 'courseManagementProvider'.
        container.read(courseManagementProvider).phase,
                       ^^^^^^^^^^^^^^^^^^^^^^^^
  test/course_management_test.dart:39:7: Error: Undefined name 'CourseRemovalPhase'.
        CourseRemovalPhase.removing,
        ^^^^^^^^^^^^^^^^^^
  test/course_management_test.dart:43:22: Error: Undefined name 'courseManagementProvider'.
        container.read(courseManagementProvider).courses.map((course) => course.id),
                       ^^^^^^^^^^^^^^^^^^^^^^^^
  test/course_management_test.dart:54:39: Error: Undefined name 'courseManagementProvider'.
      final controller = container.read(courseManagementProvider.notifier);
                                        ^^^^^^^^^^^^^^^^^^^^^^^^
  .
  Error: The Dart compiler exited unexpectedly.
  package:flutter_tools/src/base/common.dart 34:3  throwToolExit
  package:flutter_tools/src/compile.dart 1021:11   DefaultResidentCompiler._compile.<fn>
  dart:async/zone_root.dart 48:47                  _rootRunUnary
  dart:async/zone.dart 816:35                      _CustomZone.runUnary
  dart:async/future_impl.dart 948:45               Future._propagateToListeners.handleValueCallback
  dart:async/future_impl.dart 977:13               Future._propagateToListeners
  dart:async/future_impl.dart 862:9                Future._propagateToListeners
  dart:async/future_impl.dart 720:5                Future._completeWithValue
  dart:async/future_impl.dart 804:7                Future._asyncCompleteWithValue.<fn>
  dart:async/zone_root.dart 35:13                  _rootRun
  dart:async/zone.dart 810:35                      _CustomZone.run
  dart:async/zone.dart 702:7                       _CustomZone.runGuarded
  dart:async/zone.dart 743:23                      _CustomZone.bindCallbackGuarded.<fn>
  dart:async/schedule_microtask.dart 40:35         _microtaskLoop
  dart:async/schedule_microtask.dart 49:5          _startMicrotaskLoop
  dart:isolate-patch/isolate_patch.dart 127:13     _runPendingImmediateCallback
  dart:isolate-patch/isolate_patch.dart 193:5      _RawReceivePort._handleMessage

test/course_management_ui_test.dart:2:8: Error: Error when reading 'lib/features/account/application/course_management_controller.dart': The system cannot find the file specified
import 'package:cocenglish/features/account/application/course_management_controller.dart';
       ^
test/course_management_ui_test.dart:3:8: Error: Error when reading 'lib/features/account/presentation/course_management_screen.dart': The system cannot find the file specified
import 'package:cocenglish/features/account/presentation/course_management_screen.dart';
       ^
test/course_management_ui_test.dart:31:21: Error: Couldn't find constructor 'CourseManagementScreen'.
        home: const CourseManagementScreen(),
                    ^^^^^^^^^^^^^^^^^^^^^^
test/course_management_ui_test.dart:79:22: Error: Undefined name 'courseManagementProvider'.
      container.read(courseManagementProvider).courses.map((course) => course.id),
                     ^^^^^^^^^^^^^^^^^^^^^^^^
00:00 +0 -2: loading C:/Users/ADMIN/Desktop/CocEnglish/apps/mobile/test/course_management_ui_test.dart [E]
  Failed to load "C:/Users/ADMIN/Desktop/CocEnglish/apps/mobile/test/course_management_ui_test.dart":
  Compilation failed for testPath=C:/Users/ADMIN/Desktop/CocEnglish/apps/mobile/test/course_management_ui_test.dart: test/course_management_ui_test.dart:2:8: Error: Error when reading 'lib/features/account/application/course_management_controller.dart': The system cannot find the file specified
  import 'package:cocenglish/features/account/application/course_management_controller.dart';
         ^
  test/course_management_ui_test.dart:3:8: Error: Error when reading 'lib/features/account/presentation/course_management_screen.dart': The system cannot find the file specified
  import 'package:cocenglish/features/account/presentation/course_management_screen.dart';
         ^
  test/course_management_ui_test.dart:31:21: Error: Couldn't find constructor 'CourseManagementScreen'.
          home: const CourseManagementScreen(),
                      ^^^^^^^^^^^^^^^^^^^^^^
  test/course_management_ui_test.dart:79:22: Error: Undefined name 'courseManagementProvider'.
        container.read(courseManagementProvider).courses.map((course) => course.id),
                       ^^^^^^^^^^^^^^^^^^^^^^^^
  .
00:00 +0 -2: Some tests failed.

Failing tests:
  C:/Users/ADMIN/Desktop/CocEnglish/apps/mobile/test/course_management_test.dart: loading C:/Users/ADMIN/Desktop/CocEnglish/apps/mobile/test/course_management_test.dart
  C:/Users/ADMIN/Desktop/CocEnglish/apps/mobile/test/course_management_ui_test.dart: loading C:/Users/ADMIN/Desktop/CocEnglish/apps/mobile/test/course_management_ui_test.dart
