00:00 +0: loading C:/Users/ADMIN/Desktop/CocEnglish/apps/mobile/test/course_flow_test.dart
00:00 +0: C:/Users/ADMIN/Desktop/CocEnglish/apps/mobile/test/course_flow_test.dart: path jump node opens its matching unit check
00:00 +1: C:/Users/ADMIN/Desktop/CocEnglish/apps/mobile/test/course_flow_test.dart: path jump node opens its matching unit check
00:00 +2: C:/Users/ADMIN/Desktop/CocEnglish/apps/mobile/test/course_flow_test.dart: path jump node opens its matching unit check
00:00 +3: C:/Users/ADMIN/Desktop/CocEnglish/apps/mobile/test/course_flow_test.dart: path jump node opens its matching unit check
00:00 +4: C:/Users/ADMIN/Desktop/CocEnglish/apps/mobile/test/course_flow_test.dart: path jump node opens its matching unit check
00:00 +5: C:/Users/ADMIN/Desktop/CocEnglish/apps/mobile/test/course_flow_test.dart: path jump node opens its matching unit check
00:00 +6: C:/Users/ADMIN/Desktop/CocEnglish/apps/mobile/test/course_flow_test.dart: path jump node opens its matching unit check
00:00 +7: C:/Users/ADMIN/Desktop/CocEnglish/apps/mobile/test/course_flow_test.dart: path jump node opens its matching unit check
00:00 +8: C:/Users/ADMIN/Desktop/CocEnglish/apps/mobile/test/course_flow_test.dart: path jump node opens its matching unit check
00:00 +9: C:/Users/ADMIN/Desktop/CocEnglish/apps/mobile/test/course_flow_test.dart: path jump node opens its matching unit check
00:01 +10: C:/Users/ADMIN/Desktop/CocEnglish/apps/mobile/test/course_flow_test.dart: path jump node opens its matching unit check
00:01 +11: C:/Users/ADMIN/Desktop/CocEnglish/apps/mobile/test/unit_skip_test.dart: system back pops a routed challenge without callback recursion
00:01 +12: C:/Users/ADMIN/Desktop/CocEnglish/apps/mobile/test/course_flow_test.dart: course targets reject malformed links and guides differ by unit
00:01 +13: C:/Users/ADMIN/Desktop/CocEnglish/apps/mobile/test/unit_skip_test.dart: failed continue closes once
00:01 +14: C:/Users/ADMIN/Desktop/CocEnglish/apps/mobile/test/unit_skip_test.dart: failed continue closes once
00:01 +15: C:/Users/ADMIN/Desktop/CocEnglish/apps/mobile/test/course_flow_test.dart: English catalog exposes section eight and locked daily refresh
00:01 +16: C:/Users/ADMIN/Desktop/CocEnglish/apps/mobile/test/course_flow_test.dart: English catalog exposes section eight and locked daily refresh
00:01 +17: C:/Users/ADMIN/Desktop/CocEnglish/apps/mobile/test/unit_skip_test.dart: unit skip Lin resets across retry and question feedback epochs
00:01 +18: C:/Users/ADMIN/Desktop/CocEnglish/apps/mobile/test/unit_skip_test.dart: unit skip Lin resets across retry and question feedback epochs
══╡ EXCEPTION CAUGHT BY FLUTTER TEST FRAMEWORK ╞════════════════════════════════════════════════════
The following StateError was thrown running a test:
Bad state: No element

When the exception was thrown, this was the stack:
#0      Iterable.single (dart:core/iterable.dart:694:25)
#1      WidgetController.widget (package:flutter_test/src/controller.dart:828:30)
#2      main.<anonymous closure>.motion (file:///C:/Users/ADMIN/Desktop/CocEnglish/apps/mobile/test/unit_skip_test.dart:493:18)
#3      main.<anonymous closure> (file:///C:/Users/ADMIN/Desktop/CocEnglish/apps/mobile/test/unit_skip_test.dart:497:14)
<asynchronous suspension>
#4      testWidgets.<anonymous closure>.<anonymous closure> (package:flutter_test/src/widget_tester.dart:192:15)
<asynchronous suspension>
#5      TestWidgetsFlutterBinding._runTestBody (package:flutter_test/src/binding.dart:1953:5)
<asynchronous suspension>
<asynchronous suspension>
(elided one frame from package:stack_trace)

The test description was:
  unit skip Lin resets across retry and question feedback epochs
════════════════════════════════════════════════════════════════════════════════════════════════════
00:01 +18 -1: C:/Users/ADMIN/Desktop/CocEnglish/apps/mobile/test/course_flow_test.dart: section jump names its destination and cancel preserves progress
00:01 +18 -1: C:/Users/ADMIN/Desktop/CocEnglish/apps/mobile/test/unit_skip_test.dart: unit skip Lin resets across retry and question feedback epochs [E]
  Test failed. See exception logs above.
  The test description was: unit skip Lin resets across retry and question feedback epochs

00:01 +19 -1: C:/Users/ADMIN/Desktop/CocEnglish/apps/mobile/test/course_flow_test.dart: section jump names its destination and cancel preserves progress
00:01 +20 -1: C:/Users/ADMIN/Desktop/CocEnglish/apps/mobile/test/unit_skip_test.dart: 320 wide text scale two scrolls and exposes selected semantics
00:01 +21 -1: C:/Users/ADMIN/Desktop/CocEnglish/apps/mobile/test/course_flow_test.dart: completed section check returns to its English path without rewards
00:02 +22 -1: C:/Users/ADMIN/Desktop/CocEnglish/apps/mobile/test/course_flow_test.dart: unit pass targets unit two and Back discards the next attempt
00:02 +23 -1: C:/Users/ADMIN/Desktop/CocEnglish/apps/mobile/test/course_flow_test.dart: invalid course links show a safe return instead of clamping targets
══╡ EXCEPTION CAUGHT BY FLUTTER TEST FRAMEWORK ╞════════════════════════════════════════════════════
The following TestFailure was thrown running a test:
Expected: exactly one matching candidate
  Actual: _TextWidgetFinder:<Found 0 widgets with text "This lesson is unavailable.": []>
   Which: means none were found but one was expected
/units/unit-2/skip?section=8

When the exception was thrown, this was the stack:
#4      main.<anonymous closure> (file:///C:/Users/ADMIN/Desktop/CocEnglish/apps/mobile/test/course_flow_test.dart:265:9)
<asynchronous suspension>
#5      testWidgets.<anonymous closure>.<anonymous closure> (package:flutter_test/src/widget_tester.dart:192:15)
<asynchronous suspension>
#6      TestWidgetsFlutterBinding._runTestBody (package:flutter_test/src/binding.dart:1953:5)
<asynchronous suspension>
<asynchronous suspension>
(elided one frame from package:stack_trace)

This was caught by the test expectation on the following line:
  file:///C:/Users/ADMIN/Desktop/CocEnglish/apps/mobile/test/course_flow_test.dart line 265
The test description was:
  invalid course links show a safe return instead of clamping targets
════════════════════════════════════════════════════════════════════════════════════════════════════
00:02 +23 -2: C:/Users/ADMIN/Desktop/CocEnglish/apps/mobile/test/course_flow_test.dart: invalid course links show a safe return instead of clamping targets [E]
  Test failed. See exception logs above.
  The test description was: invalid course links show a safe return instead of clamping targets

00:02 +23 -2: C:/Users/ADMIN/Desktop/CocEnglish/apps/mobile/test/course_flow_test.dart: guide audio failure and translation retain the current unit
00:03 +24 -2: C:/Users/ADMIN/Desktop/CocEnglish/apps/mobile/test/course_flow_test.dart: section CEFR and grammar expansion preserve English examples
00:03 +25 -2: C:/Users/ADMIN/Desktop/CocEnglish/apps/mobile/test/course_flow_test.dart: course screens fit 320px text2 with reduced motion
00:03 +26 -2: Some tests failed.

Failing tests:
  C:/Users/ADMIN/Desktop/CocEnglish/apps/mobile/test/course_flow_test.dart: invalid course links show a safe return instead of clamping targets
  C:/Users/ADMIN/Desktop/CocEnglish/apps/mobile/test/unit_skip_test.dart: unit skip Lin resets across retry and question feedback epochs
