00:00 +0: loading C:/Users/ADMIN/Desktop/CocEnglish/apps/mobile/test/course_management_ui_test.dart
00:00 +0: shows scoped languages and explains protected English
00:01 +1: cancel retains course and confirm removes it once
══╡ EXCEPTION CAUGHT BY FLUTTER TEST FRAMEWORK ╞════════════════════════════════════════════════════
The following TestFailure was thrown running a test:
Expected: no matching candidates
  Actual: _TextWidgetFinder:<Found 1 widget with text "Are you sure?": [
            Text("Are you sure?", inherit: true, color: Color(alpha: 1.0000, red: 0.3020, green:
0.2941, blue: 0.3059, colorSpace: ColorSpace.sRGB), size: 24.0, weight: 700, textAlign: center,
dependencies: [DefaultSelectionStyle, DefaultTextStyle, MediaQuery]),
          ]>
   Which: means one was found but none were expected

When the exception was thrown, this was the stack:
#4      main.<anonymous closure> (file:///C:/Users/ADMIN/Desktop/CocEnglish/apps/mobile/test/course_management_ui_test.dart:77:5)
<asynchronous suspension>
#5      testWidgets.<anonymous closure>.<anonymous closure> (package:flutter_test/src/widget_tester.dart:192:15)
<asynchronous suspension>
#6      TestWidgetsFlutterBinding._runTestBody (package:flutter_test/src/binding.dart:1953:5)
<asynchronous suspension>
<asynchronous suspension>
(elided one frame from package:stack_trace)

This was caught by the test expectation on the following line:
  file:///C:/Users/ADMIN/Desktop/CocEnglish/apps/mobile/test/course_management_ui_test.dart line 77
The test description was:
  cancel retains course and confirm removes it once
════════════════════════════════════════════════════════════════════════════════════════════════════
00:02 +1 -1: cancel retains course and confirm removes it once [E]
  Test failed. See exception logs above.
  The test description was: cancel retains course and confirm removes it once

00:02 +1 -1: sheet stays usable at width 360.0 and text scale 1.0
00:03 +2 -1: sheet stays usable at width 360.0 and text scale 2.0
00:03 +3 -1: sheet stays usable at width 430.0 and text scale 1.0
00:03 +4 -1: sheet stays usable at width 430.0 and text scale 2.0
00:04 +5 -1: Some tests failed.

Failing tests:
  C:/Users/ADMIN/Desktop/CocEnglish/apps/mobile/test/course_management_ui_test.dart: cancel retains course and confirm removes it once
