
> Blueprint validation
{
  "status": "PASS",
  "files": 2395,
  "markdown": 118,
  "localLinks": 393,
  "requirements": 39,
  "nfr": 19,
  "screens": 42,
  "edgeCases": 39,
  "tasks": 38,
  "tables": 37,
  "schemas": 94,
  "paths": 41,
  "operations": 42,
  "refs": 680,
  "adrs": 17,
  "skills": 8,
  "scope": "Phase0 structural consistency; no app build, account or device proof"
}

> Dart format check
Formatted 211 files (0 changed) in 1.02 seconds.

> Flutter analyze
Analyzing mobile...
No issues found! (ran in 4.2s)

> Rive host test runtime
[rive_native]   Starting Rive Native Setup...

[rive_native]   rive_native libraries already present for windows. Not building/downloading libraries.
[rive_native]
[rive_native]   To force a rebuild/download, run with `--clean`

> Flutter test
00:00 +0: loading C:/Users/ADMIN/Desktop/CocEnglish/apps/mobile/test/achievements_flow_test.dart
00:00 +0: C:/Users/ADMIN/Desktop/CocEnglish/apps/mobile/test/achievements_flow_test.dart: claim accepts one earned fixture and rejects duplicate locked and invalid IDs
00:00 +1: C:/Users/ADMIN/Desktop/CocEnglish/apps/mobile/test/achievements_flow_test.dart: source award opens matching detail, shares locally, and keeps claim across Back
00:00 +2: C:/Users/ADMIN/Desktop/CocEnglish/apps/mobile/test/achievements_flow_test.dart: source award opens matching detail, shares locally, and keeps claim across Back
00:01 +3: C:/Users/ADMIN/Desktop/CocEnglish/apps/mobile/test/achievements_flow_test.dart: source award opens matching detail, shares locally, and keeps claim across Back
00:01 +4: C:/Users/ADMIN/Desktop/CocEnglish/apps/mobile/test/achievements_flow_test.dart: source award opens matching detail, shares locally, and keeps claim across Back
00:01 +5: C:/Users/ADMIN/Desktop/CocEnglish/apps/mobile/test/achievements_flow_test.dart: source award opens matching detail, shares locally, and keeps claim across Back
00:01 +6: C:/Users/ADMIN/Desktop/CocEnglish/apps/mobile/test/achievements_flow_test.dart: source award opens matching detail, shares locally, and keeps claim across Back
00:01 +7: C:/Users/ADMIN/Desktop/CocEnglish/apps/mobile/test/achievements_flow_test.dart: source award opens matching detail, shares locally, and keeps claim across Back
00:01 +8: C:/Users/ADMIN/Desktop/CocEnglish/apps/mobile/test/achievements_flow_test.dart: source award opens matching detail, shares locally, and keeps claim across Back
00:01 +9: C:/Users/ADMIN/Desktop/CocEnglish/apps/mobile/test/achievements_flow_test.dart: source award opens matching detail, shares locally, and keeps claim across Back
00:01 +10: C:/Users/ADMIN/Desktop/CocEnglish/apps/mobile/test/achievements_flow_test.dart: source award opens matching detail, shares locally, and keeps claim across Back
00:01 +11: C:/Users/ADMIN/Desktop/CocEnglish/apps/mobile/test/achievements_flow_test.dart: source award opens matching detail, shares locally, and keeps claim across Back
00:01 +12: C:/Users/ADMIN/Desktop/CocEnglish/apps/mobile/test/achievements_flow_test.dart: source award opens matching detail, shares locally, and keeps claim across Back
00:01 +13: C:/Users/ADMIN/Desktop/CocEnglish/apps/mobile/test/achievements_flow_test.dart: source award opens matching detail, shares locally, and keeps claim across Back
00:01 +14: C:/Users/ADMIN/Desktop/CocEnglish/apps/mobile/test/achievements_flow_test.dart: source award opens matching detail, shares locally, and keeps claim across Back
00:01 +15: C:/Users/ADMIN/Desktop/CocEnglish/apps/mobile/test/achievements_flow_test.dart: source award opens matching detail, shares locally, and keeps claim across Back
00:01 +16: C:/Users/ADMIN/Desktop/CocEnglish/apps/mobile/test/adventure_test.dart: airport native panels fit 360.0 text 1.0
00:01 +17: C:/Users/ADMIN/Desktop/CocEnglish/apps/mobile/test/adventure_test.dart: airport native panels fit 360.0 text 1.0
00:01 +18: C:/Users/ADMIN/Desktop/CocEnglish/apps/mobile/test/adventure_test.dart: airport native panels fit 360.0 text 1.0
00:01 +19: C:/Users/ADMIN/Desktop/CocEnglish/apps/mobile/test/adventure_test.dart: airport native panels fit 360.0 text 1.0
00:01 +20: C:/Users/ADMIN/Desktop/CocEnglish/apps/mobile/test/achievements_flow_test.dart: achievement and monthly source grids render width360.0 text2.0
00:01 +21: C:/Users/ADMIN/Desktop/CocEnglish/apps/mobile/test/adventure_test.dart: airport native panels fit 360.0 text 2.0
00:01 +22: C:/Users/ADMIN/Desktop/CocEnglish/apps/mobile/test/achievements_flow_test.dart: achievement and monthly source grids render width430.0 text1.0
00:02 +23: C:/Users/ADMIN/Desktop/CocEnglish/apps/mobile/test/achievements_flow_test.dart: achievement and monthly source grids render width430.0 text1.0
00:02 +24: C:/Users/ADMIN/Desktop/CocEnglish/apps/mobile/test/adventure_test.dart: airport native panels fit 430.0 text 2.0
00:02 +25: C:/Users/ADMIN/Desktop/CocEnglish/apps/mobile/test/achievements_flow_test.dart: achievement and monthly source grids render width430.0 text2.0
00:03 +26: C:/Users/ADMIN/Desktop/CocEnglish/apps/mobile/test/avatar_builder_test.dart: shows all current categories and saves a valid choice
═════════════════════════════════════════════════════════════════════════════════════════
[31m[1m  Rive Native: Failed to open dynamic library[0m
[33m  Library: rive_native.dll[0m

  To fix this issue, run the following command:
[36m[1m    dart run rive_native:setup --verbose --clean --platform windows[0m

  See the troubleshooting section in the docs for more information:
[36m[1m    https://rive.app/docs/runtimes/flutter/rive-native#troubleshooting[0m
═════════════════════════════════════════════════════════════════════════════════════════

═════════════════════════════════════════════════════════════════════════════════════════
[31m[1m  Rive Native: Failed to open dynamic library[0m
[33m  Library: rive_native.dll[0m

  To fix this issue, run the following command:
[36m[1m    dart run rive_native:setup --verbose --clean --platform windows[0m

  See the troubleshooting section in the docs for more information:
[36m[1m    https://rive.app/docs/runtimes/flutter/rive-native#troubleshooting[0m
═════════════════════════════════════════════════════════════════════════════════════════

═════════════════════════════════════════════════════════════════════════════════════════
[31m[1m  Rive Native: Failed to open dynamic library[0m
[33m  Library: rive_native.dll[0m

  To fix this issue, run the following command:
[36m[1m    dart run rive_native:setup --verbose --clean --platform windows[0m

  See the troubleshooting section in the docs for more information:
[36m[1m    https://rive.app/docs/runtimes/flutter/rive-native#troubleshooting[0m
═════════════════════════════════════════════════════════════════════════════════════════

00:08 +27: C:/Users/ADMIN/Desktop/CocEnglish/apps/mobile/test/avatar_builder_test.dart: close and system back discard an unsaved draft
00:08 +28: C:/Users/ADMIN/Desktop/CocEnglish/apps/mobile/test/avatar_builder_test.dart: options remain reachable at narrow width and large text
00:09 +29: C:/Users/ADMIN/Desktop/CocEnglish/apps/mobile/test/avatar_capture_test.dart: original avatar builder source sized captures
00:10 +30: C:/Users/ADMIN/Desktop/CocEnglish/apps/mobile/test/avatar_controller_test.dart: loads the current source catalog and source defaults
00:10 +31: C:/Users/ADMIN/Desktop/CocEnglish/apps/mobile/test/avatar_controller_test.dart: validates choices and keeps draft separate until save
00:10 +32: C:/Users/ADMIN/Desktop/CocEnglish/apps/mobile/test/avatar_controller_test.dart: tab selection is range checked
00:12 +33: C:/Users/ADMIN/Desktop/CocEnglish/apps/mobile/test/avatar_motion_test.dart: failed avatar does not poison new consumers and in-flight disposal is safe
═════════════════════════════════════════════════════════════════════════════════════════
[31m[1m  Rive Native: Failed to open dynamic library[0m
[33m  Library: rive_native.dll[0m

  To fix this issue, run the following command:
[36m[1m    dart run rive_native:setup --verbose --clean --platform windows[0m

  See the troubleshooting section in the docs for more information:
[36m[1m    https://rive.app/docs/runtimes/flutter/rive-native#troubleshooting[0m
═════════════════════════════════════════════════════════════════════════════════════════

═════════════════════════════════════════════════════════════════════════════════════════
[31m[1m  Rive Native: Failed to open dynamic library[0m
[33m  Library: rive_native.dll[0m

  To fix this issue, run the following command:
[36m[1m    dart run rive_native:setup --verbose --clean --platform windows[0m

  See the troubleshooting section in the docs for more information:
[36m[1m    https://rive.app/docs/runtimes/flutter/rive-native#troubleshooting[0m
═════════════════════════════════════════════════════════════════════════════════════════

═════════════════════════════════════════════════════════════════════════════════════════
[31m[1m  Rive Native: Failed to open dynamic library[0m
[33m  Library: rive_native.dll[0m

  To fix this issue, run the following command:
[36m[1m    dart run rive_native:setup --verbose --clean --platform windows[0m

  See the troubleshooting section in the docs for more information:
[36m[1m    https://rive.app/docs/runtimes/flutter/rive-native#troubleshooting[0m
═════════════════════════════════════════════════════════════════════════════════════════

00:14 +34: C:/Users/ADMIN/Desktop/CocEnglish/apps/mobile/test/avatar_motion_test.dart: avatar renders source states and pauses while backgrounded
Original avatar bounds: 1000.0x250.0
00:15 +35: C:/Users/ADMIN/Desktop/CocEnglish/apps/mobile/test/avatar_motion_test.dart: original avatar rig exposes selectable states and triggers
Original avatar inputs: default_avatar_bool:FFIBooleanInput, default_avatar_num:FFINumberInput, bounce_trig:FFITriggerInput, Headshape:FFINumberInput, HeadphonesColour:FFINumberInput, Headphones:FFINumberInput, ENG_ONLY_HeadFlip:FFIBooleanInput, ENG_ONLY_Zoom:FFINumberInput, ENG_ONLY_Animation:FFINumberInput, ENG_ONLY_XPBoost:FFINumberInput, SkinTone:FFINumberInput, Body:FFINumberInput, MainHairColor:FFINumberInput, MainHair:FFINumberInput, EyeColor:FFINumberInput, Expression:FFINumberInput, GlassesColor:FFINumberInput, Glasses:FFINumberInput, Wrinkles:FFINumberInput, Piercings:FFINumberInput, Nose Piercing:FFINumberInput, FacialHairColor:FFINumberInput, FacialHair:FFINumberInput, HeadwearColor:FFINumberInput, Headwear:FFINumberInput, ClothingColor:FFINumberInput, BackgroundColor:FFINumberInput
00:16 +36: C:/Users/ADMIN/Desktop/CocEnglish/apps/mobile/test/avatar_route_test.dart: profile opens avatar and cancel preserves profile draft
═════════════════════════════════════════════════════════════════════════════════════════
[31m[1m  Rive Native: Failed to open dynamic library[0m
[33m  Library: rive_native.dll[0m

  To fix this issue, run the following command:
[36m[1m    dart run rive_native:setup --verbose --clean --platform windows[0m

  See the troubleshooting section in the docs for more information:
[36m[1m    https://rive.app/docs/runtimes/flutter/rive-native#troubleshooting[0m
═════════════════════════════════════════════════════════════════════════════════════════

═════════════════════════════════════════════════════════════════════════════════════════
[31m[1m  Rive Native: Failed to open dynamic library[0m
[33m  Library: rive_native.dll[0m

  To fix this issue, run the following command:
[36m[1m    dart run rive_native:setup --verbose --clean --platform windows[0m

  See the troubleshooting section in the docs for more information:
[36m[1m    https://rive.app/docs/runtimes/flutter/rive-native#troubleshooting[0m
═════════════════════════════════════════════════════════════════════════════════════════

═════════════════════════════════════════════════════════════════════════════════════════
[31m[1m  Rive Native: Failed to open dynamic library[0m
[33m  Library: rive_native.dll[0m

  To fix this issue, run the following command:
[36m[1m    dart run rive_native:setup --verbose --clean --platform windows[0m

  See the troubleshooting section in the docs for more information:
[36m[1m    https://rive.app/docs/runtimes/flutter/rive-native#troubleshooting[0m
═════════════════════════════════════════════════════════════════════════════════════════

00:20 +37: C:/Users/ADMIN/Desktop/CocEnglish/apps/mobile/test/bootstrap_test.dart: storage read failure cannot overwrite saved answers; Retry restores them
00:22 +38: C:/Users/ADMIN/Desktop/CocEnglish/apps/mobile/test/challenge_test.dart: rapid clock pauses in background and on hidden routes
00:22 +39: C:/Users/ADMIN/Desktop/CocEnglish/apps/mobile/test/challenge_test.dart: challenge states fit width360.0 text1.0
00:23 +40: C:/Users/ADMIN/Desktop/CocEnglish/apps/mobile/test/challenge_test.dart: challenge states fit width360.0 text2.0
00:23 +41: C:/Users/ADMIN/Desktop/CocEnglish/apps/mobile/test/challenge_test.dart: challenge states fit width430.0 text1.0
00:23 +42: C:/Users/ADMIN/Desktop/CocEnglish/apps/mobile/test/challenge_test.dart: challenge states fit width430.0 text2.0
00:23 +43: C:/Users/ADMIN/Desktop/CocEnglish/apps/mobile/test/challenge_test.dart: rapid countdown expires, preserves input, and retry starts a fresh clock
00:23 +44: C:/Users/ADMIN/Desktop/CocEnglish/apps/mobile/test/challenge_test.dart: challenge wrong answer retries the same exercise and completion freezes time
00:23 +45: C:/Users/ADMIN/Desktop/CocEnglish/apps/mobile/test/challenge_test.dart: Legendary has no ticking clock and does not advance on wrong feedback
00:26 +46: C:/Users/ADMIN/Desktop/CocEnglish/apps/mobile/test/character_motion_test.dart: character reacts, pauses on background, and disposes its runtime
═════════════════════════════════════════════════════════════════════════════════════════
[31m[1m  Rive Native: Failed to open dynamic library[0m
[33m  Library: rive_native.dll[0m

  To fix this issue, run the following command:
[36m[1m    dart run rive_native:setup --verbose --clean --platform windows[0m

  See the troubleshooting section in the docs for more information:
[36m[1m    https://rive.app/docs/runtimes/flutter/rive-native#troubleshooting[0m
═════════════════════════════════════════════════════════════════════════════════════════

═════════════════════════════════════════════════════════════════════════════════════════
[31m[1m  Rive Native: Failed to open dynamic library[0m
[33m  Library: rive_native.dll[0m

  To fix this issue, run the following command:
[36m[1m    dart run rive_native:setup --verbose --clean --platform windows[0m

  See the troubleshooting section in the docs for more information:
[36m[1m    https://rive.app/docs/runtimes/flutter/rive-native#troubleshooting[0m
═════════════════════════════════════════════════════════════════════════════════════════

═════════════════════════════════════════════════════════════════════════════════════════
[31m[1m  Rive Native: Failed to open dynamic library[0m
[33m  Library: rive_native.dll[0m

  To fix this issue, run the following command:
[36m[1m    dart run rive_native:setup --verbose --clean --platform windows[0m

  See the troubleshooting section in the docs for more information:
[36m[1m    https://rive.app/docs/runtimes/flutter/rive-native#troubleshooting[0m
═════════════════════════════════════════════════════════════════════════════════════════

00:27 +47: C:/Users/ADMIN/Desktop/CocEnglish/apps/mobile/test/character_motion_test.dart: original character files expose verified feedback state machines
00:28 +48: C:/Users/ADMIN/Desktop/CocEnglish/apps/mobile/test/character_motion_test.dart: character reduced motion and hidden routes preserve the fallback
00:29 +49: C:/Users/ADMIN/Desktop/CocEnglish/apps/mobile/test/clash_motion_test.dart: clash uses original coach and answer-driven Zari/Oscar state inputs
00:32 +50: C:/Users/ADMIN/Desktop/CocEnglish/apps/mobile/test/clash_runtime_capture_test.dart: actual Clash Rive actors render and character transition disposes safely
00:34 +51: C:/Users/ADMIN/Desktop/CocEnglish/apps/mobile/test/clash_test.dart: clash checks validated answer once and ends only after foreground sixty seconds
00:34 +52: C:/Users/ADMIN/Desktop/CocEnglish/apps/mobile/test/clash_test.dart: word bank retains order, can remove and retry wrong without extra score
00:37 +53: C:/Users/ADMIN/Desktop/CocEnglish/apps/mobile/test/course_finish_capture_test.dart: capture English catalog guidebook and unit check native states
00:40 +54: C:/Users/ADMIN/Desktop/CocEnglish/apps/mobile/test/course_flow_test.dart: path jump node opens its matching unit check
00:40 +55: C:/Users/ADMIN/Desktop/CocEnglish/apps/mobile/test/course_flow_test.dart: path jump node opens its matching unit check
00:41 +56: C:/Users/ADMIN/Desktop/CocEnglish/apps/mobile/test/course_flow_test.dart: path jump node opens its matching unit check
00:41 +57: C:/Users/ADMIN/Desktop/CocEnglish/apps/mobile/test/course_management_route_test.dart: Settings courses entry opens management and back retains English learning
00:41 +58: C:/Users/ADMIN/Desktop/CocEnglish/apps/mobile/test/course_management_route_test.dart: Settings courses entry opens management and back retains English learning
00:41 +59: C:/Users/ADMIN/Desktop/CocEnglish/apps/mobile/test/course_management_route_test.dart: Settings courses entry opens management and back retains English learning
00:41 +60: C:/Users/ADMIN/Desktop/CocEnglish/apps/mobile/test/course_management_route_test.dart: Settings courses entry opens management and back retains English learning
00:41 +61: C:/Users/ADMIN/Desktop/CocEnglish/apps/mobile/test/course_management_ui_test.dart: shows scoped languages and explains protected English
00:41 +62: C:/Users/ADMIN/Desktop/CocEnglish/apps/mobile/test/course_management_ui_test.dart: shows scoped languages and explains protected English
00:41 +63: C:/Users/ADMIN/Desktop/CocEnglish/apps/mobile/test/course_management_ui_test.dart: shows scoped languages and explains protected English
00:41 +64: C:/Users/ADMIN/Desktop/CocEnglish/apps/mobile/test/course_management_ui_test.dart: shows scoped languages and explains protected English
00:41 +65: C:/Users/ADMIN/Desktop/CocEnglish/apps/mobile/test/course_management_ui_test.dart: shows scoped languages and explains protected English
00:41 +66: C:/Users/ADMIN/Desktop/CocEnglish/apps/mobile/test/course_flow_test.dart: section jump names its destination and cancel preserves progress
00:42 +67: C:/Users/ADMIN/Desktop/CocEnglish/apps/mobile/test/duo_motion_test.dart: all original motion assets parse into compositions
00:42 +68: C:/Users/ADMIN/Desktop/CocEnglish/apps/mobile/test/duo_motion_test.dart: all original motion assets parse into compositions
00:42 +69: C:/Users/ADMIN/Desktop/CocEnglish/apps/mobile/test/course_flow_test.dart: completed section check returns to its English path without rewards
00:42 +70: C:/Users/ADMIN/Desktop/CocEnglish/apps/mobile/test/course_flow_test.dart: completed section check returns to its English path without rewards
00:42 +71: C:/Users/ADMIN/Desktop/CocEnglish/apps/mobile/test/course_flow_test.dart: completed section check returns to its English path without rewards
00:42 +72: C:/Users/ADMIN/Desktop/CocEnglish/apps/mobile/test/course_flow_test.dart: completed section check returns to its English path without rewards
00:42 +73: C:/Users/ADMIN/Desktop/CocEnglish/apps/mobile/test/course_management_ui_test.dart: sheet stays usable at width 360.0 and text scale 1.0
00:42 +74: C:/Users/ADMIN/Desktop/CocEnglish/apps/mobile/test/course_management_ui_test.dart: sheet stays usable at width 360.0 and text scale 1.0
00:42 +75: C:/Users/ADMIN/Desktop/CocEnglish/apps/mobile/test/course_management_ui_test.dart: sheet stays usable at width 360.0 and text scale 1.0
00:42 +76: C:/Users/ADMIN/Desktop/CocEnglish/apps/mobile/test/course_management_ui_test.dart: sheet stays usable at width 360.0 and text scale 1.0
00:42 +77: C:/Users/ADMIN/Desktop/CocEnglish/apps/mobile/test/duo_motion_test.dart: original path jump advances and honors reduced motion
00:42 +78: C:/Users/ADMIN/Desktop/CocEnglish/apps/mobile/test/duo_motion_test.dart: original path jump advances and honors reduced motion
00:42 +79: C:/Users/ADMIN/Desktop/CocEnglish/apps/mobile/test/duo_motion_test.dart: original path jump advances and honors reduced motion
00:42 +80: C:/Users/ADMIN/Desktop/CocEnglish/apps/mobile/test/english_ui_test.dart: English score and guide expose English with Vietnamese meanings
00:42 +81: C:/Users/ADMIN/Desktop/CocEnglish/apps/mobile/test/english_ui_test.dart: English score and guide expose English with Vietnamese meanings
00:42 +82: C:/Users/ADMIN/Desktop/CocEnglish/apps/mobile/test/english_ui_test.dart: English score and guide expose English with Vietnamese meanings
00:42 +83: C:/Users/ADMIN/Desktop/CocEnglish/apps/mobile/test/english_ui_test.dart: English score and guide expose English with Vietnamese meanings
00:42 +84: C:/Users/ADMIN/Desktop/CocEnglish/apps/mobile/test/english_ui_test.dart: English score and guide expose English with Vietnamese meanings
00:42 +85: C:/Users/ADMIN/Desktop/CocEnglish/apps/mobile/test/english_ui_test.dart: English score and guide expose English with Vietnamese meanings
00:43 +86: C:/Users/ADMIN/Desktop/CocEnglish/apps/mobile/test/english_ui_test.dart: English score and guide expose English with Vietnamese meanings
00:43 +87: C:/Users/ADMIN/Desktop/CocEnglish/apps/mobile/test/english_ui_test.dart: English score and guide expose English with Vietnamese meanings
00:43 +88: C:/Users/ADMIN/Desktop/CocEnglish/apps/mobile/test/english_ui_test.dart: English score and guide expose English with Vietnamese meanings
00:43 +89: C:/Users/ADMIN/Desktop/CocEnglish/apps/mobile/test/english_ui_test.dart: English score and guide expose English with Vietnamese meanings
00:43 +90: C:/Users/ADMIN/Desktop/CocEnglish/apps/mobile/test/english_journey_test.dart: practice opens Roleplay, submits native input, and reviews the actual replies
00:43 +91: C:/Users/ADMIN/Desktop/CocEnglish/apps/mobile/test/english_journey_test.dart: practice opens Roleplay, submits native input, and reviews the actual replies
00:43 +92: C:/Users/ADMIN/Desktop/CocEnglish/apps/mobile/test/english_journey_test.dart: practice opens Roleplay, submits native input, and reviews the actual replies
00:44 +93: C:/Users/ADMIN/Desktop/CocEnglish/apps/mobile/test/english_journey_test.dart: practice opens Roleplay, submits native input, and reviews the actual replies
00:44 +94: C:/Users/ADMIN/Desktop/CocEnglish/apps/mobile/test/english_journey_test.dart: practice opens Roleplay, submits native input, and reviews the actual replies
00:44 +95: C:/Users/ADMIN/Desktop/CocEnglish/apps/mobile/test/english_journey_test.dart: practice opens Roleplay, submits native input, and reviews the actual replies
00:44 +96: C:/Users/ADMIN/Desktop/CocEnglish/apps/mobile/test/explanation_test.dart: explanation back retains wrong selection and feedback without advancing
00:44 +97: C:/Users/ADMIN/Desktop/CocEnglish/apps/mobile/test/explanation_test.dart: explanation back retains wrong selection and feedback without advancing
00:44 +98: C:/Users/ADMIN/Desktop/CocEnglish/apps/mobile/test/extended_flow_test.dart: extended screens fit width360.0 text1.0
00:44 +99: C:/Users/ADMIN/Desktop/CocEnglish/apps/mobile/test/extended_flow_test.dart: extended screens fit width360.0 text1.0
00:44 +100: C:/Users/ADMIN/Desktop/CocEnglish/apps/mobile/test/extended_flow_test.dart: extended screens fit width360.0 text1.0
00:44 +101: C:/Users/ADMIN/Desktop/CocEnglish/apps/mobile/test/extended_flow_test.dart: extended screens fit width360.0 text1.0
00:44 +102: C:/Users/ADMIN/Desktop/CocEnglish/apps/mobile/test/extended_flow_test.dart: extended screens fit width360.0 text1.0
00:44 +103: C:/Users/ADMIN/Desktop/CocEnglish/apps/mobile/test/extended_flow_test.dart: extended screens fit width360.0 text1.0
00:45 +104: C:/Users/ADMIN/Desktop/CocEnglish/apps/mobile/test/extended_flow_test.dart: extended screens fit width360.0 text1.0
00:45 +104: C:/Users/ADMIN/Desktop/CocEnglish/apps/mobile/test/foreign_profile_header_test.dart: foreign header places original avatar before identity and actions
═════════════════════════════════════════════════════════════════════════════════════════
[31m[1m  Rive Native: Failed to open dynamic library[0m
[33m  Library: rive_native.dll[0m

  To fix this issue, run the following command:
[36m[1m    dart run rive_native:setup --verbose --clean --platform windows[0m

  See the troubleshooting section in the docs for more information:
[36m[1m    https://rive.app/docs/runtimes/flutter/rive-native#troubleshooting[0m
═════════════════════════════════════════════════════════════════════════════════════════

00:45 +105: C:/Users/ADMIN/Desktop/CocEnglish/apps/mobile/test/extended_flow_test.dart: extended screens fit width360.0 text1.0
00:45 +106: C:/Users/ADMIN/Desktop/CocEnglish/apps/mobile/test/extended_flow_test.dart: extended screens fit width360.0 text1.0
00:45 +106: C:/Users/ADMIN/Desktop/CocEnglish/apps/mobile/test/foreign_profile_header_test.dart: foreign header places original avatar before identity and actions
═════════════════════════════════════════════════════════════════════════════════════════
[31m[1m  Rive Native: Failed to open dynamic library[0m
[33m  Library: rive_native.dll[0m

  To fix this issue, run the following command:
[36m[1m    dart run rive_native:setup --verbose --clean --platform windows[0m

  See the troubleshooting section in the docs for more information:
[36m[1m    https://rive.app/docs/runtimes/flutter/rive-native#troubleshooting[0m
═════════════════════════════════════════════════════════════════════════════════════════

═════════════════════════════════════════════════════════════════════════════════════════
[31m[1m  Rive Native: Failed to open dynamic library[0m
[33m  Library: rive_native.dll[0m

  To fix this issue, run the following command:
[36m[1m    dart run rive_native:setup --verbose --clean --platform windows[0m

  See the troubleshooting section in the docs for more information:
[36m[1m    https://rive.app/docs/runtimes/flutter/rive-native#troubleshooting[0m
═════════════════════════════════════════════════════════════════════════════════════════

00:45 +107: C:/Users/ADMIN/Desktop/CocEnglish/apps/mobile/test/extended_flow_test.dart: extended screens fit width360.0 text1.0
00:45 +108: C:/Users/ADMIN/Desktop/CocEnglish/apps/mobile/test/extended_flow_test.dart: extended screens fit width360.0 text1.0
00:45 +109: C:/Users/ADMIN/Desktop/CocEnglish/apps/mobile/test/foreign_achievements_route_test.dart: foreign View all retains owner through achievement list and Back
00:46 +110: C:/Users/ADMIN/Desktop/CocEnglish/apps/mobile/test/foreign_achievements_route_test.dart: foreign View all retains owner through achievement list and Back
00:46 +111: C:/Users/ADMIN/Desktop/CocEnglish/apps/mobile/test/foreign_achievements_route_test.dart: foreign View all retains owner through achievement list and Back
00:46 +112: C:/Users/ADMIN/Desktop/CocEnglish/apps/mobile/test/foreign_achievements_route_test.dart: foreign View all retains owner through achievement list and Back
00:46 +113: C:/Users/ADMIN/Desktop/CocEnglish/apps/mobile/test/foreign_achievements_route_test.dart: foreign View all retains owner through achievement list and Back
00:46 +114: C:/Users/ADMIN/Desktop/CocEnglish/apps/mobile/test/foreign_achievements_route_test.dart: foreign View all retains owner through achievement list and Back
00:46 +115: C:/Users/ADMIN/Desktop/CocEnglish/apps/mobile/test/foreign_achievements_route_test.dart: foreign View all retains owner through achievement list and Back
00:46 +116: C:/Users/ADMIN/Desktop/CocEnglish/apps/mobile/test/foreign_achievements_route_test.dart: foreign View all retains owner through achievement list and Back
00:46 +117: C:/Users/ADMIN/Desktop/CocEnglish/apps/mobile/test/foreign_profile_sections_test.dart: safety actions preserve cancel and allow confirmed block then unblock
00:46 +118: C:/Users/ADMIN/Desktop/CocEnglish/apps/mobile/test/foreign_profile_sections_test.dart: safety actions preserve cancel and allow confirmed block then unblock
00:46 +119: C:/Users/ADMIN/Desktop/CocEnglish/apps/mobile/test/foreign_profile_sections_test.dart: safety actions preserve cancel and allow confirmed block then unblock
00:46 +120: C:/Users/ADMIN/Desktop/CocEnglish/apps/mobile/test/foreign_profile_sections_test.dart: safety actions preserve cancel and allow confirmed block then unblock
00:46 +121: C:/Users/ADMIN/Desktop/CocEnglish/apps/mobile/test/foreign_profile_sections_test.dart: safety actions preserve cancel and allow confirmed block then unblock
00:46 +122: C:/Users/ADMIN/Desktop/CocEnglish/apps/mobile/test/foreign_profile_sections_test.dart: safety actions preserve cancel and allow confirmed block then unblock
00:46 +123: C:/Users/ADMIN/Desktop/CocEnglish/apps/mobile/test/foreign_profile_sections_test.dart: safety actions preserve cancel and allow confirmed block then unblock
00:47 +124: C:/Users/ADMIN/Desktop/CocEnglish/apps/mobile/test/foreign_profile_sections_test.dart: safety actions preserve cancel and allow confirmed block then unblock
00:47 +125: C:/Users/ADMIN/Desktop/CocEnglish/apps/mobile/test/extended_flow_test.dart: native words opens sort sheet and renders reordered rows
00:47 +126: C:/Users/ADMIN/Desktop/CocEnglish/apps/mobile/test/foreign_profile_header_test.dart: hero controls follow source light and dark background metadata
00:47 +127: C:/Users/ADMIN/Desktop/CocEnglish/apps/mobile/test/foreign_profile_header_test.dart: hero controls follow source light and dark background metadata
00:47 +128: C:/Users/ADMIN/Desktop/CocEnglish/apps/mobile/test/foreign_profile_sections_test.dart: award selection retains owner and returns to profile
00:47 +129: C:/Users/ADMIN/Desktop/CocEnglish/apps/mobile/test/foreign_profile_sections_test.dart: foreign achievement section is compact at 320 text2
00:48 +130: C:/Users/ADMIN/Desktop/CocEnglish/apps/mobile/test/foreign_profile_test.dart: every profile action fixture has an immutable display summary
00:49 +131: C:/Users/ADMIN/Desktop/CocEnglish/apps/mobile/test/foreign_profile_test.dart: foreign profile metrics do not borrow learner progress
00:49 +132: C:/Users/ADMIN/Desktop/CocEnglish/apps/mobile/test/foreign_profile_test.dart: own profile still delegates to its dedicated screen
00:52 +133: C:/Users/ADMIN/Desktop/CocEnglish/apps/mobile/test/full_frontend_qa_test.dart: all frontend states render at 360 / text 1.0
00:56 +134: C:/Users/ADMIN/Desktop/CocEnglish/apps/mobile/test/full_frontend_qa_test.dart: all frontend states render at 360 / text 2.0
00:58 +135: C:/Users/ADMIN/Desktop/CocEnglish/apps/mobile/test/full_frontend_qa_test.dart: all frontend states render at 430 / text 1.0
00:59 +136: C:/Users/ADMIN/Desktop/CocEnglish/apps/mobile/test/league_entry_surface_test.dart: locked entry shows remaining count and starts one lesson
01:00 +137: C:/Users/ADMIN/Desktop/CocEnglish/apps/mobile/test/league_entry_surface_test.dart: locked entry shows remaining count and starts one lesson
01:01 +138: C:/Users/ADMIN/Desktop/CocEnglish/apps/mobile/test/full_frontend_qa_test.dart: five tabs preserve path, words reveal, and shop rejects insufficient funds
01:01 +139: C:/Users/ADMIN/Desktop/CocEnglish/apps/mobile/test/league_entry_surface_test.dart: eligible entry shows source welcome and continues once
01:01 +140: C:/Users/ADMIN/Desktop/CocEnglish/apps/mobile/test/full_frontend_qa_test.dart: monthly quest introduction continues once into daily quests
01:01 +141: C:/Users/ADMIN/Desktop/CocEnglish/apps/mobile/test/full_frontend_qa_test.dart: monthly quest introduction continues once into daily quests
01:01 +142: C:/Users/ADMIN/Desktop/CocEnglish/apps/mobile/test/full_frontend_qa_test.dart: capture analyzed frontend states with original fonts
01:02 +143: C:/Users/ADMIN/Desktop/CocEnglish/apps/mobile/test/league_ranking_test.dart: ranking is immutable, descending and assigns all eight ranks
01:02 +144: C:/Users/ADMIN/Desktop/CocEnglish/apps/mobile/test/league_ranking_test.dart: learner XP re-ranks only me and keeps deterministic foreign ties
01:02 +145: C:/Users/ADMIN/Desktop/CocEnglish/apps/mobile/test/league_ranking_test.dart: source ranking opens profiles and own avatar opens status
01:03 +146: C:/Users/ADMIN/Desktop/CocEnglish/apps/mobile/test/league_ranking_test.dart: ranking rows expand safely at 320 and text scale two
01:03 +147: C:/Users/ADMIN/Desktop/CocEnglish/apps/mobile/test/league_ranking_test.dart: foreign avatar state survives learner XP rank changes
═════════════════════════════════════════════════════════════════════════════════════════
[31m[1m  Rive Native: Failed to open dynamic library[0m
[33m  Library: rive_native.dll[0m

  To fix this issue, run the following command:
[36m[1m    dart run rive_native:setup --verbose --clean --platform windows[0m

  See the troubleshooting section in the docs for more information:
[36m[1m    https://rive.app/docs/runtimes/flutter/rive-native#troubleshooting[0m
═════════════════════════════════════════════════════════════════════════════════════════

═════════════════════════════════════════════════════════════════════════════════════════
[31m[1m  Rive Native: Failed to open dynamic library[0m
[33m  Library: rive_native.dll[0m

  To fix this issue, run the following command:
[36m[1m    dart run rive_native:setup --verbose --clean --platform windows[0m

  See the troubleshooting section in the docs for more information:
[36m[1m    https://rive.app/docs/runtimes/flutter/rive-native#troubleshooting[0m
═════════════════════════════════════════════════════════════════════════════════════════

═════════════════════════════════════════════════════════════════════════════════════════
[31m[1m  Rive Native: Failed to open dynamic library[0m
[33m  Library: rive_native.dll[0m

  To fix this issue, run the following command:
[36m[1m    dart run rive_native:setup --verbose --clean --platform windows[0m

  See the troubleshooting section in the docs for more information:
[36m[1m    https://rive.app/docs/runtimes/flutter/rive-native#troubleshooting[0m
═════════════════════════════════════════════════════════════════════════════════════════

01:03 +148: C:/Users/ADMIN/Desktop/CocEnglish/apps/mobile/test/league_ranking_test.dart: rows expose one profile action plus separate own status action
01:04 +149: C:/Users/ADMIN/Desktop/CocEnglish/apps/mobile/test/league_ranking_test.dart: short window scrolls the header and reaches the final row
01:05 +150: C:/Users/ADMIN/Desktop/CocEnglish/apps/mobile/test/league_result_test.dart: settlement advances once through authored eligible stages
01:05 +151: C:/Users/ADMIN/Desktop/CocEnglish/apps/mobile/test/league_result_test.dart: ineligible authored stages are skipped without inventing rewards
01:05 +152: C:/Users/ADMIN/Desktop/CocEnglish/apps/mobile/test/league_result_test.dart: authored reward can be acknowledged without a promotion
01:05 +153: C:/Users/ADMIN/Desktop/CocEnglish/apps/mobile/test/league_result_test.dart: fixture rejects invalid learner, rank, XP and reward data
01:05 +154: C:/Users/ADMIN/Desktop/CocEnglish/apps/mobile/test/league_result_test.dart: moving to a lower tier does not present a promotion
01:05 +155: C:/Users/ADMIN/Desktop/CocEnglish/apps/mobile/test/league_result_test.dart: missing authored settlement completes without fabricated stages
01:05 +156: C:/Users/ADMIN/Desktop/CocEnglish/apps/mobile/test/league_result_test.dart: a fresh history entry replays without changing learner balances
01:05 +157: C:/Users/ADMIN/Desktop/CocEnglish/apps/mobile/test/league_result_test.dart: authored result promotes to Silver and acknowledges 40 gems
01:06 +158: C:/Users/ADMIN/Desktop/CocEnglish/apps/mobile/test/league_result_test.dart: Diamond event variant uses authored tier and skips no reward
01:06 +159: C:/Users/ADMIN/Desktop/CocEnglish/apps/mobile/test/league_result_test.dart: close preserves the authored result and learner balances
01:07 +160: C:/Users/ADMIN/Desktop/CocEnglish/apps/mobile/test/league_result_test.dart: source-sized result expands its card and overlays close
01:07 +161: C:/Users/ADMIN/Desktop/CocEnglish/apps/mobile/test/league_result_test.dart: 320 wide text scale two scrolls every step without overflow
01:08 +162: C:/Users/ADMIN/Desktop/CocEnglish/apps/mobile/test/league_source_route_test.dart: one local lesson unlocks Welcome; Continue joins without reward
═════════════════════════════════════════════════════════════════════════════════════════
[31m[1m  Rive Native: Failed to open dynamic library[0m
[33m  Library: rive_native.dll[0m

  To fix this issue, run the following command:
[36m[1m    dart run rive_native:setup --verbose --clean --platform windows[0m

  See the troubleshooting section in the docs for more information:
[36m[1m    https://rive.app/docs/runtimes/flutter/rive-native#troubleshooting[0m
═════════════════════════════════════════════════════════════════════════════════════════

═════════════════════════════════════════════════════════════════════════════════════════
[31m[1m  Rive Native: Failed to open dynamic library[0m
[33m  Library: rive_native.dll[0m

  To fix this issue, run the following command:
[36m[1m    dart run rive_native:setup --verbose --clean --platform windows[0m

  See the troubleshooting section in the docs for more information:
[36m[1m    https://rive.app/docs/runtimes/flutter/rive-native#troubleshooting[0m
═════════════════════════════════════════════════════════════════════════════════════════

═════════════════════════════════════════════════════════════════════════════════════════
[31m[1m  Rive Native: Failed to open dynamic library[0m
[33m  Library: rive_native.dll[0m

  To fix this issue, run the following command:
[36m[1m    dart run rive_native:setup --verbose --clean --platform windows[0m

  See the troubleshooting section in the docs for more information:
[36m[1m    https://rive.app/docs/runtimes/flutter/rive-native#troubleshooting[0m
═════════════════════════════════════════════════════════════════════════════════════════

01:09 +163: C:/Users/ADMIN/Desktop/CocEnglish/apps/mobile/test/league_source_route_test.dart: one local lesson unlocks Welcome; Continue joins without reward
01:09 +164: C:/Users/ADMIN/Desktop/CocEnglish/apps/mobile/test/league_source_route_test.dart: one local lesson unlocks Welcome; Continue joins without reward
01:09 +165: C:/Users/ADMIN/Desktop/CocEnglish/apps/mobile/test/league_source_route_test.dart: one local lesson unlocks Welcome; Continue joins without reward
01:09 +166: C:/Users/ADMIN/Desktop/CocEnglish/apps/mobile/test/league_source_route_test.dart: one local lesson unlocks Welcome; Continue joins without reward
01:09 +167: C:/Users/ADMIN/Desktop/CocEnglish/apps/mobile/test/league_source_route_test.dart: one local lesson unlocks Welcome; Continue joins without reward
01:09 +168: C:/Users/ADMIN/Desktop/CocEnglish/apps/mobile/test/league_source_route_test.dart: one local lesson unlocks Welcome; Continue joins without reward
01:09 +169: C:/Users/ADMIN/Desktop/CocEnglish/apps/mobile/test/league_source_route_test.dart: one local lesson unlocks Welcome; Continue joins without reward
01:09 +170: C:/Users/ADMIN/Desktop/CocEnglish/apps/mobile/test/league_source_route_test.dart: one local lesson unlocks Welcome; Continue joins without reward
01:09 +171: C:/Users/ADMIN/Desktop/CocEnglish/apps/mobile/test/league_source_route_test.dart: one local lesson unlocks Welcome; Continue joins without reward
01:09 +172: C:/Users/ADMIN/Desktop/CocEnglish/apps/mobile/test/league_source_route_test.dart: one local lesson unlocks Welcome; Continue joins without reward
01:09 +173: C:/Users/ADMIN/Desktop/CocEnglish/apps/mobile/test/league_source_route_test.dart: one local lesson unlocks Welcome; Continue joins without reward
01:10 +174: C:/Users/ADMIN/Desktop/CocEnglish/apps/mobile/test/league_source_route_test.dart: League keeps saved avatar and separate status interaction
01:10 +175: C:/Users/ADMIN/Desktop/CocEnglish/apps/mobile/test/league_source_route_test.dart: joined League keeps source layout and profile Back state
01:12 +176: C:/Users/ADMIN/Desktop/CocEnglish/apps/mobile/test/learning_flow_test.dart: complete the native lesson, claim once, return to the unlocked path
01:15 +177: C:/Users/ADMIN/Desktop/CocEnglish/apps/mobile/test/learning_flow_test.dart: finished onboarding opens path and a selectable lesson
01:17 +178: C:/Users/ADMIN/Desktop/CocEnglish/apps/mobile/test/login_flow_test.dart: visibility, retry and internal Back preserve form input
01:18 +179: C:/Users/ADMIN/Desktop/CocEnglish/apps/mobile/test/login_flow_test.dart: busy screen blocks duplicate and stale taps
01:19 +180: C:/Users/ADMIN/Desktop/CocEnglish/apps/mobile/test/login_flow_test.dart: recovery failure retains email and never shows sent sheet
01:19 +181: C:/Users/ADMIN/Desktop/CocEnglish/apps/mobile/test/login_flow_test.dart: recovery success opens dismissible sheet
01:19 +182: C:/Users/ADMIN/Desktop/CocEnglish/apps/mobile/test/login_flow_test.dart: login choice fits width 360.0 text2 and keyboard
01:19 +183: C:/Users/ADMIN/Desktop/CocEnglish/apps/mobile/test/login_flow_test.dart: login details fits width 360.0 text2 and keyboard
01:19 +184: C:/Users/ADMIN/Desktop/CocEnglish/apps/mobile/test/login_flow_test.dart: login forgot fits width 360.0 text2 and keyboard
01:19 +185: C:/Users/ADMIN/Desktop/CocEnglish/apps/mobile/test/login_flow_test.dart: login reset fits width 360.0 text2 and keyboard
01:19 +186: C:/Users/ADMIN/Desktop/CocEnglish/apps/mobile/test/login_flow_test.dart: login choice fits width 390.0 text2 and keyboard
01:19 +187: C:/Users/ADMIN/Desktop/CocEnglish/apps/mobile/test/login_flow_test.dart: login details fits width 390.0 text2 and keyboard
01:19 +188: C:/Users/ADMIN/Desktop/CocEnglish/apps/mobile/test/login_flow_test.dart: login forgot fits width 390.0 text2 and keyboard
01:19 +189: C:/Users/ADMIN/Desktop/CocEnglish/apps/mobile/test/login_flow_test.dart: login reset fits width 390.0 text2 and keyboard
01:19 +190: C:/Users/ADMIN/Desktop/CocEnglish/apps/mobile/test/login_flow_test.dart: login choice fits width 430.0 text2 and keyboard
01:19 +191: C:/Users/ADMIN/Desktop/CocEnglish/apps/mobile/test/login_flow_test.dart: login details fits width 430.0 text2 and keyboard
01:19 +192: C:/Users/ADMIN/Desktop/CocEnglish/apps/mobile/test/login_flow_test.dart: login forgot fits width 430.0 text2 and keyboard
01:19 +193: C:/Users/ADMIN/Desktop/CocEnglish/apps/mobile/test/login_flow_test.dart: login reset fits width 430.0 text2 and keyboard
01:21 +194: C:/Users/ADMIN/Desktop/CocEnglish/apps/mobile/test/login_visual_capture_test.dart: login reference fixtures render native inputs and artwork
01:24 +195: C:/Users/ADMIN/Desktop/CocEnglish/apps/mobile/test/max_flow_test.dart: Max requires reminder and checkout, keeps existing entitlement until confirmation
01:24 +196: C:/Users/ADMIN/Desktop/CocEnglish/apps/mobile/test/max_flow_test.dart: Max Family preserves family members, individual plans remove stale invites
01:24 +197: C:/Users/ADMIN/Desktop/CocEnglish/apps/mobile/test/max_flow_test.dart: routed mock checkout dismiss preserves selection and confirms only explicitly
01:24 +198: C:/Users/ADMIN/Desktop/CocEnglish/apps/mobile/test/max_flow_test.dart: routed mock checkout dismiss preserves selection and confirms only explicitly
01:25 +199: C:/Users/ADMIN/Desktop/CocEnglish/apps/mobile/test/max_flow_test.dart: routed mock checkout dismiss preserves selection and confirms only explicitly
01:25 +200: C:/Users/ADMIN/Desktop/CocEnglish/apps/mobile/test/max_flow_test.dart: routed mock checkout dismiss preserves selection and confirms only explicitly
01:25 +201: C:/Users/ADMIN/Desktop/CocEnglish/apps/mobile/test/max_flow_test.dart: routed mock checkout dismiss preserves selection and confirms only explicitly
01:25 +202: C:/Users/ADMIN/Desktop/CocEnglish/apps/mobile/test/max_flow_test.dart: routed mock checkout dismiss preserves selection and confirms only explicitly
01:25 +203: C:/Users/ADMIN/Desktop/CocEnglish/apps/mobile/test/max_flow_test.dart: routed mock checkout dismiss preserves selection and confirms only explicitly
01:25 +204: C:/Users/ADMIN/Desktop/CocEnglish/apps/mobile/test/max_flow_test.dart: routed mock checkout dismiss preserves selection and confirms only explicitly
01:25 +205: C:/Users/ADMIN/Desktop/CocEnglish/apps/mobile/test/max_flow_test.dart: routed mock checkout dismiss preserves selection and confirms only explicitly
01:25 +206: C:/Users/ADMIN/Desktop/CocEnglish/apps/mobile/test/max_flow_test.dart: routed mock checkout dismiss preserves selection and confirms only explicitly
01:25 +207: C:/Users/ADMIN/Desktop/CocEnglish/apps/mobile/test/max_flow_test.dart: routed mock checkout dismiss preserves selection and confirms only explicitly
01:25 +208: C:/Users/ADMIN/Desktop/CocEnglish/apps/mobile/test/max_flow_test.dart: routed mock checkout dismiss preserves selection and confirms only explicitly
01:25 +209: C:/Users/ADMIN/Desktop/CocEnglish/apps/mobile/test/max_flow_test.dart: routed mock checkout dismiss preserves selection and confirms only explicitly
01:26 +210: C:/Users/ADMIN/Desktop/CocEnglish/apps/mobile/test/max_flow_test.dart: routed mock checkout dismiss preserves selection and confirms only explicitly
01:26 +211: C:/Users/ADMIN/Desktop/CocEnglish/apps/mobile/test/max_flow_test.dart: routed mock checkout dismiss preserves selection and confirms only explicitly
01:26 +212: C:/Users/ADMIN/Desktop/CocEnglish/apps/mobile/test/max_flow_test.dart: routed mock checkout dismiss preserves selection and confirms only explicitly
01:26 +213: C:/Users/ADMIN/Desktop/CocEnglish/apps/mobile/test/onboarding_flow_test.dart: language requires a selection and Back retains it
01:26 +214: C:/Users/ADMIN/Desktop/CocEnglish/apps/mobile/test/onboarding_flow_test.dart: language requires a selection and Back retains it
01:26 +215: C:/Users/ADMIN/Desktop/CocEnglish/apps/mobile/test/onboarding_flow_test.dart: language requires a selection and Back retains it
01:26 +216: C:/Users/ADMIN/Desktop/CocEnglish/apps/mobile/test/onboarding_flow_test.dart: language requires a selection and Back retains it
01:26 +217: C:/Users/ADMIN/Desktop/CocEnglish/apps/mobile/test/own_profile_screen_test.dart: lower profile keeps its header and opens monthly badges
01:26 +218: C:/Users/ADMIN/Desktop/CocEnglish/apps/mobile/test/own_profile_screen_test.dart: lower profile keeps its header and opens monthly badges
01:26 +219: C:/Users/ADMIN/Desktop/CocEnglish/apps/mobile/test/own_profile_screen_test.dart: lower profile keeps its header and opens monthly badges
01:26 +220: C:/Users/ADMIN/Desktop/CocEnglish/apps/mobile/test/own_profile_screen_test.dart: lower profile keeps its header and opens monthly badges
01:26 +221: C:/Users/ADMIN/Desktop/CocEnglish/apps/mobile/test/own_profile_screen_test.dart: lower profile keeps its header and opens monthly badges
01:26 +222: C:/Users/ADMIN/Desktop/CocEnglish/apps/mobile/test/own_profile_screen_test.dart: lower profile keeps its header and opens monthly badges
01:26 +223: C:/Users/ADMIN/Desktop/CocEnglish/apps/mobile/test/own_profile_screen_test.dart: lower profile keeps its header and opens monthly badges
01:27 +224: C:/Users/ADMIN/Desktop/CocEnglish/apps/mobile/test/password_change_route_test.dart: profile password route closes back without losing profile draft
01:27 +225: C:/Users/ADMIN/Desktop/CocEnglish/apps/mobile/test/password_change_route_test.dart: profile password route closes back without losing profile draft
01:27 +226: C:/Users/ADMIN/Desktop/CocEnglish/apps/mobile/test/password_change_route_test.dart: profile password route closes back without losing profile draft
01:27 +227: C:/Users/ADMIN/Desktop/CocEnglish/apps/mobile/test/password_change_route_test.dart: profile password route closes back without losing profile draft
01:27 +228: C:/Users/ADMIN/Desktop/CocEnglish/apps/mobile/test/password_change_route_test.dart: profile password route closes back without losing profile draft
01:27 +229: C:/Users/ADMIN/Desktop/CocEnglish/apps/mobile/test/password_change_route_test.dart: profile password route closes back without losing profile draft
01:27 +230: C:/Users/ADMIN/Desktop/CocEnglish/apps/mobile/test/password_change_route_test.dart: profile password route closes back without losing profile draft
01:27 +231: C:/Users/ADMIN/Desktop/CocEnglish/apps/mobile/test/password_change_route_test.dart: profile password route closes back without losing profile draft
01:27 +232: C:/Users/ADMIN/Desktop/CocEnglish/apps/mobile/test/password_change_route_test.dart: profile password route closes back without losing profile draft
01:27 +233: C:/Users/ADMIN/Desktop/CocEnglish/apps/mobile/test/password_change_route_test.dart: profile password route closes back without losing profile draft
01:27 +234: C:/Users/ADMIN/Desktop/CocEnglish/apps/mobile/test/password_change_route_test.dart: profile password route closes back without losing profile draft
01:27 +235: C:/Users/ADMIN/Desktop/CocEnglish/apps/mobile/test/password_change_route_test.dart: profile password route closes back without losing profile draft
01:27 +236: C:/Users/ADMIN/Desktop/CocEnglish/apps/mobile/test/password_change_route_test.dart: profile password route closes back without losing profile draft
01:27 +237: C:/Users/ADMIN/Desktop/CocEnglish/apps/mobile/test/password_change_route_test.dart: profile password route closes back without losing profile draft
01:27 +238: C:/Users/ADMIN/Desktop/CocEnglish/apps/mobile/test/password_change_route_test.dart: profile password route closes back without losing profile draft
01:27 +239: C:/Users/ADMIN/Desktop/CocEnglish/apps/mobile/test/password_change_route_test.dart: profile password route closes back without losing profile draft
01:27 +240: C:/Users/ADMIN/Desktop/CocEnglish/apps/mobile/test/password_change_route_test.dart: profile password route closes back without losing profile draft
01:27 +241: C:/Users/ADMIN/Desktop/CocEnglish/apps/mobile/test/password_change_route_test.dart: profile password route closes back without losing profile draft
01:27 +242: C:/Users/ADMIN/Desktop/CocEnglish/apps/mobile/test/password_change_route_test.dart: profile password route closes back without losing profile draft
01:28 +243: C:/Users/ADMIN/Desktop/CocEnglish/apps/mobile/test/password_change_route_test.dart: profile password route closes back without losing profile draft
01:28 +244: C:/Users/ADMIN/Desktop/CocEnglish/apps/mobile/test/password_change_route_test.dart: profile password route closes back without losing profile draft
01:28 +245: C:/Users/ADMIN/Desktop/CocEnglish/apps/mobile/test/password_change_route_test.dart: profile password route closes back without losing profile draft
01:28 +246: C:/Users/ADMIN/Desktop/CocEnglish/apps/mobile/test/password_change_ui_test.dart: save validates, retains input on failure and returns after retry
01:28 +247: C:/Users/ADMIN/Desktop/CocEnglish/apps/mobile/test/password_change_ui_test.dart: save validates, retains input on failure and returns after retry
01:28 +248: C:/Users/ADMIN/Desktop/CocEnglish/apps/mobile/test/password_change_ui_test.dart: save validates, retains input on failure and returns after retry
01:28 +249: C:/Users/ADMIN/Desktop/CocEnglish/apps/mobile/test/password_change_ui_test.dart: save validates, retains input on failure and returns after retry
01:28 +250: C:/Users/ADMIN/Desktop/CocEnglish/apps/mobile/test/password_change_ui_test.dart: save validates, retains input on failure and returns after retry
01:28 +251: C:/Users/ADMIN/Desktop/CocEnglish/apps/mobile/test/password_change_ui_test.dart: save validates, retains input on failure and returns after retry
01:28 +252: C:/Users/ADMIN/Desktop/CocEnglish/apps/mobile/test/password_change_ui_test.dart: save validates, retains input on failure and returns after retry
01:28 +253: C:/Users/ADMIN/Desktop/CocEnglish/apps/mobile/test/password_change_ui_test.dart: save validates, retains input on failure and returns after retry
01:28 +254: C:/Users/ADMIN/Desktop/CocEnglish/apps/mobile/test/password_change_ui_test.dart: save validates, retains input on failure and returns after retry
01:28 +255: C:/Users/ADMIN/Desktop/CocEnglish/apps/mobile/test/password_change_ui_test.dart: save validates, retains input on failure and returns after retry
01:28 +256: C:/Users/ADMIN/Desktop/CocEnglish/apps/mobile/test/password_change_ui_test.dart: save validates, retains input on failure and returns after retry
01:28 +257: C:/Users/ADMIN/Desktop/CocEnglish/apps/mobile/test/password_change_ui_test.dart: save validates, retains input on failure and returns after retry
01:28 +258: C:/Users/ADMIN/Desktop/CocEnglish/apps/mobile/test/password_change_ui_test.dart: save validates, retains input on failure and returns after retry
01:28 +259: C:/Users/ADMIN/Desktop/CocEnglish/apps/mobile/test/password_change_ui_test.dart: save validates, retains input on failure and returns after retry
01:28 +260: C:/Users/ADMIN/Desktop/CocEnglish/apps/mobile/test/password_change_ui_test.dart: save validates, retains input on failure and returns after retry
01:28 +261: C:/Users/ADMIN/Desktop/CocEnglish/apps/mobile/test/password_change_ui_test.dart: save validates, retains input on failure and returns after retry
01:28 +262: C:/Users/ADMIN/Desktop/CocEnglish/apps/mobile/test/password_change_ui_test.dart: save validates, retains input on failure and returns after retry
01:28 +263: C:/Users/ADMIN/Desktop/CocEnglish/apps/mobile/test/password_change_ui_test.dart: save validates, retains input on failure and returns after retry
01:28 +264: C:/Users/ADMIN/Desktop/CocEnglish/apps/mobile/test/password_change_ui_test.dart: save validates, retains input on failure and returns after retry
01:28 +265: C:/Users/ADMIN/Desktop/CocEnglish/apps/mobile/test/password_change_ui_test.dart: save validates, retains input on failure and returns after retry
01:28 +266: C:/Users/ADMIN/Desktop/CocEnglish/apps/mobile/test/password_change_ui_test.dart: save validates, retains input on failure and returns after retry
01:28 +267: C:/Users/ADMIN/Desktop/CocEnglish/apps/mobile/test/password_change_ui_test.dart: save validates, retains input on failure and returns after retry
01:28 +268: C:/Users/ADMIN/Desktop/CocEnglish/apps/mobile/test/password_change_ui_test.dart: save validates, retains input on failure and returns after retry
01:28 +269: C:/Users/ADMIN/Desktop/CocEnglish/apps/mobile/test/password_change_ui_test.dart: save validates, retains input on failure and returns after retry
01:28 +270: C:/Users/ADMIN/Desktop/CocEnglish/apps/mobile/test/password_change_ui_test.dart: save validates, retains input on failure and returns after retry
01:28 +271: C:/Users/ADMIN/Desktop/CocEnglish/apps/mobile/test/password_change_ui_test.dart: save validates, retains input on failure and returns after retry
01:28 +272: C:/Users/ADMIN/Desktop/CocEnglish/apps/mobile/test/password_change_ui_test.dart: save validates, retains input on failure and returns after retry
01:28 +273: C:/Users/ADMIN/Desktop/CocEnglish/apps/mobile/test/password_change_ui_test.dart: save validates, retains input on failure and returns after retry
01:28 +274: C:/Users/ADMIN/Desktop/CocEnglish/apps/mobile/test/password_change_ui_test.dart: save validates, retains input on failure and returns after retry
01:28 +275: C:/Users/ADMIN/Desktop/CocEnglish/apps/mobile/test/password_change_ui_test.dart: save validates, retains input on failure and returns after retry
01:28 +276: C:/Users/ADMIN/Desktop/CocEnglish/apps/mobile/test/password_change_ui_test.dart: save validates, retains input on failure and returns after retry
01:29 +277: C:/Users/ADMIN/Desktop/CocEnglish/apps/mobile/test/password_change_ui_test.dart: save validates, retains input on failure and returns after retry
01:29 +277: C:/Users/ADMIN/Desktop/CocEnglish/apps/mobile/test/own_profile_screen_test.dart: saved avatar and score card use saved state and independent actions
═════════════════════════════════════════════════════════════════════════════════════════
[31m[1m  Rive Native: Failed to open dynamic library[0m
[33m  Library: rive_native.dll[0m

  To fix this issue, run the following command:
[36m[1m    dart run rive_native:setup --verbose --clean --platform windows[0m

  See the troubleshooting section in the docs for more information:
[36m[1m    https://rive.app/docs/runtimes/flutter/rive-native#troubleshooting[0m
═════════════════════════════════════════════════════════════════════════════════════════

═════════════════════════════════════════════════════════════════════════════════════════
[31m[1m  Rive Native: Failed to open dynamic library[0m
[33m  Library: rive_native.dll[0m

  To fix this issue, run the following command:
[36m[1m    dart run rive_native:setup --verbose --clean --platform windows[0m

  See the troubleshooting section in the docs for more information:
[36m[1m    https://rive.app/docs/runtimes/flutter/rive-native#troubleshooting[0m
═════════════════════════════════════════════════════════════════════════════════════════

═════════════════════════════════════════════════════════════════════════════════════════
[31m[1m  Rive Native: Failed to open dynamic library[0m
[33m  Library: rive_native.dll[0m

  To fix this issue, run the following command:
[36m[1m    dart run rive_native:setup --verbose --clean --platform windows[0m

  See the troubleshooting section in the docs for more information:
[36m[1m    https://rive.app/docs/runtimes/flutter/rive-native#troubleshooting[0m
═════════════════════════════════════════════════════════════════════════════════════════

01:29 +278: C:/Users/ADMIN/Desktop/CocEnglish/apps/mobile/test/password_change_ui_test.dart: save validates, retains input on failure and returns after retry
01:29 +279: C:/Users/ADMIN/Desktop/CocEnglish/apps/mobile/test/password_change_ui_test.dart: save validates, retains input on failure and returns after retry
01:29 +280: C:/Users/ADMIN/Desktop/CocEnglish/apps/mobile/test/password_change_ui_test.dart: save validates, retains input on failure and returns after retry
01:29 +281: C:/Users/ADMIN/Desktop/CocEnglish/apps/mobile/test/password_change_ui_test.dart: save validates, retains input on failure and returns after retry
01:29 +282: C:/Users/ADMIN/Desktop/CocEnglish/apps/mobile/test/password_change_ui_test.dart: save validates, retains input on failure and returns after retry
01:29 +283: C:/Users/ADMIN/Desktop/CocEnglish/apps/mobile/test/password_change_ui_test.dart: save validates, retains input on failure and returns after retry
01:29 +284: C:/Users/ADMIN/Desktop/CocEnglish/apps/mobile/test/product_surface_test.dart: badges and family invite keep engineering notes out of product copy
01:29 +285: C:/Users/ADMIN/Desktop/CocEnglish/apps/mobile/test/product_surface_test.dart: badges and family invite keep engineering notes out of product copy
01:29 +286: C:/Users/ADMIN/Desktop/CocEnglish/apps/mobile/test/product_surface_test.dart: badges and family invite keep engineering notes out of product copy
01:29 +287: C:/Users/ADMIN/Desktop/CocEnglish/apps/mobile/test/product_surface_test.dart: badges and family invite keep engineering notes out of product copy
01:29 +288: C:/Users/ADMIN/Desktop/CocEnglish/apps/mobile/test/product_surface_test.dart: badges and family invite keep engineering notes out of product copy
01:30 +289: C:/Users/ADMIN/Desktop/CocEnglish/apps/mobile/test/product_surface_test.dart: badges and family invite keep engineering notes out of product copy
01:30 +290: C:/Users/ADMIN/Desktop/CocEnglish/apps/mobile/test/product_surface_test.dart: badges and family invite keep engineering notes out of product copy
01:30 +291: C:/Users/ADMIN/Desktop/CocEnglish/apps/mobile/test/password_change_ui_test.dart: password controls width430.0 text2.0 remain reachable
01:30 +292: C:/Users/ADMIN/Desktop/CocEnglish/apps/mobile/test/practice_flow_test.dart: call reconnects safely after app resumes
01:30 +293: C:/Users/ADMIN/Desktop/CocEnglish/apps/mobile/test/practice_flow_test.dart: call reconnects safely after app resumes
01:30 +294: C:/Users/ADMIN/Desktop/CocEnglish/apps/mobile/test/practice_flow_test.dart: call reconnects safely after app resumes
01:31 +295: C:/Users/ADMIN/Desktop/CocEnglish/apps/mobile/test/profile_editor_test.dart: full name boundary rejects atomically with the canonical limit
01:31 +296: C:/Users/ADMIN/Desktop/CocEnglish/apps/mobile/test/profile_editor_test.dart: profile save is atomic and rejects a phone with no digits
01:31 +297: C:/Users/ADMIN/Desktop/CocEnglish/apps/mobile/test/profile_editor_test.dart: full profile fields preserve draft on validation failure
01:32 +298: C:/Users/ADMIN/Desktop/CocEnglish/apps/mobile/test/profile_actions_route_test.dart: unknown profile is unavailable and cannot mutate social state
01:32 +299: C:/Users/ADMIN/Desktop/CocEnglish/apps/mobile/test/profile_actions_route_test.dart: unknown profile is unavailable and cannot mutate social state
01:33 +300: C:/Users/ADMIN/Desktop/CocEnglish/apps/mobile/test/profile_actions_route_test.dart: unknown profile is unavailable and cannot mutate social state
01:33 +300: C:/Users/ADMIN/Desktop/CocEnglish/apps/mobile/test/profile_actions_ui_test.dart: own profile QR uses saved avatar; foreign QR uses authored owner avatar
═════════════════════════════════════════════════════════════════════════════════════════
[31m[1m  Rive Native: Failed to open dynamic library[0m
[33m  Library: rive_native.dll[0m

  To fix this issue, run the following command:
[36m[1m    dart run rive_native:setup --verbose --clean --platform windows[0m

  See the troubleshooting section in the docs for more information:
[36m[1m    https://rive.app/docs/runtimes/flutter/rive-native#troubleshooting[0m
═════════════════════════════════════════════════════════════════════════════════════════

═════════════════════════════════════════════════════════════════════════════════════════
[31m[1m  Rive Native: Failed to open dynamic library[0m
[33m  Library: rive_native.dll[0m

  To fix this issue, run the following command:
[36m[1m    dart run rive_native:setup --verbose --clean --platform windows[0m

  See the troubleshooting section in the docs for more information:
[36m[1m    https://rive.app/docs/runtimes/flutter/rive-native#troubleshooting[0m
═════════════════════════════════════════════════════════════════════════════════════════

01:33 +301: C:/Users/ADMIN/Desktop/CocEnglish/apps/mobile/test/profile_actions_ui_test.dart: own profile QR uses saved avatar; foreign QR uses authored owner avatar
═════════════════════════════════════════════════════════════════════════════════════════
[31m[1m  Rive Native: Failed to open dynamic library[0m
[33m  Library: rive_native.dll[0m

  To fix this issue, run the following command:
[36m[1m    dart run rive_native:setup --verbose --clean --platform windows[0m

  See the troubleshooting section in the docs for more information:
[36m[1m    https://rive.app/docs/runtimes/flutter/rive-native#troubleshooting[0m
═════════════════════════════════════════════════════════════════════════════════════════

01:34 +302: C:/Users/ADMIN/Desktop/CocEnglish/apps/mobile/test/profile_actions_ui_test.dart: own profile QR uses saved avatar; foreign QR uses authored owner avatar
01:34 +303: C:/Users/ADMIN/Desktop/CocEnglish/apps/mobile/test/profile_actions_route_test.dart: League profile uses the same identity for block, report and following
01:34 +304: C:/Users/ADMIN/Desktop/CocEnglish/apps/mobile/test/profile_actions_route_test.dart: League profile uses the same identity for block, report and following
01:34 +305: C:/Users/ADMIN/Desktop/CocEnglish/apps/mobile/test/profile_actions_route_test.dart: League profile uses the same identity for block, report and following
01:34 +306: C:/Users/ADMIN/Desktop/CocEnglish/apps/mobile/test/profile_sections_test.dart: empty Friend Streak slots invite and heading opens friends view
01:34 +307: C:/Users/ADMIN/Desktop/CocEnglish/apps/mobile/test/profile_sections_test.dart: empty Friend Streak slots invite and heading opens friends view
01:34 +308: C:/Users/ADMIN/Desktop/CocEnglish/apps/mobile/test/profile_actions_ui_test.dart: profile share controls width360.0 text1.0 remain usable
01:34 +309: C:/Users/ADMIN/Desktop/CocEnglish/apps/mobile/test/profile_actions_route_test.dart: report cancellation retains following; confirm blocks once and unblock does not refollow
01:34 +310: C:/Users/ADMIN/Desktop/CocEnglish/apps/mobile/test/profile_actions_route_test.dart: report cancellation retains following; confirm blocks once and unblock does not refollow
01:34 +311: C:/Users/ADMIN/Desktop/CocEnglish/apps/mobile/test/profile_actions_route_test.dart: report cancellation retains following; confirm blocks once and unblock does not refollow
01:34 +312: C:/Users/ADMIN/Desktop/CocEnglish/apps/mobile/test/profile_actions_route_test.dart: report cancellation retains following; confirm blocks once and unblock does not refollow
01:35 +313: C:/Users/ADMIN/Desktop/CocEnglish/apps/mobile/test/profile_actions_route_test.dart: report cancellation retains following; confirm blocks once and unblock does not refollow
01:35 +314: C:/Users/ADMIN/Desktop/CocEnglish/apps/mobile/test/profile_actions_route_test.dart: report cancellation retains following; confirm blocks once and unblock does not refollow
01:35 +315: C:/Users/ADMIN/Desktop/CocEnglish/apps/mobile/test/profile_sections_test.dart: family section is conditional and reflects local member state
01:35 +316: C:/Users/ADMIN/Desktop/CocEnglish/apps/mobile/test/profile_sections_test.dart: family section is conditional and reflects local member state
01:35 +317: C:/Users/ADMIN/Desktop/CocEnglish/apps/mobile/test/profile_actions_route_test.dart: own profile link copies actual local URL then closes back to profile
01:36 +318: C:/Users/ADMIN/Desktop/CocEnglish/apps/mobile/test/profile_surface_capture_test.dart: capture native source profile and language lists
01:36 +319: C:/Users/ADMIN/Desktop/CocEnglish/apps/mobile/test/profile_weekly_progress_test.dart: canvas labels inherit font and repaint when typography changes
01:36 +320: C:/Users/ADMIN/Desktop/CocEnglish/apps/mobile/test/profile_weekly_progress_test.dart: canvas labels inherit font and repaint when typography changes
01:37 +321: C:/Users/ADMIN/Desktop/CocEnglish/apps/mobile/test/profile_weekly_progress_test.dart: weekly fixtures cover known profiles and expose immutable seven days
01:37 +322: C:/Users/ADMIN/Desktop/CocEnglish/apps/mobile/test/profile_weekly_progress_test.dart: learner receipts change only You weekly progress
01:37 +323: C:/Users/ADMIN/Desktop/CocEnglish/apps/mobile/test/profile_weekly_progress_test.dart: axis keeps a zero floor and expands for large learner values
01:37 +324: C:/Users/ADMIN/Desktop/CocEnglish/apps/mobile/test/profile_weekly_progress_test.dart: 320 text2 chart remains accessible without overflow
01:37 +325: C:/Users/ADMIN/Desktop/CocEnglish/apps/mobile/test/reference_art_cache_test.dart: original illustration survives cache eviction and releases after navigation
01:38 +326: C:/Users/ADMIN/Desktop/CocEnglish/apps/mobile/test/reference_button_test.dart: tactile edge depresses on press and cancellation does not act
01:39 +327: C:/Users/ADMIN/Desktop/CocEnglish/apps/mobile/test/registration_controller_test.dart: registration preserves input on duplicate email and clears password after success
01:39 +328: C:/Users/ADMIN/Desktop/CocEnglish/apps/mobile/test/registration_controller_test.dart: invalid age does not advance and Back keeps existing names
01:40 +329: C:/Users/ADMIN/Desktop/CocEnglish/apps/mobile/test/saved_account_management_test.dart: Manage accounts opens full screen and Done preserves account
01:40 +330: C:/Users/ADMIN/Desktop/CocEnglish/apps/mobile/test/saved_account_management_test.dart: minus opens Remove popover and dismissal preserves account
01:40 +331: C:/Users/ADMIN/Desktop/CocEnglish/apps/mobile/test/saved_account_management_test.dart: Remove forgets saved account once and returns to welcome
01:41 +332: C:/Users/ADMIN/Desktop/CocEnglish/apps/mobile/test/saved_account_management_test.dart: pending Remove disables duplicate account removal
01:41 +333: C:/Users/ADMIN/Desktop/CocEnglish/apps/mobile/test/saved_account_management_test.dart: failed Remove stays visible with account at width 360 text2
01:41 +334: C:/Users/ADMIN/Desktop/CocEnglish/apps/mobile/test/score_information_test.dart: official inclusive score boundaries map to nine bands
01:41 +335: C:/Users/ADMIN/Desktop/CocEnglish/apps/mobile/test/score_information_test.dart: range selection and playback never change learning score
01:41 +336: C:/Users/ADMIN/Desktop/CocEnglish/apps/mobile/test/score_information_test.dart: clipboard work ignores duplicates and completion after disposal
01:41 +337: C:/Users/ADMIN/Desktop/CocEnglish/apps/mobile/test/score_information_test.dart: reset invalidates stale clipboard completion and permits retry
01:41 +338: C:/Users/ADMIN/Desktop/CocEnglish/apps/mobile/test/score_information_test.dart: current high score scrolls its selected range into view
01:42 +339: C:/Users/ADMIN/Desktop/CocEnglish/apps/mobile/test/score_information_test.dart: locked range, clipboard retry and narrow text2 remain usable
01:42 +340: C:/Users/ADMIN/Desktop/CocEnglish/apps/mobile/test/session_finish_capture_test.dart: capture native league history, seven review pages, and widget moods
01:42 +341: C:/Users/ADMIN/Desktop/CocEnglish/apps/mobile/test/score_information_test.dart: course panel derives score progress from learning state
01:43 +342: C:/Users/ADMIN/Desktop/CocEnglish/apps/mobile/test/score_information_test.dart: playback pauses in background and timer is disposed safely
01:43 +343: C:/Users/ADMIN/Desktop/CocEnglish/apps/mobile/test/score_information_test.dart: close returns to the prior profile route
01:43 +344: C:/Users/ADMIN/Desktop/CocEnglish/apps/mobile/test/score_information_test.dart: close returns with the course popover still open
01:44 +345: C:/Users/ADMIN/Desktop/CocEnglish/apps/mobile/test/session_finish_routing_test.dart: settings opens all new histories and preserves learner progress
01:44 +346: C:/Users/ADMIN/Desktop/CocEnglish/apps/mobile/test/session_finish_routing_test.dart: settings opens all new histories and preserves learner progress
01:45 +347: C:/Users/ADMIN/Desktop/CocEnglish/apps/mobile/test/session_finish_routing_test.dart: settings opens all new histories and preserves learner progress
01:45 +348: C:/Users/ADMIN/Desktop/CocEnglish/apps/mobile/test/social_route_test.dart: real streak accept, cancel remove, confirm remove and invite retain Back state
01:46 +349: C:/Users/ADMIN/Desktop/CocEnglish/apps/mobile/test/social_route_test.dart: real Family nudge dismiss preserves choice, send is local and once-only
01:47 +350: C:/Users/ADMIN/Desktop/CocEnglish/apps/mobile/test/social_route_test.dart: real Family nudge dismiss preserves choice, send is local and once-only
01:47 +351: C:/Users/ADMIN/Desktop/CocEnglish/apps/mobile/test/social_route_test.dart: actual clash pauses for sheet/background and resumes saved answer on Back
01:47 +352: C:/Users/ADMIN/Desktop/CocEnglish/apps/mobile/test/social_route_test.dart: Family reaction choices expose labeled selected buttons
01:47 +353: C:/Users/ADMIN/Desktop/CocEnglish/apps/mobile/test/social_route_test.dart: actual achievement navigation tracks detail routes and deep-link Back returns home
01:48 +354: C:/Users/ADMIN/Desktop/CocEnglish/apps/mobile/test/status_feed_test.dart: status draft cancels, commits, clears and rejects unknown IDs
01:48 +355: C:/Users/ADMIN/Desktop/CocEnglish/apps/mobile/test/social_route_test.dart: social layout width360.0 text1.0
01:48 +356: C:/Users/ADMIN/Desktop/CocEnglish/apps/mobile/test/social_route_test.dart: social layout width360.0 text1.0
01:48 +357: C:/Users/ADMIN/Desktop/CocEnglish/apps/mobile/test/social_route_test.dart: social layout width360.0 text1.0
01:48 +358: C:/Users/ADMIN/Desktop/CocEnglish/apps/mobile/test/social_route_test.dart: social layout width360.0 text1.0
01:49 +359: C:/Users/ADMIN/Desktop/CocEnglish/apps/mobile/test/social_route_test.dart: social layout width360.0 text2.0
01:49 +360: C:/Users/ADMIN/Desktop/CocEnglish/apps/mobile/test/social_route_test.dart: social layout width430.0 text1.0
01:49 +361: C:/Users/ADMIN/Desktop/CocEnglish/apps/mobile/test/social_route_test.dart: social layout width430.0 text2.0
01:49 +362: C:/Users/ADMIN/Desktop/CocEnglish/apps/mobile/test/status_feed_ui_test.dart: actual league status sheet cancels draft, commits and clears
01:50 +363: C:/Users/ADMIN/Desktop/CocEnglish/apps/mobile/test/status_feed_ui_test.dart: actual league status sheet cancels draft, commits and clears
01:50 +364: C:/Users/ADMIN/Desktop/CocEnglish/apps/mobile/test/status_feed_ui_test.dart: actual league status sheet cancels draft, commits and clears
01:50 +365: C:/Users/ADMIN/Desktop/CocEnglish/apps/mobile/test/status_feed_ui_test.dart: actual league status sheet cancels draft, commits and clears
01:50 +366: C:/Users/ADMIN/Desktop/CocEnglish/apps/mobile/test/status_feed_ui_test.dart: actual league status sheet cancels draft, commits and clears
01:50 +367: C:/Users/ADMIN/Desktop/CocEnglish/apps/mobile/test/status_feed_ui_test.dart: actual league status sheet cancels draft, commits and clears
01:51 +368: C:/Users/ADMIN/Desktop/CocEnglish/apps/mobile/test/status_feed_ui_test.dart: actual league status sheet cancels draft, commits and clears
01:51 +369: C:/Users/ADMIN/Desktop/CocEnglish/apps/mobile/test/stories_library_test.dart: close and reopen a story restores its selected answer
01:51 +370: C:/Users/ADMIN/Desktop/CocEnglish/apps/mobile/test/stories_library_test.dart: close and reopen a story restores its selected answer
01:51 +371: C:/Users/ADMIN/Desktop/CocEnglish/apps/mobile/test/stories_library_test.dart: close and reopen a story restores its selected answer
01:51 +372: C:/Users/ADMIN/Desktop/CocEnglish/apps/mobile/test/stories_library_test.dart: close and reopen a story restores its selected answer
01:51 +373: C:/Users/ADMIN/Desktop/CocEnglish/apps/mobile/test/stories_library_test.dart: close and reopen a story restores its selected answer
01:51 +374: C:/Users/ADMIN/Desktop/CocEnglish/apps/mobile/test/stories_library_test.dart: close and reopen a story restores its selected answer
01:51 +375: C:/Users/ADMIN/Desktop/CocEnglish/apps/mobile/test/stories_library_test.dart: close and reopen a story restores its selected answer
01:51 +376: C:/Users/ADMIN/Desktop/CocEnglish/apps/mobile/test/stories_library_test.dart: close and reopen a story restores its selected answer
01:51 +377: C:/Users/ADMIN/Desktop/CocEnglish/apps/mobile/test/stories_library_test.dart: close and reopen a story restores its selected answer
01:51 +378: C:/Users/ADMIN/Desktop/CocEnglish/apps/mobile/test/stories_library_test.dart: close and reopen a story restores its selected answer
01:52 +379: C:/Users/ADMIN/Desktop/CocEnglish/apps/mobile/test/streak_widgets_test.dart: gallery keeps selected portrait, count, and platform instructions
01:52 +380: C:/Users/ADMIN/Desktop/CocEnglish/apps/mobile/test/streak_widgets_test.dart: gallery keeps selected portrait, count, and platform instructions
01:52 +381: C:/Users/ADMIN/Desktop/CocEnglish/apps/mobile/test/streak_widgets_test.dart: gallery keeps selected portrait, count, and platform instructions
01:52 +382: C:/Users/ADMIN/Desktop/CocEnglish/apps/mobile/test/streak_widgets_test.dart: gallery keeps selected portrait, count, and platform instructions
01:52 +383: C:/Users/ADMIN/Desktop/CocEnglish/apps/mobile/test/streak_widgets_test.dart: gallery keeps selected portrait, count, and platform instructions
01:52 +384: C:/Users/ADMIN/Desktop/CocEnglish/apps/mobile/test/streak_widgets_test.dart: gallery keeps selected portrait, count, and platform instructions
01:52 +385: C:/Users/ADMIN/Desktop/CocEnglish/apps/mobile/test/streak_widgets_test.dart: gallery keeps selected portrait, count, and platform instructions
01:52 +386: C:/Users/ADMIN/Desktop/CocEnglish/apps/mobile/test/streak_widgets_test.dart: gallery keeps selected portrait, count, and platform instructions
01:52 +387: C:/Users/ADMIN/Desktop/CocEnglish/apps/mobile/test/streak_widgets_test.dart: gallery keeps selected portrait, count, and platform instructions
01:52 +388: C:/Users/ADMIN/Desktop/CocEnglish/apps/mobile/test/timer_boost_test.dart: GET GEMS opens Shop without minting balance or losing the selected pack
01:52 +389: C:/Users/ADMIN/Desktop/CocEnglish/apps/mobile/test/timer_boost_test.dart: GET GEMS opens Shop without minting balance or losing the selected pack
01:52 +390: C:/Users/ADMIN/Desktop/CocEnglish/apps/mobile/test/timer_boost_test.dart: GET GEMS opens Shop without minting balance or losing the selected pack
01:52 +391: C:/Users/ADMIN/Desktop/CocEnglish/apps/mobile/test/timer_boost_test.dart: GET GEMS opens Shop without minting balance or losing the selected pack
01:52 +392: C:/Users/ADMIN/Desktop/CocEnglish/apps/mobile/test/timer_boost_test.dart: GET GEMS opens Shop without minting balance or losing the selected pack
01:52 +393: C:/Users/ADMIN/Desktop/CocEnglish/apps/mobile/test/timer_boost_test.dart: GET GEMS opens Shop without minting balance or losing the selected pack
01:52 +394: C:/Users/ADMIN/Desktop/CocEnglish/apps/mobile/test/timer_boost_test.dart: GET GEMS opens Shop without minting balance or losing the selected pack
01:52 +395: C:/Users/ADMIN/Desktop/CocEnglish/apps/mobile/test/timer_boost_test.dart: GET GEMS opens Shop without minting balance or losing the selected pack
01:52 +396: C:/Users/ADMIN/Desktop/CocEnglish/apps/mobile/test/timer_boost_test.dart: GET GEMS opens Shop without minting balance or losing the selected pack
01:52 +397: C:/Users/ADMIN/Desktop/CocEnglish/apps/mobile/test/status_feed_ui_test.dart: actual feed adds friends, profile identity and comment validation work
01:52 +398: C:/Users/ADMIN/Desktop/CocEnglish/apps/mobile/test/status_feed_ui_test.dart: actual feed adds friends, profile identity and comment validation work
01:52 +399: C:/Users/ADMIN/Desktop/CocEnglish/apps/mobile/test/status_feed_ui_test.dart: actual feed adds friends, profile identity and comment validation work
01:52 +400: C:/Users/ADMIN/Desktop/CocEnglish/apps/mobile/test/status_feed_ui_test.dart: actual feed adds friends, profile identity and comment validation work
01:52 +401: C:/Users/ADMIN/Desktop/CocEnglish/apps/mobile/test/status_feed_ui_test.dart: actual feed adds friends, profile identity and comment validation work
01:52 +402: C:/Users/ADMIN/Desktop/CocEnglish/apps/mobile/test/status_feed_ui_test.dart: actual feed adds friends, profile identity and comment validation work
01:52 +403: C:/Users/ADMIN/Desktop/CocEnglish/apps/mobile/test/status_feed_ui_test.dart: actual feed adds friends, profile identity and comment validation work
01:52 +404: C:/Users/ADMIN/Desktop/CocEnglish/apps/mobile/test/visual_capture_test.dart: all 20 reference states render with bundled fonts at original resolution
01:53 +405: C:/Users/ADMIN/Desktop/CocEnglish/apps/mobile/test/visual_capture_test.dart: all 20 reference states render with bundled fonts at original resolution
01:53 +406: C:/Users/ADMIN/Desktop/CocEnglish/apps/mobile/test/visual_capture_test.dart: all 20 reference states render with bundled fonts at original resolution
01:53 +407: C:/Users/ADMIN/Desktop/CocEnglish/apps/mobile/test/visual_capture_test.dart: all 20 reference states render with bundled fonts at original resolution
01:53 +408: C:/Users/ADMIN/Desktop/CocEnglish/apps/mobile/test/visual_capture_test.dart: all 20 reference states render with bundled fonts at original resolution
01:53 +409: C:/Users/ADMIN/Desktop/CocEnglish/apps/mobile/test/visual_capture_test.dart: all 20 reference states render with bundled fonts at original resolution
01:53 +410: C:/Users/ADMIN/Desktop/CocEnglish/apps/mobile/test/visual_capture_test.dart: all 20 reference states render with bundled fonts at original resolution
01:53 +411: C:/Users/ADMIN/Desktop/CocEnglish/apps/mobile/test/visual_capture_test.dart: all 20 reference states render with bundled fonts at original resolution
01:53 +412: C:/Users/ADMIN/Desktop/CocEnglish/apps/mobile/test/visual_capture_test.dart: all 20 reference states render with bundled fonts at original resolution
01:53 +413: C:/Users/ADMIN/Desktop/CocEnglish/apps/mobile/test/visual_capture_test.dart: all 20 reference states render with bundled fonts at original resolution
01:53 +414: C:/Users/ADMIN/Desktop/CocEnglish/apps/mobile/test/timer_boost_test.dart: Shop modal at width360 text2 purchases and Home shows the same wallet
01:53 +415: C:/Users/ADMIN/Desktop/CocEnglish/apps/mobile/test/status_feed_ui_test.dart: feed and actual status modal width430.0 text1.0
01:53 +416: C:/Users/ADMIN/Desktop/CocEnglish/apps/mobile/test/status_feed_ui_test.dart: feed and actual status modal width430.0 text1.0
01:53 +417: C:/Users/ADMIN/Desktop/CocEnglish/apps/mobile/test/timer_boost_test.dart: boost offer and success render width360.0 text1.0
01:53 +418: C:/Users/ADMIN/Desktop/CocEnglish/apps/mobile/test/year_review_test.dart: 320 wide text scale two can reach every action without overflow
01:53 +419: C:/Users/ADMIN/Desktop/CocEnglish/apps/mobile/test/status_feed_ui_test.dart: feed and actual status modal width430.0 text2.0
01:53 +420: C:/Users/ADMIN/Desktop/CocEnglish/apps/mobile/test/timer_boost_test.dart: boost offer and success render width360.0 text2.0
01:53 +421: C:/Users/ADMIN/Desktop/CocEnglish/apps/mobile/test/year_review_test.dart: clipboard failure remains on summary and retry reports copied
01:54 +422: C:/Users/ADMIN/Desktop/CocEnglish/apps/mobile/test/year_review_test.dart: clipboard failure remains on summary and retry reports copied
01:54 +423: C:/Users/ADMIN/Desktop/CocEnglish/apps/mobile/test/timer_boost_test.dart: boost offer and success render width430.0 text2.0
01:54 +424: All tests passed!
