00:00 +0: loading C:/Users/ADMIN/Desktop/CocEnglish/apps/mobile/test/english_spoken_lesson_test.dart
00:00 +0: Lily reply offers speech fallback without grading an answer
══╡ EXCEPTION CAUGHT BY FLUTTER TEST FRAMEWORK ╞════════════════════════════════════════════════════
The following TestFailure was thrown running a test:
Expected: <16>
  Actual: <20.625>

When the exception was thrown, this was the stack:
#4      main.<anonymous closure> (file:///C:/Users/ADMIN/Desktop/CocEnglish/apps/mobile/test/english_spoken_lesson_test.dart:60:5)
<asynchronous suspension>
#5      testWidgets.<anonymous closure>.<anonymous closure> (package:flutter_test/src/widget_tester.dart:192:15)
<asynchronous suspension>
#6      TestWidgetsFlutterBinding._runTestBody (package:flutter_test/src/binding.dart:1953:5)
<asynchronous suspension>
<asynchronous suspension>
(elided one frame from package:stack_trace)

This was caught by the test expectation on the following line:
  file:///C:/Users/ADMIN/Desktop/CocEnglish/apps/mobile/test/english_spoken_lesson_test.dart line 60
The test description was:
  Lily reply offers speech fallback without grading an answer
════════════════════════════════════════════════════════════════════════════════════════════════════
00:00 +0 -1: Lily reply offers speech fallback without grading an answer [E]
  Test failed. See exception logs above.
  The test description was: Lily reply offers speech fallback without grading an answer

00:00 +0 -1: Some tests failed.

Failing tests:
  C:/Users/ADMIN/Desktop/CocEnglish/apps/mobile/test/english_spoken_lesson_test.dart: Lily reply offers speech fallback without grading an answer
