
> Blueprint validation
{
  "status": "PASS",
  "files": 1939,
  "markdown": 99,
  "localLinks": 238,
  "requirements": 39,
  "nfr": 19,
  "screens": 42,
  "edgeCases": 39,
  "tasks": 38,
  "tables": 37,
  "schemas": 94,
  "paths": 41,
  "operations": 42,
  "refs": 680,
  "adrs": 17,
  "skills": 8,
  "scope": "Phase0 structural consistency; no app build, account or device proof"
}

> Dart format check
Formatted 117 files (0 changed) in 0.72 seconds.

> Flutter analyze
Analyzing mobile...                                             
No issues found! (ran in 6.4s)

> Rive host test runtime
[rive_native]   Starting Rive Native Setup...

[rive_native]   rive_native libraries already present for windows. Not building/downloading libraries.
[rive_native]   
[rive_native]   To force a rebuild/download, run with `--clean`

> Flutter test
00:00 +0: loading C:/Users/ADMIN/Desktop/CocEnglish/apps/mobile/test/achievements_flow_test.dart
00:00 +0: C:/Users/ADMIN/Desktop/CocEnglish/apps/mobile/test/achievements_flow_test.dart: claim accepts one earned fixture and rejects duplicate locked and invalid IDs
00:00 +1: C:/Users/ADMIN/Desktop/CocEnglish/apps/mobile/test/achievements_flow_test.dart: source award opens matching detail, shares locally, and keeps claim across Back
00:00 +2: C:/Users/ADMIN/Desktop/CocEnglish/apps/mobile/test/achievements_flow_test.dart: source award opens matching detail, shares locally, and keeps claim across Back
00:01 +3: C:/Users/ADMIN/Desktop/CocEnglish/apps/mobile/test/adventure_test.dart: airport native panels fit 360.0 text 1.0
00:01 +4: C:/Users/ADMIN/Desktop/CocEnglish/apps/mobile/test/app_test.dart: welcome exposes both reference entry actions
00:01 +5: C:/Users/ADMIN/Desktop/CocEnglish/apps/mobile/test/app_test.dart: welcome exposes both reference entry actions
00:02 +6: C:/Users/ADMIN/Desktop/CocEnglish/apps/mobile/test/app_test.dart: welcome exposes both reference entry actions
00:02 +7: C:/Users/ADMIN/Desktop/CocEnglish/apps/mobile/test/app_test.dart: welcome exposes both reference entry actions
00:02 +8: C:/Users/ADMIN/Desktop/CocEnglish/apps/mobile/test/app_test.dart: welcome exposes both reference entry actions
00:02 +9: C:/Users/ADMIN/Desktop/CocEnglish/apps/mobile/test/app_test.dart: welcome exposes both reference entry actions
00:02 +10: C:/Users/ADMIN/Desktop/CocEnglish/apps/mobile/test/app_test.dart: welcome exposes both reference entry actions
00:02 +11: C:/Users/ADMIN/Desktop/CocEnglish/apps/mobile/test/app_test.dart: welcome exposes both reference entry actions
00:02 +12: C:/Users/ADMIN/Desktop/CocEnglish/apps/mobile/test/app_test.dart: welcome exposes both reference entry actions
00:02 +13: C:/Users/ADMIN/Desktop/CocEnglish/apps/mobile/test/app_test.dart: welcome exposes both reference entry actions
00:02 +14: C:/Users/ADMIN/Desktop/CocEnglish/apps/mobile/test/app_test.dart: welcome exposes both reference entry actions
00:02 +15: C:/Users/ADMIN/Desktop/CocEnglish/apps/mobile/test/app_test.dart: welcome exposes both reference entry actions
00:02 +16: C:/Users/ADMIN/Desktop/CocEnglish/apps/mobile/test/app_test.dart: welcome exposes both reference entry actions
00:02 +17: C:/Users/ADMIN/Desktop/CocEnglish/apps/mobile/test/app_test.dart: welcome exposes both reference entry actions
00:02 +18: C:/Users/ADMIN/Desktop/CocEnglish/apps/mobile/test/app_test.dart: welcome exposes both reference entry actions
00:02 +19: C:/Users/ADMIN/Desktop/CocEnglish/apps/mobile/test/app_test.dart: welcome exposes both reference entry actions
00:02 +20: C:/Users/ADMIN/Desktop/CocEnglish/apps/mobile/test/app_test.dart: welcome exposes both reference entry actions
00:02 +21: C:/Users/ADMIN/Desktop/CocEnglish/apps/mobile/test/app_test.dart: welcome exposes both reference entry actions
00:02 +22: C:/Users/ADMIN/Desktop/CocEnglish/apps/mobile/test/app_test.dart: welcome exposes both reference entry actions
00:02 +23: C:/Users/ADMIN/Desktop/CocEnglish/apps/mobile/test/app_test.dart: welcome exposes both reference entry actions
00:02 +24: C:/Users/ADMIN/Desktop/CocEnglish/apps/mobile/test/bootstrap_test.dart: storage read failure cannot overwrite saved answers; Retry restores them
00:03 +25: C:/Users/ADMIN/Desktop/CocEnglish/apps/mobile/test/bootstrap_test.dart: storage read failure cannot overwrite saved answers; Retry restores them
00:03 +26: C:/Users/ADMIN/Desktop/CocEnglish/apps/mobile/test/bootstrap_test.dart: storage read failure cannot overwrite saved answers; Retry restores them
00:06 +27: C:/Users/ADMIN/Desktop/CocEnglish/apps/mobile/test/clash_runtime_capture_test.dart: actual Clash Rive actors render and character transition disposes safely
00:08 +28: C:/Users/ADMIN/Desktop/CocEnglish/apps/mobile/test/clash_test.dart: clash checks validated answer once and ends only after foreground sixty seconds
00:08 +29: C:/Users/ADMIN/Desktop/CocEnglish/apps/mobile/test/clash_test.dart: word bank retains order, can remove and retry wrong without extra score
00:10 +30: C:/Users/ADMIN/Desktop/CocEnglish/apps/mobile/test/challenge_test.dart: rapid clock pauses in background and on hidden routes
00:10 +31: C:/Users/ADMIN/Desktop/CocEnglish/apps/mobile/test/challenge_test.dart: rapid clock pauses in background and on hidden routes
00:11 +32: C:/Users/ADMIN/Desktop/CocEnglish/apps/mobile/test/challenge_test.dart: rapid clock pauses in background and on hidden routes
00:11 +33: C:/Users/ADMIN/Desktop/CocEnglish/apps/mobile/test/challenge_test.dart: rapid clock pauses in background and on hidden routes
00:11 +34: C:/Users/ADMIN/Desktop/CocEnglish/apps/mobile/test/challenge_test.dart: rapid clock pauses in background and on hidden routes
00:11 +35: C:/Users/ADMIN/Desktop/CocEnglish/apps/mobile/test/challenge_test.dart: rapid clock pauses in background and on hidden routes
00:11 +36: C:/Users/ADMIN/Desktop/CocEnglish/apps/mobile/test/challenge_test.dart: rapid clock pauses in background and on hidden routes
00:11 +37: C:/Users/ADMIN/Desktop/CocEnglish/apps/mobile/test/challenge_test.dart: rapid clock pauses in background and on hidden routes
00:13 +38: C:/Users/ADMIN/Desktop/CocEnglish/apps/mobile/test/challenge_test.dart: challenge states fit width360.0 text1.0
00:14 +39: C:/Users/ADMIN/Desktop/CocEnglish/apps/mobile/test/english_content_test.dart: lesson loads the authored English sequence for Vietnamese learners
00:14 +40: C:/Users/ADMIN/Desktop/CocEnglish/apps/mobile/test/challenge_test.dart: challenge states fit width360.0 text2.0
00:14 +41: C:/Users/ADMIN/Desktop/CocEnglish/apps/mobile/test/challenge_test.dart: challenge states fit width360.0 text2.0
00:14 +42: C:/Users/ADMIN/Desktop/CocEnglish/apps/mobile/test/challenge_test.dart: challenge states fit width360.0 text2.0
00:14 +43: C:/Users/ADMIN/Desktop/CocEnglish/apps/mobile/test/challenge_test.dart: challenge states fit width360.0 text2.0
00:14 +44: C:/Users/ADMIN/Desktop/CocEnglish/apps/mobile/test/challenge_test.dart: challenge states fit width430.0 text1.0
00:14 +45: C:/Users/ADMIN/Desktop/CocEnglish/apps/mobile/test/challenge_test.dart: challenge states fit width430.0 text2.0
00:15 +46: C:/Users/ADMIN/Desktop/CocEnglish/apps/mobile/test/challenge_test.dart: rapid countdown expires, preserves input, and retry starts a fresh clock
00:15 +47: C:/Users/ADMIN/Desktop/CocEnglish/apps/mobile/test/challenge_test.dart: challenge wrong answer retries the same exercise and completion freezes time
00:15 +48: C:/Users/ADMIN/Desktop/CocEnglish/apps/mobile/test/challenge_test.dart: Legendary has no ticking clock and does not advance on wrong feedback
00:15 +49: C:/Users/ADMIN/Desktop/CocEnglish/apps/mobile/test/clash_motion_test.dart: clash uses original coach and answer-driven Zari/Oscar state inputs
00:18 +50: C:/Users/ADMIN/Desktop/CocEnglish/apps/mobile/test/english_journey_test.dart: practice opens Roleplay, submits native input, and reviews the actual replies
00:18 +51: C:/Users/ADMIN/Desktop/CocEnglish/apps/mobile/test/english_journey_test.dart: English journey states fit width360.0 text1.0
00:19 +52: C:/Users/ADMIN/Desktop/CocEnglish/apps/mobile/test/english_journey_test.dart: English journey states fit width360.0 text2.0
00:19 +53: C:/Users/ADMIN/Desktop/CocEnglish/apps/mobile/test/english_journey_test.dart: English journey states fit width430.0 text1.0
00:19 +54: C:/Users/ADMIN/Desktop/CocEnglish/apps/mobile/test/english_journey_test.dart: English journey states fit width430.0 text2.0
00:20 +55: C:/Users/ADMIN/Desktop/CocEnglish/apps/mobile/test/english_journey_test.dart: story preserves a wrong selection through feedback and finishes once
00:20 +56: C:/Users/ADMIN/Desktop/CocEnglish/apps/mobile/test/english_journey_test.dart: radio cannot check half a pair, and transcript picks are editable
00:20 +57: C:/Users/ADMIN/Desktop/CocEnglish/apps/mobile/test/english_journey_test.dart: roleplay preserves draft on validation, resumes, and resets deliberately
00:20 +58: C:/Users/ADMIN/Desktop/CocEnglish/apps/mobile/test/english_ui_test.dart: reference course choices do not change the interactive English course
00:20 +59: C:/Users/ADMIN/Desktop/CocEnglish/apps/mobile/test/english_ui_test.dart: new local learners start with English
00:20 +60: C:/Users/ADMIN/Desktop/CocEnglish/apps/mobile/test/english_ui_test.dart: English score and guide expose English with Vietnamese meanings
00:20 +61: C:/Users/ADMIN/Desktop/CocEnglish/apps/mobile/test/character_motion_test.dart: character reacts, pauses on background, and disposes its runtime
00:23 +62: C:/Users/ADMIN/Desktop/CocEnglish/apps/mobile/test/character_motion_test.dart: character reacts, pauses on background, and disposes its runtime
00:23 +63: C:/Users/ADMIN/Desktop/CocEnglish/apps/mobile/test/character_motion_test.dart: character reacts, pauses on background, and disposes its runtime
00:23 +64: C:/Users/ADMIN/Desktop/CocEnglish/apps/mobile/test/character_motion_test.dart: character reacts, pauses on background, and disposes its runtime
00:23 +65: C:/Users/ADMIN/Desktop/CocEnglish/apps/mobile/test/character_motion_test.dart: character reacts, pauses on background, and disposes its runtime
00:23 +66: C:/Users/ADMIN/Desktop/CocEnglish/apps/mobile/test/character_motion_test.dart: character reacts, pauses on background, and disposes its runtime
00:23 +67: C:/Users/ADMIN/Desktop/CocEnglish/apps/mobile/test/character_motion_test.dart: character reacts, pauses on background, and disposes its runtime
00:27 +68: C:/Users/ADMIN/Desktop/CocEnglish/apps/mobile/test/character_motion_test.dart: character reacts, pauses on background, and disposes its runtime
═════════════════════════════════════════════════════════════════════════════════════════
[31m[1m  Rive Native: Failed to open dynamic library[0m
[33m  Library: rive_native.dll[0m      

  To fix this issue, run the following command:     
[36m[1m    dart run rive_native:setup --verbose --clean --platform windows[0m           
  
  See the troubleshooting section in the docs for more information:
[36m[1m    https://rive.app/docs/runtimes/flutter/rive-native#troubleshooting[0m
═════════════════════════════════════════════════════════════════════════════════════════

═════════════════════════════════════════════════════════════════════════════════════════
[31m[1m  Rive Native: Failed to open dynamic library[0m
[33m  Library: rive_native.dll[0m      

  To fix this issue, run the following command:     
[36m[1m    dart run rive_native:setup --verbose --clean --platform windows[0m           
  
  See the troubleshooting section in the docs for more information:
[36m[1m    https://rive.app/docs/runtimes/flutter/rive-native#troubleshooting[0m
═════════════════════════════════════════════════════════════════════════════════════════

═════════════════════════════════════════════════════════════════════════════════════════
[31m[1m  Rive Native: Failed to open dynamic library[0m
[33m  Library: rive_native.dll[0m      

  To fix this issue, run the following command:     
[36m[1m    dart run rive_native:setup --verbose --clean --platform windows[0m           
  
  See the troubleshooting section in the docs for more information:
[36m[1m    https://rive.app/docs/runtimes/flutter/rive-native#troubleshooting[0m
═════════════════════════════════════════════════════════════════════════════════════════

00:29 +69: C:/Users/ADMIN/Desktop/CocEnglish/apps/mobile/test/character_motion_test.dart: original character files expose verified feedback state machines
00:30 +70: C:/Users/ADMIN/Desktop/CocEnglish/apps/mobile/test/character_motion_test.dart: character reduced motion and hidden routes preserve the fallback
00:34 +71: C:/Users/ADMIN/Desktop/CocEnglish/apps/mobile/test/extended_flow_test.dart: extended screens fit width360.0 text1.0
00:36 +72: C:/Users/ADMIN/Desktop/CocEnglish/apps/mobile/test/extended_flow_test.dart: extended screens fit width360.0 text2.0
00:36 +73: C:/Users/ADMIN/Desktop/CocEnglish/apps/mobile/test/extended_flow_test.dart: extended screens fit width430.0 text1.0
00:37 +74: C:/Users/ADMIN/Desktop/CocEnglish/apps/mobile/test/extended_flow_test.dart: extended screens fit width430.0 text2.0
00:37 +75: C:/Users/ADMIN/Desktop/CocEnglish/apps/mobile/test/extended_flow_test.dart: plan checkout is local, selected, and cancellation clears unlimited energy
00:37 +76: C:/Users/ADMIN/Desktop/CocEnglish/apps/mobile/test/extended_flow_test.dart: word sorting preserves recall and the current flashcard
00:37 +77: C:/Users/ADMIN/Desktop/CocEnglish/apps/mobile/test/extended_flow_test.dart: family membership requires a family plan, deduplicates, and caps at six
00:37 +78: C:/Users/ADMIN/Desktop/CocEnglish/apps/mobile/test/extended_flow_test.dart: native words opens sort sheet and renders reordered rows
00:38 +79: C:/Users/ADMIN/Desktop/CocEnglish/apps/mobile/test/family_reaction_test.dart: reaction sends only once to an invited member of active family
00:42 +80: C:/Users/ADMIN/Desktop/CocEnglish/apps/mobile/test/full_frontend_qa_test.dart: all frontend states render at 360 / text 1.0
00:43 +81: C:/Users/ADMIN/Desktop/CocEnglish/apps/mobile/test/full_frontend_qa_test.dart: all frontend states render at 360 / text 1.0
00:43 +82: C:/Users/ADMIN/Desktop/CocEnglish/apps/mobile/test/full_frontend_qa_test.dart: all frontend states render at 360 / text 1.0
00:43 +83: C:/Users/ADMIN/Desktop/CocEnglish/apps/mobile/test/full_frontend_qa_test.dart: all frontend states render at 360 / text 1.0
00:43 +84: C:/Users/ADMIN/Desktop/CocEnglish/apps/mobile/test/full_frontend_qa_test.dart: all frontend states render at 360 / text 1.0
00:43 +85: C:/Users/ADMIN/Desktop/CocEnglish/apps/mobile/test/full_frontend_qa_test.dart: all frontend states render at 360 / text 1.0
00:43 +86: C:/Users/ADMIN/Desktop/CocEnglish/apps/mobile/test/full_frontend_qa_test.dart: all frontend states render at 360 / text 1.0
00:43 +87: C:/Users/ADMIN/Desktop/CocEnglish/apps/mobile/test/full_frontend_qa_test.dart: all frontend states render at 360 / text 1.0
00:43 +88: C:/Users/ADMIN/Desktop/CocEnglish/apps/mobile/test/full_frontend_qa_test.dart: all frontend states render at 360 / text 1.0
00:43 +89: C:/Users/ADMIN/Desktop/CocEnglish/apps/mobile/test/full_frontend_qa_test.dart: all frontend states render at 360 / text 1.0
00:43 +90: C:/Users/ADMIN/Desktop/CocEnglish/apps/mobile/test/full_frontend_qa_test.dart: all frontend states render at 360 / text 1.0
00:44 +91: C:/Users/ADMIN/Desktop/CocEnglish/apps/mobile/test/full_frontend_qa_test.dart: all frontend states render at 360 / text 1.0
00:44 +92: C:/Users/ADMIN/Desktop/CocEnglish/apps/mobile/test/full_frontend_qa_test.dart: all frontend states render at 360 / text 1.0
00:45 +93: C:/Users/ADMIN/Desktop/CocEnglish/apps/mobile/test/full_frontend_qa_test.dart: all frontend states render at 360 / text 1.0
00:45 +94: C:/Users/ADMIN/Desktop/CocEnglish/apps/mobile/test/full_frontend_qa_test.dart: all frontend states render at 360 / text 1.0
00:45 +95: C:/Users/ADMIN/Desktop/CocEnglish/apps/mobile/test/full_frontend_qa_test.dart: all frontend states render at 360 / text 1.0
00:45 +96: C:/Users/ADMIN/Desktop/CocEnglish/apps/mobile/test/full_frontend_qa_test.dart: all frontend states render at 360 / text 1.0
00:45 +97: C:/Users/ADMIN/Desktop/CocEnglish/apps/mobile/test/full_frontend_qa_test.dart: all frontend states render at 360 / text 1.0
00:45 +98: C:/Users/ADMIN/Desktop/CocEnglish/apps/mobile/test/full_frontend_qa_test.dart: all frontend states render at 360 / text 1.0
00:45 +99: C:/Users/ADMIN/Desktop/CocEnglish/apps/mobile/test/full_frontend_qa_test.dart: all frontend states render at 360 / text 1.0
00:45 +100: C:/Users/ADMIN/Desktop/CocEnglish/apps/mobile/test/full_frontend_qa_test.dart: all frontend states render at 360 / text 1.0
00:45 +101: C:/Users/ADMIN/Desktop/CocEnglish/apps/mobile/test/full_frontend_qa_test.dart: all frontend states render at 360 / text 1.0
00:45 +102: C:/Users/ADMIN/Desktop/CocEnglish/apps/mobile/test/full_frontend_qa_test.dart: all frontend states render at 360 / text 1.0
00:45 +103: C:/Users/ADMIN/Desktop/CocEnglish/apps/mobile/test/full_frontend_qa_test.dart: all frontend states render at 360 / text 1.0
00:45 +104: C:/Users/ADMIN/Desktop/CocEnglish/apps/mobile/test/full_frontend_qa_test.dart: all frontend states render at 360 / text 1.0
00:45 +105: C:/Users/ADMIN/Desktop/CocEnglish/apps/mobile/test/full_frontend_qa_test.dart: all frontend states render at 360 / text 1.0
00:46 +106: C:/Users/ADMIN/Desktop/CocEnglish/apps/mobile/test/learning_flow_test.dart: complete the native lesson, claim once, return to the unlocked path
00:46 +107: C:/Users/ADMIN/Desktop/CocEnglish/apps/mobile/test/learning_flow_test.dart: complete the native lesson, claim once, return to the unlocked path
00:46 +108: C:/Users/ADMIN/Desktop/CocEnglish/apps/mobile/test/learning_flow_test.dart: complete the native lesson, claim once, return to the unlocked path
00:46 +109: C:/Users/ADMIN/Desktop/CocEnglish/apps/mobile/test/learning_flow_test.dart: complete the native lesson, claim once, return to the unlocked path
00:46 +110: C:/Users/ADMIN/Desktop/CocEnglish/apps/mobile/test/learning_flow_test.dart: complete the native lesson, claim once, return to the unlocked path
00:47 +111: C:/Users/ADMIN/Desktop/CocEnglish/apps/mobile/test/learning_flow_test.dart: complete the native lesson, claim once, return to the unlocked path
00:47 +112: C:/Users/ADMIN/Desktop/CocEnglish/apps/mobile/test/learning_flow_test.dart: complete the native lesson, claim once, return to the unlocked path
00:47 +113: C:/Users/ADMIN/Desktop/CocEnglish/apps/mobile/test/learning_flow_test.dart: complete the native lesson, claim once, return to the unlocked path
00:47 +114: C:/Users/ADMIN/Desktop/CocEnglish/apps/mobile/test/learning_flow_test.dart: complete the native lesson, claim once, return to the unlocked path
00:47 +115: C:/Users/ADMIN/Desktop/CocEnglish/apps/mobile/test/learning_flow_test.dart: complete the native lesson, claim once, return to the unlocked path
00:47 +116: C:/Users/ADMIN/Desktop/CocEnglish/apps/mobile/test/learning_flow_test.dart: complete the native lesson, claim once, return to the unlocked path
00:47 +117: C:/Users/ADMIN/Desktop/CocEnglish/apps/mobile/test/learning_flow_test.dart: complete the native lesson, claim once, return to the unlocked path
00:47 +118: C:/Users/ADMIN/Desktop/CocEnglish/apps/mobile/test/learning_flow_test.dart: complete the native lesson, claim once, return to the unlocked path
00:47 +119: C:/Users/ADMIN/Desktop/CocEnglish/apps/mobile/test/learning_flow_test.dart: complete the native lesson, claim once, return to the unlocked path
00:47 +120: C:/Users/ADMIN/Desktop/CocEnglish/apps/mobile/test/learning_flow_test.dart: complete the native lesson, claim once, return to the unlocked path
00:47 +121: C:/Users/ADMIN/Desktop/CocEnglish/apps/mobile/test/learning_flow_test.dart: complete the native lesson, claim once, return to the unlocked path
00:47 +122: C:/Users/ADMIN/Desktop/CocEnglish/apps/mobile/test/learning_flow_test.dart: complete the native lesson, claim once, return to the unlocked path
00:47 +123: C:/Users/ADMIN/Desktop/CocEnglish/apps/mobile/test/learning_flow_test.dart: complete the native lesson, claim once, return to the unlocked path
00:47 +124: C:/Users/ADMIN/Desktop/CocEnglish/apps/mobile/test/learning_flow_test.dart: complete the native lesson, claim once, return to the unlocked path
00:47 +125: C:/Users/ADMIN/Desktop/CocEnglish/apps/mobile/test/learning_flow_test.dart: complete the native lesson, claim once, return to the unlocked path
00:47 +126: C:/Users/ADMIN/Desktop/CocEnglish/apps/mobile/test/learning_flow_test.dart: complete the native lesson, claim once, return to the unlocked path
00:48 +127: C:/Users/ADMIN/Desktop/CocEnglish/apps/mobile/test/learning_flow_test.dart: complete the native lesson, claim once, return to the unlocked path
00:48 +128: C:/Users/ADMIN/Desktop/CocEnglish/apps/mobile/test/learning_flow_test.dart: complete the native lesson, claim once, return to the unlocked path
00:48 +129: C:/Users/ADMIN/Desktop/CocEnglish/apps/mobile/test/learning_flow_test.dart: complete the native lesson, claim once, return to the unlocked path
00:48 +130: C:/Users/ADMIN/Desktop/CocEnglish/apps/mobile/test/learning_flow_test.dart: complete the native lesson, claim once, return to the unlocked path
00:48 +131: C:/Users/ADMIN/Desktop/CocEnglish/apps/mobile/test/learning_flow_test.dart: complete the native lesson, claim once, return to the unlocked path
00:48 +132: C:/Users/ADMIN/Desktop/CocEnglish/apps/mobile/test/learning_flow_test.dart: complete the native lesson, claim once, return to the unlocked path
00:48 +133: C:/Users/ADMIN/Desktop/CocEnglish/apps/mobile/test/learning_flow_test.dart: complete the native lesson, claim once, return to the unlocked path
00:48 +134: C:/Users/ADMIN/Desktop/CocEnglish/apps/mobile/test/learning_flow_test.dart: complete the native lesson, claim once, return to the unlocked path
00:48 +135: C:/Users/ADMIN/Desktop/CocEnglish/apps/mobile/test/full_frontend_qa_test.dart: all frontend states render at 360 / text 2.0
00:48 +136: C:/Users/ADMIN/Desktop/CocEnglish/apps/mobile/test/full_frontend_qa_test.dart: all frontend states render at 360 / text 2.0
00:48 +137: C:/Users/ADMIN/Desktop/CocEnglish/apps/mobile/test/full_frontend_qa_test.dart: all frontend states render at 360 / text 2.0
00:48 +138: C:/Users/ADMIN/Desktop/CocEnglish/apps/mobile/test/max_flow_test.dart: Max states fit 360.0 text 2.0
00:48 +139: C:/Users/ADMIN/Desktop/CocEnglish/apps/mobile/test/max_flow_test.dart: Max states fit 360.0 text 2.0
00:48 +140: C:/Users/ADMIN/Desktop/CocEnglish/apps/mobile/test/learning_flow_test.dart: finished onboarding opens path and a selectable lesson
00:49 +141: C:/Users/ADMIN/Desktop/CocEnglish/apps/mobile/test/learning_flow_test.dart: finished onboarding opens path and a selectable lesson
00:49 +142: C:/Users/ADMIN/Desktop/CocEnglish/apps/mobile/test/learning_flow_test.dart: finished onboarding opens path and a selectable lesson
00:49 +143: C:/Users/ADMIN/Desktop/CocEnglish/apps/mobile/test/learning_flow_test.dart: finished onboarding opens path and a selectable lesson
00:49 +144: C:/Users/ADMIN/Desktop/CocEnglish/apps/mobile/test/learning_flow_test.dart: finished onboarding opens path and a selectable lesson
00:49 +145: C:/Users/ADMIN/Desktop/CocEnglish/apps/mobile/test/learning_flow_test.dart: finished onboarding opens path and a selectable lesson
00:49 +146: C:/Users/ADMIN/Desktop/CocEnglish/apps/mobile/test/learning_flow_test.dart: finished onboarding opens path and a selectable lesson
00:49 +147: C:/Users/ADMIN/Desktop/CocEnglish/apps/mobile/test/practice_flow_test.dart: call reconnects safely after app resumes
00:49 +148: C:/Users/ADMIN/Desktop/CocEnglish/apps/mobile/test/practice_flow_test.dart: call reconnects safely after app resumes
00:49 +149: C:/Users/ADMIN/Desktop/CocEnglish/apps/mobile/test/practice_flow_test.dart: call reconnects safely after app resumes
00:49 +150: C:/Users/ADMIN/Desktop/CocEnglish/apps/mobile/test/practice_flow_test.dart: call reconnects safely after app resumes
00:49 +151: C:/Users/ADMIN/Desktop/CocEnglish/apps/mobile/test/practice_flow_test.dart: call reconnects safely after app resumes
00:49 +152: C:/Users/ADMIN/Desktop/CocEnglish/apps/mobile/test/full_frontend_qa_test.dart: all frontend states render at 430 / text 1.0
00:50 +153: C:/Users/ADMIN/Desktop/CocEnglish/apps/mobile/test/full_frontend_qa_test.dart: all frontend states render at 430 / text 1.0
00:50 +154: C:/Users/ADMIN/Desktop/CocEnglish/apps/mobile/test/full_frontend_qa_test.dart: all frontend states render at 430 / text 1.0
00:50 +155: C:/Users/ADMIN/Desktop/CocEnglish/apps/mobile/test/full_frontend_qa_test.dart: all frontend states render at 430 / text 1.0
00:50 +156: C:/Users/ADMIN/Desktop/CocEnglish/apps/mobile/test/full_frontend_qa_test.dart: all frontend states render at 430 / text 1.0
00:50 +157: C:/Users/ADMIN/Desktop/CocEnglish/apps/mobile/test/full_frontend_qa_test.dart: all frontend states render at 430 / text 1.0
00:50 +158: C:/Users/ADMIN/Desktop/CocEnglish/apps/mobile/test/full_frontend_qa_test.dart: all frontend states render at 430 / text 1.0
00:51 +159: C:/Users/ADMIN/Desktop/CocEnglish/apps/mobile/test/full_frontend_qa_test.dart: all frontend states render at 430 / text 1.0
00:51 +160: C:/Users/ADMIN/Desktop/CocEnglish/apps/mobile/test/full_frontend_qa_test.dart: all frontend states render at 430 / text 1.0
00:51 +161: C:/Users/ADMIN/Desktop/CocEnglish/apps/mobile/test/full_frontend_qa_test.dart: all frontend states render at 430 / text 1.0
00:51 +162: C:/Users/ADMIN/Desktop/CocEnglish/apps/mobile/test/full_frontend_qa_test.dart: all frontend states render at 430 / text 1.0
00:51 +163: C:/Users/ADMIN/Desktop/CocEnglish/apps/mobile/test/social_route_test.dart: real streak accept, cancel remove, confirm remove and invite retain Back state
00:51 +164: C:/Users/ADMIN/Desktop/CocEnglish/apps/mobile/test/social_route_test.dart: real streak accept, cancel remove, confirm remove and invite retain Back state
00:51 +165: C:/Users/ADMIN/Desktop/CocEnglish/apps/mobile/test/social_route_test.dart: real streak accept, cancel remove, confirm remove and invite retain Back state
00:51 +166: C:/Users/ADMIN/Desktop/CocEnglish/apps/mobile/test/social_route_test.dart: real streak accept, cancel remove, confirm remove and invite retain Back state
00:51 +167: C:/Users/ADMIN/Desktop/CocEnglish/apps/mobile/test/social_route_test.dart: real streak accept, cancel remove, confirm remove and invite retain Back state
00:51 +168: C:/Users/ADMIN/Desktop/CocEnglish/apps/mobile/test/social_route_test.dart: real streak accept, cancel remove, confirm remove and invite retain Back state
00:52 +169: C:/Users/ADMIN/Desktop/CocEnglish/apps/mobile/test/social_route_test.dart: real streak accept, cancel remove, confirm remove and invite retain Back state
00:52 +170: C:/Users/ADMIN/Desktop/CocEnglish/apps/mobile/test/social_route_test.dart: real streak accept, cancel remove, confirm remove and invite retain Back state
00:52 +171: C:/Users/ADMIN/Desktop/CocEnglish/apps/mobile/test/social_route_test.dart: real streak accept, cancel remove, confirm remove and invite retain Back state
00:52 +172: C:/Users/ADMIN/Desktop/CocEnglish/apps/mobile/test/social_route_test.dart: real streak accept, cancel remove, confirm remove and invite retain Back state
00:52 +173: C:/Users/ADMIN/Desktop/CocEnglish/apps/mobile/test/social_route_test.dart: real streak accept, cancel remove, confirm remove and invite retain Back state
00:52 +174: C:/Users/ADMIN/Desktop/CocEnglish/apps/mobile/test/social_route_test.dart: real streak accept, cancel remove, confirm remove and invite retain Back state
00:52 +175: C:/Users/ADMIN/Desktop/CocEnglish/apps/mobile/test/social_route_test.dart: real streak accept, cancel remove, confirm remove and invite retain Back state
00:52 +176: C:/Users/ADMIN/Desktop/CocEnglish/apps/mobile/test/full_frontend_qa_test.dart: all frontend states render at 430 / text 2.0
00:52 +177: C:/Users/ADMIN/Desktop/CocEnglish/apps/mobile/test/full_frontend_qa_test.dart: all frontend states render at 430 / text 2.0
00:52 +178: C:/Users/ADMIN/Desktop/CocEnglish/apps/mobile/test/full_frontend_qa_test.dart: all frontend states render at 430 / text 2.0
00:52 +179: C:/Users/ADMIN/Desktop/CocEnglish/apps/mobile/test/full_frontend_qa_test.dart: all frontend states render at 430 / text 2.0
00:52 +180: C:/Users/ADMIN/Desktop/CocEnglish/apps/mobile/test/full_frontend_qa_test.dart: all frontend states render at 430 / text 2.0
00:52 +181: C:/Users/ADMIN/Desktop/CocEnglish/apps/mobile/test/full_frontend_qa_test.dart: all frontend states render at 430 / text 2.0
00:52 +182: C:/Users/ADMIN/Desktop/CocEnglish/apps/mobile/test/full_frontend_qa_test.dart: all frontend states render at 430 / text 2.0
00:52 +183: C:/Users/ADMIN/Desktop/CocEnglish/apps/mobile/test/full_frontend_qa_test.dart: all frontend states render at 430 / text 2.0
00:52 +184: C:/Users/ADMIN/Desktop/CocEnglish/apps/mobile/test/full_frontend_qa_test.dart: all frontend states render at 430 / text 2.0
00:52 +185: C:/Users/ADMIN/Desktop/CocEnglish/apps/mobile/test/full_frontend_qa_test.dart: all frontend states render at 430 / text 2.0
00:52 +186: C:/Users/ADMIN/Desktop/CocEnglish/apps/mobile/test/full_frontend_qa_test.dart: all frontend states render at 430 / text 2.0
00:52 +187: C:/Users/ADMIN/Desktop/CocEnglish/apps/mobile/test/full_frontend_qa_test.dart: all frontend states render at 430 / text 2.0
00:52 +188: C:/Users/ADMIN/Desktop/CocEnglish/apps/mobile/test/full_frontend_qa_test.dart: all frontend states render at 430 / text 2.0
00:52 +189: C:/Users/ADMIN/Desktop/CocEnglish/apps/mobile/test/full_frontend_qa_test.dart: all frontend states render at 430 / text 2.0
00:52 +190: C:/Users/ADMIN/Desktop/CocEnglish/apps/mobile/test/full_frontend_qa_test.dart: all frontend states render at 430 / text 2.0
00:52 +191: C:/Users/ADMIN/Desktop/CocEnglish/apps/mobile/test/full_frontend_qa_test.dart: all frontend states render at 430 / text 2.0
00:52 +192: C:/Users/ADMIN/Desktop/CocEnglish/apps/mobile/test/full_frontend_qa_test.dart: all frontend states render at 430 / text 2.0
00:52 +193: C:/Users/ADMIN/Desktop/CocEnglish/apps/mobile/test/full_frontend_qa_test.dart: all frontend states render at 430 / text 2.0
00:53 +194: C:/Users/ADMIN/Desktop/CocEnglish/apps/mobile/test/full_frontend_qa_test.dart: all frontend states render at 430 / text 2.0
00:53 +195: C:/Users/ADMIN/Desktop/CocEnglish/apps/mobile/test/social_route_test.dart: actual clash pauses for sheet/background and resumes saved answer on Back
00:53 +196: C:/Users/ADMIN/Desktop/CocEnglish/apps/mobile/test/full_frontend_qa_test.dart: five tabs preserve path, words reveal, and shop rejects insufficient funds
00:53 +197: C:/Users/ADMIN/Desktop/CocEnglish/apps/mobile/test/full_frontend_qa_test.dart: five tabs preserve path, words reveal, and shop rejects insufficient funds
00:54 +198: C:/Users/ADMIN/Desktop/CocEnglish/apps/mobile/test/full_frontend_qa_test.dart: five tabs preserve path, words reveal, and shop rejects insufficient funds
00:55 +199: C:/Users/ADMIN/Desktop/CocEnglish/apps/mobile/test/full_frontend_qa_test.dart: five tabs preserve path, words reveal, and shop rejects insufficient funds
00:55 +200: C:/Users/ADMIN/Desktop/CocEnglish/apps/mobile/test/full_frontend_qa_test.dart: five tabs preserve path, words reveal, and shop rejects insufficient funds
00:55 +201: C:/Users/ADMIN/Desktop/CocEnglish/apps/mobile/test/social_route_test.dart: social layout width360.0 text2.0
00:55 +202: C:/Users/ADMIN/Desktop/CocEnglish/apps/mobile/test/social_route_test.dart: social layout width360.0 text2.0
00:55 +203: C:/Users/ADMIN/Desktop/CocEnglish/apps/mobile/test/social_route_test.dart: social layout width360.0 text2.0
00:55 +204: C:/Users/ADMIN/Desktop/CocEnglish/apps/mobile/test/social_route_test.dart: social layout width430.0 text1.0
00:55 +205: C:/Users/ADMIN/Desktop/CocEnglish/apps/mobile/test/social_route_test.dart: social layout width430.0 text2.0
00:56 +206: C:/Users/ADMIN/Desktop/CocEnglish/apps/mobile/test/status_feed_test.dart: status draft cancels, commits, clears and rejects unknown IDs
00:56 +207: C:/Users/ADMIN/Desktop/CocEnglish/apps/mobile/test/status_feed_test.dart: premium status checks internal wallet and buys only once per icon
00:56 +208: C:/Users/ADMIN/Desktop/CocEnglish/apps/mobile/test/status_feed_test.dart: suggested friends add once and never unfollow existing selections
00:56 +209: C:/Users/ADMIN/Desktop/CocEnglish/apps/mobile/test/status_feed_test.dart: feed reactions and validated comments preserve local state
00:58 +210: C:/Users/ADMIN/Desktop/CocEnglish/apps/mobile/test/status_feed_ui_test.dart: actual league status sheet cancels draft, commits and clears
01:00 +211: C:/Users/ADMIN/Desktop/CocEnglish/apps/mobile/test/status_feed_ui_test.dart: actual status insufficient purchase preserves draft and funded buy spends once
01:00 +212: C:/Users/ADMIN/Desktop/CocEnglish/apps/mobile/test/status_feed_ui_test.dart: actual feed adds friends, profile identity and comment validation work
01:01 +213: C:/Users/ADMIN/Desktop/CocEnglish/apps/mobile/test/status_feed_ui_test.dart: feed and actual status modal width360.0 text1.0
01:01 +214: C:/Users/ADMIN/Desktop/CocEnglish/apps/mobile/test/status_feed_ui_test.dart: feed and actual status modal width360.0 text2.0
01:02 +215: C:/Users/ADMIN/Desktop/CocEnglish/apps/mobile/test/status_feed_ui_test.dart: feed and actual status modal width430.0 text1.0
01:02 +216: C:/Users/ADMIN/Desktop/CocEnglish/apps/mobile/test/status_feed_ui_test.dart: feed and actual status modal width430.0 text2.0
01:03 +217: C:/Users/ADMIN/Desktop/CocEnglish/apps/mobile/test/stories_library_test.dart: wrong choices and bank order are graded, same story keeps the draft
01:03 +218: C:/Users/ADMIN/Desktop/CocEnglish/apps/mobile/test/stories_library_test.dart: close and reopen a story restores its selected answer
01:04 +219: C:/Users/ADMIN/Desktop/CocEnglish/apps/mobile/test/stories_library_test.dart: each library story uses its own English questions and invalid IDs preserve the draft
01:04 +220: C:/Users/ADMIN/Desktop/CocEnglish/apps/mobile/test/stories_library_test.dart: library card titles fit 360.0 text 1.0
01:04 +221: C:/Users/ADMIN/Desktop/CocEnglish/apps/mobile/test/stories_library_test.dart: library card titles fit 360.0 text 2.0
01:04 +222: C:/Users/ADMIN/Desktop/CocEnglish/apps/mobile/test/stories_library_test.dart: library card titles fit 430.0 text 1.0
01:04 +223: C:/Users/ADMIN/Desktop/CocEnglish/apps/mobile/test/stories_library_test.dart: library card titles fit 430.0 text 2.0
01:06 +224: C:/Users/ADMIN/Desktop/CocEnglish/apps/mobile/test/streak_social_test.dart: incoming accept is validated, once-only and reserves one slot
01:06 +225: C:/Users/ADMIN/Desktop/CocEnglish/apps/mobile/test/streak_social_test.dart: declining frees candidate, invitation and removal cannot duplicate
01:06 +226: C:/Users/ADMIN/Desktop/CocEnglish/apps/mobile/test/streak_social_test.dart: all five candidates reserve slots without overfilling
01:06 +227: C:/Users/ADMIN/Desktop/CocEnglish/apps/mobile/test/streak_social_test.dart: calendar crosses year and switching personal clears edit without losing friends
01:07 +228: C:/Users/ADMIN/Desktop/CocEnglish/apps/mobile/test/timer_boost_test.dart: boost purchase preserves insufficient selection, then spends once from demo balance
01:07 +229: C:/Users/ADMIN/Desktop/CocEnglish/apps/mobile/test/timer_boost_test.dart: ledger validates boost pack and duplicate receipt without trusting a supplied price
01:07 +230: C:/Users/ADMIN/Desktop/CocEnglish/apps/mobile/test/timer_boost_test.dart: one owned boost resumes only expired rapid question and preserves answer
01:07 +231: C:/Users/ADMIN/Desktop/CocEnglish/apps/mobile/test/timer_boost_test.dart: real modal retains dismissed choice and purchase returns to paused rapid question
01:08 +232: C:/Users/ADMIN/Desktop/CocEnglish/apps/mobile/test/timer_boost_test.dart: real modal retains dismissed choice and purchase returns to paused rapid question
01:08 +233: C:/Users/ADMIN/Desktop/CocEnglish/apps/mobile/test/timer_boost_test.dart: Shop modal at width360 text2 purchases and Home shows the same wallet
01:09 +234: C:/Users/ADMIN/Desktop/CocEnglish/apps/mobile/test/visual_capture_test.dart: all 20 reference states render with bundled fonts at original resolution
01:09 +235: C:/Users/ADMIN/Desktop/CocEnglish/apps/mobile/test/visual_capture_test.dart: all 20 reference states render with bundled fonts at original resolution
01:09 +236: C:/Users/ADMIN/Desktop/CocEnglish/apps/mobile/test/visual_capture_test.dart: all 20 reference states render with bundled fonts at original resolution
01:09 +237: C:/Users/ADMIN/Desktop/CocEnglish/apps/mobile/test/visual_capture_test.dart: all 20 reference states render with bundled fonts at original resolution
01:09 +238: C:/Users/ADMIN/Desktop/CocEnglish/apps/mobile/test/visual_capture_test.dart: all 20 reference states render with bundled fonts at original resolution
01:12 +239: All tests passed!
