Resolving dependencies...
Downloading packages...
  code_assets 1.2.1 (2.1.0 available)
  cupertino_icons 1.0.9 (2.0.0 available)
  cupertino_ui 1.1.1 (1.1.2 available)
  hooks 2.0.2 (2.2.0 available)
  jni_flutter 1.0.3 (1.0.4+1 available)
  material_color_utilities 0.13.0 (0.13.1 available)
  material_ui 1.5.0 (1.6.0 available)
  meta 1.18.3 (1.19.0 available)
  objective_c 9.5.0 (9.6.2 available)
  petitparser 7.0.2 (7.1.0 available)
  qr 3.0.2 (4.0.0 available)
  record_use 0.6.0 (1.1.1 available)
  shared_preferences 2.5.5 (2.5.6 available)
  test_api 0.7.12 (0.7.14 available)
  vector_math 2.4.0 (2.4.3 available)
  window_to_front 0.0.4 (1.0.0 available)
  xml 7.0.1 (7.1.0 available)
Got dependencies!
17 packages have newer versions incompatible with dependency constraints.
Try `flutter pub outdated` for more information.
00:00 +0: loading C:/Users/ADMIN/Desktop/CocEnglish/apps/mobile/test/english_spoken_lesson_test.dart
00:00 +0: Lily reply offers speech fallback without grading an answer
══╡ EXCEPTION CAUGHT BY FLUTTER TEST FRAMEWORK ╞════════════════════════════════════════════════════
The following TestFailure was thrown running a test:
Expected: LessonCharacter:<LessonCharacter.lily>
  Actual: LessonCharacter:<LessonCharacter.falstaff>

When the exception was thrown, this was the stack:
#4      main.<anonymous closure> (file:///C:/Users/ADMIN/Desktop/CocEnglish/apps/mobile/test/english_spoken_lesson_test.dart:40:5)
<asynchronous suspension>
#5      testWidgets.<anonymous closure>.<anonymous closure> (package:flutter_test/src/widget_tester.dart:192:15)
<asynchronous suspension>
#6      TestWidgetsFlutterBinding._runTestBody (package:flutter_test/src/binding.dart:1953:5)
<asynchronous suspension>
<asynchronous suspension>
(elided one frame from package:stack_trace)

This was caught by the test expectation on the following line:
  file:///C:/Users/ADMIN/Desktop/CocEnglish/apps/mobile/test/english_spoken_lesson_test.dart line 40
The test description was:
  Lily reply offers speech fallback without grading an answer
════════════════════════════════════════════════════════════════════════════════════════════════════
00:00 +0 -1: Lily reply offers speech fallback without grading an answer [E]
  Test failed. See exception logs above.
  The test description was: Lily reply offers speech fallback without grading an answer

00:00 +0 -1: speaking action exposes a usable text alternative
══╡ EXCEPTION CAUGHT BY FLUTTER TEST FRAMEWORK ╞════════════════════════════════════════════════════
The following assertion was thrown running a test:
The finder "Found 0 widgets with widget matching predicate: []" (used in a call to "tap()") could
not find any matching widgets.

When the exception was thrown, this was the stack:
#0      WidgetController._getElementPoint (package:flutter_test/src/controller.dart:2095:7)
#1      WidgetController.getCenter (package:flutter_test/src/controller.dart:1947:12)
#2      WidgetController.tap (package:flutter_test/src/controller.dart:1080:7)
#3      main.<anonymous closure> (file:///C:/Users/ADMIN/Desktop/CocEnglish/apps/mobile/test/english_spoken_lesson_test.dart:53:18)
<asynchronous suspension>
#4      testWidgets.<anonymous closure>.<anonymous closure> (package:flutter_test/src/widget_tester.dart:192:15)
<asynchronous suspension>
#5      TestWidgetsFlutterBinding._runTestBody (package:flutter_test/src/binding.dart:1953:5)
<asynchronous suspension>
<asynchronous suspension>
(elided one frame from package:stack_trace)

The test description was:
  speaking action exposes a usable text alternative
════════════════════════════════════════════════════════════════════════════════════════════════════
00:00 +0 -2: speaking action exposes a usable text alternative [E]
  Test failed. See exception logs above.
  The test description was: speaking action exposes a usable text alternative

00:00 +0 -2: guest result uses product copy and actual accessible metrics
══╡ EXCEPTION CAUGHT BY FLUTTER TEST FRAMEWORK ╞════════════════════════════════════════════════════
The following TestFailure was thrown running a test:
Expected: exactly one matching candidate
  Actual: _TextWidgetFinder:<Found 0 widgets with text "Practice complete": []>
   Which: means none were found but one was expected

When the exception was thrown, this was the stack:
#4      main.<anonymous closure> (file:///C:/Users/ADMIN/Desktop/CocEnglish/apps/mobile/test/english_spoken_lesson_test.dart:82:5)
<asynchronous suspension>
#5      testWidgets.<anonymous closure>.<anonymous closure> (package:flutter_test/src/widget_tester.dart:192:15)
<asynchronous suspension>
#6      TestWidgetsFlutterBinding._runTestBody (package:flutter_test/src/binding.dart:1953:5)
<asynchronous suspension>
<asynchronous suspension>
(elided one frame from package:stack_trace)

This was caught by the test expectation on the following line:
  file:///C:/Users/ADMIN/Desktop/CocEnglish/apps/mobile/test/english_spoken_lesson_test.dart line 82
The test description was:
  guest result uses product copy and actual accessible metrics
════════════════════════════════════════════════════════════════════════════════════════════════════
00:01 +0 -3: guest result uses product copy and actual accessible metrics [E]
  Test failed. See exception logs above.
  The test description was: guest result uses product copy and actual accessible metrics

00:01 +0 -3: Some tests failed.

Failing tests:
  C:/Users/ADMIN/Desktop/CocEnglish/apps/mobile/test/english_spoken_lesson_test.dart: Lily reply offers speech fallback without grading an answer
  C:/Users/ADMIN/Desktop/CocEnglish/apps/mobile/test/english_spoken_lesson_test.dart: guest result uses product copy and actual accessible metrics
  C:/Users/ADMIN/Desktop/CocEnglish/apps/mobile/test/english_spoken_lesson_test.dart: speaking action exposes a usable text alternative
