00:00 +0: loading C:/Users/ADMIN/Desktop/CocEnglish/apps/mobile/test/english_spoken_lesson_test.dart
00:00 +0: C:/Users/ADMIN/Desktop/CocEnglish/apps/mobile/test/english_spoken_lesson_test.dart: Lily reply offers speech fallback without grading an answer
00:00 +1: C:/Users/ADMIN/Desktop/CocEnglish/apps/mobile/test/english_spoken_lesson_test.dart: Lily reply offers speech fallback without grading an answer
00:00 +2: C:/Users/ADMIN/Desktop/CocEnglish/apps/mobile/test/english_spoken_lesson_test.dart: Lily reply offers speech fallback without grading an answer
00:00 +3: C:/Users/ADMIN/Desktop/CocEnglish/apps/mobile/test/english_spoken_lesson_test.dart: Lily reply offers speech fallback without grading an answer
00:00 +4: C:/Users/ADMIN/Desktop/CocEnglish/apps/mobile/test/english_spoken_lesson_test.dart: Lily reply offers speech fallback without grading an answer
00:00 +5: C:/Users/ADMIN/Desktop/CocEnglish/apps/mobile/test/english_spoken_lesson_test.dart: Lily reply offers speech fallback without grading an answer
00:00 +6: C:/Users/ADMIN/Desktop/CocEnglish/apps/mobile/test/english_spoken_lesson_test.dart: Lily reply offers speech fallback without grading an answer
00:00 +7: C:/Users/ADMIN/Desktop/CocEnglish/apps/mobile/test/english_spoken_lesson_test.dart: Lily reply offers speech fallback without grading an answer
00:00 +8: C:/Users/ADMIN/Desktop/CocEnglish/apps/mobile/test/english_spoken_lesson_test.dart: Lily reply offers speech fallback without grading an answer
00:00 +9: C:/Users/ADMIN/Desktop/CocEnglish/apps/mobile/test/english_spoken_lesson_test.dart: Lily reply offers speech fallback without grading an answer
00:00 +10: C:/Users/ADMIN/Desktop/CocEnglish/apps/mobile/test/english_spoken_lesson_test.dart: Lily reply offers speech fallback without grading an answer
00:00 +11: C:/Users/ADMIN/Desktop/CocEnglish/apps/mobile/test/english_spoken_lesson_test.dart: Lily reply offers speech fallback without grading an answer
00:00 +12: C:/Users/ADMIN/Desktop/CocEnglish/apps/mobile/test/english_spoken_lesson_test.dart: Lily reply offers speech fallback without grading an answer
00:00 +13: C:/Users/ADMIN/Desktop/CocEnglish/apps/mobile/test/english_spoken_lesson_test.dart: Lily reply offers speech fallback without grading an answer
00:00 +14: C:/Users/ADMIN/Desktop/CocEnglish/apps/mobile/test/english_spoken_lesson_test.dart: Lily reply offers speech fallback without grading an answer
00:00 +15: C:/Users/ADMIN/Desktop/CocEnglish/apps/mobile/test/english_spoken_lesson_test.dart: Lily reply offers speech fallback without grading an answer
00:00 +16: C:/Users/ADMIN/Desktop/CocEnglish/apps/mobile/test/english_spoken_lesson_test.dart: Lily reply offers speech fallback without grading an answer
00:00 +17: C:/Users/ADMIN/Desktop/CocEnglish/apps/mobile/test/learning_flow_test.dart: complete the native lesson, claim once, return to the unlocked path
00:01 +18: C:/Users/ADMIN/Desktop/CocEnglish/apps/mobile/test/learning_flow_test.dart: complete the native lesson, claim once, return to the unlocked path
00:01 +19: C:/Users/ADMIN/Desktop/CocEnglish/apps/mobile/test/learning_flow_test.dart: complete the native lesson, claim once, return to the unlocked path
00:01 +20: C:/Users/ADMIN/Desktop/CocEnglish/apps/mobile/test/learning_flow_test.dart: complete the native lesson, claim once, return to the unlocked path
00:01 +21: C:/Users/ADMIN/Desktop/CocEnglish/apps/mobile/test/learning_flow_test.dart: complete the native lesson, claim once, return to the unlocked path
00:01 +22: C:/Users/ADMIN/Desktop/CocEnglish/apps/mobile/test/learning_flow_test.dart: complete the native lesson, claim once, return to the unlocked path
00:01 +23: C:/Users/ADMIN/Desktop/CocEnglish/apps/mobile/test/learning_flow_test.dart: complete the native lesson, claim once, return to the unlocked path
00:01 +24: C:/Users/ADMIN/Desktop/CocEnglish/apps/mobile/test/learning_flow_test.dart: complete the native lesson, claim once, return to the unlocked path
00:01 +25: C:/Users/ADMIN/Desktop/CocEnglish/apps/mobile/test/learning_flow_test.dart: complete the native lesson, claim once, return to the unlocked path
00:01 +26: C:/Users/ADMIN/Desktop/CocEnglish/apps/mobile/test/learning_flow_test.dart: complete the native lesson, claim once, return to the unlocked path
00:01 +27: C:/Users/ADMIN/Desktop/CocEnglish/apps/mobile/test/learning_flow_test.dart: complete the native lesson, claim once, return to the unlocked path
00:01 +28: C:/Users/ADMIN/Desktop/CocEnglish/apps/mobile/test/learning_flow_test.dart: complete the native lesson, claim once, return to the unlocked path
00:02 +29: C:/Users/ADMIN/Desktop/CocEnglish/apps/mobile/test/learning_flow_test.dart: complete the native lesson, claim once, return to the unlocked path
00:03 +30: C:/Users/ADMIN/Desktop/CocEnglish/apps/mobile/test/learning_flow_test.dart: finished onboarding opens path and a selectable lesson
00:03 +31: All tests passed!
