
> Blueprint validation
{
  "status": "PASS",
  "files": 2443,
  "markdown": 120,
  "localLinks": 413,
  "requirements": 39,
  "nfr": 19,
  "screens": 42,
  "edgeCases": 39,
  "tasks": 38,
  "tables": 37,
  "schemas": 94,
  "paths": 41,
  "operations": 42,
  "refs": 680,
  "adrs": 17,
  "skills": 8,
  "scope": "Phase0 structural consistency; no app build, account or device proof"
}

> Dart format check
Formatted 216 files (0 changed) in 1.08 seconds.

> Flutter analyze
Analyzing mobile...
No issues found! (ran in 8.7s)

> Rive host test runtime
[rive_native]   Starting Rive Native Setup...

[rive_native]   rive_native libraries already present for windows. Not building/downloading libraries.
[rive_native]
[rive_native]   To force a rebuild/download, run with `--clean`

> Flutter test
00:00 +0: loading C:/Users/ADMIN/Desktop/CocEnglish/apps/mobile/test/achievements_flow_test.dart
00:00 +0: C:/Users/ADMIN/Desktop/CocEnglish/apps/mobile/test/achievements_flow_test.dart: claim accepts one earned fixture and rejects duplicate locked and invalid IDs
00:00 +1: C:/Users/ADMIN/Desktop/CocEnglish/apps/mobile/test/achievements_flow_test.dart: source award opens matching detail, shares locally, and keeps claim across Back
00:00 +2: C:/Users/ADMIN/Desktop/CocEnglish/apps/mobile/test/achievements_flow_test.dart: source award opens matching detail, shares locally, and keeps claim across Back
00:00 +3: C:/Users/ADMIN/Desktop/CocEnglish/apps/mobile/test/achievements_flow_test.dart: source award opens matching detail, shares locally, and keeps claim across Back
00:01 +4: C:/Users/ADMIN/Desktop/CocEnglish/apps/mobile/test/achievements_flow_test.dart: source award opens matching detail, shares locally, and keeps claim across Back
00:01 +5: C:/Users/ADMIN/Desktop/CocEnglish/apps/mobile/test/achievements_flow_test.dart: source award opens matching detail, shares locally, and keeps claim across Back
00:01 +6: C:/Users/ADMIN/Desktop/CocEnglish/apps/mobile/test/achievements_flow_test.dart: source award opens matching detail, shares locally, and keeps claim across Back
00:01 +7: C:/Users/ADMIN/Desktop/CocEnglish/apps/mobile/test/achievements_flow_test.dart: source award opens matching detail, shares locally, and keeps claim across Back
00:01 +8: C:/Users/ADMIN/Desktop/CocEnglish/apps/mobile/test/achievements_flow_test.dart: source award opens matching detail, shares locally, and keeps claim across Back
00:01 +9: C:/Users/ADMIN/Desktop/CocEnglish/apps/mobile/test/achievements_flow_test.dart: source award opens matching detail, shares locally, and keeps claim across Back
00:01 +10: C:/Users/ADMIN/Desktop/CocEnglish/apps/mobile/test/achievements_flow_test.dart: source award opens matching detail, shares locally, and keeps claim across Back
00:01 +11: C:/Users/ADMIN/Desktop/CocEnglish/apps/mobile/test/achievements_flow_test.dart: source award opens matching detail, shares locally, and keeps claim across Back
00:01 +12: C:/Users/ADMIN/Desktop/CocEnglish/apps/mobile/test/achievements_flow_test.dart: source award opens matching detail, shares locally, and keeps claim across Back
00:01 +13: C:/Users/ADMIN/Desktop/CocEnglish/apps/mobile/test/achievements_flow_test.dart: source award opens matching detail, shares locally, and keeps claim across Back
00:01 +14: C:/Users/ADMIN/Desktop/CocEnglish/apps/mobile/test/achievements_flow_test.dart: source award opens matching detail, shares locally, and keeps claim across Back
00:01 +15: C:/Users/ADMIN/Desktop/CocEnglish/apps/mobile/test/achievements_flow_test.dart: source award opens matching detail, shares locally, and keeps claim across Back
00:01 +16: C:/Users/ADMIN/Desktop/CocEnglish/apps/mobile/test/achievements_flow_test.dart: source award opens matching detail, shares locally, and keeps claim across Back
00:01 +17: C:/Users/ADMIN/Desktop/CocEnglish/apps/mobile/test/app_test.dart: welcome exposes both reference entry actions
00:01 +18: C:/Users/ADMIN/Desktop/CocEnglish/apps/mobile/test/app_test.dart: welcome exposes both reference entry actions
00:01 +19: C:/Users/ADMIN/Desktop/CocEnglish/apps/mobile/test/app_test.dart: welcome exposes both reference entry actions
00:01 +20: C:/Users/ADMIN/Desktop/CocEnglish/apps/mobile/test/avatar_builder_test.dart: shows all current categories and saves a valid choice
00:01 +21: C:/Users/ADMIN/Desktop/CocEnglish/apps/mobile/test/avatar_builder_test.dart: shows all current categories and saves a valid choice
00:01 +22: C:/Users/ADMIN/Desktop/CocEnglish/apps/mobile/test/avatar_builder_test.dart: shows all current categories and saves a valid choice
00:01 +23: C:/Users/ADMIN/Desktop/CocEnglish/apps/mobile/test/avatar_builder_test.dart: shows all current categories and saves a valid choice
00:01 +24: C:/Users/ADMIN/Desktop/CocEnglish/apps/mobile/test/avatar_builder_test.dart: shows all current categories and saves a valid choice
00:01 +25: C:/Users/ADMIN/Desktop/CocEnglish/apps/mobile/test/avatar_builder_test.dart: shows all current categories and saves a valid choice
00:01 +26: C:/Users/ADMIN/Desktop/CocEnglish/apps/mobile/test/avatar_builder_test.dart: shows all current categories and saves a valid choice
00:01 +27: C:/Users/ADMIN/Desktop/CocEnglish/apps/mobile/test/avatar_builder_test.dart: shows all current categories and saves a valid choice
00:01 +28: C:/Users/ADMIN/Desktop/CocEnglish/apps/mobile/test/avatar_builder_test.dart: shows all current categories and saves a valid choice
00:02 +29: C:/Users/ADMIN/Desktop/CocEnglish/apps/mobile/test/avatar_builder_test.dart: shows all current categories and saves a valid choice
00:02 +30: C:/Users/ADMIN/Desktop/CocEnglish/apps/mobile/test/avatar_builder_test.dart: shows all current categories and saves a valid choice
00:02 +30: C:/Users/ADMIN/Desktop/CocEnglish/apps/mobile/test/avatar_motion_test.dart: failed avatar does not poison new consumers and in-flight disposal is safe
═════════════════════════════════════════════════════════════════════════════════════════
[31m[1m  Rive Native: Failed to open dynamic library[0m
[33m  Library: rive_native.dll[0m

  To fix this issue, run the following command:
[36m[1m    dart run rive_native:setup --verbose --clean --platform windows[0m

  See the troubleshooting section in the docs for more information:
[36m[1m    https://rive.app/docs/runtimes/flutter/rive-native#troubleshooting[0m
═════════════════════════════════════════════════════════════════════════════════════════

00:02 +30: C:/Users/ADMIN/Desktop/CocEnglish/apps/mobile/test/avatar_builder_test.dart: shows all current categories and saves a valid choice
═════════════════════════════════════════════════════════════════════════════════════════
[31m[1m  Rive Native: Failed to open dynamic library[0m
[33m  Library: rive_native.dll[0m

  To fix this issue, run the following command:
[36m[1m    dart run rive_native:setup --verbose --clean --platform windows[0m

  See the troubleshooting section in the docs for more information:
[36m[1m    https://rive.app/docs/runtimes/flutter/rive-native#troubleshooting[0m
═════════════════════════════════════════════════════════════════════════════════════════

═════════════════════════════════════════════════════════════════════════════════════════
[31m[1m  Rive Native: Failed to open dynamic library[0m
[33m  Library: rive_native.dll[0m

  To fix this issue, run the following command:
[36m[1m    dart run rive_native:setup --verbose --clean --platform windows[0m

  See the troubleshooting section in the docs for more information:
[36m[1m    https://rive.app/docs/runtimes/flutter/rive-native#troubleshooting[0m
═════════════════════════════════════════════════════════════════════════════════════════

═════════════════════════════════════════════════════════════════════════════════════════
[31m[1m  Rive Native: Failed to open dynamic library[0m
[33m  Library: rive_native.dll[0m

  To fix this issue, run the following command:
[36m[1m    dart run rive_native:setup --verbose --clean --platform windows[0m

  See the troubleshooting section in the docs for more information:
[36m[1m    https://rive.app/docs/runtimes/flutter/rive-native#troubleshooting[0m
═════════════════════════════════════════════════════════════════════════════════════════

00:02 +31: C:/Users/ADMIN/Desktop/CocEnglish/apps/mobile/test/avatar_motion_test.dart: failed avatar does not poison new consumers and in-flight disposal is safe
═════════════════════════════════════════════════════════════════════════════════════════
[31m[1m  Rive Native: Failed to open dynamic library[0m
[33m  Library: rive_native.dll[0m

  To fix this issue, run the following command:
[36m[1m    dart run rive_native:setup --verbose --clean --platform windows[0m

  See the troubleshooting section in the docs for more information:
[36m[1m    https://rive.app/docs/runtimes/flutter/rive-native#troubleshooting[0m
═════════════════════════════════════════════════════════════════════════════════════════

00:03 +32: C:/Users/ADMIN/Desktop/CocEnglish/apps/mobile/test/avatar_motion_test.dart: failed avatar does not poison new consumers and in-flight disposal is safe
═════════════════════════════════════════════════════════════════════════════════════════
[31m[1m  Rive Native: Failed to open dynamic library[0m
[33m  Library: rive_native.dll[0m

  To fix this issue, run the following command:
[36m[1m    dart run rive_native:setup --verbose --clean --platform windows[0m

  See the troubleshooting section in the docs for more information:
[36m[1m    https://rive.app/docs/runtimes/flutter/rive-native#troubleshooting[0m
═════════════════════════════════════════════════════════════════════════════════════════

00:03 +33: C:/Users/ADMIN/Desktop/CocEnglish/apps/mobile/test/avatar_motion_test.dart: failed avatar does not poison new consumers and in-flight disposal is safe
00:03 +34: C:/Users/ADMIN/Desktop/CocEnglish/apps/mobile/test/avatar_motion_test.dart: failed avatar does not poison new consumers and in-flight disposal is safe
00:04 +34: C:/Users/ADMIN/Desktop/CocEnglish/apps/mobile/test/character_motion_test.dart: character reacts, pauses on background, and disposes its runtime
═════════════════════════════════════════════════════════════════════════════════════════
[31m[1m  Rive Native: Failed to open dynamic library[0m
[33m  Library: rive_native.dll[0m

  To fix this issue, run the following command:
[36m[1m    dart run rive_native:setup --verbose --clean --platform windows[0m

  See the troubleshooting section in the docs for more information:
[36m[1m    https://rive.app/docs/runtimes/flutter/rive-native#troubleshooting[0m
═════════════════════════════════════════════════════════════════════════════════════════

═════════════════════════════════════════════════════════════════════════════════════════
[31m[1m  Rive Native: Failed to open dynamic library[0m
[33m  Library: rive_native.dll[0m

  To fix this issue, run the following command:
[36m[1m    dart run rive_native:setup --verbose --clean --platform windows[0m

  See the troubleshooting section in the docs for more information:
[36m[1m    https://rive.app/docs/runtimes/flutter/rive-native#troubleshooting[0m
═════════════════════════════════════════════════════════════════════════════════════════

00:04 +35: C:/Users/ADMIN/Desktop/CocEnglish/apps/mobile/test/avatar_route_test.dart: profile opens avatar and cancel preserves profile draft
00:04 +36: C:/Users/ADMIN/Desktop/CocEnglish/apps/mobile/test/avatar_route_test.dart: profile opens avatar and cancel preserves profile draft
00:04 +36: C:/Users/ADMIN/Desktop/CocEnglish/apps/mobile/test/character_motion_test.dart: character reacts, pauses on background, and disposes its runtime
═════════════════════════════════════════════════════════════════════════════════════════
[31m[1m  Rive Native: Failed to open dynamic library[0m
[33m  Library: rive_native.dll[0m

  To fix this issue, run the following command:
[36m[1m    dart run rive_native:setup --verbose --clean --platform windows[0m

  See the troubleshooting section in the docs for more information:
[36m[1m    https://rive.app/docs/runtimes/flutter/rive-native#troubleshooting[0m
═════════════════════════════════════════════════════════════════════════════════════════

00:04 +37: C:/Users/ADMIN/Desktop/CocEnglish/apps/mobile/test/avatar_route_test.dart: profile opens avatar and cancel preserves profile draft
00:04 +38: C:/Users/ADMIN/Desktop/CocEnglish/apps/mobile/test/avatar_route_test.dart: profile opens avatar and cancel preserves profile draft
00:04 +39: C:/Users/ADMIN/Desktop/CocEnglish/apps/mobile/test/avatar_route_test.dart: profile opens avatar and cancel preserves profile draft
00:04 +40: C:/Users/ADMIN/Desktop/CocEnglish/apps/mobile/test/avatar_route_test.dart: profile opens avatar and cancel preserves profile draft
═════════════════════════════════════════════════════════════════════════════════════════
[31m[1m  Rive Native: Failed to open dynamic library[0m
[33m  Library: rive_native.dll[0m

  To fix this issue, run the following command:
[36m[1m    dart run rive_native:setup --verbose --clean --platform windows[0m

  See the troubleshooting section in the docs for more information:
[36m[1m    https://rive.app/docs/runtimes/flutter/rive-native#troubleshooting[0m
═════════════════════════════════════════════════════════════════════════════════════════

═════════════════════════════════════════════════════════════════════════════════════════
[31m[1m  Rive Native: Failed to open dynamic library[0m
[33m  Library: rive_native.dll[0m

  To fix this issue, run the following command:
[36m[1m    dart run rive_native:setup --verbose --clean --platform windows[0m

  See the troubleshooting section in the docs for more information:
[36m[1m    https://rive.app/docs/runtimes/flutter/rive-native#troubleshooting[0m
═════════════════════════════════════════════════════════════════════════════════════════

00:04 +40: C:/Users/ADMIN/Desktop/CocEnglish/apps/mobile/test/avatar_motion_test.dart: avatar renders source states and pauses while backgrounded
Original avatar bounds: 1000.0x250.0
00:04 +40: C:/Users/ADMIN/Desktop/CocEnglish/apps/mobile/test/avatar_route_test.dart: profile opens avatar and cancel preserves profile draft
═════════════════════════════════════════════════════════════════════════════════════════
[31m[1m  Rive Native: Failed to open dynamic library[0m
[33m  Library: rive_native.dll[0m

  To fix this issue, run the following command:
[36m[1m    dart run rive_native:setup --verbose --clean --platform windows[0m

  See the troubleshooting section in the docs for more information:
[36m[1m    https://rive.app/docs/runtimes/flutter/rive-native#troubleshooting[0m
═════════════════════════════════════════════════════════════════════════════════════════

00:04 +41: C:/Users/ADMIN/Desktop/CocEnglish/apps/mobile/test/clash_motion_test.dart: clash uses original coach and answer-driven Zari/Oscar state inputs
00:04 +42: C:/Users/ADMIN/Desktop/CocEnglish/apps/mobile/test/clash_motion_test.dart: clash uses original coach and answer-driven Zari/Oscar state inputs
00:05 +43: C:/Users/ADMIN/Desktop/CocEnglish/apps/mobile/test/clash_motion_test.dart: clash uses original coach and answer-driven Zari/Oscar state inputs
00:05 +44: C:/Users/ADMIN/Desktop/CocEnglish/apps/mobile/test/clash_motion_test.dart: clash uses original coach and answer-driven Zari/Oscar state inputs
00:05 +45: C:/Users/ADMIN/Desktop/CocEnglish/apps/mobile/test/avatar_motion_test.dart: avatar renders source states and pauses while backgrounded
00:05 +46: C:/Users/ADMIN/Desktop/CocEnglish/apps/mobile/test/challenge_test.dart: challenge states fit width360.0 text2.0
00:05 +47: C:/Users/ADMIN/Desktop/CocEnglish/apps/mobile/test/avatar_motion_test.dart: original avatar rig exposes selectable states and triggers
Original avatar inputs: default_avatar_bool:FFIBooleanInput, default_avatar_num:FFINumberInput, bounce_trig:FFITriggerInput, Headshape:FFINumberInput, HeadphonesColour:FFINumberInput, Headphones:FFINumberInput, ENG_ONLY_HeadFlip:FFIBooleanInput, ENG_ONLY_Zoom:FFINumberInput, ENG_ONLY_Animation:FFINumberInput, ENG_ONLY_XPBoost:FFINumberInput, SkinTone:FFINumberInput, Body:FFINumberInput, MainHairColor:FFINumberInput, MainHair:FFINumberInput, EyeColor:FFINumberInput, Expression:FFINumberInput, GlassesColor:FFINumberInput, Glasses:FFINumberInput, Wrinkles:FFINumberInput, Piercings:FFINumberInput, Nose Piercing:FFINumberInput, FacialHairColor:FFINumberInput, FacialHair:FFINumberInput, HeadwearColor:FFINumberInput, Headwear:FFINumberInput, ClothingColor:FFINumberInput, BackgroundColor:FFINumberInput
00:05 +48: C:/Users/ADMIN/Desktop/CocEnglish/apps/mobile/test/challenge_test.dart: challenge states fit width430.0 text1.0
00:05 +49: C:/Users/ADMIN/Desktop/CocEnglish/apps/mobile/test/challenge_test.dart: challenge states fit width430.0 text2.0
00:06 +50: C:/Users/ADMIN/Desktop/CocEnglish/apps/mobile/test/course_flow_test.dart: path jump node opens its matching unit check
00:06 +51: C:/Users/ADMIN/Desktop/CocEnglish/apps/mobile/test/course_flow_test.dart: path jump node opens its matching unit check
00:06 +52: C:/Users/ADMIN/Desktop/CocEnglish/apps/mobile/test/course_flow_test.dart: path jump node opens its matching unit check
00:06 +53: C:/Users/ADMIN/Desktop/CocEnglish/apps/mobile/test/course_flow_test.dart: path jump node opens its matching unit check
00:06 +54: C:/Users/ADMIN/Desktop/CocEnglish/apps/mobile/test/course_flow_test.dart: path jump node opens its matching unit check
00:06 +55: C:/Users/ADMIN/Desktop/CocEnglish/apps/mobile/test/course_flow_test.dart: path jump node opens its matching unit check
00:06 +56: C:/Users/ADMIN/Desktop/CocEnglish/apps/mobile/test/course_flow_test.dart: path jump node opens its matching unit check
00:06 +57: C:/Users/ADMIN/Desktop/CocEnglish/apps/mobile/test/course_management_route_test.dart: Settings courses entry opens management and back retains English learning
00:06 +58: C:/Users/ADMIN/Desktop/CocEnglish/apps/mobile/test/course_management_route_test.dart: Settings courses entry opens management and back retains English learning
00:06 +59: C:/Users/ADMIN/Desktop/CocEnglish/apps/mobile/test/course_management_route_test.dart: Settings courses entry opens management and back retains English learning
00:07 +60: C:/Users/ADMIN/Desktop/CocEnglish/apps/mobile/test/course_management_route_test.dart: Settings courses entry opens management and back retains English learning
00:07 +61: C:/Users/ADMIN/Desktop/CocEnglish/apps/mobile/test/course_flow_test.dart: English catalog exposes section eight and locked daily refresh
00:07 +62: C:/Users/ADMIN/Desktop/CocEnglish/apps/mobile/test/course_management_test.dart: disposal during removal resolves false without stale state access
00:07 +63: C:/Users/ADMIN/Desktop/CocEnglish/apps/mobile/test/course_management_ui_test.dart: shows scoped languages and explains protected English
00:07 +64: C:/Users/ADMIN/Desktop/CocEnglish/apps/mobile/test/course_management_ui_test.dart: shows scoped languages and explains protected English
00:07 +65: C:/Users/ADMIN/Desktop/CocEnglish/apps/mobile/test/course_management_ui_test.dart: shows scoped languages and explains protected English
00:08 +66: C:/Users/ADMIN/Desktop/CocEnglish/apps/mobile/test/course_flow_test.dart: completed section check returns to its English path without rewards
00:08 +67: C:/Users/ADMIN/Desktop/CocEnglish/apps/mobile/test/course_management_ui_test.dart: cancel retains course and confirm removes it once
00:08 +68: C:/Users/ADMIN/Desktop/CocEnglish/apps/mobile/test/course_management_ui_test.dart: cancel retains course and confirm removes it once
00:08 +69: C:/Users/ADMIN/Desktop/CocEnglish/apps/mobile/test/course_flow_test.dart: invalid course links show a safe return instead of clamping targets
00:08 +70: C:/Users/ADMIN/Desktop/CocEnglish/apps/mobile/test/course_flow_test.dart: invalid course links show a safe return instead of clamping targets
00:08 +71: C:/Users/ADMIN/Desktop/CocEnglish/apps/mobile/test/course_flow_test.dart: invalid course links show a safe return instead of clamping targets
00:08 +72: C:/Users/ADMIN/Desktop/CocEnglish/apps/mobile/test/course_management_ui_test.dart: sheet stays usable at width 430.0 and text scale 1.0
00:08 +73: C:/Users/ADMIN/Desktop/CocEnglish/apps/mobile/test/course_flow_test.dart: guide audio failure and translation retain the current unit
00:08 +74: C:/Users/ADMIN/Desktop/CocEnglish/apps/mobile/test/course_flow_test.dart: guide audio failure and translation retain the current unit
00:08 +75: C:/Users/ADMIN/Desktop/CocEnglish/apps/mobile/test/course_flow_test.dart: section CEFR and grammar expansion preserve English examples
00:09 +76: C:/Users/ADMIN/Desktop/CocEnglish/apps/mobile/test/course_flow_test.dart: course screens fit 320px text2 with reduced motion
00:10 +77: C:/Users/ADMIN/Desktop/CocEnglish/apps/mobile/test/course_motion_capture_test.dart: native Lin advances and reacts in the real unit check
00:11 +78: C:/Users/ADMIN/Desktop/CocEnglish/apps/mobile/test/duo_motion_test.dart: all original motion assets parse into compositions
00:11 +79: C:/Users/ADMIN/Desktop/CocEnglish/apps/mobile/test/duo_motion_test.dart: original path jump advances and honors reduced motion
00:12 +80: C:/Users/ADMIN/Desktop/CocEnglish/apps/mobile/test/duo_motion_test.dart: playing advances the painted source frame
00:12 +81: C:/Users/ADMIN/Desktop/CocEnglish/apps/mobile/test/duo_motion_test.dart: disabled and reduced motion render the static fallback
00:12 +82: C:/Users/ADMIN/Desktop/CocEnglish/apps/mobile/test/duo_motion_test.dart: removal disposes ticker without asynchronous state errors
00:12 +83: C:/Users/ADMIN/Desktop/CocEnglish/apps/mobile/test/duo_motion_test.dart: switching assets while disabled cannot install stale composition
00:12 +84: C:/Users/ADMIN/Desktop/CocEnglish/apps/mobile/test/duo_motion_test.dart: app lifecycle pauses and resumes looping motion
00:12 +85: C:/Users/ADMIN/Desktop/CocEnglish/apps/mobile/test/english_content_test.dart: lesson loads the authored English sequence for Vietnamese learners
00:12 +86: C:/Users/ADMIN/Desktop/CocEnglish/apps/mobile/test/english_content_test.dart: every authored lesson and practice answer grades correctly
00:12 +87: C:/Users/ADMIN/Desktop/CocEnglish/apps/mobile/test/english_content_test.dart: practice fixtures use English prompts with Vietnamese meanings
00:12 +88: C:/Users/ADMIN/Desktop/CocEnglish/apps/mobile/test/english_content_test.dart: learning and practice fixtures contain no French remnants
00:13 +89: C:/Users/ADMIN/Desktop/CocEnglish/apps/mobile/test/english_journey_test.dart: practice opens Roleplay, submits native input, and reviews the actual replies
00:15 +90: C:/Users/ADMIN/Desktop/CocEnglish/apps/mobile/test/english_journey_test.dart: practice opens Roleplay, submits native input, and reviews the actual replies
00:15 +91: C:/Users/ADMIN/Desktop/CocEnglish/apps/mobile/test/english_journey_test.dart: English journey states fit width360.0 text1.0
00:15 +92: C:/Users/ADMIN/Desktop/CocEnglish/apps/mobile/test/english_journey_test.dart: English journey states fit width360.0 text2.0
00:15 +93: C:/Users/ADMIN/Desktop/CocEnglish/apps/mobile/test/english_journey_test.dart: English journey states fit width430.0 text1.0
00:16 +94: C:/Users/ADMIN/Desktop/CocEnglish/apps/mobile/test/english_journey_test.dart: English journey states fit width430.0 text2.0
00:16 +95: C:/Users/ADMIN/Desktop/CocEnglish/apps/mobile/test/english_journey_test.dart: story preserves a wrong selection through feedback and finishes once
00:16 +96: C:/Users/ADMIN/Desktop/CocEnglish/apps/mobile/test/english_journey_test.dart: radio cannot check half a pair, and transcript picks are editable
00:16 +97: C:/Users/ADMIN/Desktop/CocEnglish/apps/mobile/test/english_journey_test.dart: roleplay preserves draft on validation, resumes, and resets deliberately
00:16 +98: C:/Users/ADMIN/Desktop/CocEnglish/apps/mobile/test/english_spoken_lesson_test.dart: Lily reply offers speech fallback without grading an answer
00:17 +99: C:/Users/ADMIN/Desktop/CocEnglish/apps/mobile/test/english_spoken_lesson_test.dart: speaking action exposes a usable text alternative
00:17 +100: C:/Users/ADMIN/Desktop/CocEnglish/apps/mobile/test/english_spoken_lesson_test.dart: guest result uses product copy and actual accessible metrics
00:17 +101: C:/Users/ADMIN/Desktop/CocEnglish/apps/mobile/test/english_spoken_lesson_test.dart: dialogue fallback is idempotent and pause preserves draft and meaning
00:17 +102: C:/Users/ADMIN/Desktop/CocEnglish/apps/mobile/test/english_spoken_lesson_test.dart: media fallback preserves a pre-existing draft and expected answer
00:17 +103: C:/Users/ADMIN/Desktop/CocEnglish/apps/mobile/test/english_spoken_lesson_test.dart: streak counts successful grades, survives failure and resets on a wrong answer
00:17 +104: C:/Users/ADMIN/Desktop/CocEnglish/apps/mobile/test/english_spoken_lesson_test.dart: Lily audio notice and correct meaning preserve the entered answer
00:17 +105: C:/Users/ADMIN/Desktop/CocEnglish/apps/mobile/test/english_spoken_lesson_test.dart: 320 text two keeps Lily alternative, correction and next reachable
00:17 +106: C:/Users/ADMIN/Desktop/CocEnglish/apps/mobile/test/english_spoken_lesson_test.dart: same Lily exercise retry clears the visible editor
00:19 +107: C:/Users/ADMIN/Desktop/CocEnglish/apps/mobile/test/english_ui_test.dart: reference course choices do not change the interactive English course
00:19 +108: C:/Users/ADMIN/Desktop/CocEnglish/apps/mobile/test/english_ui_test.dart: new local learners start with English
00:19 +109: C:/Users/ADMIN/Desktop/CocEnglish/apps/mobile/test/english_ui_test.dart: English score and guide expose English with Vietnamese meanings
00:20 +110: C:/Users/ADMIN/Desktop/CocEnglish/apps/mobile/test/explanation_test.dart: explanation back retains wrong selection and feedback without advancing
00:21 +111: C:/Users/ADMIN/Desktop/CocEnglish/apps/mobile/test/explanation_test.dart: every active English exercise has an authored explanation and answer
00:21 +112: C:/Users/ADMIN/Desktop/CocEnglish/apps/mobile/test/explanation_test.dart: long explanation fits 360.0 text 1.0
00:21 +113: C:/Users/ADMIN/Desktop/CocEnglish/apps/mobile/test/explanation_test.dart: long explanation fits 360.0 text 2.0
00:21 +114: C:/Users/ADMIN/Desktop/CocEnglish/apps/mobile/test/explanation_test.dart: long explanation fits 430.0 text 1.0
00:21 +115: C:/Users/ADMIN/Desktop/CocEnglish/apps/mobile/test/explanation_test.dart: long explanation fits 430.0 text 2.0
00:23 +116: C:/Users/ADMIN/Desktop/CocEnglish/apps/mobile/test/extended_capture_test.dart: capture English extended states at source dimensions
00:24 +117: C:/Users/ADMIN/Desktop/CocEnglish/apps/mobile/test/extended_flow_test.dart: extended screens fit width360.0 text1.0
00:25 +118: C:/Users/ADMIN/Desktop/CocEnglish/apps/mobile/test/extended_flow_test.dart: extended screens fit width360.0 text2.0
00:25 +119: C:/Users/ADMIN/Desktop/CocEnglish/apps/mobile/test/extended_flow_test.dart: extended screens fit width430.0 text1.0
00:26 +120: C:/Users/ADMIN/Desktop/CocEnglish/apps/mobile/test/extended_flow_test.dart: extended screens fit width430.0 text2.0
00:26 +121: C:/Users/ADMIN/Desktop/CocEnglish/apps/mobile/test/extended_flow_test.dart: plan checkout is local, selected, and cancellation clears unlimited energy
00:26 +122: C:/Users/ADMIN/Desktop/CocEnglish/apps/mobile/test/extended_flow_test.dart: word sorting preserves recall and the current flashcard
00:26 +123: C:/Users/ADMIN/Desktop/CocEnglish/apps/mobile/test/extended_flow_test.dart: family membership requires a family plan, deduplicates, and caps at six
00:26 +124: C:/Users/ADMIN/Desktop/CocEnglish/apps/mobile/test/extended_flow_test.dart: native words opens sort sheet and renders reordered rows
00:31 +125: C:/Users/ADMIN/Desktop/CocEnglish/apps/mobile/test/family_reaction_test.dart: reaction sends only once to an invited member of active family
00:33 +126: C:/Users/ADMIN/Desktop/CocEnglish/apps/mobile/test/foreign_achievements_route_test.dart: foreign awards are immutable read-only progress within each goal
00:33 +127: C:/Users/ADMIN/Desktop/CocEnglish/apps/mobile/test/foreign_achievements_route_test.dart: foreign View all retains owner through achievement list and Back
00:34 +128: C:/Users/ADMIN/Desktop/CocEnglish/apps/mobile/test/foreign_achievements_route_test.dart: foreign record cards do not invent learner record dates
00:34 +129: C:/Users/ADMIN/Desktop/CocEnglish/apps/mobile/test/foreign_achievements_route_test.dart: foreign detail cannot claim learner rewards; unknown owner fails safely
00:34 +130: C:/Users/ADMIN/Desktop/CocEnglish/apps/mobile/test/foreign_profile_header_test.dart: all foreign portrait choices belong to the original immutable catalog
00:34 +131: C:/Users/ADMIN/Desktop/CocEnglish/apps/mobile/test/foreign_profile_header_test.dart: foreign header places original avatar before identity and actions
═════════════════════════════════════════════════════════════════════════════════════════
[31m[1m  Rive Native: Failed to open dynamic library[0m
[33m  Library: rive_native.dll[0m

  To fix this issue, run the following command:
[36m[1m    dart run rive_native:setup --verbose --clean --platform windows[0m

  See the troubleshooting section in the docs for more information:
[36m[1m    https://rive.app/docs/runtimes/flutter/rive-native#troubleshooting[0m
═════════════════════════════════════════════════════════════════════════════════════════

═════════════════════════════════════════════════════════════════════════════════════════
[31m[1m  Rive Native: Failed to open dynamic library[0m
[33m  Library: rive_native.dll[0m

  To fix this issue, run the following command:
[36m[1m    dart run rive_native:setup --verbose --clean --platform windows[0m

  See the troubleshooting section in the docs for more information:
[36m[1m    https://rive.app/docs/runtimes/flutter/rive-native#troubleshooting[0m
═════════════════════════════════════════════════════════════════════════════════════════

═════════════════════════════════════════════════════════════════════════════════════════
[31m[1m  Rive Native: Failed to open dynamic library[0m
[33m  Library: rive_native.dll[0m

  To fix this issue, run the following command:
[36m[1m    dart run rive_native:setup --verbose --clean --platform windows[0m

  See the troubleshooting section in the docs for more information:
[36m[1m    https://rive.app/docs/runtimes/flutter/rive-native#troubleshooting[0m
═════════════════════════════════════════════════════════════════════════════════════════

00:35 +132: C:/Users/ADMIN/Desktop/CocEnglish/apps/mobile/test/foreign_profile_header_test.dart: follow share cancel and close retain foreign identity
00:36 +133: C:/Users/ADMIN/Desktop/CocEnglish/apps/mobile/test/foreign_profile_header_test.dart: foreign header text2 controls fit and direct Back is safe
00:36 +134: C:/Users/ADMIN/Desktop/CocEnglish/apps/mobile/test/foreign_profile_header_test.dart: hero controls follow source light and dark background metadata
00:36 +135: C:/Users/ADMIN/Desktop/CocEnglish/apps/mobile/test/foreign_profile_sections_test.dart: foreign strip has three source awards and owner counters
00:37 +136: C:/Users/ADMIN/Desktop/CocEnglish/apps/mobile/test/foreign_profile_sections_test.dart: safety actions preserve cancel and allow confirmed block then unblock
00:38 +137: C:/Users/ADMIN/Desktop/CocEnglish/apps/mobile/test/foreign_profile_sections_test.dart: unknown profile keeps the lower foreign block hidden
00:38 +138: C:/Users/ADMIN/Desktop/CocEnglish/apps/mobile/test/foreign_profile_sections_test.dart: award selection retains owner and returns to profile
00:38 +139: C:/Users/ADMIN/Desktop/CocEnglish/apps/mobile/test/foreign_profile_sections_test.dart: foreign achievement section is compact at 320 text2
00:38 +140: C:/Users/ADMIN/Desktop/CocEnglish/apps/mobile/test/foreign_profile_test.dart: every profile action fixture has an immutable display summary
00:38 +141: C:/Users/ADMIN/Desktop/CocEnglish/apps/mobile/test/foreign_profile_test.dart: foreign profile metrics do not borrow learner progress
00:39 +142: C:/Users/ADMIN/Desktop/CocEnglish/apps/mobile/test/foreign_profile_test.dart: own profile still delegates to its dedicated screen
00:41 +143: C:/Users/ADMIN/Desktop/CocEnglish/apps/mobile/test/full_frontend_qa_test.dart: all frontend states render at 360 / text 1.0
00:44 +144: C:/Users/ADMIN/Desktop/CocEnglish/apps/mobile/test/full_frontend_qa_test.dart: all frontend states render at 360 / text 2.0
00:46 +145: C:/Users/ADMIN/Desktop/CocEnglish/apps/mobile/test/full_frontend_qa_test.dart: all frontend states render at 430 / text 1.0
00:47 +146: C:/Users/ADMIN/Desktop/CocEnglish/apps/mobile/test/full_frontend_qa_test.dart: all frontend states render at 430 / text 1.0
00:47 +147: C:/Users/ADMIN/Desktop/CocEnglish/apps/mobile/test/full_frontend_qa_test.dart: all frontend states render at 430 / text 1.0
00:47 +148: C:/Users/ADMIN/Desktop/CocEnglish/apps/mobile/test/full_frontend_qa_test.dart: all frontend states render at 430 / text 1.0
00:47 +149: C:/Users/ADMIN/Desktop/CocEnglish/apps/mobile/test/full_frontend_qa_test.dart: all frontend states render at 430 / text 1.0
00:47 +150: C:/Users/ADMIN/Desktop/CocEnglish/apps/mobile/test/full_frontend_qa_test.dart: all frontend states render at 430 / text 1.0
00:47 +151: C:/Users/ADMIN/Desktop/CocEnglish/apps/mobile/test/full_frontend_qa_test.dart: all frontend states render at 430 / text 1.0
00:47 +152: C:/Users/ADMIN/Desktop/CocEnglish/apps/mobile/test/full_frontend_qa_test.dart: all frontend states render at 430 / text 1.0
00:47 +153: C:/Users/ADMIN/Desktop/CocEnglish/apps/mobile/test/full_frontend_qa_test.dart: all frontend states render at 430 / text 1.0
00:47 +154: C:/Users/ADMIN/Desktop/CocEnglish/apps/mobile/test/full_frontend_qa_test.dart: all frontend states render at 430 / text 1.0
00:47 +155: C:/Users/ADMIN/Desktop/CocEnglish/apps/mobile/test/full_frontend_qa_test.dart: all frontend states render at 430 / text 1.0
00:47 +156: C:/Users/ADMIN/Desktop/CocEnglish/apps/mobile/test/full_frontend_qa_test.dart: all frontend states render at 430 / text 1.0
00:47 +157: C:/Users/ADMIN/Desktop/CocEnglish/apps/mobile/test/full_frontend_qa_test.dart: all frontend states render at 430 / text 1.0
00:47 +158: C:/Users/ADMIN/Desktop/CocEnglish/apps/mobile/test/full_frontend_qa_test.dart: all frontend states render at 430 / text 1.0
00:47 +159: C:/Users/ADMIN/Desktop/CocEnglish/apps/mobile/test/full_frontend_qa_test.dart: all frontend states render at 430 / text 1.0
00:47 +160: C:/Users/ADMIN/Desktop/CocEnglish/apps/mobile/test/full_frontend_qa_test.dart: all frontend states render at 430 / text 1.0
00:47 +161: C:/Users/ADMIN/Desktop/CocEnglish/apps/mobile/test/full_frontend_qa_test.dart: all frontend states render at 430 / text 1.0
00:47 +162: C:/Users/ADMIN/Desktop/CocEnglish/apps/mobile/test/full_frontend_qa_test.dart: all frontend states render at 430 / text 1.0
00:47 +163: C:/Users/ADMIN/Desktop/CocEnglish/apps/mobile/test/full_frontend_qa_test.dart: all frontend states render at 430 / text 1.0
00:47 +164: C:/Users/ADMIN/Desktop/CocEnglish/apps/mobile/test/full_frontend_qa_test.dart: all frontend states render at 430 / text 1.0
00:47 +165: C:/Users/ADMIN/Desktop/CocEnglish/apps/mobile/test/full_frontend_qa_test.dart: all frontend states render at 430 / text 1.0
00:47 +166: C:/Users/ADMIN/Desktop/CocEnglish/apps/mobile/test/full_frontend_qa_test.dart: all frontend states render at 430 / text 1.0
00:47 +167: C:/Users/ADMIN/Desktop/CocEnglish/apps/mobile/test/full_frontend_qa_test.dart: all frontend states render at 430 / text 1.0
00:47 +168: C:/Users/ADMIN/Desktop/CocEnglish/apps/mobile/test/full_frontend_qa_test.dart: all frontend states render at 430 / text 1.0
00:48 +169: C:/Users/ADMIN/Desktop/CocEnglish/apps/mobile/test/full_frontend_qa_test.dart: all frontend states render at 430 / text 1.0
00:48 +170: C:/Users/ADMIN/Desktop/CocEnglish/apps/mobile/test/league_result_test.dart: authored result promotes to Silver and acknowledges 40 gems
00:48 +171: C:/Users/ADMIN/Desktop/CocEnglish/apps/mobile/test/league_result_test.dart: authored result promotes to Silver and acknowledges 40 gems
00:48 +172: C:/Users/ADMIN/Desktop/CocEnglish/apps/mobile/test/league_source_route_test.dart: one local lesson unlocks Welcome; Continue joins without reward
00:48 +173: C:/Users/ADMIN/Desktop/CocEnglish/apps/mobile/test/league_source_route_test.dart: one local lesson unlocks Welcome; Continue joins without reward
00:48 +174: C:/Users/ADMIN/Desktop/CocEnglish/apps/mobile/test/league_source_route_test.dart: one local lesson unlocks Welcome; Continue joins without reward
00:48 +175: C:/Users/ADMIN/Desktop/CocEnglish/apps/mobile/test/league_source_route_test.dart: one local lesson unlocks Welcome; Continue joins without reward
00:48 +176: C:/Users/ADMIN/Desktop/CocEnglish/apps/mobile/test/league_source_route_test.dart: one local lesson unlocks Welcome; Continue joins without reward
00:49 +176: C:/Users/ADMIN/Desktop/CocEnglish/apps/mobile/test/league_ranking_test.dart: foreign avatar state survives learner XP rank changes
═════════════════════════════════════════════════════════════════════════════════════════
[31m[1m  Rive Native: Failed to open dynamic library[0m
[33m  Library: rive_native.dll[0m

  To fix this issue, run the following command:
[36m[1m    dart run rive_native:setup --verbose --clean --platform windows[0m

  See the troubleshooting section in the docs for more information:
[36m[1m    https://rive.app/docs/runtimes/flutter/rive-native#troubleshooting[0m
═════════════════════════════════════════════════════════════════════════════════════════

═════════════════════════════════════════════════════════════════════════════════════════
[31m[1m  Rive Native: Failed to open dynamic library[0m
[33m  Library: rive_native.dll[0m

  To fix this issue, run the following command:
[36m[1m    dart run rive_native:setup --verbose --clean --platform windows[0m

  See the troubleshooting section in the docs for more information:
[36m[1m    https://rive.app/docs/runtimes/flutter/rive-native#troubleshooting[0m
═════════════════════════════════════════════════════════════════════════════════════════

═════════════════════════════════════════════════════════════════════════════════════════
[31m[1m  Rive Native: Failed to open dynamic library[0m
[33m  Library: rive_native.dll[0m

  To fix this issue, run the following command:
[36m[1m    dart run rive_native:setup --verbose --clean --platform windows[0m

  See the troubleshooting section in the docs for more information:
[36m[1m    https://rive.app/docs/runtimes/flutter/rive-native#troubleshooting[0m
═════════════════════════════════════════════════════════════════════════════════════════

00:49 +177: C:/Users/ADMIN/Desktop/CocEnglish/apps/mobile/test/league_source_route_test.dart: one local lesson unlocks Welcome; Continue joins without reward
00:49 +178: C:/Users/ADMIN/Desktop/CocEnglish/apps/mobile/test/league_source_route_test.dart: one local lesson unlocks Welcome; Continue joins without reward
00:49 +179: C:/Users/ADMIN/Desktop/CocEnglish/apps/mobile/test/league_source_route_test.dart: one local lesson unlocks Welcome; Continue joins without reward
00:49 +180: C:/Users/ADMIN/Desktop/CocEnglish/apps/mobile/test/league_source_route_test.dart: one local lesson unlocks Welcome; Continue joins without reward
00:49 +181: C:/Users/ADMIN/Desktop/CocEnglish/apps/mobile/test/league_source_route_test.dart: one local lesson unlocks Welcome; Continue joins without reward
00:49 +182: C:/Users/ADMIN/Desktop/CocEnglish/apps/mobile/test/league_source_route_test.dart: one local lesson unlocks Welcome; Continue joins without reward
00:49 +183: C:/Users/ADMIN/Desktop/CocEnglish/apps/mobile/test/league_source_route_test.dart: one local lesson unlocks Welcome; Continue joins without reward
00:49 +184: C:/Users/ADMIN/Desktop/CocEnglish/apps/mobile/test/league_source_route_test.dart: one local lesson unlocks Welcome; Continue joins without reward
═════════════════════════════════════════════════════════════════════════════════════════
[31m[1m  Rive Native: Failed to open dynamic library[0m
[33m  Library: rive_native.dll[0m

  To fix this issue, run the following command:
[36m[1m    dart run rive_native:setup --verbose --clean --platform windows[0m

  See the troubleshooting section in the docs for more information:
[36m[1m    https://rive.app/docs/runtimes/flutter/rive-native#troubleshooting[0m
═════════════════════════════════════════════════════════════════════════════════════════

═════════════════════════════════════════════════════════════════════════════════════════
[31m[1m  Rive Native: Failed to open dynamic library[0m
[33m  Library: rive_native.dll[0m

  To fix this issue, run the following command:
[36m[1m    dart run rive_native:setup --verbose --clean --platform windows[0m

  See the troubleshooting section in the docs for more information:
[36m[1m    https://rive.app/docs/runtimes/flutter/rive-native#troubleshooting[0m
═════════════════════════════════════════════════════════════════════════════════════════

═════════════════════════════════════════════════════════════════════════════════════════
[31m[1m  Rive Native: Failed to open dynamic library[0m
[33m  Library: rive_native.dll[0m

  To fix this issue, run the following command:
[36m[1m    dart run rive_native:setup --verbose --clean --platform windows[0m

  See the troubleshooting section in the docs for more information:
[36m[1m    https://rive.app/docs/runtimes/flutter/rive-native#troubleshooting[0m
═════════════════════════════════════════════════════════════════════════════════════════

00:50 +185: C:/Users/ADMIN/Desktop/CocEnglish/apps/mobile/test/league_source_route_test.dart: one local lesson unlocks Welcome; Continue joins without reward
00:50 +186: C:/Users/ADMIN/Desktop/CocEnglish/apps/mobile/test/league_source_route_test.dart: one local lesson unlocks Welcome; Continue joins without reward
00:50 +187: C:/Users/ADMIN/Desktop/CocEnglish/apps/mobile/test/full_frontend_qa_test.dart: all frontend states render at 430 / text 2.0
00:50 +188: C:/Users/ADMIN/Desktop/CocEnglish/apps/mobile/test/learning_flow_test.dart: complete the native lesson, claim once, return to the unlocked path
00:50 +189: C:/Users/ADMIN/Desktop/CocEnglish/apps/mobile/test/learning_flow_test.dart: complete the native lesson, claim once, return to the unlocked path
00:50 +190: C:/Users/ADMIN/Desktop/CocEnglish/apps/mobile/test/learning_flow_test.dart: complete the native lesson, claim once, return to the unlocked path
00:50 +191: C:/Users/ADMIN/Desktop/CocEnglish/apps/mobile/test/learning_flow_test.dart: complete the native lesson, claim once, return to the unlocked path
00:50 +192: C:/Users/ADMIN/Desktop/CocEnglish/apps/mobile/test/learning_flow_test.dart: complete the native lesson, claim once, return to the unlocked path
00:50 +193: C:/Users/ADMIN/Desktop/CocEnglish/apps/mobile/test/learning_flow_test.dart: complete the native lesson, claim once, return to the unlocked path
00:50 +194: C:/Users/ADMIN/Desktop/CocEnglish/apps/mobile/test/learning_flow_test.dart: complete the native lesson, claim once, return to the unlocked path
00:50 +195: C:/Users/ADMIN/Desktop/CocEnglish/apps/mobile/test/learning_flow_test.dart: complete the native lesson, claim once, return to the unlocked path
00:50 +196: C:/Users/ADMIN/Desktop/CocEnglish/apps/mobile/test/learning_flow_test.dart: complete the native lesson, claim once, return to the unlocked path
00:51 +197: C:/Users/ADMIN/Desktop/CocEnglish/apps/mobile/test/learning_flow_test.dart: complete the native lesson, claim once, return to the unlocked path
00:51 +198: C:/Users/ADMIN/Desktop/CocEnglish/apps/mobile/test/learning_flow_test.dart: complete the native lesson, claim once, return to the unlocked path
00:51 +199: C:/Users/ADMIN/Desktop/CocEnglish/apps/mobile/test/learning_flow_test.dart: complete the native lesson, claim once, return to the unlocked path
00:51 +200: C:/Users/ADMIN/Desktop/CocEnglish/apps/mobile/test/learning_flow_test.dart: complete the native lesson, claim once, return to the unlocked path
00:51 +201: C:/Users/ADMIN/Desktop/CocEnglish/apps/mobile/test/learning_flow_test.dart: complete the native lesson, claim once, return to the unlocked path
00:51 +202: C:/Users/ADMIN/Desktop/CocEnglish/apps/mobile/test/learning_flow_test.dart: complete the native lesson, claim once, return to the unlocked path
00:51 +203: C:/Users/ADMIN/Desktop/CocEnglish/apps/mobile/test/learning_flow_test.dart: complete the native lesson, claim once, return to the unlocked path
00:51 +204: C:/Users/ADMIN/Desktop/CocEnglish/apps/mobile/test/learning_flow_test.dart: complete the native lesson, claim once, return to the unlocked path
00:51 +205: C:/Users/ADMIN/Desktop/CocEnglish/apps/mobile/test/learning_flow_test.dart: complete the native lesson, claim once, return to the unlocked path
00:51 +206: C:/Users/ADMIN/Desktop/CocEnglish/apps/mobile/test/learning_flow_test.dart: complete the native lesson, claim once, return to the unlocked path
00:51 +207: C:/Users/ADMIN/Desktop/CocEnglish/apps/mobile/test/learning_flow_test.dart: complete the native lesson, claim once, return to the unlocked path
00:51 +208: C:/Users/ADMIN/Desktop/CocEnglish/apps/mobile/test/learning_flow_test.dart: complete the native lesson, claim once, return to the unlocked path
00:51 +209: C:/Users/ADMIN/Desktop/CocEnglish/apps/mobile/test/learning_flow_test.dart: complete the native lesson, claim once, return to the unlocked path
00:52 +210: C:/Users/ADMIN/Desktop/CocEnglish/apps/mobile/test/learning_flow_test.dart: complete the native lesson, claim once, return to the unlocked path
00:52 +211: C:/Users/ADMIN/Desktop/CocEnglish/apps/mobile/test/learning_flow_test.dart: complete the native lesson, claim once, return to the unlocked path
00:52 +212: C:/Users/ADMIN/Desktop/CocEnglish/apps/mobile/test/learning_flow_test.dart: complete the native lesson, claim once, return to the unlocked path
00:52 +213: C:/Users/ADMIN/Desktop/CocEnglish/apps/mobile/test/learning_flow_test.dart: complete the native lesson, claim once, return to the unlocked path
00:52 +214: C:/Users/ADMIN/Desktop/CocEnglish/apps/mobile/test/learning_flow_test.dart: complete the native lesson, claim once, return to the unlocked path
00:52 +215: C:/Users/ADMIN/Desktop/CocEnglish/apps/mobile/test/learning_flow_test.dart: complete the native lesson, claim once, return to the unlocked path
00:52 +216: C:/Users/ADMIN/Desktop/CocEnglish/apps/mobile/test/learning_flow_test.dart: complete the native lesson, claim once, return to the unlocked path
00:52 +217: C:/Users/ADMIN/Desktop/CocEnglish/apps/mobile/test/learning_flow_test.dart: complete the native lesson, claim once, return to the unlocked path
00:52 +218: C:/Users/ADMIN/Desktop/CocEnglish/apps/mobile/test/learning_flow_test.dart: complete the native lesson, claim once, return to the unlocked path
00:52 +219: C:/Users/ADMIN/Desktop/CocEnglish/apps/mobile/test/learning_flow_test.dart: complete the native lesson, claim once, return to the unlocked path
00:52 +220: C:/Users/ADMIN/Desktop/CocEnglish/apps/mobile/test/learning_flow_test.dart: complete the native lesson, claim once, return to the unlocked path
00:52 +221: C:/Users/ADMIN/Desktop/CocEnglish/apps/mobile/test/learning_flow_test.dart: complete the native lesson, claim once, return to the unlocked path
00:52 +222: C:/Users/ADMIN/Desktop/CocEnglish/apps/mobile/test/learning_flow_test.dart: complete the native lesson, claim once, return to the unlocked path
00:52 +223: C:/Users/ADMIN/Desktop/CocEnglish/apps/mobile/test/learning_flow_test.dart: complete the native lesson, claim once, return to the unlocked path
00:53 +224: C:/Users/ADMIN/Desktop/CocEnglish/apps/mobile/test/learning_flow_test.dart: complete the native lesson, claim once, return to the unlocked path
00:53 +225: C:/Users/ADMIN/Desktop/CocEnglish/apps/mobile/test/max_flow_test.dart: routed mock checkout dismiss preserves selection and confirms only explicitly
00:53 +226: C:/Users/ADMIN/Desktop/CocEnglish/apps/mobile/test/max_flow_test.dart: routed mock checkout dismiss preserves selection and confirms only explicitly
00:53 +227: C:/Users/ADMIN/Desktop/CocEnglish/apps/mobile/test/onboarding_flow_test.dart: language requires a selection and Back retains it
00:53 +228: C:/Users/ADMIN/Desktop/CocEnglish/apps/mobile/test/onboarding_flow_test.dart: language requires a selection and Back retains it
00:53 +229: C:/Users/ADMIN/Desktop/CocEnglish/apps/mobile/test/onboarding_flow_test.dart: language requires a selection and Back retains it
00:53 +230: C:/Users/ADMIN/Desktop/CocEnglish/apps/mobile/test/own_profile_screen_test.dart: lower profile keeps its header and opens monthly badges
00:53 +231: C:/Users/ADMIN/Desktop/CocEnglish/apps/mobile/test/own_profile_screen_test.dart: lower profile keeps its header and opens monthly badges
00:53 +232: C:/Users/ADMIN/Desktop/CocEnglish/apps/mobile/test/own_profile_screen_test.dart: lower profile keeps its header and opens monthly badges
00:53 +233: C:/Users/ADMIN/Desktop/CocEnglish/apps/mobile/test/own_profile_screen_test.dart: lower profile keeps its header and opens monthly badges
00:53 +234: C:/Users/ADMIN/Desktop/CocEnglish/apps/mobile/test/own_profile_screen_test.dart: lower profile keeps its header and opens monthly badges
00:53 +235: C:/Users/ADMIN/Desktop/CocEnglish/apps/mobile/test/own_profile_screen_test.dart: lower profile keeps its header and opens monthly badges
00:54 +236: C:/Users/ADMIN/Desktop/CocEnglish/apps/mobile/test/own_profile_screen_test.dart: lower profile keeps its header and opens monthly badges
00:54 +237: C:/Users/ADMIN/Desktop/CocEnglish/apps/mobile/test/own_profile_screen_test.dart: lower profile keeps its header and opens monthly badges
00:54 +238: C:/Users/ADMIN/Desktop/CocEnglish/apps/mobile/test/own_profile_screen_test.dart: lower profile keeps its header and opens monthly badges
00:54 +239: C:/Users/ADMIN/Desktop/CocEnglish/apps/mobile/test/own_profile_screen_test.dart: lower profile keeps its header and opens monthly badges
00:54 +240: C:/Users/ADMIN/Desktop/CocEnglish/apps/mobile/test/own_profile_screen_test.dart: lower profile keeps its header and opens monthly badges
00:54 +241: C:/Users/ADMIN/Desktop/CocEnglish/apps/mobile/test/own_profile_screen_test.dart: lower profile keeps its header and opens monthly badges
00:54 +242: C:/Users/ADMIN/Desktop/CocEnglish/apps/mobile/test/own_profile_screen_test.dart: lower profile keeps its header and opens monthly badges
00:54 +243: C:/Users/ADMIN/Desktop/CocEnglish/apps/mobile/test/own_profile_screen_test.dart: lower profile keeps its header and opens monthly badges
00:54 +244: C:/Users/ADMIN/Desktop/CocEnglish/apps/mobile/test/own_profile_screen_test.dart: lower profile keeps its header and opens monthly badges
00:54 +245: C:/Users/ADMIN/Desktop/CocEnglish/apps/mobile/test/max_flow_test.dart: Max states fit 430.0 text 2.0
00:54 +246: C:/Users/ADMIN/Desktop/CocEnglish/apps/mobile/test/max_flow_test.dart: Max states fit 430.0 text 2.0
00:54 +247: C:/Users/ADMIN/Desktop/CocEnglish/apps/mobile/test/max_flow_test.dart: Max states fit 430.0 text 2.0
00:54 +248: C:/Users/ADMIN/Desktop/CocEnglish/apps/mobile/test/max_flow_test.dart: Max states fit 430.0 text 2.0
00:54 +249: C:/Users/ADMIN/Desktop/CocEnglish/apps/mobile/test/own_profile_screen_test.dart: profile shows live progress and each social counter route
00:54 +250: C:/Users/ADMIN/Desktop/CocEnglish/apps/mobile/test/own_profile_screen_test.dart: profile shows live progress and each social counter route
00:54 +251: C:/Users/ADMIN/Desktop/CocEnglish/apps/mobile/test/own_profile_screen_test.dart: profile shows live progress and each social counter route
00:54 +252: C:/Users/ADMIN/Desktop/CocEnglish/apps/mobile/test/password_change_ui_test.dart: save validates, retains input on failure and returns after retry
00:54 +253: C:/Users/ADMIN/Desktop/CocEnglish/apps/mobile/test/password_change_ui_test.dart: save validates, retains input on failure and returns after retry
00:54 +254: C:/Users/ADMIN/Desktop/CocEnglish/apps/mobile/test/password_change_ui_test.dart: save validates, retains input on failure and returns after retry
00:54 +255: C:/Users/ADMIN/Desktop/CocEnglish/apps/mobile/test/password_change_ui_test.dart: save validates, retains input on failure and returns after retry
00:54 +256: C:/Users/ADMIN/Desktop/CocEnglish/apps/mobile/test/password_change_ui_test.dart: save validates, retains input on failure and returns after retry
00:55 +257: C:/Users/ADMIN/Desktop/CocEnglish/apps/mobile/test/password_change_ui_test.dart: save validates, retains input on failure and returns after retry
00:55 +258: C:/Users/ADMIN/Desktop/CocEnglish/apps/mobile/test/password_change_ui_test.dart: save validates, retains input on failure and returns after retry
00:55 +259: C:/Users/ADMIN/Desktop/CocEnglish/apps/mobile/test/password_change_ui_test.dart: save validates, retains input on failure and returns after retry
00:55 +260: C:/Users/ADMIN/Desktop/CocEnglish/apps/mobile/test/password_change_ui_test.dart: save validates, retains input on failure and returns after retry
00:55 +261: C:/Users/ADMIN/Desktop/CocEnglish/apps/mobile/test/password_change_ui_test.dart: save validates, retains input on failure and returns after retry
00:55 +262: C:/Users/ADMIN/Desktop/CocEnglish/apps/mobile/test/password_change_ui_test.dart: save validates, retains input on failure and returns after retry
00:55 +263: C:/Users/ADMIN/Desktop/CocEnglish/apps/mobile/test/password_change_ui_test.dart: save validates, retains input on failure and returns after retry
00:55 +264: C:/Users/ADMIN/Desktop/CocEnglish/apps/mobile/test/password_change_ui_test.dart: save validates, retains input on failure and returns after retry
00:55 +264: C:/Users/ADMIN/Desktop/CocEnglish/apps/mobile/test/own_profile_screen_test.dart: saved avatar and score card use saved state and independent actions
═════════════════════════════════════════════════════════════════════════════════════════
[31m[1m  Rive Native: Failed to open dynamic library[0m
[33m  Library: rive_native.dll[0m

  To fix this issue, run the following command:
[36m[1m    dart run rive_native:setup --verbose --clean --platform windows[0m

  See the troubleshooting section in the docs for more information:
[36m[1m    https://rive.app/docs/runtimes/flutter/rive-native#troubleshooting[0m
═════════════════════════════════════════════════════════════════════════════════════════

═════════════════════════════════════════════════════════════════════════════════════════
[31m[1m  Rive Native: Failed to open dynamic library[0m
[33m  Library: rive_native.dll[0m

  To fix this issue, run the following command:
[36m[1m    dart run rive_native:setup --verbose --clean --platform windows[0m

  See the troubleshooting section in the docs for more information:
[36m[1m    https://rive.app/docs/runtimes/flutter/rive-native#troubleshooting[0m
═════════════════════════════════════════════════════════════════════════════════════════

═════════════════════════════════════════════════════════════════════════════════════════
[31m[1m  Rive Native: Failed to open dynamic library[0m
[33m  Library: rive_native.dll[0m

  To fix this issue, run the following command:
[36m[1m    dart run rive_native:setup --verbose --clean --platform windows[0m

  See the troubleshooting section in the docs for more information:
[36m[1m    https://rive.app/docs/runtimes/flutter/rive-native#troubleshooting[0m
═════════════════════════════════════════════════════════════════════════════════════════

00:55 +265: C:/Users/ADMIN/Desktop/CocEnglish/apps/mobile/test/password_change_ui_test.dart: save validates, retains input on failure and returns after retry
00:55 +266: C:/Users/ADMIN/Desktop/CocEnglish/apps/mobile/test/password_change_ui_test.dart: save validates, retains input on failure and returns after retry
00:55 +267: C:/Users/ADMIN/Desktop/CocEnglish/apps/mobile/test/password_change_ui_test.dart: save validates, retains input on failure and returns after retry
00:55 +268: C:/Users/ADMIN/Desktop/CocEnglish/apps/mobile/test/password_change_ui_test.dart: save validates, retains input on failure and returns after retry
00:55 +269: C:/Users/ADMIN/Desktop/CocEnglish/apps/mobile/test/password_change_ui_test.dart: save validates, retains input on failure and returns after retry
00:55 +270: C:/Users/ADMIN/Desktop/CocEnglish/apps/mobile/test/practice_flow_test.dart: practice hub keeps source hierarchy at text scale two
00:55 +271: C:/Users/ADMIN/Desktop/CocEnglish/apps/mobile/test/practice_flow_test.dart: practice hub keeps source hierarchy at text scale two
00:56 +272: C:/Users/ADMIN/Desktop/CocEnglish/apps/mobile/test/practice_flow_test.dart: practice hub keeps source hierarchy at text scale two
00:56 +273: C:/Users/ADMIN/Desktop/CocEnglish/apps/mobile/test/practice_flow_test.dart: practice hub keeps source hierarchy at text scale two
00:56 +274: C:/Users/ADMIN/Desktop/CocEnglish/apps/mobile/test/practice_flow_test.dart: practice hub keeps source hierarchy at text scale two
00:56 +275: C:/Users/ADMIN/Desktop/CocEnglish/apps/mobile/test/practice_flow_test.dart: practice hub keeps source hierarchy at text scale two
00:56 +276: C:/Users/ADMIN/Desktop/CocEnglish/apps/mobile/test/practice_flow_test.dart: practice hub keeps source hierarchy at text scale two
00:56 +277: C:/Users/ADMIN/Desktop/CocEnglish/apps/mobile/test/practice_flow_test.dart: practice hub keeps source hierarchy at text scale two
00:56 +278: C:/Users/ADMIN/Desktop/CocEnglish/apps/mobile/test/practice_flow_test.dart: practice hub keeps source hierarchy at text scale two
00:56 +279: C:/Users/ADMIN/Desktop/CocEnglish/apps/mobile/test/practice_flow_test.dart: practice hub keeps source hierarchy at text scale two
00:56 +280: C:/Users/ADMIN/Desktop/CocEnglish/apps/mobile/test/practice_flow_test.dart: practice hub keeps source hierarchy at text scale two
00:56 +281: C:/Users/ADMIN/Desktop/CocEnglish/apps/mobile/test/practice_flow_test.dart: practice hub keeps source hierarchy at text scale two
00:56 +282: C:/Users/ADMIN/Desktop/CocEnglish/apps/mobile/test/practice_flow_test.dart: practice hub keeps source hierarchy at text scale two
00:56 +283: C:/Users/ADMIN/Desktop/CocEnglish/apps/mobile/test/own_profile_screen_test.dart: paid plan shows its original profile badge
00:56 +284: C:/Users/ADMIN/Desktop/CocEnglish/apps/mobile/test/onboarding_flow_test.dart: questions fits width 430.0 with text scale 2
00:56 +285: C:/Users/ADMIN/Desktop/CocEnglish/apps/mobile/test/practice_flow_test.dart: word practice reveals an answer and records local recall
00:56 +286: C:/Users/ADMIN/Desktop/CocEnglish/apps/mobile/test/practice_flow_test.dart: word practice reveals an answer and records local recall
00:56 +287: C:/Users/ADMIN/Desktop/CocEnglish/apps/mobile/test/practice_flow_test.dart: word practice reveals an answer and records local recall
00:56 +288: C:/Users/ADMIN/Desktop/CocEnglish/apps/mobile/test/practice_flow_test.dart: word practice reveals an answer and records local recall
00:56 +289: C:/Users/ADMIN/Desktop/CocEnglish/apps/mobile/test/practice_flow_test.dart: word practice reveals an answer and records local recall
00:56 +290: C:/Users/ADMIN/Desktop/CocEnglish/apps/mobile/test/onboarding_flow_test.dart: routine fits width 430.0 with text scale 2
00:56 +291: C:/Users/ADMIN/Desktop/CocEnglish/apps/mobile/test/practice_flow_test.dart: denied speech uses an assisted guest text substitution
00:56 +292: C:/Users/ADMIN/Desktop/CocEnglish/apps/mobile/test/practice_flow_test.dart: denied speech uses an assisted guest text substitution
00:56 +293: C:/Users/ADMIN/Desktop/CocEnglish/apps/mobile/test/practice_flow_test.dart: denied speech uses an assisted guest text substitution
00:56 +294: C:/Users/ADMIN/Desktop/CocEnglish/apps/mobile/test/onboarding_flow_test.dart: reminder fits width 430.0 with text scale 2
00:56 +295: C:/Users/ADMIN/Desktop/CocEnglish/apps/mobile/test/practice_flow_test.dart: background resets recording and disposal cancels its callback
00:56 +296: C:/Users/ADMIN/Desktop/CocEnglish/apps/mobile/test/practice_flow_test.dart: background resets recording and disposal cancels its callback
00:56 +297: C:/Users/ADMIN/Desktop/CocEnglish/apps/mobile/test/onboarding_flow_test.dart: benefits fits width 430.0 with text scale 2
00:56 +298: C:/Users/ADMIN/Desktop/CocEnglish/apps/mobile/test/practice_flow_test.dart: call reconnects safely after app resumes
00:56 +299: C:/Users/ADMIN/Desktop/CocEnglish/apps/mobile/test/practice_flow_test.dart: call reconnects safely after app resumes
00:56 +300: C:/Users/ADMIN/Desktop/CocEnglish/apps/mobile/test/practice_flow_test.dart: call reconnects safely after app resumes
00:57 +301: C:/Users/ADMIN/Desktop/CocEnglish/apps/mobile/test/practice_flow_test.dart: call reconnects safely after app resumes
00:57 +302: C:/Users/ADMIN/Desktop/CocEnglish/apps/mobile/test/onboarding_flow_test.dart: lessonEntry fits width 430.0 with text scale 2
00:57 +303: C:/Users/ADMIN/Desktop/CocEnglish/apps/mobile/test/product_surface_test.dart: badges and family invite keep engineering notes out of product copy
00:57 +304: C:/Users/ADMIN/Desktop/CocEnglish/apps/mobile/test/profile_actions_route_test.dart: unknown profile is unavailable and cannot mutate social state
00:58 +305: C:/Users/ADMIN/Desktop/CocEnglish/apps/mobile/test/profile_actions_route_test.dart: unknown profile is unavailable and cannot mutate social state
00:58 +306: C:/Users/ADMIN/Desktop/CocEnglish/apps/mobile/test/profile_actions_route_test.dart: League profile uses the same identity for block, report and following
00:58 +307: C:/Users/ADMIN/Desktop/CocEnglish/apps/mobile/test/profile_actions_route_test.dart: League profile uses the same identity for block, report and following
00:58 +308: C:/Users/ADMIN/Desktop/CocEnglish/apps/mobile/test/profile_actions_route_test.dart: League profile uses the same identity for block, report and following
00:58 +309: C:/Users/ADMIN/Desktop/CocEnglish/apps/mobile/test/profile_actions_route_test.dart: League profile uses the same identity for block, report and following
00:58 +310: C:/Users/ADMIN/Desktop/CocEnglish/apps/mobile/test/profile_actions_route_test.dart: League profile uses the same identity for block, report and following
00:59 +311: C:/Users/ADMIN/Desktop/CocEnglish/apps/mobile/test/profile_actions_route_test.dart: report cancellation retains following; confirm blocks once and unblock does not refollow
00:59 +312: C:/Users/ADMIN/Desktop/CocEnglish/apps/mobile/test/profile_actions_route_test.dart: own profile link copies actual local URL then closes back to profile
01:00 +313: C:/Users/ADMIN/Desktop/CocEnglish/apps/mobile/test/profile_actions_ui_test.dart: own profile QR uses saved avatar; foreign QR uses authored owner avatar
═════════════════════════════════════════════════════════════════════════════════════════
[31m[1m  Rive Native: Failed to open dynamic library[0m
[33m  Library: rive_native.dll[0m

  To fix this issue, run the following command:
[36m[1m    dart run rive_native:setup --verbose --clean --platform windows[0m

  See the troubleshooting section in the docs for more information:
[36m[1m    https://rive.app/docs/runtimes/flutter/rive-native#troubleshooting[0m
═════════════════════════════════════════════════════════════════════════════════════════

═════════════════════════════════════════════════════════════════════════════════════════
[31m[1m  Rive Native: Failed to open dynamic library[0m
[33m  Library: rive_native.dll[0m

  To fix this issue, run the following command:
[36m[1m    dart run rive_native:setup --verbose --clean --platform windows[0m

  See the troubleshooting section in the docs for more information:
[36m[1m    https://rive.app/docs/runtimes/flutter/rive-native#troubleshooting[0m
═════════════════════════════════════════════════════════════════════════════════════════

01:00 +314: C:/Users/ADMIN/Desktop/CocEnglish/apps/mobile/test/profile_actions_ui_test.dart: own profile QR uses saved avatar; foreign QR uses authored owner avatar
═════════════════════════════════════════════════════════════════════════════════════════
[31m[1m  Rive Native: Failed to open dynamic library[0m
[33m  Library: rive_native.dll[0m

  To fix this issue, run the following command:
[36m[1m    dart run rive_native:setup --verbose --clean --platform windows[0m

  See the troubleshooting section in the docs for more information:
[36m[1m    https://rive.app/docs/runtimes/flutter/rive-native#troubleshooting[0m
═════════════════════════════════════════════════════════════════════════════════════════

01:01 +315: C:/Users/ADMIN/Desktop/CocEnglish/apps/mobile/test/profile_actions_ui_test.dart: QR data and copied link match; copy preserves dialog and can retry
01:01 +316: C:/Users/ADMIN/Desktop/CocEnglish/apps/mobile/test/profile_actions_ui_test.dart: profile share controls width360.0 text1.0 remain usable
01:01 +317: C:/Users/ADMIN/Desktop/CocEnglish/apps/mobile/test/profile_actions_ui_test.dart: profile share controls width360.0 text2.0 remain usable
01:01 +318: C:/Users/ADMIN/Desktop/CocEnglish/apps/mobile/test/profile_actions_ui_test.dart: profile share controls width430.0 text1.0 remain usable
01:01 +319: C:/Users/ADMIN/Desktop/CocEnglish/apps/mobile/test/profile_actions_ui_test.dart: profile share controls width430.0 text2.0 remain usable
01:01 +320: C:/Users/ADMIN/Desktop/CocEnglish/apps/mobile/test/profile_editor_test.dart: full name boundary rejects atomically with the canonical limit
01:01 +321: C:/Users/ADMIN/Desktop/CocEnglish/apps/mobile/test/profile_editor_test.dart: profile save is atomic and rejects a phone with no digits
01:01 +322: C:/Users/ADMIN/Desktop/CocEnglish/apps/mobile/test/profile_editor_test.dart: full profile fields preserve draft on validation failure
01:02 +323: C:/Users/ADMIN/Desktop/CocEnglish/apps/mobile/test/profile_editor_test.dart: full profile fields preserve draft on validation failure
01:02 +324: C:/Users/ADMIN/Desktop/CocEnglish/apps/mobile/test/profile_lists_route_test.dart: source lists scroll without clipping at 320 and text scale two
01:03 +325: C:/Users/ADMIN/Desktop/CocEnglish/apps/mobile/test/profile_lists_route_test.dart: profile courses reflect enrollment; opening the list does not switch English
01:03 +326: C:/Users/ADMIN/Desktop/CocEnglish/apps/mobile/test/profile_sections_test.dart: empty Friend Streak slots invite and heading opens friends view
01:04 +327: C:/Users/ADMIN/Desktop/CocEnglish/apps/mobile/test/profile_sections_test.dart: empty Friend Streak slots invite and heading opens friends view
01:04 +328: C:/Users/ADMIN/Desktop/CocEnglish/apps/mobile/test/profile_lists_route_test.dart: changing friend route query selects the requested tab in the reused page
01:04 +329: C:/Users/ADMIN/Desktop/CocEnglish/apps/mobile/test/profile_sections_test.dart: accepted and pending friends update avatars without archived counts
01:04 +330: C:/Users/ADMIN/Desktop/CocEnglish/apps/mobile/test/profile_lists_route_test.dart: populated followers follow back once and retain source state on return
01:04 +331: C:/Users/ADMIN/Desktop/CocEnglish/apps/mobile/test/profile_lists_route_test.dart: populated followers follow back once and retain source state on return
01:04 +332: C:/Users/ADMIN/Desktop/CocEnglish/apps/mobile/test/profile_sections_test.dart: family section is conditional and reflects local member state
01:04 +333: C:/Users/ADMIN/Desktop/CocEnglish/apps/mobile/test/profile_surface_capture_test.dart: capture native source profile and language lists
01:05 +334: C:/Users/ADMIN/Desktop/CocEnglish/apps/mobile/test/profile_weekly_progress_test.dart: canvas labels inherit font and repaint when typography changes
01:05 +335: C:/Users/ADMIN/Desktop/CocEnglish/apps/mobile/test/profile_weekly_progress_test.dart: canvas labels inherit font and repaint when typography changes
01:05 +336: C:/Users/ADMIN/Desktop/CocEnglish/apps/mobile/test/profile_weekly_progress_test.dart: weekly fixtures cover known profiles and expose immutable seven days
01:05 +337: C:/Users/ADMIN/Desktop/CocEnglish/apps/mobile/test/profile_weekly_progress_test.dart: learner receipts change only You weekly progress
01:05 +338: C:/Users/ADMIN/Desktop/CocEnglish/apps/mobile/test/profile_weekly_progress_test.dart: axis keeps a zero floor and expands for large learner values
01:05 +339: C:/Users/ADMIN/Desktop/CocEnglish/apps/mobile/test/profile_weekly_progress_test.dart: 320 text2 chart remains accessible without overflow
01:06 +340: C:/Users/ADMIN/Desktop/CocEnglish/apps/mobile/test/reference_art_cache_test.dart: original illustration survives cache eviction and releases after navigation
01:06 +341: C:/Users/ADMIN/Desktop/CocEnglish/apps/mobile/test/reference_button_test.dart: tactile edge depresses on press and cancellation does not act
01:07 +342: C:/Users/ADMIN/Desktop/CocEnglish/apps/mobile/test/registration_controller_test.dart: registration preserves input on duplicate email and clears password after success
01:07 +343: C:/Users/ADMIN/Desktop/CocEnglish/apps/mobile/test/registration_controller_test.dart: invalid age does not advance and Back keeps existing names
01:07 +344: C:/Users/ADMIN/Desktop/CocEnglish/apps/mobile/test/saved_account_management_test.dart: Manage accounts opens full screen and Done preserves account
01:08 +345: C:/Users/ADMIN/Desktop/CocEnglish/apps/mobile/test/saved_account_management_test.dart: Manage accounts opens full screen and Done preserves account
01:08 +346: C:/Users/ADMIN/Desktop/CocEnglish/apps/mobile/test/saved_account_management_test.dart: Manage accounts opens full screen and Done preserves account
01:08 +347: C:/Users/ADMIN/Desktop/CocEnglish/apps/mobile/test/saved_account_management_test.dart: Manage accounts opens full screen and Done preserves account
01:08 +348: C:/Users/ADMIN/Desktop/CocEnglish/apps/mobile/test/saved_account_management_test.dart: Manage accounts opens full screen and Done preserves account
01:08 +349: C:/Users/ADMIN/Desktop/CocEnglish/apps/mobile/test/score_information_test.dart: current high score scrolls its selected range into view
01:08 +350: C:/Users/ADMIN/Desktop/CocEnglish/apps/mobile/test/score_information_test.dart: current high score scrolls its selected range into view
01:08 +351: C:/Users/ADMIN/Desktop/CocEnglish/apps/mobile/test/score_information_test.dart: current high score scrolls its selected range into view
01:08 +352: C:/Users/ADMIN/Desktop/CocEnglish/apps/mobile/test/score_information_test.dart: current high score scrolls its selected range into view
01:08 +353: C:/Users/ADMIN/Desktop/CocEnglish/apps/mobile/test/score_information_test.dart: current high score scrolls its selected range into view
01:09 +354: C:/Users/ADMIN/Desktop/CocEnglish/apps/mobile/test/score_information_test.dart: current high score scrolls its selected range into view
01:09 +355: C:/Users/ADMIN/Desktop/CocEnglish/apps/mobile/test/score_information_test.dart: locked range, clipboard retry and narrow text2 remain usable
01:09 +356: C:/Users/ADMIN/Desktop/CocEnglish/apps/mobile/test/score_information_test.dart: course panel derives score progress from learning state
01:09 +357: C:/Users/ADMIN/Desktop/CocEnglish/apps/mobile/test/score_information_test.dart: playback pauses in background and timer is disposed safely
01:09 +358: C:/Users/ADMIN/Desktop/CocEnglish/apps/mobile/test/score_information_test.dart: close returns to the prior profile route
01:09 +359: C:/Users/ADMIN/Desktop/CocEnglish/apps/mobile/test/score_information_test.dart: close returns with the course popover still open
01:10 +360: C:/Users/ADMIN/Desktop/CocEnglish/apps/mobile/test/session_finish_routing_test.dart: settings opens all new histories and preserves learner progress
01:11 +361: C:/Users/ADMIN/Desktop/CocEnglish/apps/mobile/test/session_finish_routing_test.dart: settings opens all new histories and preserves learner progress
01:11 +362: C:/Users/ADMIN/Desktop/CocEnglish/apps/mobile/test/session_finish_routing_test.dart: settings opens all new histories and preserves learner progress
01:12 +363: C:/Users/ADMIN/Desktop/CocEnglish/apps/mobile/test/social_route_test.dart: real streak accept, cancel remove, confirm remove and invite retain Back state
01:12 +364: C:/Users/ADMIN/Desktop/CocEnglish/apps/mobile/test/social_route_test.dart: real Family nudge dismiss preserves choice, send is local and once-only
01:12 +365: C:/Users/ADMIN/Desktop/CocEnglish/apps/mobile/test/social_route_test.dart: actual clash pauses for sheet/background and resumes saved answer on Back
01:13 +366: C:/Users/ADMIN/Desktop/CocEnglish/apps/mobile/test/social_route_test.dart: actual clash pauses for sheet/background and resumes saved answer on Back
01:13 +367: C:/Users/ADMIN/Desktop/CocEnglish/apps/mobile/test/social_route_test.dart: Family reaction choices expose labeled selected buttons
01:13 +368: C:/Users/ADMIN/Desktop/CocEnglish/apps/mobile/test/social_route_test.dart: actual achievement navigation tracks detail routes and deep-link Back returns home
01:13 +369: C:/Users/ADMIN/Desktop/CocEnglish/apps/mobile/test/social_route_test.dart: actual achievement navigation tracks detail routes and deep-link Back returns home
01:13 +370: C:/Users/ADMIN/Desktop/CocEnglish/apps/mobile/test/social_route_test.dart: actual achievement navigation tracks detail routes and deep-link Back returns home
01:13 +371: C:/Users/ADMIN/Desktop/CocEnglish/apps/mobile/test/social_route_test.dart: actual achievement navigation tracks detail routes and deep-link Back returns home
01:13 +372: C:/Users/ADMIN/Desktop/CocEnglish/apps/mobile/test/social_route_test.dart: actual achievement navigation tracks detail routes and deep-link Back returns home
01:13 +373: C:/Users/ADMIN/Desktop/CocEnglish/apps/mobile/test/social_route_test.dart: social layout width360.0 text1.0
01:14 +374: C:/Users/ADMIN/Desktop/CocEnglish/apps/mobile/test/status_feed_ui_test.dart: actual league status sheet cancels draft, commits and clears
01:14 +375: C:/Users/ADMIN/Desktop/CocEnglish/apps/mobile/test/status_feed_ui_test.dart: actual league status sheet cancels draft, commits and clears
01:14 +376: C:/Users/ADMIN/Desktop/CocEnglish/apps/mobile/test/status_feed_ui_test.dart: actual league status sheet cancels draft, commits and clears
01:15 +377: C:/Users/ADMIN/Desktop/CocEnglish/apps/mobile/test/status_feed_ui_test.dart: actual league status sheet cancels draft, commits and clears
01:15 +378: C:/Users/ADMIN/Desktop/CocEnglish/apps/mobile/test/status_feed_ui_test.dart: actual status insufficient purchase preserves draft and funded buy spends once
01:15 +379: C:/Users/ADMIN/Desktop/CocEnglish/apps/mobile/test/status_feed_ui_test.dart: actual status insufficient purchase preserves draft and funded buy spends once
01:16 +380: C:/Users/ADMIN/Desktop/CocEnglish/apps/mobile/test/stories_library_test.dart: close and reopen a story restores its selected answer
01:16 +381: C:/Users/ADMIN/Desktop/CocEnglish/apps/mobile/test/stories_library_test.dart: close and reopen a story restores its selected answer
01:16 +382: C:/Users/ADMIN/Desktop/CocEnglish/apps/mobile/test/stories_library_test.dart: close and reopen a story restores its selected answer
01:16 +383: C:/Users/ADMIN/Desktop/CocEnglish/apps/mobile/test/stories_library_test.dart: close and reopen a story restores its selected answer
01:16 +384: C:/Users/ADMIN/Desktop/CocEnglish/apps/mobile/test/stories_library_test.dart: close and reopen a story restores its selected answer
01:16 +385: C:/Users/ADMIN/Desktop/CocEnglish/apps/mobile/test/stories_library_test.dart: close and reopen a story restores its selected answer
01:17 +386: C:/Users/ADMIN/Desktop/CocEnglish/apps/mobile/test/stories_library_test.dart: close and reopen a story restores its selected answer
01:17 +387: C:/Users/ADMIN/Desktop/CocEnglish/apps/mobile/test/streak_widgets_test.dart: gallery keeps selected portrait, count, and platform instructions
01:17 +388: C:/Users/ADMIN/Desktop/CocEnglish/apps/mobile/test/streak_widgets_test.dart: gallery keeps selected portrait, count, and platform instructions
01:17 +389: C:/Users/ADMIN/Desktop/CocEnglish/apps/mobile/test/streak_widgets_test.dart: gallery keeps selected portrait, count, and platform instructions
01:17 +390: C:/Users/ADMIN/Desktop/CocEnglish/apps/mobile/test/streak_widgets_test.dart: gallery keeps selected portrait, count, and platform instructions
01:17 +391: C:/Users/ADMIN/Desktop/CocEnglish/apps/mobile/test/streak_widgets_test.dart: gallery keeps selected portrait, count, and platform instructions
01:17 +392: C:/Users/ADMIN/Desktop/CocEnglish/apps/mobile/test/streak_widgets_test.dart: gallery keeps selected portrait, count, and platform instructions
01:17 +393: C:/Users/ADMIN/Desktop/CocEnglish/apps/mobile/test/streak_widgets_test.dart: gallery keeps selected portrait, count, and platform instructions
01:17 +394: C:/Users/ADMIN/Desktop/CocEnglish/apps/mobile/test/streak_widgets_test.dart: gallery keeps selected portrait, count, and platform instructions
01:17 +395: C:/Users/ADMIN/Desktop/CocEnglish/apps/mobile/test/streak_widgets_test.dart: gallery keeps selected portrait, count, and platform instructions
01:17 +396: C:/Users/ADMIN/Desktop/CocEnglish/apps/mobile/test/streak_widgets_test.dart: gallery keeps selected portrait, count, and platform instructions
01:17 +397: C:/Users/ADMIN/Desktop/CocEnglish/apps/mobile/test/streak_widgets_test.dart: gallery keeps selected portrait, count, and platform instructions
01:17 +398: C:/Users/ADMIN/Desktop/CocEnglish/apps/mobile/test/streak_widgets_test.dart: gallery keeps selected portrait, count, and platform instructions
01:17 +399: C:/Users/ADMIN/Desktop/CocEnglish/apps/mobile/test/streak_widgets_test.dart: gallery keeps selected portrait, count, and platform instructions
01:17 +400: C:/Users/ADMIN/Desktop/CocEnglish/apps/mobile/test/streak_widgets_test.dart: gallery keeps selected portrait, count, and platform instructions
01:17 +401: C:/Users/ADMIN/Desktop/CocEnglish/apps/mobile/test/streak_widgets_test.dart: gallery keeps selected portrait, count, and platform instructions
01:17 +402: C:/Users/ADMIN/Desktop/CocEnglish/apps/mobile/test/streak_widgets_test.dart: gallery keeps selected portrait, count, and platform instructions
01:17 +403: C:/Users/ADMIN/Desktop/CocEnglish/apps/mobile/test/streak_widgets_test.dart: gallery keeps selected portrait, count, and platform instructions
01:17 +404: C:/Users/ADMIN/Desktop/CocEnglish/apps/mobile/test/streak_widgets_test.dart: gallery keeps selected portrait, count, and platform instructions
01:17 +405: C:/Users/ADMIN/Desktop/CocEnglish/apps/mobile/test/streak_widgets_test.dart: gallery keeps selected portrait, count, and platform instructions
01:17 +406: C:/Users/ADMIN/Desktop/CocEnglish/apps/mobile/test/streak_widgets_test.dart: gallery keeps selected portrait, count, and platform instructions
01:17 +407: C:/Users/ADMIN/Desktop/CocEnglish/apps/mobile/test/streak_widgets_test.dart: gallery keeps selected portrait, count, and platform instructions
01:17 +408: C:/Users/ADMIN/Desktop/CocEnglish/apps/mobile/test/streak_widgets_test.dart: gallery keeps selected portrait, count, and platform instructions
01:17 +409: C:/Users/ADMIN/Desktop/CocEnglish/apps/mobile/test/streak_widgets_test.dart: gallery keeps selected portrait, count, and platform instructions
01:17 +410: C:/Users/ADMIN/Desktop/CocEnglish/apps/mobile/test/timer_boost_test.dart: GET GEMS opens Shop without minting balance or losing the selected pack
01:18 +411: C:/Users/ADMIN/Desktop/CocEnglish/apps/mobile/test/timer_boost_test.dart: GET GEMS opens Shop without minting balance or losing the selected pack
01:18 +412: C:/Users/ADMIN/Desktop/CocEnglish/apps/mobile/test/timer_boost_test.dart: GET GEMS opens Shop without minting balance or losing the selected pack
01:18 +413: C:/Users/ADMIN/Desktop/CocEnglish/apps/mobile/test/timer_boost_test.dart: GET GEMS opens Shop without minting balance or losing the selected pack
01:18 +414: C:/Users/ADMIN/Desktop/CocEnglish/apps/mobile/test/timer_boost_test.dart: GET GEMS opens Shop without minting balance or losing the selected pack
01:18 +415: C:/Users/ADMIN/Desktop/CocEnglish/apps/mobile/test/timer_boost_test.dart: GET GEMS opens Shop without minting balance or losing the selected pack
01:18 +416: C:/Users/ADMIN/Desktop/CocEnglish/apps/mobile/test/timer_boost_test.dart: GET GEMS opens Shop without minting balance or losing the selected pack
01:18 +417: C:/Users/ADMIN/Desktop/CocEnglish/apps/mobile/test/timer_boost_test.dart: GET GEMS opens Shop without minting balance or losing the selected pack
01:18 +418: C:/Users/ADMIN/Desktop/CocEnglish/apps/mobile/test/visual_capture_test.dart: all 20 reference states render with bundled fonts at original resolution
01:18 +419: C:/Users/ADMIN/Desktop/CocEnglish/apps/mobile/test/visual_capture_test.dart: all 20 reference states render with bundled fonts at original resolution
01:18 +420: C:/Users/ADMIN/Desktop/CocEnglish/apps/mobile/test/visual_capture_test.dart: all 20 reference states render with bundled fonts at original resolution
01:18 +421: C:/Users/ADMIN/Desktop/CocEnglish/apps/mobile/test/visual_capture_test.dart: all 20 reference states render with bundled fonts at original resolution
01:18 +422: C:/Users/ADMIN/Desktop/CocEnglish/apps/mobile/test/visual_capture_test.dart: all 20 reference states render with bundled fonts at original resolution
01:18 +423: C:/Users/ADMIN/Desktop/CocEnglish/apps/mobile/test/visual_capture_test.dart: all 20 reference states render with bundled fonts at original resolution
01:18 +424: C:/Users/ADMIN/Desktop/CocEnglish/apps/mobile/test/visual_capture_test.dart: all 20 reference states render with bundled fonts at original resolution
01:18 +425: C:/Users/ADMIN/Desktop/CocEnglish/apps/mobile/test/visual_capture_test.dart: all 20 reference states render with bundled fonts at original resolution
01:18 +426: C:/Users/ADMIN/Desktop/CocEnglish/apps/mobile/test/visual_capture_test.dart: all 20 reference states render with bundled fonts at original resolution
01:18 +427: C:/Users/ADMIN/Desktop/CocEnglish/apps/mobile/test/visual_capture_test.dart: all 20 reference states render with bundled fonts at original resolution
01:19 +428: C:/Users/ADMIN/Desktop/CocEnglish/apps/mobile/test/visual_capture_test.dart: all 20 reference states render with bundled fonts at original resolution
01:19 +429: C:/Users/ADMIN/Desktop/CocEnglish/apps/mobile/test/visual_capture_test.dart: all 20 reference states render with bundled fonts at original resolution
01:19 +430: C:/Users/ADMIN/Desktop/CocEnglish/apps/mobile/test/timer_boost_test.dart: Shop modal at width360 text2 purchases and Home shows the same wallet
01:19 +431: C:/Users/ADMIN/Desktop/CocEnglish/apps/mobile/test/timer_boost_test.dart: Shop modal at width360 text2 purchases and Home shows the same wallet
01:19 +432: C:/Users/ADMIN/Desktop/CocEnglish/apps/mobile/test/timer_boost_test.dart: Shop modal at width360 text2 purchases and Home shows the same wallet
01:19 +433: C:/Users/ADMIN/Desktop/CocEnglish/apps/mobile/test/year_review_test.dart: 320 wide text scale two can reach every action without overflow
01:19 +434: C:/Users/ADMIN/Desktop/CocEnglish/apps/mobile/test/year_review_test.dart: 320 wide text scale two can reach every action without overflow
01:19 +435: C:/Users/ADMIN/Desktop/CocEnglish/apps/mobile/test/timer_boost_test.dart: boost offer and success render width360.0 text2.0
01:19 +436: C:/Users/ADMIN/Desktop/CocEnglish/apps/mobile/test/year_review_test.dart: clipboard failure remains on summary and retry reports copied
01:19 +437: C:/Users/ADMIN/Desktop/CocEnglish/apps/mobile/test/year_review_test.dart: clipboard failure remains on summary and retry reports copied
01:19 +438: C:/Users/ADMIN/Desktop/CocEnglish/apps/mobile/test/timer_boost_test.dart: boost offer and success render width430.0 text2.0
01:19 +439: All tests passed!
