Resolving dependencies...
Downloading packages...
  code_assets 1.2.1 (2.1.0 available)
  hooks 2.0.2 (2.2.0 available)
  material_color_utilities 0.13.0 (0.13.1 available)
  meta 1.18.3 (1.19.0 available)
  objective_c 9.5.0 (9.6.2 available)
  record_use 0.6.0 (1.1.1 available)
  test_api 0.7.12 (0.7.14 available)
  vector_math 2.4.0 (2.4.3 available)
  window_to_front 0.0.4 (1.0.0 available)
Got dependencies!
9 packages have newer versions incompatible with dependency constraints.
Try `flutter pub outdated` for more information.
00:00 +0: loading C:/Users/ADMIN/Desktop/CocEnglish/apps/mobile/test/explanation_test.dart
00:00 +0: explanation back retains wrong selection and feedback without advancing
00:00 +1: every active English exercise has an authored explanation and answer
00:00 +2: long explanation fits 360.0 text 1.0
══╡ EXCEPTION CAUGHT BY FLUTTER TEST FRAMEWORK ╞════════════════════════════════════════════════════
The following TestFailure was thrown running a test:
Expected: null
  Actual: FlutterError:<A RenderFlex overflowed by 160 pixels on the bottom.>

When the exception was thrown, this was the stack:
#4      main.<anonymous closure> (file:///C:/Users/ADMIN/Desktop/CocEnglish/apps/mobile/test/explanation_test.dart:98:9)
<asynchronous suspension>
#5      testWidgets.<anonymous closure>.<anonymous closure> (package:flutter_test/src/widget_tester.dart:192:15)
<asynchronous suspension>
#6      TestWidgetsFlutterBinding._runTestBody (package:flutter_test/src/binding.dart:1953:5)
<asynchronous suspension>
<asynchronous suspension>
(elided one frame from package:stack_trace)

This was caught by the test expectation on the following line:
  file:///C:/Users/ADMIN/Desktop/CocEnglish/apps/mobile/test/explanation_test.dart line 98
The test description was:
  long explanation fits 360.0 text 1.0
════════════════════════════════════════════════════════════════════════════════════════════════════
00:01 +2 -1: long explanation fits 360.0 text 1.0 [E]
  Test failed. See exception logs above.
  The test description was: long explanation fits 360.0 text 1.0
  
00:01 +2 -1: long explanation fits 360.0 text 2.0
══╡ EXCEPTION CAUGHT BY FLUTTER TEST FRAMEWORK ╞════════════════════════════════════════════════════
The following TestFailure was thrown running a test:
Expected: null
  Actual: FlutterError:<A RenderFlex overflowed by 589 pixels on the bottom.>

When the exception was thrown, this was the stack:
#4      main.<anonymous closure> (file:///C:/Users/ADMIN/Desktop/CocEnglish/apps/mobile/test/explanation_test.dart:98:9)
<asynchronous suspension>
#5      testWidgets.<anonymous closure>.<anonymous closure> (package:flutter_test/src/widget_tester.dart:192:15)
<asynchronous suspension>
#6      TestWidgetsFlutterBinding._runTestBody (package:flutter_test/src/binding.dart:1953:5)
<asynchronous suspension>
<asynchronous suspension>
(elided one frame from package:stack_trace)

This was caught by the test expectation on the following line:
  file:///C:/Users/ADMIN/Desktop/CocEnglish/apps/mobile/test/explanation_test.dart line 98
The test description was:
  long explanation fits 360.0 text 2.0
════════════════════════════════════════════════════════════════════════════════════════════════════
00:01 +2 -2: long explanation fits 360.0 text 2.0 [E]
  Test failed. See exception logs above.
  The test description was: long explanation fits 360.0 text 2.0
  
00:01 +2 -2: long explanation fits 430.0 text 1.0
══╡ EXCEPTION CAUGHT BY FLUTTER TEST FRAMEWORK ╞════════════════════════════════════════════════════
The following TestFailure was thrown running a test:
Expected: null
  Actual: FlutterError:<A RenderFlex overflowed by 73 pixels on the bottom.>

When the exception was thrown, this was the stack:
#4      main.<anonymous closure> (file:///C:/Users/ADMIN/Desktop/CocEnglish/apps/mobile/test/explanation_test.dart:98:9)
<asynchronous suspension>
#5      testWidgets.<anonymous closure>.<anonymous closure> (package:flutter_test/src/widget_tester.dart:192:15)
<asynchronous suspension>
#6      TestWidgetsFlutterBinding._runTestBody (package:flutter_test/src/binding.dart:1953:5)
<asynchronous suspension>
<asynchronous suspension>
(elided one frame from package:stack_trace)

This was caught by the test expectation on the following line:
  file:///C:/Users/ADMIN/Desktop/CocEnglish/apps/mobile/test/explanation_test.dart line 98
The test description was:
  long explanation fits 430.0 text 1.0
════════════════════════════════════════════════════════════════════════════════════════════════════
00:01 +2 -3: long explanation fits 430.0 text 1.0 [E]
  Test failed. See exception logs above.
  The test description was: long explanation fits 430.0 text 1.0
  
00:01 +2 -3: long explanation fits 430.0 text 2.0
══╡ EXCEPTION CAUGHT BY FLUTTER TEST FRAMEWORK ╞════════════════════════════════════════════════════
The following TestFailure was thrown running a test:
Expected: null
  Actual: FlutterError:<A RenderFlex overflowed by 294 pixels on the bottom.>

When the exception was thrown, this was the stack:
#4      main.<anonymous closure> (file:///C:/Users/ADMIN/Desktop/CocEnglish/apps/mobile/test/explanation_test.dart:98:9)
<asynchronous suspension>
#5      testWidgets.<anonymous closure>.<anonymous closure> (package:flutter_test/src/widget_tester.dart:192:15)
<asynchronous suspension>
#6      TestWidgetsFlutterBinding._runTestBody (package:flutter_test/src/binding.dart:1953:5)
<asynchronous suspension>
<asynchronous suspension>
(elided one frame from package:stack_trace)

This was caught by the test expectation on the following line:
  file:///C:/Users/ADMIN/Desktop/CocEnglish/apps/mobile/test/explanation_test.dart line 98
The test description was:
  long explanation fits 430.0 text 2.0
════════════════════════════════════════════════════════════════════════════════════════════════════
00:01 +2 -4: long explanation fits 430.0 text 2.0 [E]
  Test failed. See exception logs above.
  The test description was: long explanation fits 430.0 text 2.0
  
00:01 +2 -4: Some tests failed.

Failing tests:
  C:/Users/ADMIN/Desktop/CocEnglish/apps/mobile/test/explanation_test.dart: long explanation fits 360.0 text 1.0
  C:/Users/ADMIN/Desktop/CocEnglish/apps/mobile/test/explanation_test.dart: long explanation fits 360.0 text 2.0
  C:/Users/ADMIN/Desktop/CocEnglish/apps/mobile/test/explanation_test.dart: long explanation fits 430.0 text 1.0
  C:/Users/ADMIN/Desktop/CocEnglish/apps/mobile/test/explanation_test.dart: long explanation fits 430.0 text 2.0
