00:00 +0: loading C:/Users/ADMIN/Desktop/CocEnglish/apps/mobile/test/reference_art_cache_test.dart
00:00 +0: original illustration survives cache eviction and releases after navigation
══╡ EXCEPTION CAUGHT BY FLUTTER TEST FRAMEWORK ╞════════════════════════════════════════════════════
The following TestFailure was thrown running a test:
Expected: a value greater than <0>
  Actual: <0>
   Which: is not a value greater than <0>
Decoded illustrations must use Flutter’s bounded image cache.

When the exception was thrown, this was the stack:
#4      main.<anonymous closure> (file:///C:/Users/ADMIN/Desktop/CocEnglish/apps/mobile/test/reference_art_cache_test.dart:15:5)
<asynchronous suspension>
#5      testWidgets.<anonymous closure>.<anonymous closure> (package:flutter_test/src/widget_tester.dart:192:15)
<asynchronous suspension>
#6      TestWidgetsFlutterBinding._runTestBody (package:flutter_test/src/binding.dart:1953:5)
<asynchronous suspension>
<asynchronous suspension>
(elided one frame from package:stack_trace)

This was caught by the test expectation on the following line:
  file:///C:/Users/ADMIN/Desktop/CocEnglish/apps/mobile/test/reference_art_cache_test.dart line 15
The test description was:
  original illustration survives cache eviction and releases after navigation
════════════════════════════════════════════════════════════════════════════════════════════════════
00:00 +0 -1: original illustration survives cache eviction and releases after navigation [E]
  Test failed. See exception logs above.
  The test description was: original illustration survives cache eviction and releases after navigation
  
00:00 +0 -1: Some tests failed.

Failing tests:
  C:/Users/ADMIN/Desktop/CocEnglish/apps/mobile/test/reference_art_cache_test.dart: original illustration survives cache eviction and releases after navigation
