00:00 +0: loading C:/Users/ADMIN/Desktop/CocEnglish/apps/mobile/test/league_source_route_test.dart
00:00 +0: joined League keeps source layout and profile Back state
══╡ EXCEPTION CAUGHT BY FLUTTER TEST FRAMEWORK ╞════════════════════════════════════════════════════
The following TestFailure was thrown running a test:
Expected: no matching candidates
  Actual: _TextContainingWidgetFinder:<Found 1 widget with text containing Sample weekly ranking: [
            Text("Sample weekly ranking • 6 days left", inherit: true, color: Color(alpha: 1.0000,
red: 0.5020, green: 0.4941, blue: 0.5020, colorSpace: ColorSpace.sRGB), textAlign: center,
dependencies: [DefaultSelectionStyle, DefaultTextStyle, MediaQuery]),
          ]>
   Which: means one was found but none were expected

When the exception was thrown, this was the stack:
#4      main.<anonymous closure> (file:///C:/Users/ADMIN/Desktop/CocEnglish/apps/mobile/test/league_source_route_test.dart:26:5)
<asynchronous suspension>
#5      testWidgets.<anonymous closure>.<anonymous closure> (package:flutter_test/src/widget_tester.dart:192:15)
<asynchronous suspension>
#6      TestWidgetsFlutterBinding._runTestBody (package:flutter_test/src/binding.dart:1953:5)
<asynchronous suspension>
<asynchronous suspension>
(elided one frame from package:stack_trace)

This was caught by the test expectation on the following line:
  file:///C:/Users/ADMIN/Desktop/CocEnglish/apps/mobile/test/league_source_route_test.dart line 26
The test description was:
  joined League keeps source layout and profile Back state
════════════════════════════════════════════════════════════════════════════════════════════════════
00:01 +0 -1: joined League keeps source layout and profile Back state [E]
  Test failed. See exception logs above.
  The test description was: joined League keeps source layout and profile Back state

00:01 +0 -1: Some tests failed.

Failing tests:
  C:/Users/ADMIN/Desktop/CocEnglish/apps/mobile/test/league_source_route_test.dart: joined League keeps source layout and profile Back state
