00:00 +0: loading C:/Users/ADMIN/Desktop/CocEnglish/apps/mobile/test/profile_actions_route_test.dart
00:00 +0: League profile uses the same identity for block, report and following
══╡ EXCEPTION CAUGHT BY FLUTTER TEST FRAMEWORK ╞════════════════════════════════════════════════════
The following TestFailure was thrown running a test:
Expected: contains 'Alex'
  Actual: Set:['sample-0']
   Which: does not contain 'Alex'

When the exception was thrown, this was the stack:
#4      main.<anonymous closure> (file:///C:/Users/ADMIN/Desktop/CocEnglish/apps/mobile/test/profile_actions_route_test.dart:37:5)
<asynchronous suspension>
#5      testWidgets.<anonymous closure>.<anonymous closure> (package:flutter_test/src/widget_tester.dart:192:15)
<asynchronous suspension>
#6      TestWidgetsFlutterBinding._runTestBody (package:flutter_test/src/binding.dart:1953:5)
<asynchronous suspension>
<asynchronous suspension>
(elided one frame from package:stack_trace)

This was caught by the test expectation on the following line:
  file:///C:/Users/ADMIN/Desktop/CocEnglish/apps/mobile/test/profile_actions_route_test.dart line 37
The test description was:
  League profile uses the same identity for block, report and following
════════════════════════════════════════════════════════════════════════════════════════════════════
00:01 +0 -1: League profile uses the same identity for block, report and following [E]
  Test failed. See exception logs above.
  The test description was: League profile uses the same identity for block, report and following

00:01 +0 -1: report cancellation retains following; confirm blocks once and unblock does not refollow
00:01 +1 -1: own profile link copies actual local URL then closes back to profile
00:01 +2 -1: Some tests failed.

Failing tests:
  C:/Users/ADMIN/Desktop/CocEnglish/apps/mobile/test/profile_actions_route_test.dart: League profile uses the same identity for block, report and following
