Resolving dependencies...
Downloading packages...
  code_assets 1.2.1 (2.1.0 available)
  cupertino_icons 1.0.9 (2.0.0 available)
  hooks 2.0.2 (2.2.0 available)
  material_color_utilities 0.13.0 (0.13.1 available)
  meta 1.18.3 (1.19.0 available)
  objective_c 9.5.0 (9.6.2 available)
  petitparser 7.0.2 (7.1.0 available)
  qr 3.0.2 (4.0.0 available)
  record_use 0.6.0 (1.1.1 available)
  test_api 0.7.12 (0.7.14 available)
  vector_math 2.4.0 (2.4.3 available)
  window_to_front 0.0.4 (1.0.0 available)
  xml 7.0.1 (7.1.0 available)
Got dependencies!
13 packages have newer versions incompatible with dependency constraints.
Try `flutter pub outdated` for more information.
00:00 +0: loading C:/Users/ADMIN/Desktop/CocEnglish/apps/mobile/test/league_entry_surface_test.dart
00:00 +0: C:/Users/ADMIN/Desktop/CocEnglish/apps/mobile/test/league_entry_surface_test.dart: locked entry shows remaining count and starts one lesson
00:00 +1: C:/Users/ADMIN/Desktop/CocEnglish/apps/mobile/test/league_source_route_test.dart: one local lesson unlocks Welcome; Continue joins without reward
00:00 +2: C:/Users/ADMIN/Desktop/CocEnglish/apps/mobile/test/league_source_route_test.dart: one local lesson unlocks Welcome; Continue joins without reward
00:00 +3: C:/Users/ADMIN/Desktop/CocEnglish/apps/mobile/test/league_source_route_test.dart: one local lesson unlocks Welcome; Continue joins without reward
═════════════════════════════════════════════════════════════════════════════════════════
[31m[1m  Rive Native: Failed to open dynamic library[0m
[33m  Library: rive_native.dll[0m

  To fix this issue, run the following command:
[36m[1m    dart run rive_native:setup --verbose --clean --platform windows[0m

  See the troubleshooting section in the docs for more information:
[36m[1m    https://rive.app/docs/runtimes/flutter/rive-native#troubleshooting[0m
═════════════════════════════════════════════════════════════════════════════════════════

═════════════════════════════════════════════════════════════════════════════════════════
[31m[1m  Rive Native: Failed to open dynamic library[0m
[33m  Library: rive_native.dll[0m

  To fix this issue, run the following command:
[36m[1m    dart run rive_native:setup --verbose --clean --platform windows[0m

  See the troubleshooting section in the docs for more information:
[36m[1m    https://rive.app/docs/runtimes/flutter/rive-native#troubleshooting[0m
═════════════════════════════════════════════════════════════════════════════════════════

═════════════════════════════════════════════════════════════════════════════════════════
[31m[1m  Rive Native: Failed to open dynamic library[0m
[33m  Library: rive_native.dll[0m

  To fix this issue, run the following command:
[36m[1m    dart run rive_native:setup --verbose --clean --platform windows[0m

  See the troubleshooting section in the docs for more information:
[36m[1m    https://rive.app/docs/runtimes/flutter/rive-native#troubleshooting[0m
═════════════════════════════════════════════════════════════════════════════════════════

00:02 +4: C:/Users/ADMIN/Desktop/CocEnglish/apps/mobile/test/league_source_route_test.dart: League keeps saved avatar and separate status interaction
00:02 +5: C:/Users/ADMIN/Desktop/CocEnglish/apps/mobile/test/league_source_route_test.dart: joined League keeps source layout and profile Back state
00:02 +6: All tests passed!
