Resolving dependencies...
Downloading packages...
  code_assets 1.2.1 (2.1.0 available)
  cupertino_icons 1.0.9 (2.0.0 available)
  hooks 2.0.2 (2.2.0 available)
  material_color_utilities 0.13.0 (0.13.1 available)
  meta 1.18.3 (1.19.0 available)
  objective_c 9.5.0 (9.6.2 available)
  petitparser 7.0.2 (7.1.0 available)
  qr 3.0.2 (4.0.0 available)
  record_use 0.6.0 (1.1.1 available)
  test_api 0.7.12 (0.7.14 available)
  vector_math 2.4.0 (2.4.3 available)
  window_to_front 0.0.4 (1.0.0 available)
  xml 7.0.1 (7.1.0 available)
Got dependencies!
13 packages have newer versions incompatible with dependency constraints.
Try `flutter pub outdated` for more information.
00:00 +0: loading C:/Users/ADMIN/Desktop/CocEnglish/apps/mobile/test/league_entry_surface_test.dart
test/league_entry_surface_test.dart:2:8: Error: Error when reading 'lib/features/progress/presentation/league_entry_surface.dart': The system cannot find the file specified
import 'package:cocenglish/features/progress/presentation/league_entry_surface.dart';
       ^
test/league_entry_surface_test.dart:15:15: Error: Method not found: 'LeagueEntrySurface'.
        home: LeagueEntrySurface(
              ^^^^^^^^^^^^^^^^^^
test/league_entry_surface_test.dart:42:15: Error: Method not found: 'LeagueEntrySurface'.
        home: LeagueEntrySurface(
              ^^^^^^^^^^^^^^^^^^
test/league_entry_surface_test.dart:83:15: Error: Method not found: 'LeagueEntrySurface'.
        home: LeagueEntrySurface(
              ^^^^^^^^^^^^^^^^^^
test/league_entry_surface_test.dart:70:23: Error: The method 'setPhysicalSize' isn't defined for the type 'TestFlutterView'.
 - 'TestFlutterView' is from 'package:flutter_test/src/window.dart' ('/C:/flutter/packages/flutter_test/lib/src/window.dart').
Try correcting the name to the name of an existing method, or defining a method named 'setPhysicalSize'.
    await tester.view.setPhysicalSize(const Size(320, 568));
                      ^^^^^^^^^^^^^^^
test/league_entry_surface_test.dart:71:23: Error: The method 'setDevicePixelRatio' isn't defined for the type 'TestFlutterView'.
 - 'TestFlutterView' is from 'package:flutter_test/src/window.dart' ('/C:/flutter/packages/flutter_test/lib/src/window.dart').
Try correcting the name to the name of an existing method, or defining a method named 'setDevicePixelRatio'.
    await tester.view.setDevicePixelRatio(1);
                      ^^^^^^^^^^^^^^^^^^^
00:00 +0 -1: loading C:/Users/ADMIN/Desktop/CocEnglish/apps/mobile/test/league_entry_surface_test.dart [E]
  Failed to load "C:/Users/ADMIN/Desktop/CocEnglish/apps/mobile/test/league_entry_surface_test.dart":
  Compilation failed for testPath=C:/Users/ADMIN/Desktop/CocEnglish/apps/mobile/test/league_entry_surface_test.dart: test/league_entry_surface_test.dart:2:8: Error: Error when reading 'lib/features/progress/presentation/league_entry_surface.dart': The system cannot find the file specified
  import 'package:cocenglish/features/progress/presentation/league_entry_surface.dart';
         ^
  test/league_entry_surface_test.dart:15:15: Error: Method not found: 'LeagueEntrySurface'.
          home: LeagueEntrySurface(
                ^^^^^^^^^^^^^^^^^^
  test/league_entry_surface_test.dart:42:15: Error: Method not found: 'LeagueEntrySurface'.
          home: LeagueEntrySurface(
                ^^^^^^^^^^^^^^^^^^
  test/league_entry_surface_test.dart:83:15: Error: Method not found: 'LeagueEntrySurface'.
          home: LeagueEntrySurface(
                ^^^^^^^^^^^^^^^^^^
  test/league_entry_surface_test.dart:70:23: Error: The method 'setPhysicalSize' isn't defined for the type 'TestFlutterView'.
   - 'TestFlutterView' is from 'package:flutter_test/src/window.dart' ('/C:/flutter/packages/flutter_test/lib/src/window.dart').
  Try correcting the name to the name of an existing method, or defining a method named 'setPhysicalSize'.
      await tester.view.setPhysicalSize(const Size(320, 568));
                        ^^^^^^^^^^^^^^^
  test/league_entry_surface_test.dart:71:23: Error: The method 'setDevicePixelRatio' isn't defined for the type 'TestFlutterView'.
   - 'TestFlutterView' is from 'package:flutter_test/src/window.dart' ('/C:/flutter/packages/flutter_test/lib/src/window.dart').
  Try correcting the name to the name of an existing method, or defining a method named 'setDevicePixelRatio'.
      await tester.view.setDevicePixelRatio(1);
                        ^^^^^^^^^^^^^^^^^^^
  .
00:00 +0 -1: Some tests failed.

Failing tests:
  C:/Users/ADMIN/Desktop/CocEnglish/apps/mobile/test/league_entry_surface_test.dart: loading C:/Users/ADMIN/Desktop/CocEnglish/apps/mobile/test/league_entry_surface_test.dart
