00:00 +0: loading C:/Users/ADMIN/Desktop/CocEnglish/apps/mobile/test/max_flow_test.dart
00:00 +0: Max requires reminder and checkout, keeps existing entitlement until confirmation
00:00 +0 -1: Max requires reminder and checkout, keeps existing entitlement until confirmation [E]
  Expected: MaxStage:<MaxStage.offer>
    Actual: MaxStage:<MaxStage.plans>
  
  package:matcher                                     expect
  package:flutter_test/src/widget_tester.dart 473:18  expect
  test\max_flow_test.dart 42:7                        main.<fn>
  
00:00 +0 -1: Max Family preserves family members, individual plans remove stale invites
00:00 +1 -1: routed mock checkout dismiss preserves selection and confirms only explicitly
══╡ EXCEPTION CAUGHT BY FLUTTER TEST FRAMEWORK ╞════════════════════════════════════════════════════
The following TestFailure was thrown running a test:
Expected: exactly one matching candidate
  Actual: _TextWidgetFinder:<Found 0 widgets with text "NEXT": []>
   Which: means none were found but one was expected

When the exception was thrown, this was the stack:
#4      main.<anonymous closure> (file:///C:/Users/ADMIN/Desktop/CocEnglish/apps/mobile/test/max_flow_test.dart:126:7)
<asynchronous suspension>
#5      testWidgets.<anonymous closure>.<anonymous closure> (package:flutter_test/src/widget_tester.dart:192:15)
<asynchronous suspension>
#6      TestWidgetsFlutterBinding._runTestBody (package:flutter_test/src/binding.dart:1953:5)
<asynchronous suspension>
<asynchronous suspension>
(elided one frame from package:stack_trace)

This was caught by the test expectation on the following line:
  file:///C:/Users/ADMIN/Desktop/CocEnglish/apps/mobile/test/max_flow_test.dart line 126
The test description was:
  routed mock checkout dismiss preserves selection and confirms only explicitly
════════════════════════════════════════════════════════════════════════════════════════════════════
00:02 +1 -2: routed mock checkout dismiss preserves selection and confirms only explicitly [E]
  Test failed. See exception logs above.
  The test description was: routed mock checkout dismiss preserves selection and confirms only explicitly
  
00:02 +1 -2: Max states fit 360.0 text 1.0
00:02 +2 -2: Max states fit 360.0 text 2.0
00:02 +3 -2: Max states fit 430.0 text 1.0
00:03 +4 -2: Max states fit 430.0 text 2.0
00:03 +5 -2: Some tests failed.

Failing tests:
  C:/Users/ADMIN/Desktop/CocEnglish/apps/mobile/test/max_flow_test.dart: Max requires reminder and checkout, keeps existing entitlement until confirmation
  C:/Users/ADMIN/Desktop/CocEnglish/apps/mobile/test/max_flow_test.dart: routed mock checkout dismiss preserves selection and confirms only explicitly
