00:00 +0: loading C:/Users/ADMIN/Desktop/CocEnglish/apps/mobile/test/password_change_ui_test.dart
test/password_change_ui_test.dart:3:8: Error: Error when reading 'lib/features/account/presentation/password_change_screen.dart': The system cannot find the file specified
import 'package:cocenglish/features/account/presentation/password_change_screen.dart';
       ^
test/password_change_ui_test.dart:14:97: Error: Couldn't find constructor 'PasswordChangeScreen'.
      onPressed: () => Navigator.of(context).push(MaterialPageRoute<void>(builder: (_) => const PasswordChangeScreen())),
                                                                                          ^^^^^^^^^^^^^^^^^^^^
test/password_change_ui_test.dart:41:23: Error: Couldn't find constructor 'PasswordChangeScreen'.
          home: const PasswordChangeScreen(),
                      ^^^^^^^^^^^^^^^^^^^^
00:00 +0 -1: loading C:/Users/ADMIN/Desktop/CocEnglish/apps/mobile/test/password_change_ui_test.dart [E]
  Failed to load "C:/Users/ADMIN/Desktop/CocEnglish/apps/mobile/test/password_change_ui_test.dart":
  Compilation failed for testPath=C:/Users/ADMIN/Desktop/CocEnglish/apps/mobile/test/password_change_ui_test.dart: test/password_change_ui_test.dart:3:8: Error: Error when reading 'lib/features/account/presentation/password_change_screen.dart': The system cannot find the file specified
  import 'package:cocenglish/features/account/presentation/password_change_screen.dart';
         ^
  test/password_change_ui_test.dart:14:97: Error: Couldn't find constructor 'PasswordChangeScreen'.
        onPressed: () => Navigator.of(context).push(MaterialPageRoute<void>(builder: (_) => const PasswordChangeScreen())),
                                                                                                  ^^^^^^^^^^^^^^^^^^^^
  test/password_change_ui_test.dart:41:23: Error: Couldn't find constructor 'PasswordChangeScreen'.
            home: const PasswordChangeScreen(),
                        ^^^^^^^^^^^^^^^^^^^^
  .
00:00 +0 -1: Some tests failed.

Failing tests:
  C:/Users/ADMIN/Desktop/CocEnglish/apps/mobile/test/password_change_ui_test.dart: loading C:/Users/ADMIN/Desktop/CocEnglish/apps/mobile/test/password_change_ui_test.dart
