00:00 +0: loading C:/Users/ADMIN/Desktop/CocEnglish/apps/mobile/test/password_change_test.dart
test/password_change_test.dart:3:8: Error: Error when reading 'lib/features/account/application/password_change_controller.dart': The system cannot find the file specified
import 'package:cocenglish/features/account/application/password_change_controller.dart';
       ^
test/password_change_test.dart:15:26: Error: Undefined name 'passwordChangeProvider'.
    final sub = c.listen(passwordChangeProvider, (_, _) {});
                         ^^^^^^^^^^^^^^^^^^^^^^
test/password_change_test.dart:17:23: Error: Undefined name 'passwordChangeProvider'.
    final vm = c.read(passwordChangeProvider.notifier);
                      ^^^^^^^^^^^^^^^^^^^^^^
test/password_change_test.dart:20:27: Error: Undefined name 'passwordChangeProvider'.
    final failed = c.read(passwordChangeProvider);
                          ^^^^^^^^^^^^^^^^^^^^^^
test/password_change_test.dart:26:19: Error: Undefined name 'passwordChangeProvider'.
    expect(c.read(passwordChangeProvider).values, ['', '', '']);
                  ^^^^^^^^^^^^^^^^^^^^^^
test/password_change_test.dart:32:45: Error: Undefined name 'passwordChangeWriterProvider'.
    final c = ProviderContainer(overrides: [passwordChangeWriterProvider.overrideWithValue((_, _) async { calls++; })]);
                                            ^^^^^^^^^^^^^^^^^^^^^^^^^^^^
test/password_change_test.dart:33:26: Error: Undefined name 'passwordChangeProvider'.
    final sub = c.listen(passwordChangeProvider, (_, _) {});
                         ^^^^^^^^^^^^^^^^^^^^^^
test/password_change_test.dart:35:23: Error: Undefined name 'passwordChangeProvider'.
    final vm = c.read(passwordChangeProvider.notifier);
                      ^^^^^^^^^^^^^^^^^^^^^^
test/password_change_test.dart:41:19: Error: Undefined name 'passwordChangeProvider'.
    expect(c.read(passwordChangeProvider).hidden, [true, false, true]);
                  ^^^^^^^^^^^^^^^^^^^^^^
test/password_change_test.dart:45:45: Error: Undefined name 'passwordChangeWriterProvider'.
    final c = ProviderContainer(overrides: [passwordChangeWriterProvider.overrideWithValue((_, _) { calls++; return gate.future; })]);
                                            ^^^^^^^^^^^^^^^^^^^^^^^^^^^^
test/password_change_test.dart:46:14: Error: Undefined name 'passwordChangeProvider'.
    c.listen(passwordChangeProvider, (_, _) {});
             ^^^^^^^^^^^^^^^^^^^^^^
test/password_change_test.dart:47:23: Error: Undefined name 'passwordChangeProvider'.
    final vm = c.read(passwordChangeProvider.notifier);
                      ^^^^^^^^^^^^^^^^^^^^^^
test/password_change_test.dart:52:19: Error: Undefined name 'passwordChangeProvider'.
    expect(c.read(passwordChangeProvider).values[1], 'replacement-demo');
                  ^^^^^^^^^^^^^^^^^^^^^^
00:00 +0 -1: loading C:/Users/ADMIN/Desktop/CocEnglish/apps/mobile/test/password_change_test.dart [E]
  Failed to load "C:/Users/ADMIN/Desktop/CocEnglish/apps/mobile/test/password_change_test.dart":
  Compilation failed for testPath=C:/Users/ADMIN/Desktop/CocEnglish/apps/mobile/test/password_change_test.dart: test/password_change_test.dart:3:8: Error: Error when reading 'lib/features/account/application/password_change_controller.dart': The system cannot find the file specified
  import 'package:cocenglish/features/account/application/password_change_controller.dart';
         ^
  test/password_change_test.dart:15:26: Error: Undefined name 'passwordChangeProvider'.
      final sub = c.listen(passwordChangeProvider, (_, _) {});
                           ^^^^^^^^^^^^^^^^^^^^^^
  test/password_change_test.dart:17:23: Error: Undefined name 'passwordChangeProvider'.
      final vm = c.read(passwordChangeProvider.notifier);
                        ^^^^^^^^^^^^^^^^^^^^^^
  test/password_change_test.dart:20:27: Error: Undefined name 'passwordChangeProvider'.
      final failed = c.read(passwordChangeProvider);
                            ^^^^^^^^^^^^^^^^^^^^^^
  test/password_change_test.dart:26:19: Error: Undefined name 'passwordChangeProvider'.
      expect(c.read(passwordChangeProvider).values, ['', '', '']);
                    ^^^^^^^^^^^^^^^^^^^^^^
  test/password_change_test.dart:32:45: Error: Undefined name 'passwordChangeWriterProvider'.
      final c = ProviderContainer(overrides: [passwordChangeWriterProvider.overrideWithValue((_, _) async { calls++; })]);
                                              ^^^^^^^^^^^^^^^^^^^^^^^^^^^^
  test/password_change_test.dart:33:26: Error: Undefined name 'passwordChangeProvider'.
      final sub = c.listen(passwordChangeProvider, (_, _) {});
                           ^^^^^^^^^^^^^^^^^^^^^^
  test/password_change_test.dart:35:23: Error: Undefined name 'passwordChangeProvider'.
      final vm = c.read(passwordChangeProvider.notifier);
                        ^^^^^^^^^^^^^^^^^^^^^^
  test/password_change_test.dart:41:19: Error: Undefined name 'passwordChangeProvider'.
      expect(c.read(passwordChangeProvider).hidden, [true, false, true]);
                    ^^^^^^^^^^^^^^^^^^^^^^
  test/password_change_test.dart:45:45: Error: Undefined name 'passwordChangeWriterProvider'.
      final c = ProviderContainer(overrides: [passwordChangeWriterProvider.overrideWithValue((_, _) { calls++; return gate.future; })]);
                                              ^^^^^^^^^^^^^^^^^^^^^^^^^^^^
  test/password_change_test.dart:46:14: Error: Undefined name 'passwordChangeProvider'.
      c.listen(passwordChangeProvider, (_, _) {});
               ^^^^^^^^^^^^^^^^^^^^^^
  test/password_change_test.dart:47:23: Error: Undefined name 'passwordChangeProvider'.
      final vm = c.read(passwordChangeProvider.notifier);
                        ^^^^^^^^^^^^^^^^^^^^^^
  test/password_change_test.dart:52:19: Error: Undefined name 'passwordChangeProvider'.
      expect(c.read(passwordChangeProvider).values[1], 'replacement-demo');
                    ^^^^^^^^^^^^^^^^^^^^^^
  .
00:00 +0 -1: Some tests failed.

Failing tests:
  C:/Users/ADMIN/Desktop/CocEnglish/apps/mobile/test/password_change_test.dart: loading C:/Users/ADMIN/Desktop/CocEnglish/apps/mobile/test/password_change_test.dart
