00:00 +0: loading C:/Users/ADMIN/Desktop/CocEnglish/apps/mobile/test/password_change_route_test.dart
00:00 +0: profile password route closes back without losing profile draft
══╡ EXCEPTION CAUGHT BY FLUTTER TEST FRAMEWORK ╞════════════════════════════════════════════════════
The following assertion was thrown running a test:
pumpAndSettle timed out

When the exception was thrown, this was the stack:
#0      WidgetTester.pumpAndSettle.<anonymous closure> (package:flutter_test/src/widget_tester.dart:717:11)
<asynchronous suspension>
#1      TestAsyncUtils.guard.<anonymous closure> (package:flutter_test/src/test_async_utils.dart:130:27)
<asynchronous suspension>
#2      main.<anonymous closure> (file:///C:/Users/ADMIN/Desktop/CocEnglish/apps/mobile/test/password_change_route_test.dart:10:5)
<asynchronous suspension>
#3      testWidgets.<anonymous closure>.<anonymous closure> (package:flutter_test/src/widget_tester.dart:192:15)
<asynchronous suspension>
#4      TestWidgetsFlutterBinding._runTestBody (package:flutter_test/src/binding.dart:1953:5)
<asynchronous suspension>
<asynchronous suspension>
(elided one frame from package:stack_trace)

The test description was:
  profile password route closes back without losing profile draft
════════════════════════════════════════════════════════════════════════════════════════════════════
00:27 +0 -1: profile password route closes back without losing profile draft [E]
  Test failed. See exception logs above.
  The test description was: profile password route closes back without losing profile draft

00:27 +0 -1: Some tests failed.

Failing tests:
  C:/Users/ADMIN/Desktop/CocEnglish/apps/mobile/test/password_change_route_test.dart: profile password route closes back without losing profile draft
