Resolving dependencies...
Downloading packages...
  code_assets 1.2.1 (2.1.0 available)
  cupertino_icons 1.0.9 (2.0.0 available)
  hooks 2.0.2 (2.2.0 available)
  material_color_utilities 0.13.0 (0.13.1 available)
  meta 1.18.3 (1.19.0 available)
  objective_c 9.5.0 (9.6.2 available)
  petitparser 7.0.2 (7.1.0 available)
  qr 3.0.2 (4.0.0 available)
  record_use 0.6.0 (1.1.1 available)
  test_api 0.7.12 (0.7.14 available)
  vector_math 2.4.0 (2.4.3 available)
  window_to_front 0.0.4 (1.0.0 available)
  xml 7.0.1 (7.1.0 available)
Got dependencies!
13 packages have newer versions incompatible with dependency constraints.
Try `flutter pub outdated` for more information.
00:00 +0: loading C:/Users/ADMIN/Desktop/CocEnglish/apps/mobile/test/product_surface_test.dart
00:00 +0 -1: loading C:/Users/ADMIN/Desktop/CocEnglish/apps/mobile/test/achievements_ui_test.dart [E]
  Failed to load "C:/Users/ADMIN/Desktop/CocEnglish/apps/mobile/test/achievements_ui_test.dart": Does not exist.
00:00 +0 -1: C:/Users/ADMIN/Desktop/CocEnglish/apps/mobile/test/product_surface_test.dart: badges and family invite keep engineering notes out of product copy
00:00 +1 -1: C:/Users/ADMIN/Desktop/CocEnglish/apps/mobile/test/product_surface_test.dart: connection recovery exposes only learner actions
00:05 +2 -1: C:/Users/ADMIN/Desktop/CocEnglish/apps/mobile/test/achievements_flow_test.dart: claim accepts one earned fixture and rejects duplicate locked and invalid IDs
00:05 +3 -1: C:/Users/ADMIN/Desktop/CocEnglish/apps/mobile/test/achievements_flow_test.dart: source award opens matching detail, shares locally, and keeps claim across Back
00:06 +4 -1: C:/Users/ADMIN/Desktop/CocEnglish/apps/mobile/test/achievements_flow_test.dart: locked XP and invalid ID render safe native details
00:06 +5 -1: C:/Users/ADMIN/Desktop/CocEnglish/apps/mobile/test/achievements_flow_test.dart: achievement and monthly source grids render width360.0 text1.0
00:07 +6 -1: C:/Users/ADMIN/Desktop/CocEnglish/apps/mobile/test/achievements_flow_test.dart: achievement and monthly source grids render width360.0 text2.0
00:07 +7 -1: C:/Users/ADMIN/Desktop/CocEnglish/apps/mobile/test/achievements_flow_test.dart: achievement and monthly source grids render width430.0 text1.0
00:07 +8 -1: C:/Users/ADMIN/Desktop/CocEnglish/apps/mobile/test/achievements_flow_test.dart: achievement and monthly source grids render width430.0 text2.0
00:13 +9 -1: C:/Users/ADMIN/Desktop/CocEnglish/apps/mobile/test/max_flow_test.dart: Max requires reminder and checkout, keeps existing entitlement until confirmation
00:13 +10 -1: C:/Users/ADMIN/Desktop/CocEnglish/apps/mobile/test/max_flow_test.dart: Max Family preserves family members, individual plans remove stale invites
00:13 +11 -1: C:/Users/ADMIN/Desktop/CocEnglish/apps/mobile/test/max_flow_test.dart: routed mock checkout dismiss preserves selection and confirms only explicitly
00:15 +12 -1: C:/Users/ADMIN/Desktop/CocEnglish/apps/mobile/test/max_flow_test.dart: Max states fit 360.0 text 1.0
00:15 +13 -1: C:/Users/ADMIN/Desktop/CocEnglish/apps/mobile/test/max_flow_test.dart: Max states fit 360.0 text 2.0
00:15 +14 -1: C:/Users/ADMIN/Desktop/CocEnglish/apps/mobile/test/max_flow_test.dart: Max states fit 430.0 text 1.0
00:16 +15 -1: C:/Users/ADMIN/Desktop/CocEnglish/apps/mobile/test/max_flow_test.dart: Max states fit 430.0 text 2.0
00:17 +16 -1: Some tests failed.

Failing tests:
  C:/Users/ADMIN/Desktop/CocEnglish/apps/mobile/test/achievements_ui_test.dart: loading C:/Users/ADMIN/Desktop/CocEnglish/apps/mobile/test/achievements_ui_test.dart
