00:00 +0: loading C:/Users/ADMIN/Desktop/CocEnglish/apps/mobile/test/practice_flow_test.dart
00:00 +0: practice hub keeps source hierarchy at text scale two
00:01 +1: word practice reveals an answer and records local recall
00:01 +2: denied speech uses an assisted guest text substitution
══╡ EXCEPTION CAUGHT BY FLUTTER TEST FRAMEWORK ╞════════════════════════════════════════════════════
The following TestFailure was thrown running a test:
Expected: no matching candidates
  Actual: _TextWidgetFinder:<Found 1 widget with text "CAPABILITY SIMULATION": [
            Text("CAPABILITY SIMULATION", inherit: true, color: Color(alpha: 1.0000, red: 0.6902,
green: 0.6824, blue: 0.6902, colorSpace: ColorSpace.sRGB), size: 16.0, weight: 700, letterSpacing:
0.8, dependencies: [DefaultSelectionStyle, DefaultTextStyle, MediaQuery]),
          ]>
   Which: means one was found but none were expected

When the exception was thrown, this was the stack:
#4      main.<anonymous closure> (file:///C:/Users/ADMIN/Desktop/CocEnglish/apps/mobile/test/practice_flow_test.dart:84:5)
<asynchronous suspension>
#5      testWidgets.<anonymous closure>.<anonymous closure> (package:flutter_test/src/widget_tester.dart:192:15)
<asynchronous suspension>
#6      TestWidgetsFlutterBinding._runTestBody (package:flutter_test/src/binding.dart:1953:5)
<asynchronous suspension>
<asynchronous suspension>
(elided one frame from package:stack_trace)

This was caught by the test expectation on the following line:
  file:///C:/Users/ADMIN/Desktop/CocEnglish/apps/mobile/test/practice_flow_test.dart line 84
The test description was:
  denied speech uses an assisted guest text substitution
════════════════════════════════════════════════════════════════════════════════════════════════════
00:02 +2 -1: denied speech uses an assisted guest text substitution [E]
  Test failed. See exception logs above.
  The test description was: denied speech uses an assisted guest text substitution
  
00:02 +2 -1: background resets recording and disposal cancels its callback
══╡ EXCEPTION CAUGHT BY FLUTTER TEST FRAMEWORK ╞════════════════════════════════════════════════════
The following assertion was thrown running a test:
The finder "Found 0 widgets with text "TAP TO SPEAK": []" (used in a call to "tap()") could not find
any matching widgets.

When the exception was thrown, this was the stack:
#0      WidgetController._getElementPoint (package:flutter_test/src/controller.dart:2095:7)
#1      WidgetController.getCenter (package:flutter_test/src/controller.dart:1947:12)
#2      WidgetController.tap (package:flutter_test/src/controller.dart:1080:7)
#3      main.<anonymous closure> (file:///C:/Users/ADMIN/Desktop/CocEnglish/apps/mobile/test/practice_flow_test.dart:105:18)
<asynchronous suspension>
#4      testWidgets.<anonymous closure>.<anonymous closure> (package:flutter_test/src/widget_tester.dart:192:15)
<asynchronous suspension>
#5      TestWidgetsFlutterBinding._runTestBody (package:flutter_test/src/binding.dart:1953:5)
<asynchronous suspension>
<asynchronous suspension>
(elided one frame from package:stack_trace)

The test description was:
  background resets recording and disposal cancels its callback
════════════════════════════════════════════════════════════════════════════════════════════════════
00:02 +2 -2: background resets recording and disposal cancels its callback [E]
  Test failed. See exception logs above.
  The test description was: background resets recording and disposal cancels its callback
  
00:02 +2 -2: call reconnects safely after app resumes
══╡ EXCEPTION CAUGHT BY FLUTTER TEST FRAMEWORK ╞════════════════════════════════════════════════════
The following StateError was thrown running a test:
Bad state: No element

When the exception was thrown, this was the stack:
#0      Iterable.single (dart:core/iterable.dart:694:25)
#1      WidgetController.element (package:flutter_test/src/controller.dart:888:30)
#2      WidgetController.ensureVisible (package:flutter_test/src/controller.dart:2389:32)
#3      main.<anonymous closure> (file:///C:/Users/ADMIN/Desktop/CocEnglish/apps/mobile/test/practice_flow_test.dart:129:18)
<asynchronous suspension>
#4      testWidgets.<anonymous closure>.<anonymous closure> (package:flutter_test/src/widget_tester.dart:192:15)
<asynchronous suspension>
#5      TestWidgetsFlutterBinding._runTestBody (package:flutter_test/src/binding.dart:1953:5)
<asynchronous suspension>
<asynchronous suspension>
(elided one frame from package:stack_trace)

The test description was:
  call reconnects safely after app resumes
════════════════════════════════════════════════════════════════════════════════════════════════════
00:02 +2 -3: call reconnects safely after app resumes [E]
  Test failed. See exception logs above.
  The test description was: call reconnects safely after app resumes
  
00:02 +2 -3: Some tests failed.

Failing tests:
  C:/Users/ADMIN/Desktop/CocEnglish/apps/mobile/test/practice_flow_test.dart: background resets recording and disposal cancels its callback
  C:/Users/ADMIN/Desktop/CocEnglish/apps/mobile/test/practice_flow_test.dart: call reconnects safely after app resumes
  C:/Users/ADMIN/Desktop/CocEnglish/apps/mobile/test/practice_flow_test.dart: denied speech uses an assisted guest text substitution
