00:00 +0: loading C:/Users/ADMIN/Desktop/CocEnglish/apps/mobile/test/foreign_profile_header_test.dart
00:00 +0: foreign header places original avatar before identity and actions
══╡ EXCEPTION CAUGHT BY FLUTTER TEST FRAMEWORK ╞════════════════════════════════════════════════════
The following TestFailure was thrown running a test:
Expected: exactly one matching candidate
  Actual: _TypeWidgetFinder:<Found 0 widgets with type "AvatarMotion": []>
   Which: means none were found but one was expected

When the exception was thrown, this was the stack:
#4      main.<anonymous closure> (file:///C:/Users/ADMIN/Desktop/CocEnglish/apps/mobile/test/foreign_profile_header_test.dart:36:5)
<asynchronous suspension>
#5      testWidgets.<anonymous closure>.<anonymous closure> (package:flutter_test/src/widget_tester.dart:192:15)
<asynchronous suspension>
#6      TestWidgetsFlutterBinding._runTestBody (package:flutter_test/src/binding.dart:1953:5)
<asynchronous suspension>
<asynchronous suspension>
(elided one frame from package:stack_trace)

This was caught by the test expectation on the following line:
  file:///C:/Users/ADMIN/Desktop/CocEnglish/apps/mobile/test/foreign_profile_header_test.dart line 36
The test description was:
  foreign header places original avatar before identity and actions
════════════════════════════════════════════════════════════════════════════════════════════════════
00:01 +0 -1: foreign header places original avatar before identity and actions [E]
  Test failed. See exception logs above.
  The test description was: foreign header places original avatar before identity and actions
  
00:01 +0 -1: Some tests failed.

Failing tests:
  C:/Users/ADMIN/Desktop/CocEnglish/apps/mobile/test/foreign_profile_header_test.dart: foreign header places original avatar before identity and actions
