00:00 +0: loading C:/Users/ADMIN/Desktop/CocEnglish/apps/mobile/test/profile_actions_test.dart
test/profile_actions_test.dart:4:8: Error: Error when reading 'lib/features/progress/application/profile_actions_controller.dart': The system cannot find the file specified
import 'package:cocenglish/features/progress/application/profile_actions_controller.dart';
       ^
test/profile_actions_test.dart:11:23: Error: Undefined name 'profileActionsProvider'.
    final vm = c.read(profileActionsProvider.notifier);
                      ^^^^^^^^^^^^^^^^^^^^^^
test/profile_actions_test.dart:15:19: Error: Undefined name 'profileActionsProvider'.
    expect(c.read(profileActionsProvider).reports, isEmpty);
                  ^^^^^^^^^^^^^^^^^^^^^^
test/profile_actions_test.dart:16:19: Error: Undefined name 'profileActionsProvider'.
    expect(c.read(profileActionsProvider).blocked, isEmpty);
                  ^^^^^^^^^^^^^^^^^^^^^^
test/profile_actions_test.dart:22:23: Error: Undefined name 'profileActionsProvider'.
    final vm = c.read(profileActionsProvider.notifier);
                      ^^^^^^^^^^^^^^^^^^^^^^
test/profile_actions_test.dart:25:19: Error: Undefined name 'profileActionsProvider'.
    expect(c.read(profileActionsProvider).reports.length, 1);
                  ^^^^^^^^^^^^^^^^^^^^^^
test/profile_actions_test.dart:26:19: Error: Undefined name 'profileActionsProvider'.
    expect(c.read(profileActionsProvider).blocked, contains('Alex'));
                  ^^^^^^^^^^^^^^^^^^^^^^
test/profile_actions_test.dart:29:19: Error: Undefined name 'profileActionsProvider'.
    expect(c.read(profileActionsProvider).blocked, isEmpty);
                  ^^^^^^^^^^^^^^^^^^^^^^
test/profile_actions_test.dart:37:7: Error: Undefined name 'profileClipboardWriterProvider'.
      profileClipboardWriterProvider.overrideWithValue((url) async {
      ^^^^^^^^^^^^^^^^^^^^^^^^^^^^^^
test/profile_actions_test.dart:44:23: Error: Undefined name 'profileActionsProvider'.
    final vm = c.read(profileActionsProvider.notifier);
                      ^^^^^^^^^^^^^^^^^^^^^^
test/profile_actions_test.dart:50:19: Error: Undefined name 'profileActionsProvider'.
    expect(c.read(profileActionsProvider).copyError, isNotNull);
                  ^^^^^^^^^^^^^^^^^^^^^^
test/profile_actions_test.dart:53:19: Error: Method not found: 'profilePreviewUrl'.
    expect(urls, [profilePreviewUrl('Sam Lee'), profilePreviewUrl('Sam Lee')]);
                  ^^^^^^^^^^^^^^^^^
test/profile_actions_test.dart:53:49: Error: Method not found: 'profilePreviewUrl'.
    expect(urls, [profilePreviewUrl('Sam Lee'), profilePreviewUrl('Sam Lee')]);
                                                ^^^^^^^^^^^^^^^^^
test/profile_actions_test.dart:54:19: Error: Undefined name 'profileActionsProvider'.
    expect(c.read(profileActionsProvider).copyError, isNull);
                  ^^^^^^^^^^^^^^^^^^^^^^
test/profile_actions_test.dart:55:19: Error: Undefined name 'profileActionsProvider'.
    expect(c.read(profileActionsProvider).copiedUser, 'Sam Lee');
                  ^^^^^^^^^^^^^^^^^^^^^^
test/profile_actions_test.dart:60:7: Error: Undefined name 'profileClipboardWriterProvider'.
      profileClipboardWriterProvider.overrideWithValue((_) => gate.future),
      ^^^^^^^^^^^^^^^^^^^^^^^^^^^^^^
test/profile_actions_test.dart:62:28: Error: Undefined name 'profileActionsProvider'.
    final pending = c.read(profileActionsProvider.notifier).copyLink('Alex');
                           ^^^^^^^^^^^^^^^^^^^^^^
00:00 +0 -1: loading C:/Users/ADMIN/Desktop/CocEnglish/apps/mobile/test/profile_actions_test.dart [E]
  Failed to load "C:/Users/ADMIN/Desktop/CocEnglish/apps/mobile/test/profile_actions_test.dart":
  Compilation failed for testPath=C:/Users/ADMIN/Desktop/CocEnglish/apps/mobile/test/profile_actions_test.dart: test/profile_actions_test.dart:4:8: Error: Error when reading 'lib/features/progress/application/profile_actions_controller.dart': The system cannot find the file specified
  import 'package:cocenglish/features/progress/application/profile_actions_controller.dart';
         ^
  test/profile_actions_test.dart:11:23: Error: Undefined name 'profileActionsProvider'.
      final vm = c.read(profileActionsProvider.notifier);
                        ^^^^^^^^^^^^^^^^^^^^^^
  test/profile_actions_test.dart:15:19: Error: Undefined name 'profileActionsProvider'.
      expect(c.read(profileActionsProvider).reports, isEmpty);
                    ^^^^^^^^^^^^^^^^^^^^^^
  test/profile_actions_test.dart:16:19: Error: Undefined name 'profileActionsProvider'.
      expect(c.read(profileActionsProvider).blocked, isEmpty);
                    ^^^^^^^^^^^^^^^^^^^^^^
  test/profile_actions_test.dart:22:23: Error: Undefined name 'profileActionsProvider'.
      final vm = c.read(profileActionsProvider.notifier);
                        ^^^^^^^^^^^^^^^^^^^^^^
  test/profile_actions_test.dart:25:19: Error: Undefined name 'profileActionsProvider'.
      expect(c.read(profileActionsProvider).reports.length, 1);
                    ^^^^^^^^^^^^^^^^^^^^^^
  test/profile_actions_test.dart:26:19: Error: Undefined name 'profileActionsProvider'.
      expect(c.read(profileActionsProvider).blocked, contains('Alex'));
                    ^^^^^^^^^^^^^^^^^^^^^^
  test/profile_actions_test.dart:29:19: Error: Undefined name 'profileActionsProvider'.
      expect(c.read(profileActionsProvider).blocked, isEmpty);
                    ^^^^^^^^^^^^^^^^^^^^^^
  test/profile_actions_test.dart:37:7: Error: Undefined name 'profileClipboardWriterProvider'.
        profileClipboardWriterProvider.overrideWithValue((url) async {
        ^^^^^^^^^^^^^^^^^^^^^^^^^^^^^^
  test/profile_actions_test.dart:44:23: Error: Undefined name 'profileActionsProvider'.
      final vm = c.read(profileActionsProvider.notifier);
                        ^^^^^^^^^^^^^^^^^^^^^^
  test/profile_actions_test.dart:50:19: Error: Undefined name 'profileActionsProvider'.
      expect(c.read(profileActionsProvider).copyError, isNotNull);
                    ^^^^^^^^^^^^^^^^^^^^^^
  test/profile_actions_test.dart:53:19: Error: Method not found: 'profilePreviewUrl'.
      expect(urls, [profilePreviewUrl('Sam Lee'), profilePreviewUrl('Sam Lee')]);
                    ^^^^^^^^^^^^^^^^^
  test/profile_actions_test.dart:53:49: Error: Method not found: 'profilePreviewUrl'.
      expect(urls, [profilePreviewUrl('Sam Lee'), profilePreviewUrl('Sam Lee')]);
                                                  ^^^^^^^^^^^^^^^^^
  test/profile_actions_test.dart:54:19: Error: Undefined name 'profileActionsProvider'.
      expect(c.read(profileActionsProvider).copyError, isNull);
                    ^^^^^^^^^^^^^^^^^^^^^^
  test/profile_actions_test.dart:55:19: Error: Undefined name 'profileActionsProvider'.
      expect(c.read(profileActionsProvider).copiedUser, 'Sam Lee');
                    ^^^^^^^^^^^^^^^^^^^^^^
  test/profile_actions_test.dart:60:7: Error: Undefined name 'profileClipboardWriterProvider'.
        profileClipboardWriterProvider.overrideWithValue((_) => gate.future),
        ^^^^^^^^^^^^^^^^^^^^^^^^^^^^^^
  test/profile_actions_test.dart:62:28: Error: Undefined name 'profileActionsProvider'.
      final pending = c.read(profileActionsProvider.notifier).copyLink('Alex');
                             ^^^^^^^^^^^^^^^^^^^^^^
  .
00:00 +0 -1: Some tests failed.

Failing tests:
  C:/Users/ADMIN/Desktop/CocEnglish/apps/mobile/test/profile_actions_test.dart: loading C:/Users/ADMIN/Desktop/CocEnglish/apps/mobile/test/profile_actions_test.dart
