00:00 +0: loading C:/Users/ADMIN/Desktop/CocEnglish/apps/mobile/test/profile_lists_route_test.dart
00:00 +0: profile courses reflect enrollment; opening the list does not switch English
══╡ EXCEPTION CAUGHT BY FLUTTER TEST FRAMEWORK ╞════════════════════════════════════════════════════
The following TestFailure was thrown running a test:
Expected: exactly one matching candidate
  Actual: _TextWidgetFinder:<Found 0 widgets with text "Sam’s Courses": []>
   Which: means none were found but one was expected

When the exception was thrown, this was the stack:
#4      main.<anonymous closure> (file:///C:/Users/ADMIN/Desktop/CocEnglish/apps/mobile/test/profile_lists_route_test.dart:24:5)
<asynchronous suspension>
#5      testWidgets.<anonymous closure>.<anonymous closure> (package:flutter_test/src/widget_tester.dart:192:15)
<asynchronous suspension>
#6      TestWidgetsFlutterBinding._runTestBody (package:flutter_test/src/binding.dart:1953:5)
<asynchronous suspension>
<asynchronous suspension>
(elided one frame from package:stack_trace)

This was caught by the test expectation on the following line:
  file:///C:/Users/ADMIN/Desktop/CocEnglish/apps/mobile/test/profile_lists_route_test.dart line 24
The test description was:
  profile courses reflect enrollment; opening the list does not switch English
════════════════════════════════════════════════════════════════════════════════════════════════════
00:01 +0 -1: profile courses reflect enrollment; opening the list does not switch English [E]
  Test failed. See exception logs above.
  The test description was: profile courses reflect enrollment; opening the list does not switch English
  
00:01 +0 -1: profile friend tabs keep following identity and empty followers separate
══╡ EXCEPTION CAUGHT BY FLUTTER TEST FRAMEWORK ╞════════════════════════════════════════════════════
The following TestFailure was thrown running a test:
Expected: exactly one matching candidate
  Actual: _TextWidgetFinder:<Found 0 widgets with text "No followers yet": []>
   Which: means none were found but one was expected

When the exception was thrown, this was the stack:
#4      main.<anonymous closure> (file:///C:/Users/ADMIN/Desktop/CocEnglish/apps/mobile/test/profile_lists_route_test.dart:47:5)
<asynchronous suspension>
#5      testWidgets.<anonymous closure>.<anonymous closure> (package:flutter_test/src/widget_tester.dart:192:15)
<asynchronous suspension>
#6      TestWidgetsFlutterBinding._runTestBody (package:flutter_test/src/binding.dart:1953:5)
<asynchronous suspension>
<asynchronous suspension>
(elided one frame from package:stack_trace)

This was caught by the test expectation on the following line:
  file:///C:/Users/ADMIN/Desktop/CocEnglish/apps/mobile/test/profile_lists_route_test.dart line 47
The test description was:
  profile friend tabs keep following identity and empty followers separate
════════════════════════════════════════════════════════════════════════════════════════════════════
00:01 +0 -2: profile friend tabs keep following identity and empty followers separate [E]
  Test failed. See exception logs above.
  The test description was: profile friend tabs keep following identity and empty followers separate
  
00:01 +0 -2: Some tests failed.

Failing tests:
  C:/Users/ADMIN/Desktop/CocEnglish/apps/mobile/test/profile_lists_route_test.dart: profile courses reflect enrollment; opening the list does not switch English
  C:/Users/ADMIN/Desktop/CocEnglish/apps/mobile/test/profile_lists_route_test.dart: profile friend tabs keep following identity and empty followers separate
