00:00 +0: loading C:/Users/ADMIN/Desktop/CocEnglish/apps/mobile/test/profile_editor_test.dart
00:00 +0: C:/Users/ADMIN/Desktop/CocEnglish/apps/mobile/test/profile_editor_test.dart: full profile fields preserve draft on validation failure
00:01 +1: C:/Users/ADMIN/Desktop/CocEnglish/apps/mobile/test/avatar_route_test.dart: profile opens avatar and cancel preserves profile draft
═════════════════════════════════════════════════════════════════════════════════════════
[31m[1m  Rive Native: Failed to open dynamic library[0m
[33m  Library: rive_native.dll[0m      

  To fix this issue, run the following command:     
[36m[1m    dart run rive_native:setup --verbose --clean --platform windows[0m           
  
  See the troubleshooting section in the docs for more information:
[36m[1m    https://rive.app/docs/runtimes/flutter/rive-native#troubleshooting[0m
═════════════════════════════════════════════════════════════════════════════════════════

═════════════════════════════════════════════════════════════════════════════════════════
[31m[1m  Rive Native: Failed to open dynamic library[0m
[33m  Library: rive_native.dll[0m      

  To fix this issue, run the following command:     
[36m[1m    dart run rive_native:setup --verbose --clean --platform windows[0m           
  
  See the troubleshooting section in the docs for more information:
[36m[1m    https://rive.app/docs/runtimes/flutter/rive-native#troubleshooting[0m
═════════════════════════════════════════════════════════════════════════════════════════

═════════════════════════════════════════════════════════════════════════════════════════
[31m[1m  Rive Native: Failed to open dynamic library[0m
[33m  Library: rive_native.dll[0m      

  To fix this issue, run the following command:     
[36m[1m    dart run rive_native:setup --verbose --clean --platform windows[0m           
  
  See the troubleshooting section in the docs for more information:
[36m[1m    https://rive.app/docs/runtimes/flutter/rive-native#troubleshooting[0m
═════════════════════════════════════════════════════════════════════════════════════════

00:02 +2: C:/Users/ADMIN/Desktop/CocEnglish/apps/mobile/test/password_change_route_test.dart: profile password route closes back without losing profile draft
00:03 +3: All tests passed!
