Resolving dependencies...
Downloading packages...
  code_assets 1.2.1 (2.1.0 available)
  cupertino_icons 1.0.9 (2.0.0 available)
  hooks 2.0.2 (2.2.0 available)
  material_color_utilities 0.13.0 (0.13.1 available)
  meta 1.18.3 (1.19.0 available)
  objective_c 9.5.0 (9.6.2 available)
  petitparser 7.0.2 (7.1.0 available)
  qr 3.0.2 (4.0.0 available)
  record_use 0.6.0 (1.1.1 available)
  test_api 0.7.12 (0.7.14 available)
  vector_math 2.4.0 (2.4.3 available)
  window_to_front 0.0.4 (1.0.0 available)
  xml 7.0.1 (7.1.0 available)
Got dependencies!
13 packages have newer versions incompatible with dependency constraints.
Try `flutter pub outdated` for more information.
00:00 +0: loading C:/Users/ADMIN/Desktop/CocEnglish/apps/mobile/test/own_profile_screen_test.dart
lib/features/progress/presentation/score_information_screen.dart:145:48: Error: Member not found: 'subtle'.
                        color: ReferenceColors.subtle,
                                               ^^^^^^
00:00 +0 -1: loading C:/Users/ADMIN/Desktop/CocEnglish/apps/mobile/test/profile_actions_route_test.dart [E]
  Failed to load "C:/Users/ADMIN/Desktop/CocEnglish/apps/mobile/test/profile_actions_route_test.dart":
  Compilation failed for testPath=C:/Users/ADMIN/Desktop/CocEnglish/apps/mobile/test/profile_actions_route_test.dart: lib/features/progress/presentation/score_information_screen.dart:145:48: Error: Member not found: 'subtle'.
                          color: ReferenceColors.subtle,
                                                 ^^^^^^
  .
00:00 +0 -2: loading C:/Users/ADMIN/Desktop/CocEnglish/apps/mobile/test/own_profile_screen_test.dart [E]
  Error: The Dart compiler exited unexpectedly.
  package:flutter_tools/src/base/common.dart 34:3  throwToolExit
  package:flutter_tools/src/compile.dart 1021:11   DefaultResidentCompiler._compile.<fn>
  dart:async/zone_root.dart 48:47                  _rootRunUnary
  dart:async/zone.dart 816:35                      _CustomZone.runUnary
  dart:async/future_impl.dart 948:45               Future._propagateToListeners.handleValueCallback
  dart:async/future_impl.dart 977:13               Future._propagateToListeners
  dart:async/future_impl.dart 862:9                Future._propagateToListeners
  dart:async/future_impl.dart 720:5                Future._completeWithValue
  dart:async/future_impl.dart 804:7                Future._asyncCompleteWithValue.<fn>
  dart:async/zone_root.dart 35:13                  _rootRun
  dart:async/zone.dart 810:35                      _CustomZone.run
  dart:async/zone.dart 702:7                       _CustomZone.runGuarded
  dart:async/zone.dart 743:23                      _CustomZone.bindCallbackGuarded.<fn>
  dart:async/schedule_microtask.dart 40:35         _microtaskLoop
  dart:async/schedule_microtask.dart 49:5          _startMicrotaskLoop
  dart:isolate-patch/isolate_patch.dart 127:13     _runPendingImmediateCallback
  dart:isolate-patch/isolate_patch.dart 193:5      _RawReceivePort._handleMessage
  
00:00 +0 -2: C:/Users/ADMIN/Desktop/CocEnglish/apps/mobile/test/own_profile_screen_test.dart: profile shows live progress and each social counter route
00:00 +1 -2: C:/Users/ADMIN/Desktop/CocEnglish/apps/mobile/test/own_profile_screen_test.dart: unfinished profile opens avatar builder and add friends
00:01 +2 -2: C:/Users/ADMIN/Desktop/CocEnglish/apps/mobile/test/own_profile_screen_test.dart: saved avatar and score card use saved state and independent actions
═════════════════════════════════════════════════════════════════════════════════════════
[31m[1m  Rive Native: Failed to open dynamic library[0m
[33m  Library: rive_native.dll[0m      

  To fix this issue, run the following command:     
[36m[1m    dart run rive_native:setup --verbose --clean --platform windows[0m           
  
  See the troubleshooting section in the docs for more information:
[36m[1m    https://rive.app/docs/runtimes/flutter/rive-native#troubleshooting[0m
═════════════════════════════════════════════════════════════════════════════════════════

═════════════════════════════════════════════════════════════════════════════════════════
[31m[1m  Rive Native: Failed to open dynamic library[0m
[33m  Library: rive_native.dll[0m      

  To fix this issue, run the following command:     
[36m[1m    dart run rive_native:setup --verbose --clean --platform windows[0m           
  
  See the troubleshooting section in the docs for more information:
[36m[1m    https://rive.app/docs/runtimes/flutter/rive-native#troubleshooting[0m
═════════════════════════════════════════════════════════════════════════════════════════

═════════════════════════════════════════════════════════════════════════════════════════
[31m[1m  Rive Native: Failed to open dynamic library[0m
[33m  Library: rive_native.dll[0m      

  To fix this issue, run the following command:     
[36m[1m    dart run rive_native:setup --verbose --clean --platform windows[0m           
  
  See the troubleshooting section in the docs for more information:
[36m[1m    https://rive.app/docs/runtimes/flutter/rive-native#troubleshooting[0m
═════════════════════════════════════════════════════════════════════════════════════════

00:01 +3 -2: C:/Users/ADMIN/Desktop/CocEnglish/apps/mobile/test/own_profile_screen_test.dart: profile QR shares own identity
00:01 +4 -2: C:/Users/ADMIN/Desktop/CocEnglish/apps/mobile/test/own_profile_screen_test.dart: paid plan shows its original profile badge
00:01 +5 -2: C:/Users/ADMIN/Desktop/CocEnglish/apps/mobile/test/own_profile_screen_test.dart: 320 wide text scale 2 scrolls every profile section
lib/features/progress/presentation/score_information_screen.dart:145:48: Error: Member not found: 'subtle'.
                        color: ReferenceColors.subtle,
                                               ^^^^^^
00:05 +6 -3: loading C:/Users/ADMIN/Desktop/CocEnglish/apps/mobile/test/profile_surface_capture_test.dart [E]
  Failed to load "C:/Users/ADMIN/Desktop/CocEnglish/apps/mobile/test/profile_surface_capture_test.dart":
  Compilation failed for testPath=C:/Users/ADMIN/Desktop/CocEnglish/apps/mobile/test/profile_surface_capture_test.dart: lib/features/progress/presentation/score_information_screen.dart:145:48: Error: Member not found: 'subtle'.
                          color: ReferenceColors.subtle,
                                                 ^^^^^^
  .
00:05 +6 -3: Some tests failed.

Failing tests:
  C:/Users/ADMIN/Desktop/CocEnglish/apps/mobile/test/own_profile_screen_test.dart: loading C:/Users/ADMIN/Desktop/CocEnglish/apps/mobile/test/own_profile_screen_test.dart
  C:/Users/ADMIN/Desktop/CocEnglish/apps/mobile/test/profile_actions_route_test.dart: loading C:/Users/ADMIN/Desktop/CocEnglish/apps/mobile/test/profile_actions_route_test.dart
  C:/Users/ADMIN/Desktop/CocEnglish/apps/mobile/test/profile_surface_capture_test.dart: loading C:/Users/ADMIN/Desktop/CocEnglish/apps/mobile/test/profile_surface_capture_test.dart
