00:00 +0: loading C:/Users/ADMIN/Desktop/CocEnglish/apps/mobile/test/foreign_achievements_route_test.dart
00:00 +0: foreign record cards do not invent learner record dates
══╡ EXCEPTION CAUGHT BY FLUTTER TEST FRAMEWORK ╞════════════════════════════════════════════════════
The following TestFailure was thrown running a test:
Expected: no matching candidates
  Actual: _TextWidgetFinder:<Found 3 widgets with text "Today": [
            Text("Today", inherit: true, color: Color(alpha: 1.0000, red: 0.5020, green: 0.4941,
blue: 0.5020, colorSpace: ColorSpace.sRGB), size: 12.0, textAlign: center, overflow: ellipsis,
maxLines: 2, dependencies: [DefaultSelectionStyle, DefaultTextStyle, MediaQuery]),
            Text("Today", inherit: true, color: Color(alpha: 1.0000, red: 0.5020, green: 0.4941,
blue: 0.5020, colorSpace: ColorSpace.sRGB), size: 12.0, textAlign: center, overflow: ellipsis,
maxLines: 2, dependencies: [DefaultSelectionStyle, DefaultTextStyle, MediaQuery]),
            Text("Today", inherit: true, color: Color(alpha: 1.0000, red: 0.5020, green: 0.4941,
blue: 0.5020, colorSpace: ColorSpace.sRGB), size: 12.0, textAlign: center, overflow: ellipsis,
maxLines: 2, dependencies: [DefaultSelectionStyle, DefaultTextStyle, MediaQuery]),
          ]>
   Which: means some were found but none were expected

When the exception was thrown, this was the stack:
#4      main.<anonymous closure> (file:///C:/Users/ADMIN/Desktop/CocEnglish/apps/mobile/test/foreign_achievements_route_test.dart:94:7)
<asynchronous suspension>
#5      testWidgets.<anonymous closure>.<anonymous closure> (package:flutter_test/src/widget_tester.dart:192:15)
<asynchronous suspension>
#6      TestWidgetsFlutterBinding._runTestBody (package:flutter_test/src/binding.dart:1953:5)
<asynchronous suspension>
<asynchronous suspension>
(elided one frame from package:stack_trace)

This was caught by the test expectation on the following line:
  file:///C:/Users/ADMIN/Desktop/CocEnglish/apps/mobile/test/foreign_achievements_route_test.dart line 94
The test description was:
  foreign record cards do not invent learner record dates
════════════════════════════════════════════════════════════════════════════════════════════════════
00:00 +0 -1: foreign record cards do not invent learner record dates [E]
  Test failed. See exception logs above.
  The test description was: foreign record cards do not invent learner record dates

00:00 +0 -1: Some tests failed.

Failing tests:
  C:/Users/ADMIN/Desktop/CocEnglish/apps/mobile/test/foreign_achievements_route_test.dart: foreign record cards do not invent learner record dates
