
> Blueprint validation
{
  "status": "PASS",
  "files": 2238,
  "markdown": 114,
  "localLinks": 366,
  "requirements": 39,
  "nfr": 19,
  "screens": 42,
  "edgeCases": 39,
  "tasks": 38,
  "tables": 37,
  "schemas": 94,
  "paths": 41,
  "operations": 42,
  "refs": 680,
  "adrs": 17,
  "skills": 8,
  "scope": "Phase0 structural consistency; no app build, account or device proof"
}

> Dart format check
Formatted 185 files (0 changed) in 0.85 seconds.

> Flutter analyze
Resolving dependencies...
Downloading packages...
  code_assets 1.2.1 (2.1.0 available)
  cupertino_icons 1.0.9 (2.0.0 available)
  hooks 2.0.2 (2.2.0 available)
  material_color_utilities 0.13.0 (0.13.1 available)
  meta 1.18.3 (1.19.0 available)
  objective_c 9.5.0 (9.6.2 available)
  petitparser 7.0.2 (7.1.0 available)
  qr 3.0.2 (4.0.0 available)
  record_use 0.6.0 (1.1.1 available)
  test_api 0.7.12 (0.7.14 available)
  vector_math 2.4.0 (2.4.3 available)
  window_to_front 0.0.4 (1.0.0 available)
  xml 7.0.1 (7.1.0 available)
Got dependencies!
13 packages have newer versions incompatible with dependency constraints.
Try `flutter pub outdated` for more information.
Analyzing mobile...                                             
No issues found! (ran in 13.6s)

> Rive host test runtime
[rive_native]   Starting Rive Native Setup...

[rive_native]   rive_native libraries already present for windows. Not building/downloading libraries.
[rive_native]   
[rive_native]   To force a rebuild/download, run with `--clean`

> Flutter test
00:00 +0: loading C:/Users/ADMIN/Desktop/CocEnglish/apps/mobile/test/achievements_flow_test.dart
00:00 +0: C:/Users/ADMIN/Desktop/CocEnglish/apps/mobile/test/achievements_flow_test.dart: claim accepts one earned fixture and rejects duplicate locked and invalid IDs
00:00 +1: C:/Users/ADMIN/Desktop/CocEnglish/apps/mobile/test/achievements_flow_test.dart: source award opens matching detail, shares locally, and keeps claim across Back
00:00 +2: C:/Users/ADMIN/Desktop/CocEnglish/apps/mobile/test/achievements_flow_test.dart: source award opens matching detail, shares locally, and keeps claim across Back
00:01 +3: C:/Users/ADMIN/Desktop/CocEnglish/apps/mobile/test/achievements_flow_test.dart: source award opens matching detail, shares locally, and keeps claim across Back
00:01 +4: C:/Users/ADMIN/Desktop/CocEnglish/apps/mobile/test/achievements_flow_test.dart: source award opens matching detail, shares locally, and keeps claim across Back
00:01 +5: C:/Users/ADMIN/Desktop/CocEnglish/apps/mobile/test/app_test.dart: welcome exposes both reference entry actions
00:01 +6: C:/Users/ADMIN/Desktop/CocEnglish/apps/mobile/test/app_test.dart: welcome exposes both reference entry actions
00:01 +7: C:/Users/ADMIN/Desktop/CocEnglish/apps/mobile/test/app_test.dart: welcome exposes both reference entry actions
00:01 +8: C:/Users/ADMIN/Desktop/CocEnglish/apps/mobile/test/app_test.dart: welcome exposes both reference entry actions
00:01 +9: C:/Users/ADMIN/Desktop/CocEnglish/apps/mobile/test/app_test.dart: welcome exposes both reference entry actions
00:01 +10: C:/Users/ADMIN/Desktop/CocEnglish/apps/mobile/test/app_test.dart: welcome exposes both reference entry actions
00:01 +11: C:/Users/ADMIN/Desktop/CocEnglish/apps/mobile/test/app_test.dart: welcome exposes both reference entry actions
00:01 +12: C:/Users/ADMIN/Desktop/CocEnglish/apps/mobile/test/app_test.dart: welcome exposes both reference entry actions
00:01 +13: C:/Users/ADMIN/Desktop/CocEnglish/apps/mobile/test/app_test.dart: welcome exposes both reference entry actions
00:01 +14: C:/Users/ADMIN/Desktop/CocEnglish/apps/mobile/test/app_test.dart: welcome exposes both reference entry actions
00:01 +15: C:/Users/ADMIN/Desktop/CocEnglish/apps/mobile/test/app_test.dart: welcome exposes both reference entry actions
00:01 +16: C:/Users/ADMIN/Desktop/CocEnglish/apps/mobile/test/app_test.dart: welcome exposes both reference entry actions
00:01 +17: C:/Users/ADMIN/Desktop/CocEnglish/apps/mobile/test/app_test.dart: welcome exposes both reference entry actions
00:01 +18: C:/Users/ADMIN/Desktop/CocEnglish/apps/mobile/test/app_test.dart: welcome exposes both reference entry actions
00:01 +19: C:/Users/ADMIN/Desktop/CocEnglish/apps/mobile/test/app_test.dart: welcome exposes both reference entry actions
00:01 +20: C:/Users/ADMIN/Desktop/CocEnglish/apps/mobile/test/app_test.dart: welcome exposes both reference entry actions
00:01 +21: C:/Users/ADMIN/Desktop/CocEnglish/apps/mobile/test/app_test.dart: welcome exposes both reference entry actions
00:01 +22: C:/Users/ADMIN/Desktop/CocEnglish/apps/mobile/test/app_test.dart: welcome exposes both reference entry actions
00:01 +23: C:/Users/ADMIN/Desktop/CocEnglish/apps/mobile/test/avatar_builder_test.dart: shows all current categories and saves a valid choice
00:02 +24: C:/Users/ADMIN/Desktop/CocEnglish/apps/mobile/test/avatar_builder_test.dart: shows all current categories and saves a valid choice
00:02 +25: C:/Users/ADMIN/Desktop/CocEnglish/apps/mobile/test/avatar_builder_test.dart: shows all current categories and saves a valid choice
00:02 +26: C:/Users/ADMIN/Desktop/CocEnglish/apps/mobile/test/avatar_builder_test.dart: shows all current categories and saves a valid choice
00:02 +27: C:/Users/ADMIN/Desktop/CocEnglish/apps/mobile/test/avatar_builder_test.dart: shows all current categories and saves a valid choice
00:02 +28: C:/Users/ADMIN/Desktop/CocEnglish/apps/mobile/test/avatar_builder_test.dart: shows all current categories and saves a valid choice
00:02 +28: C:/Users/ADMIN/Desktop/CocEnglish/apps/mobile/test/avatar_motion_test.dart: failed avatar does not poison new consumers and in-flight disposal is safe
═════════════════════════════════════════════════════════════════════════════════════════
[31m[1m  Rive Native: Failed to open dynamic library[0m
[33m  Library: rive_native.dll[0m      

  To fix this issue, run the following command:     
[36m[1m    dart run rive_native:setup --verbose --clean --platform windows[0m           
  
  See the troubleshooting section in the docs for more information:
[36m[1m    https://rive.app/docs/runtimes/flutter/rive-native#troubleshooting[0m
═════════════════════════════════════════════════════════════════════════════════════════

00:02 +29: C:/Users/ADMIN/Desktop/CocEnglish/apps/mobile/test/avatar_builder_test.dart: shows all current categories and saves a valid choice
00:02 +30: C:/Users/ADMIN/Desktop/CocEnglish/apps/mobile/test/avatar_builder_test.dart: shows all current categories and saves a valid choice
00:02 +30: C:/Users/ADMIN/Desktop/CocEnglish/apps/mobile/test/avatar_motion_test.dart: failed avatar does not poison new consumers and in-flight disposal is safe
═════════════════════════════════════════════════════════════════════════════════════════
[31m[1m  Rive Native: Failed to open dynamic library[0m
[33m  Library: rive_native.dll[0m      

  To fix this issue, run the following command:     
[36m[1m    dart run rive_native:setup --verbose --clean --platform windows[0m           
  
  See the troubleshooting section in the docs for more information:
[36m[1m    https://rive.app/docs/runtimes/flutter/rive-native#troubleshooting[0m
═════════════════════════════════════════════════════════════════════════════════════════

00:03 +30: C:/Users/ADMIN/Desktop/CocEnglish/apps/mobile/test/avatar_builder_test.dart: shows all current categories and saves a valid choice
═════════════════════════════════════════════════════════════════════════════════════════
[31m[1m  Rive Native: Failed to open dynamic library[0m
[33m  Library: rive_native.dll[0m      

  To fix this issue, run the following command:     
[36m[1m    dart run rive_native:setup --verbose --clean --platform windows[0m           
  
  See the troubleshooting section in the docs for more information:
[36m[1m    https://rive.app/docs/runtimes/flutter/rive-native#troubleshooting[0m
═════════════════════════════════════════════════════════════════════════════════════════

═════════════════════════════════════════════════════════════════════════════════════════
[31m[1m  Rive Native: Failed to open dynamic library[0m
[33m  Library: rive_native.dll[0m      

  To fix this issue, run the following command:     
[36m[1m    dart run rive_native:setup --verbose --clean --platform windows[0m           
  
  See the troubleshooting section in the docs for more information:
[36m[1m    https://rive.app/docs/runtimes/flutter/rive-native#troubleshooting[0m
═════════════════════════════════════════════════════════════════════════════════════════

═════════════════════════════════════════════════════════════════════════════════════════
[31m[1m  Rive Native: Failed to open dynamic library[0m
[33m  Library: rive_native.dll[0m      

  To fix this issue, run the following command:     
[36m[1m    dart run rive_native:setup --verbose --clean --platform windows[0m           
  
  See the troubleshooting section in the docs for more information:
[36m[1m    https://rive.app/docs/runtimes/flutter/rive-native#troubleshooting[0m
═════════════════════════════════════════════════════════════════════════════════════════

00:03 +31: C:/Users/ADMIN/Desktop/CocEnglish/apps/mobile/test/avatar_motion_test.dart: failed avatar does not poison new consumers and in-flight disposal is safe
═════════════════════════════════════════════════════════════════════════════════════════
[31m[1m  Rive Native: Failed to open dynamic library[0m
[33m  Library: rive_native.dll[0m      

  To fix this issue, run the following command:     
[36m[1m    dart run rive_native:setup --verbose --clean --platform windows[0m           
  
  See the troubleshooting section in the docs for more information:
[36m[1m    https://rive.app/docs/runtimes/flutter/rive-native#troubleshooting[0m
═════════════════════════════════════════════════════════════════════════════════════════

00:03 +32: C:/Users/ADMIN/Desktop/CocEnglish/apps/mobile/test/avatar_motion_test.dart: failed avatar does not poison new consumers and in-flight disposal is safe
00:04 +33: C:/Users/ADMIN/Desktop/CocEnglish/apps/mobile/test/avatar_motion_test.dart: failed avatar does not poison new consumers and in-flight disposal is safe
00:04 +34: C:/Users/ADMIN/Desktop/CocEnglish/apps/mobile/test/avatar_route_test.dart: profile opens avatar and cancel preserves profile draft
00:04 +35: C:/Users/ADMIN/Desktop/CocEnglish/apps/mobile/test/avatar_route_test.dart: profile opens avatar and cancel preserves profile draft
00:04 +35: C:/Users/ADMIN/Desktop/CocEnglish/apps/mobile/test/avatar_motion_test.dart: avatar renders source states and pauses while backgrounded
Original avatar bounds: 1000.0x250.0
00:04 +35: C:/Users/ADMIN/Desktop/CocEnglish/apps/mobile/test/character_motion_test.dart: character reacts, pauses on background, and disposes its runtime
═════════════════════════════════════════════════════════════════════════════════════════
[31m[1m  Rive Native: Failed to open dynamic library[0m
[33m  Library: rive_native.dll[0m      

  To fix this issue, run the following command:     
[36m[1m    dart run rive_native:setup --verbose --clean --platform windows[0m           
  
  See the troubleshooting section in the docs for more information:
[36m[1m    https://rive.app/docs/runtimes/flutter/rive-native#troubleshooting[0m
═════════════════════════════════════════════════════════════════════════════════════════

═════════════════════════════════════════════════════════════════════════════════════════
[31m[1m  Rive Native: Failed to open dynamic library[0m
[33m  Library: rive_native.dll[0m      

  To fix this issue, run the following command:     
[36m[1m    dart run rive_native:setup --verbose --clean --platform windows[0m           
  
  See the troubleshooting section in the docs for more information:
[36m[1m    https://rive.app/docs/runtimes/flutter/rive-native#troubleshooting[0m
═════════════════════════════════════════════════════════════════════════════════════════

00:05 +36: C:/Users/ADMIN/Desktop/CocEnglish/apps/mobile/test/avatar_route_test.dart: profile opens avatar and cancel preserves profile draft
00:05 +36: C:/Users/ADMIN/Desktop/CocEnglish/apps/mobile/test/avatar_motion_test.dart: original avatar rig exposes selectable states and triggers
Original avatar inputs: default_avatar_bool:FFIBooleanInput, default_avatar_num:FFINumberInput, bounce_trig:FFITriggerInput, Headshape:FFINumberInput, HeadphonesColour:FFINumberInput, Headphones:FFINumberInput, ENG_ONLY_HeadFlip:FFIBooleanInput, ENG_ONLY_Zoom:FFINumberInput, ENG_ONLY_Animation:FFINumberInput, ENG_ONLY_XPBoost:FFINumberInput, SkinTone:FFINumberInput, Body:FFINumberInput, MainHairColor:FFINumberInput, MainHair:FFINumberInput, EyeColor:FFINumberInput, Expression:FFINumberInput, GlassesColor:FFINumberInput, Glasses:FFINumberInput, Wrinkles:FFINumberInput, Piercings:FFINumberInput, Nose Piercing:FFINumberInput, FacialHairColor:FFINumberInput, FacialHair:FFINumberInput, HeadwearColor:FFINumberInput, Headwear:FFINumberInput, ClothingColor:FFINumberInput, BackgroundColor:FFINumberInput
00:05 +37: C:/Users/ADMIN/Desktop/CocEnglish/apps/mobile/test/avatar_route_test.dart: profile opens avatar and cancel preserves profile draft
00:05 +37: C:/Users/ADMIN/Desktop/CocEnglish/apps/mobile/test/character_motion_test.dart: character reacts, pauses on background, and disposes its runtime
═════════════════════════════════════════════════════════════════════════════════════════
[31m[1m  Rive Native: Failed to open dynamic library[0m
[33m  Library: rive_native.dll[0m      

  To fix this issue, run the following command:     
[36m[1m    dart run rive_native:setup --verbose --clean --platform windows[0m           
  
  See the troubleshooting section in the docs for more information:
[36m[1m    https://rive.app/docs/runtimes/flutter/rive-native#troubleshooting[0m
═════════════════════════════════════════════════════════════════════════════════════════

00:05 +38: C:/Users/ADMIN/Desktop/CocEnglish/apps/mobile/test/avatar_route_test.dart: profile opens avatar and cancel preserves profile draft
00:05 +39: C:/Users/ADMIN/Desktop/CocEnglish/apps/mobile/test/avatar_route_test.dart: profile opens avatar and cancel preserves profile draft
00:06 +40: C:/Users/ADMIN/Desktop/CocEnglish/apps/mobile/test/avatar_route_test.dart: profile opens avatar and cancel preserves profile draft
00:06 +41: C:/Users/ADMIN/Desktop/CocEnglish/apps/mobile/test/avatar_route_test.dart: profile opens avatar and cancel preserves profile draft
00:06 +42: C:/Users/ADMIN/Desktop/CocEnglish/apps/mobile/test/avatar_route_test.dart: profile opens avatar and cancel preserves profile draft
00:06 +43: C:/Users/ADMIN/Desktop/CocEnglish/apps/mobile/test/avatar_route_test.dart: profile opens avatar and cancel preserves profile draft
00:06 +44: C:/Users/ADMIN/Desktop/CocEnglish/apps/mobile/test/avatar_route_test.dart: profile opens avatar and cancel preserves profile draft
00:06 +45: C:/Users/ADMIN/Desktop/CocEnglish/apps/mobile/test/avatar_route_test.dart: profile opens avatar and cancel preserves profile draft
═════════════════════════════════════════════════════════════════════════════════════════
[31m[1m  Rive Native: Failed to open dynamic library[0m
[33m  Library: rive_native.dll[0m      

  To fix this issue, run the following command:     
[36m[1m    dart run rive_native:setup --verbose --clean --platform windows[0m           
  
  See the troubleshooting section in the docs for more information:
[36m[1m    https://rive.app/docs/runtimes/flutter/rive-native#troubleshooting[0m
═════════════════════════════════════════════════════════════════════════════════════════

═════════════════════════════════════════════════════════════════════════════════════════
[31m[1m  Rive Native: Failed to open dynamic library[0m
[33m  Library: rive_native.dll[0m      

  To fix this issue, run the following command:     
[36m[1m    dart run rive_native:setup --verbose --clean --platform windows[0m           
  
  See the troubleshooting section in the docs for more information:
[36m[1m    https://rive.app/docs/runtimes/flutter/rive-native#troubleshooting[0m
═════════════════════════════════════════════════════════════════════════════════════════

═════════════════════════════════════════════════════════════════════════════════════════
[31m[1m  Rive Native: Failed to open dynamic library[0m
[33m  Library: rive_native.dll[0m      

  To fix this issue, run the following command:     
[36m[1m    dart run rive_native:setup --verbose --clean --platform windows[0m           
  
  See the troubleshooting section in the docs for more information:
[36m[1m    https://rive.app/docs/runtimes/flutter/rive-native#troubleshooting[0m
═════════════════════════════════════════════════════════════════════════════════════════

00:06 +46: C:/Users/ADMIN/Desktop/CocEnglish/apps/mobile/test/challenge_test.dart: challenge states fit width360.0 text2.0
00:06 +47: C:/Users/ADMIN/Desktop/CocEnglish/apps/mobile/test/challenge_test.dart: challenge states fit width430.0 text1.0
00:07 +48: C:/Users/ADMIN/Desktop/CocEnglish/apps/mobile/test/challenge_test.dart: challenge states fit width430.0 text2.0
00:07 +49: C:/Users/ADMIN/Desktop/CocEnglish/apps/mobile/test/course_management_route_test.dart: Settings courses entry opens management and back retains English learning
00:07 +50: C:/Users/ADMIN/Desktop/CocEnglish/apps/mobile/test/course_management_route_test.dart: Settings courses entry opens management and back retains English learning
00:07 +51: C:/Users/ADMIN/Desktop/CocEnglish/apps/mobile/test/course_management_route_test.dart: Settings courses entry opens management and back retains English learning
00:07 +52: C:/Users/ADMIN/Desktop/CocEnglish/apps/mobile/test/course_management_route_test.dart: Settings courses entry opens management and back retains English learning
00:07 +53: C:/Users/ADMIN/Desktop/CocEnglish/apps/mobile/test/course_management_route_test.dart: Settings courses entry opens management and back retains English learning
00:08 +54: C:/Users/ADMIN/Desktop/CocEnglish/apps/mobile/test/course_management_test.dart: English is protected with a visible fixture reason
00:08 +55: C:/Users/ADMIN/Desktop/CocEnglish/apps/mobile/test/course_management_test.dart: cancel retains enrollment and confirmation removes once
00:08 +56: C:/Users/ADMIN/Desktop/CocEnglish/apps/mobile/test/course_management_test.dart: course removal leaves learning progress state untouched
00:08 +57: C:/Users/ADMIN/Desktop/CocEnglish/apps/mobile/test/course_management_test.dart: disposal during removal resolves false without stale state access
00:09 +58: C:/Users/ADMIN/Desktop/CocEnglish/apps/mobile/test/course_management_ui_test.dart: shows scoped languages and explains protected English
00:09 +59: C:/Users/ADMIN/Desktop/CocEnglish/apps/mobile/test/course_management_ui_test.dart: cancel retains course and confirm removes it once
00:09 +60: C:/Users/ADMIN/Desktop/CocEnglish/apps/mobile/test/course_management_ui_test.dart: sheet stays usable at width 360.0 and text scale 1.0
00:10 +61: C:/Users/ADMIN/Desktop/CocEnglish/apps/mobile/test/course_management_ui_test.dart: sheet stays usable at width 360.0 and text scale 2.0
00:10 +62: C:/Users/ADMIN/Desktop/CocEnglish/apps/mobile/test/duo_motion_test.dart: all original motion assets parse into compositions
00:10 +63: C:/Users/ADMIN/Desktop/CocEnglish/apps/mobile/test/duo_motion_test.dart: all original motion assets parse into compositions
00:10 +64: C:/Users/ADMIN/Desktop/CocEnglish/apps/mobile/test/duo_motion_test.dart: all original motion assets parse into compositions
00:10 +65: C:/Users/ADMIN/Desktop/CocEnglish/apps/mobile/test/duo_motion_test.dart: original path jump advances and honors reduced motion
00:10 +66: C:/Users/ADMIN/Desktop/CocEnglish/apps/mobile/test/duo_motion_test.dart: playing advances the painted source frame
00:10 +67: C:/Users/ADMIN/Desktop/CocEnglish/apps/mobile/test/duo_motion_test.dart: disabled and reduced motion render the static fallback
00:10 +68: C:/Users/ADMIN/Desktop/CocEnglish/apps/mobile/test/duo_motion_test.dart: removal disposes ticker without asynchronous state errors
00:10 +69: C:/Users/ADMIN/Desktop/CocEnglish/apps/mobile/test/duo_motion_test.dart: switching assets while disabled cannot install stale composition
00:10 +70: C:/Users/ADMIN/Desktop/CocEnglish/apps/mobile/test/duo_motion_test.dart: app lifecycle pauses and resumes looping motion
00:11 +71: C:/Users/ADMIN/Desktop/CocEnglish/apps/mobile/test/english_content_test.dart: lesson loads the authored English sequence for Vietnamese learners
00:11 +72: C:/Users/ADMIN/Desktop/CocEnglish/apps/mobile/test/english_content_test.dart: every authored lesson and practice answer grades correctly
00:11 +73: C:/Users/ADMIN/Desktop/CocEnglish/apps/mobile/test/english_content_test.dart: practice fixtures use English prompts with Vietnamese meanings
00:11 +74: C:/Users/ADMIN/Desktop/CocEnglish/apps/mobile/test/english_content_test.dart: learning and practice fixtures contain no French remnants
00:11 +75: C:/Users/ADMIN/Desktop/CocEnglish/apps/mobile/test/english_journey_test.dart: practice opens Roleplay, submits native input, and reviews the actual replies
00:12 +76: C:/Users/ADMIN/Desktop/CocEnglish/apps/mobile/test/english_journey_test.dart: English journey states fit width360.0 text1.0
00:13 +77: C:/Users/ADMIN/Desktop/CocEnglish/apps/mobile/test/english_journey_test.dart: English journey states fit width360.0 text1.0
00:13 +78: C:/Users/ADMIN/Desktop/CocEnglish/apps/mobile/test/english_journey_test.dart: English journey states fit width360.0 text1.0
00:13 +79: C:/Users/ADMIN/Desktop/CocEnglish/apps/mobile/test/english_ui_test.dart: English score and guide expose English with Vietnamese meanings
00:13 +80: C:/Users/ADMIN/Desktop/CocEnglish/apps/mobile/test/english_ui_test.dart: English score and guide expose English with Vietnamese meanings
00:13 +81: C:/Users/ADMIN/Desktop/CocEnglish/apps/mobile/test/english_ui_test.dart: English score and guide expose English with Vietnamese meanings
00:13 +82: C:/Users/ADMIN/Desktop/CocEnglish/apps/mobile/test/english_journey_test.dart: English journey states fit width430.0 text2.0
00:13 +83: C:/Users/ADMIN/Desktop/CocEnglish/apps/mobile/test/explanation_test.dart: explanation back retains wrong selection and feedback without advancing
00:13 +84: C:/Users/ADMIN/Desktop/CocEnglish/apps/mobile/test/explanation_test.dart: explanation back retains wrong selection and feedback without advancing
00:14 +85: C:/Users/ADMIN/Desktop/CocEnglish/apps/mobile/test/explanation_test.dart: explanation back retains wrong selection and feedback without advancing
00:14 +86: C:/Users/ADMIN/Desktop/CocEnglish/apps/mobile/test/explanation_test.dart: explanation back retains wrong selection and feedback without advancing
00:15 +87: C:/Users/ADMIN/Desktop/CocEnglish/apps/mobile/test/explanation_test.dart: every active English exercise has an authored explanation and answer
00:15 +88: C:/Users/ADMIN/Desktop/CocEnglish/apps/mobile/test/explanation_test.dart: long explanation fits 360.0 text 1.0
00:15 +89: C:/Users/ADMIN/Desktop/CocEnglish/apps/mobile/test/explanation_test.dart: long explanation fits 360.0 text 2.0
00:15 +90: C:/Users/ADMIN/Desktop/CocEnglish/apps/mobile/test/explanation_test.dart: long explanation fits 430.0 text 1.0
00:15 +91: C:/Users/ADMIN/Desktop/CocEnglish/apps/mobile/test/explanation_test.dart: long explanation fits 430.0 text 2.0
00:15 +92: C:/Users/ADMIN/Desktop/CocEnglish/apps/mobile/test/extended_capture_test.dart: capture English extended states at source dimensions
00:17 +93: C:/Users/ADMIN/Desktop/CocEnglish/apps/mobile/test/extended_flow_test.dart: extended screens fit width360.0 text1.0
00:17 +94: C:/Users/ADMIN/Desktop/CocEnglish/apps/mobile/test/extended_flow_test.dart: extended screens fit width360.0 text1.0
00:18 +95: C:/Users/ADMIN/Desktop/CocEnglish/apps/mobile/test/extended_flow_test.dart: extended screens fit width360.0 text2.0
00:18 +96: C:/Users/ADMIN/Desktop/CocEnglish/apps/mobile/test/extended_flow_test.dart: extended screens fit width430.0 text1.0
00:18 +97: C:/Users/ADMIN/Desktop/CocEnglish/apps/mobile/test/extended_flow_test.dart: extended screens fit width430.0 text2.0
00:18 +98: C:/Users/ADMIN/Desktop/CocEnglish/apps/mobile/test/extended_flow_test.dart: extended screens fit width430.0 text2.0
00:18 +99: C:/Users/ADMIN/Desktop/CocEnglish/apps/mobile/test/foreign_achievements_route_test.dart: foreign View all retains owner through achievement list and Back
00:18 +100: C:/Users/ADMIN/Desktop/CocEnglish/apps/mobile/test/foreign_achievements_route_test.dart: foreign View all retains owner through achievement list and Back
00:18 +101: C:/Users/ADMIN/Desktop/CocEnglish/apps/mobile/test/foreign_achievements_route_test.dart: foreign View all retains owner through achievement list and Back
00:18 +102: C:/Users/ADMIN/Desktop/CocEnglish/apps/mobile/test/foreign_achievements_route_test.dart: foreign View all retains owner through achievement list and Back
00:18 +103: C:/Users/ADMIN/Desktop/CocEnglish/apps/mobile/test/foreign_achievements_route_test.dart: foreign View all retains owner through achievement list and Back
00:19 +104: C:/Users/ADMIN/Desktop/CocEnglish/apps/mobile/test/foreign_achievements_route_test.dart: foreign View all retains owner through achievement list and Back
00:19 +105: C:/Users/ADMIN/Desktop/CocEnglish/apps/mobile/test/foreign_profile_header_test.dart: foreign header places original avatar before identity and actions
00:20 +106: C:/Users/ADMIN/Desktop/CocEnglish/apps/mobile/test/foreign_profile_header_test.dart: foreign header places original avatar before identity and actions
00:20 +107: C:/Users/ADMIN/Desktop/CocEnglish/apps/mobile/test/foreign_profile_header_test.dart: foreign header places original avatar before identity and actions
═════════════════════════════════════════════════════════════════════════════════════════
[31m[1m  Rive Native: Failed to open dynamic library[0m
[33m  Library: rive_native.dll[0m      

  To fix this issue, run the following command:     
[36m[1m    dart run rive_native:setup --verbose --clean --platform windows[0m           
  
  See the troubleshooting section in the docs for more information:
[36m[1m    https://rive.app/docs/runtimes/flutter/rive-native#troubleshooting[0m
═════════════════════════════════════════════════════════════════════════════════════════

═════════════════════════════════════════════════════════════════════════════════════════
[31m[1m  Rive Native: Failed to open dynamic library[0m
[33m  Library: rive_native.dll[0m      

  To fix this issue, run the following command:     
[36m[1m    dart run rive_native:setup --verbose --clean --platform windows[0m           
  
  See the troubleshooting section in the docs for more information:
[36m[1m    https://rive.app/docs/runtimes/flutter/rive-native#troubleshooting[0m
═════════════════════════════════════════════════════════════════════════════════════════

═════════════════════════════════════════════════════════════════════════════════════════
[31m[1m  Rive Native: Failed to open dynamic library[0m
[33m  Library: rive_native.dll[0m      

  To fix this issue, run the following command:     
[36m[1m    dart run rive_native:setup --verbose --clean --platform windows[0m           
  
  See the troubleshooting section in the docs for more information:
[36m[1m    https://rive.app/docs/runtimes/flutter/rive-native#troubleshooting[0m
═════════════════════════════════════════════════════════════════════════════════════════

00:20 +108: C:/Users/ADMIN/Desktop/CocEnglish/apps/mobile/test/foreign_profile_header_test.dart: follow share cancel and close retain foreign identity
00:20 +109: C:/Users/ADMIN/Desktop/CocEnglish/apps/mobile/test/foreign_profile_header_test.dart: foreign header text2 controls fit and direct Back is safe
00:21 +110: C:/Users/ADMIN/Desktop/CocEnglish/apps/mobile/test/foreign_profile_sections_test.dart: foreign strip has three source awards and owner counters
00:21 +111: C:/Users/ADMIN/Desktop/CocEnglish/apps/mobile/test/foreign_profile_sections_test.dart: foreign strip has three source awards and owner counters
00:21 +112: C:/Users/ADMIN/Desktop/CocEnglish/apps/mobile/test/foreign_profile_sections_test.dart: safety actions preserve cancel and allow confirmed block then unblock
00:22 +113: C:/Users/ADMIN/Desktop/CocEnglish/apps/mobile/test/foreign_profile_sections_test.dart: safety actions preserve cancel and allow confirmed block then unblock
00:22 +114: C:/Users/ADMIN/Desktop/CocEnglish/apps/mobile/test/foreign_profile_test.dart: foreign profile metrics do not borrow learner progress
00:22 +115: C:/Users/ADMIN/Desktop/CocEnglish/apps/mobile/test/foreign_profile_test.dart: foreign profile metrics do not borrow learner progress
00:22 +116: C:/Users/ADMIN/Desktop/CocEnglish/apps/mobile/test/foreign_profile_test.dart: foreign profile metrics do not borrow learner progress
00:22 +117: C:/Users/ADMIN/Desktop/CocEnglish/apps/mobile/test/foreign_profile_test.dart: foreign profile metrics do not borrow learner progress
00:22 +118: C:/Users/ADMIN/Desktop/CocEnglish/apps/mobile/test/foreign_profile_test.dart: own profile still delegates to its dedicated screen
00:23 +119: C:/Users/ADMIN/Desktop/CocEnglish/apps/mobile/test/full_frontend_qa_test.dart: all frontend states render at 360 / text 1.0
00:24 +120: C:/Users/ADMIN/Desktop/CocEnglish/apps/mobile/test/full_frontend_qa_test.dart: all frontend states render at 360 / text 1.0
00:24 +121: C:/Users/ADMIN/Desktop/CocEnglish/apps/mobile/test/full_frontend_qa_test.dart: all frontend states render at 360 / text 1.0
00:25 +122: C:/Users/ADMIN/Desktop/CocEnglish/apps/mobile/test/full_frontend_qa_test.dart: all frontend states render at 360 / text 1.0
00:25 +123: C:/Users/ADMIN/Desktop/CocEnglish/apps/mobile/test/full_frontend_qa_test.dart: all frontend states render at 360 / text 1.0
00:25 +124: C:/Users/ADMIN/Desktop/CocEnglish/apps/mobile/test/full_frontend_qa_test.dart: all frontend states render at 360 / text 1.0
00:25 +125: C:/Users/ADMIN/Desktop/CocEnglish/apps/mobile/test/full_frontend_qa_test.dart: all frontend states render at 360 / text 1.0
00:25 +126: C:/Users/ADMIN/Desktop/CocEnglish/apps/mobile/test/full_frontend_qa_test.dart: all frontend states render at 360 / text 1.0
00:25 +127: C:/Users/ADMIN/Desktop/CocEnglish/apps/mobile/test/full_frontend_qa_test.dart: all frontend states render at 360 / text 1.0
00:25 +128: C:/Users/ADMIN/Desktop/CocEnglish/apps/mobile/test/full_frontend_qa_test.dart: all frontend states render at 360 / text 1.0
00:25 +129: C:/Users/ADMIN/Desktop/CocEnglish/apps/mobile/test/full_frontend_qa_test.dart: all frontend states render at 360 / text 1.0
00:25 +130: C:/Users/ADMIN/Desktop/CocEnglish/apps/mobile/test/full_frontend_qa_test.dart: all frontend states render at 360 / text 1.0
00:25 +131: C:/Users/ADMIN/Desktop/CocEnglish/apps/mobile/test/full_frontend_qa_test.dart: all frontend states render at 360 / text 1.0
00:25 +132: C:/Users/ADMIN/Desktop/CocEnglish/apps/mobile/test/full_frontend_qa_test.dart: all frontend states render at 360 / text 1.0
00:25 +133: C:/Users/ADMIN/Desktop/CocEnglish/apps/mobile/test/full_frontend_qa_test.dart: all frontend states render at 360 / text 1.0
00:25 +134: C:/Users/ADMIN/Desktop/CocEnglish/apps/mobile/test/full_frontend_qa_test.dart: all frontend states render at 360 / text 1.0
00:25 +135: C:/Users/ADMIN/Desktop/CocEnglish/apps/mobile/test/full_frontend_qa_test.dart: all frontend states render at 360 / text 1.0
00:25 +136: C:/Users/ADMIN/Desktop/CocEnglish/apps/mobile/test/full_frontend_qa_test.dart: all frontend states render at 360 / text 1.0
00:25 +137: C:/Users/ADMIN/Desktop/CocEnglish/apps/mobile/test/full_frontend_qa_test.dart: all frontend states render at 360 / text 1.0
00:26 +137: C:/Users/ADMIN/Desktop/CocEnglish/apps/mobile/test/league_ranking_test.dart: foreign avatar state survives learner XP rank changes
═════════════════════════════════════════════════════════════════════════════════════════
[31m[1m  Rive Native: Failed to open dynamic library[0m
[33m  Library: rive_native.dll[0m      

  To fix this issue, run the following command:     
[36m[1m    dart run rive_native:setup --verbose --clean --platform windows[0m           
  
  See the troubleshooting section in the docs for more information:
[36m[1m    https://rive.app/docs/runtimes/flutter/rive-native#troubleshooting[0m
═════════════════════════════════════════════════════════════════════════════════════════

═════════════════════════════════════════════════════════════════════════════════════════
[31m[1m  Rive Native: Failed to open dynamic library[0m
[33m  Library: rive_native.dll[0m      

  To fix this issue, run the following command:     
[36m[1m    dart run rive_native:setup --verbose --clean --platform windows[0m           
  
  See the troubleshooting section in the docs for more information:
[36m[1m    https://rive.app/docs/runtimes/flutter/rive-native#troubleshooting[0m
═════════════════════════════════════════════════════════════════════════════════════════

═════════════════════════════════════════════════════════════════════════════════════════
[31m[1m  Rive Native: Failed to open dynamic library[0m
[33m  Library: rive_native.dll[0m      

  To fix this issue, run the following command:     
[36m[1m    dart run rive_native:setup --verbose --clean --platform windows[0m           
  
  See the troubleshooting section in the docs for more information:
[36m[1m    https://rive.app/docs/runtimes/flutter/rive-native#troubleshooting[0m
═════════════════════════════════════════════════════════════════════════════════════════

00:26 +138: C:/Users/ADMIN/Desktop/CocEnglish/apps/mobile/test/full_frontend_qa_test.dart: all frontend states render at 360 / text 1.0
00:26 +139: C:/Users/ADMIN/Desktop/CocEnglish/apps/mobile/test/full_frontend_qa_test.dart: all frontend states render at 360 / text 1.0
00:26 +140: C:/Users/ADMIN/Desktop/CocEnglish/apps/mobile/test/full_frontend_qa_test.dart: all frontend states render at 360 / text 1.0
00:26 +140: C:/Users/ADMIN/Desktop/CocEnglish/apps/mobile/test/league_source_route_test.dart: one local lesson unlocks Welcome; Continue joins without reward
═════════════════════════════════════════════════════════════════════════════════════════
[31m[1m  Rive Native: Failed to open dynamic library[0m
[33m  Library: rive_native.dll[0m      

  To fix this issue, run the following command:     
[36m[1m    dart run rive_native:setup --verbose --clean --platform windows[0m           
  
  See the troubleshooting section in the docs for more information:
[36m[1m    https://rive.app/docs/runtimes/flutter/rive-native#troubleshooting[0m
═════════════════════════════════════════════════════════════════════════════════════════

═════════════════════════════════════════════════════════════════════════════════════════
[31m[1m  Rive Native: Failed to open dynamic library[0m
[33m  Library: rive_native.dll[0m      

  To fix this issue, run the following command:     
[36m[1m    dart run rive_native:setup --verbose --clean --platform windows[0m           
  
  See the troubleshooting section in the docs for more information:
[36m[1m    https://rive.app/docs/runtimes/flutter/rive-native#troubleshooting[0m
═════════════════════════════════════════════════════════════════════════════════════════

═════════════════════════════════════════════════════════════════════════════════════════
[31m[1m  Rive Native: Failed to open dynamic library[0m
[33m  Library: rive_native.dll[0m      

  To fix this issue, run the following command:     
[36m[1m    dart run rive_native:setup --verbose --clean --platform windows[0m           
  
  See the troubleshooting section in the docs for more information:
[36m[1m    https://rive.app/docs/runtimes/flutter/rive-native#troubleshooting[0m
═════════════════════════════════════════════════════════════════════════════════════════

00:26 +141: C:/Users/ADMIN/Desktop/CocEnglish/apps/mobile/test/full_frontend_qa_test.dart: all frontend states render at 360 / text 1.0
00:26 +142: C:/Users/ADMIN/Desktop/CocEnglish/apps/mobile/test/full_frontend_qa_test.dart: all frontend states render at 360 / text 1.0
00:27 +143: C:/Users/ADMIN/Desktop/CocEnglish/apps/mobile/test/league_source_route_test.dart: one local lesson unlocks Welcome; Continue joins without reward
00:27 +144: C:/Users/ADMIN/Desktop/CocEnglish/apps/mobile/test/learning_flow_test.dart: complete the native lesson, claim once, return to the unlocked path
00:27 +145: C:/Users/ADMIN/Desktop/CocEnglish/apps/mobile/test/learning_flow_test.dart: complete the native lesson, claim once, return to the unlocked path
00:27 +146: C:/Users/ADMIN/Desktop/CocEnglish/apps/mobile/test/learning_flow_test.dart: complete the native lesson, claim once, return to the unlocked path
00:27 +147: C:/Users/ADMIN/Desktop/CocEnglish/apps/mobile/test/learning_flow_test.dart: complete the native lesson, claim once, return to the unlocked path
00:28 +148: C:/Users/ADMIN/Desktop/CocEnglish/apps/mobile/test/learning_flow_test.dart: complete the native lesson, claim once, return to the unlocked path
00:28 +149: C:/Users/ADMIN/Desktop/CocEnglish/apps/mobile/test/learning_flow_test.dart: complete the native lesson, claim once, return to the unlocked path
00:28 +150: C:/Users/ADMIN/Desktop/CocEnglish/apps/mobile/test/learning_flow_test.dart: complete the native lesson, claim once, return to the unlocked path
00:28 +151: C:/Users/ADMIN/Desktop/CocEnglish/apps/mobile/test/learning_flow_test.dart: complete the native lesson, claim once, return to the unlocked path
00:28 +152: C:/Users/ADMIN/Desktop/CocEnglish/apps/mobile/test/learning_flow_test.dart: complete the native lesson, claim once, return to the unlocked path
00:28 +153: C:/Users/ADMIN/Desktop/CocEnglish/apps/mobile/test/learning_flow_test.dart: complete the native lesson, claim once, return to the unlocked path
00:28 +154: C:/Users/ADMIN/Desktop/CocEnglish/apps/mobile/test/learning_flow_test.dart: complete the native lesson, claim once, return to the unlocked path
00:28 +155: C:/Users/ADMIN/Desktop/CocEnglish/apps/mobile/test/learning_flow_test.dart: complete the native lesson, claim once, return to the unlocked path
00:28 +156: C:/Users/ADMIN/Desktop/CocEnglish/apps/mobile/test/learning_flow_test.dart: complete the native lesson, claim once, return to the unlocked path
00:28 +157: C:/Users/ADMIN/Desktop/CocEnglish/apps/mobile/test/learning_flow_test.dart: complete the native lesson, claim once, return to the unlocked path
00:28 +158: C:/Users/ADMIN/Desktop/CocEnglish/apps/mobile/test/learning_flow_test.dart: complete the native lesson, claim once, return to the unlocked path
00:28 +159: C:/Users/ADMIN/Desktop/CocEnglish/apps/mobile/test/learning_flow_test.dart: complete the native lesson, claim once, return to the unlocked path
00:28 +160: C:/Users/ADMIN/Desktop/CocEnglish/apps/mobile/test/learning_flow_test.dart: complete the native lesson, claim once, return to the unlocked path
00:28 +161: C:/Users/ADMIN/Desktop/CocEnglish/apps/mobile/test/learning_flow_test.dart: complete the native lesson, claim once, return to the unlocked path
00:28 +162: C:/Users/ADMIN/Desktop/CocEnglish/apps/mobile/test/learning_flow_test.dart: complete the native lesson, claim once, return to the unlocked path
00:28 +163: C:/Users/ADMIN/Desktop/CocEnglish/apps/mobile/test/learning_flow_test.dart: complete the native lesson, claim once, return to the unlocked path
00:28 +164: C:/Users/ADMIN/Desktop/CocEnglish/apps/mobile/test/learning_flow_test.dart: complete the native lesson, claim once, return to the unlocked path
00:29 +165: C:/Users/ADMIN/Desktop/CocEnglish/apps/mobile/test/learning_flow_test.dart: complete the native lesson, claim once, return to the unlocked path
00:29 +166: C:/Users/ADMIN/Desktop/CocEnglish/apps/mobile/test/learning_flow_test.dart: complete the native lesson, claim once, return to the unlocked path
00:29 +167: C:/Users/ADMIN/Desktop/CocEnglish/apps/mobile/test/learning_flow_test.dart: complete the native lesson, claim once, return to the unlocked path
00:29 +168: C:/Users/ADMIN/Desktop/CocEnglish/apps/mobile/test/learning_flow_test.dart: complete the native lesson, claim once, return to the unlocked path
00:29 +169: C:/Users/ADMIN/Desktop/CocEnglish/apps/mobile/test/learning_flow_test.dart: complete the native lesson, claim once, return to the unlocked path
00:29 +170: C:/Users/ADMIN/Desktop/CocEnglish/apps/mobile/test/learning_flow_test.dart: complete the native lesson, claim once, return to the unlocked path
00:29 +171: C:/Users/ADMIN/Desktop/CocEnglish/apps/mobile/test/learning_flow_test.dart: complete the native lesson, claim once, return to the unlocked path
00:29 +172: C:/Users/ADMIN/Desktop/CocEnglish/apps/mobile/test/learning_flow_test.dart: complete the native lesson, claim once, return to the unlocked path
00:29 +173: C:/Users/ADMIN/Desktop/CocEnglish/apps/mobile/test/learning_flow_test.dart: complete the native lesson, claim once, return to the unlocked path
00:29 +174: C:/Users/ADMIN/Desktop/CocEnglish/apps/mobile/test/learning_flow_test.dart: complete the native lesson, claim once, return to the unlocked path
00:29 +175: C:/Users/ADMIN/Desktop/CocEnglish/apps/mobile/test/learning_flow_test.dart: complete the native lesson, claim once, return to the unlocked path
00:29 +176: C:/Users/ADMIN/Desktop/CocEnglish/apps/mobile/test/learning_flow_test.dart: complete the native lesson, claim once, return to the unlocked path
00:30 +177: C:/Users/ADMIN/Desktop/CocEnglish/apps/mobile/test/learning_flow_test.dart: complete the native lesson, claim once, return to the unlocked path
00:30 +178: C:/Users/ADMIN/Desktop/CocEnglish/apps/mobile/test/learning_flow_test.dart: complete the native lesson, claim once, return to the unlocked path
00:30 +179: C:/Users/ADMIN/Desktop/CocEnglish/apps/mobile/test/monthly_badges_route_test.dart: profile monthly badges route keeps chronology and profile scroll
00:30 +180: C:/Users/ADMIN/Desktop/CocEnglish/apps/mobile/test/monthly_badges_route_test.dart: profile monthly badges route keeps chronology and profile scroll
00:31 +181: C:/Users/ADMIN/Desktop/CocEnglish/apps/mobile/test/monthly_badges_route_test.dart: profile monthly badges route keeps chronology and profile scroll
00:31 +182: C:/Users/ADMIN/Desktop/CocEnglish/apps/mobile/test/monthly_badges_route_test.dart: profile monthly badges route keeps chronology and profile scroll
00:31 +183: C:/Users/ADMIN/Desktop/CocEnglish/apps/mobile/test/monthly_badges_route_test.dart: profile monthly badges route keeps chronology and profile scroll
00:31 +184: C:/Users/ADMIN/Desktop/CocEnglish/apps/mobile/test/monthly_badges_route_test.dart: profile monthly badges route keeps chronology and profile scroll
00:31 +185: C:/Users/ADMIN/Desktop/CocEnglish/apps/mobile/test/monthly_badges_route_test.dart: profile monthly badges route keeps chronology and profile scroll
00:31 +186: C:/Users/ADMIN/Desktop/CocEnglish/apps/mobile/test/monthly_badges_route_test.dart: profile monthly badges route keeps chronology and profile scroll
00:31 +187: C:/Users/ADMIN/Desktop/CocEnglish/apps/mobile/test/monthly_badges_route_test.dart: profile monthly badges route keeps chronology and profile scroll
00:32 +187: C:/Users/ADMIN/Desktop/CocEnglish/apps/mobile/test/own_profile_screen_test.dart: saved avatar and score card use saved state and independent actions
═════════════════════════════════════════════════════════════════════════════════════════
[31m[1m  Rive Native: Failed to open dynamic library[0m
[33m  Library: rive_native.dll[0m      

  To fix this issue, run the following command:     
[36m[1m    dart run rive_native:setup --verbose --clean --platform windows[0m           
  
  See the troubleshooting section in the docs for more information:
[36m[1m    https://rive.app/docs/runtimes/flutter/rive-native#troubleshooting[0m
═════════════════════════════════════════════════════════════════════════════════════════

═════════════════════════════════════════════════════════════════════════════════════════
[31m[1m  Rive Native: Failed to open dynamic library[0m
[33m  Library: rive_native.dll[0m      

  To fix this issue, run the following command:     
[36m[1m    dart run rive_native:setup --verbose --clean --platform windows[0m           
  
  See the troubleshooting section in the docs for more information:
[36m[1m    https://rive.app/docs/runtimes/flutter/rive-native#troubleshooting[0m
═════════════════════════════════════════════════════════════════════════════════════════

═════════════════════════════════════════════════════════════════════════════════════════
[31m[1m  Rive Native: Failed to open dynamic library[0m
[33m  Library: rive_native.dll[0m      

  To fix this issue, run the following command:     
[36m[1m    dart run rive_native:setup --verbose --clean --platform windows[0m           
  
  See the troubleshooting section in the docs for more information:
[36m[1m    https://rive.app/docs/runtimes/flutter/rive-native#troubleshooting[0m
═════════════════════════════════════════════════════════════════════════════════════════

00:32 +188: C:/Users/ADMIN/Desktop/CocEnglish/apps/mobile/test/monthly_badges_route_test.dart: profile monthly badges route keeps chronology and profile scroll
00:32 +189: C:/Users/ADMIN/Desktop/CocEnglish/apps/mobile/test/monthly_badges_route_test.dart: profile monthly badges route keeps chronology and profile scroll
00:32 +190: C:/Users/ADMIN/Desktop/CocEnglish/apps/mobile/test/monthly_badges_route_test.dart: profile monthly badges route keeps chronology and profile scroll
00:32 +191: C:/Users/ADMIN/Desktop/CocEnglish/apps/mobile/test/monthly_badges_route_test.dart: profile monthly badges route keeps chronology and profile scroll
00:32 +192: C:/Users/ADMIN/Desktop/CocEnglish/apps/mobile/test/monthly_badges_route_test.dart: profile monthly badges route keeps chronology and profile scroll
00:33 +193: C:/Users/ADMIN/Desktop/CocEnglish/apps/mobile/test/full_frontend_qa_test.dart: five tabs preserve path, words reveal, and shop rejects insufficient funds
00:34 +194: C:/Users/ADMIN/Desktop/CocEnglish/apps/mobile/test/monthly_badges_route_test.dart: 390 grid uses source-relative badge sizes and reveals 2024
00:34 +195: C:/Users/ADMIN/Desktop/CocEnglish/apps/mobile/test/full_frontend_qa_test.dart: monthly quest introduction continues once into daily quests
00:34 +196: C:/Users/ADMIN/Desktop/CocEnglish/apps/mobile/test/monthly_badges_route_test.dart: 320 text2 badge tiles preserve crop aspect ratio responsively
00:34 +197: C:/Users/ADMIN/Desktop/CocEnglish/apps/mobile/test/monthly_badges_route_test.dart: 320 text2 badge tiles preserve crop aspect ratio responsively
00:34 +198: C:/Users/ADMIN/Desktop/CocEnglish/apps/mobile/test/password_change_route_test.dart: profile password route closes back without losing profile draft
00:36 +199: C:/Users/ADMIN/Desktop/CocEnglish/apps/mobile/test/password_change_test.dart: wrong old password preserves fields; valid retry changes mock login
00:36 +200: C:/Users/ADMIN/Desktop/CocEnglish/apps/mobile/test/password_change_test.dart: invalid fields never invoke writer and visibility is independent
00:36 +201: C:/Users/ADMIN/Desktop/CocEnglish/apps/mobile/test/password_change_test.dart: busy blocks duplicate submission and dispose prevents stale writes
00:36 +202: C:/Users/ADMIN/Desktop/CocEnglish/apps/mobile/test/onboarding_flow_test.dart: language requires a selection and Back retains it
00:38 +203: C:/Users/ADMIN/Desktop/CocEnglish/apps/mobile/test/password_change_ui_test.dart: save validates, retains input on failure and returns after retry
00:38 +204: C:/Users/ADMIN/Desktop/CocEnglish/apps/mobile/test/password_change_ui_test.dart: save validates, retains input on failure and returns after retry
00:38 +205: C:/Users/ADMIN/Desktop/CocEnglish/apps/mobile/test/onboarding_flow_test.dart: welcome fits width 360.0 with text scale 2
00:38 +206: C:/Users/ADMIN/Desktop/CocEnglish/apps/mobile/test/password_change_ui_test.dart: password controls width360.0 text1.0 remain reachable
00:38 +207: C:/Users/ADMIN/Desktop/CocEnglish/apps/mobile/test/onboarding_flow_test.dart: greeting fits width 360.0 with text scale 2
00:38 +208: C:/Users/ADMIN/Desktop/CocEnglish/apps/mobile/test/password_change_ui_test.dart: password controls width360.0 text2.0 remain reachable
00:38 +209: C:/Users/ADMIN/Desktop/CocEnglish/apps/mobile/test/password_change_ui_test.dart: password controls width360.0 text2.0 remain reachable
00:38 +210: C:/Users/ADMIN/Desktop/CocEnglish/apps/mobile/test/onboarding_flow_test.dart: language fits width 360.0 with text scale 2
00:38 +211: C:/Users/ADMIN/Desktop/CocEnglish/apps/mobile/test/password_change_ui_test.dart: password controls width430.0 text1.0 remain reachable
00:38 +212: C:/Users/ADMIN/Desktop/CocEnglish/apps/mobile/test/onboarding_flow_test.dart: knowledge fits width 360.0 with text scale 2
00:38 +213: C:/Users/ADMIN/Desktop/CocEnglish/apps/mobile/test/onboarding_flow_test.dart: knowledge fits width 360.0 with text scale 2
00:38 +214: C:/Users/ADMIN/Desktop/CocEnglish/apps/mobile/test/onboarding_flow_test.dart: reasons fits width 360.0 with text scale 2
00:39 +215: C:/Users/ADMIN/Desktop/CocEnglish/apps/mobile/test/onboarding_flow_test.dart: routine fits width 360.0 with text scale 2
00:39 +216: C:/Users/ADMIN/Desktop/CocEnglish/apps/mobile/test/onboarding_flow_test.dart: goal fits width 360.0 with text scale 2
00:39 +217: C:/Users/ADMIN/Desktop/CocEnglish/apps/mobile/test/practice_flow_test.dart: practice hub keeps source hierarchy at text scale two
00:39 +218: C:/Users/ADMIN/Desktop/CocEnglish/apps/mobile/test/practice_flow_test.dart: practice hub keeps source hierarchy at text scale two
00:39 +219: C:/Users/ADMIN/Desktop/CocEnglish/apps/mobile/test/practice_flow_test.dart: practice hub keeps source hierarchy at text scale two
00:39 +220: C:/Users/ADMIN/Desktop/CocEnglish/apps/mobile/test/practice_flow_test.dart: practice hub keeps source hierarchy at text scale two
00:39 +221: C:/Users/ADMIN/Desktop/CocEnglish/apps/mobile/test/practice_flow_test.dart: practice hub keeps source hierarchy at text scale two
00:39 +222: C:/Users/ADMIN/Desktop/CocEnglish/apps/mobile/test/practice_flow_test.dart: practice hub keeps source hierarchy at text scale two
00:39 +223: C:/Users/ADMIN/Desktop/CocEnglish/apps/mobile/test/practice_flow_test.dart: practice hub keeps source hierarchy at text scale two
00:39 +224: C:/Users/ADMIN/Desktop/CocEnglish/apps/mobile/test/practice_flow_test.dart: practice hub keeps source hierarchy at text scale two
00:39 +225: C:/Users/ADMIN/Desktop/CocEnglish/apps/mobile/test/onboarding_flow_test.dart: lessonEntry fits width 360.0 with text scale 2
00:39 +226: C:/Users/ADMIN/Desktop/CocEnglish/apps/mobile/test/practice_flow_test.dart: word practice reveals an answer and records local recall
00:39 +227: C:/Users/ADMIN/Desktop/CocEnglish/apps/mobile/test/onboarding_flow_test.dart: welcome fits width 390.0 with text scale 2
00:39 +228: C:/Users/ADMIN/Desktop/CocEnglish/apps/mobile/test/practice_flow_test.dart: denied speech uses an assisted guest text substitution
00:39 +229: C:/Users/ADMIN/Desktop/CocEnglish/apps/mobile/test/practice_flow_test.dart: denied speech uses an assisted guest text substitution
00:39 +230: C:/Users/ADMIN/Desktop/CocEnglish/apps/mobile/test/practice_flow_test.dart: denied speech uses an assisted guest text substitution
00:39 +231: C:/Users/ADMIN/Desktop/CocEnglish/apps/mobile/test/onboarding_flow_test.dart: language fits width 390.0 with text scale 2
00:39 +232: C:/Users/ADMIN/Desktop/CocEnglish/apps/mobile/test/practice_flow_test.dart: background resets recording and disposal cancels its callback
00:40 +233: C:/Users/ADMIN/Desktop/CocEnglish/apps/mobile/test/onboarding_flow_test.dart: knowledge fits width 390.0 with text scale 2
00:40 +234: C:/Users/ADMIN/Desktop/CocEnglish/apps/mobile/test/practice_flow_test.dart: call reconnects safely after app resumes
00:40 +235: C:/Users/ADMIN/Desktop/CocEnglish/apps/mobile/test/practice_flow_test.dart: call reconnects safely after app resumes
00:40 +236: C:/Users/ADMIN/Desktop/CocEnglish/apps/mobile/test/onboarding_flow_test.dart: routine fits width 390.0 with text scale 2
00:40 +237: C:/Users/ADMIN/Desktop/CocEnglish/apps/mobile/test/onboarding_flow_test.dart: goal fits width 390.0 with text scale 2
00:40 +238: C:/Users/ADMIN/Desktop/CocEnglish/apps/mobile/test/onboarding_flow_test.dart: promise fits width 390.0 with text scale 2
00:40 +239: C:/Users/ADMIN/Desktop/CocEnglish/apps/mobile/test/onboarding_flow_test.dart: reminder fits width 390.0 with text scale 2
00:40 +240: C:/Users/ADMIN/Desktop/CocEnglish/apps/mobile/test/onboarding_flow_test.dart: widget fits width 390.0 with text scale 2
00:40 +241: C:/Users/ADMIN/Desktop/CocEnglish/apps/mobile/test/onboarding_flow_test.dart: benefits fits width 390.0 with text scale 2
00:40 +242: C:/Users/ADMIN/Desktop/CocEnglish/apps/mobile/test/onboarding_flow_test.dart: plan fits width 390.0 with text scale 2
00:40 +243: C:/Users/ADMIN/Desktop/CocEnglish/apps/mobile/test/onboarding_flow_test.dart: startPoint fits width 390.0 with text scale 2
00:40 +244: C:/Users/ADMIN/Desktop/CocEnglish/apps/mobile/test/onboarding_flow_test.dart: levelConfirmation fits width 390.0 with text scale 2
00:40 +245: C:/Users/ADMIN/Desktop/CocEnglish/apps/mobile/test/onboarding_flow_test.dart: lessonEntry fits width 390.0 with text scale 2
00:40 +246: C:/Users/ADMIN/Desktop/CocEnglish/apps/mobile/test/onboarding_flow_test.dart: welcome fits width 430.0 with text scale 2
00:40 +247: C:/Users/ADMIN/Desktop/CocEnglish/apps/mobile/test/onboarding_flow_test.dart: greeting fits width 430.0 with text scale 2
00:40 +248: C:/Users/ADMIN/Desktop/CocEnglish/apps/mobile/test/onboarding_flow_test.dart: questions fits width 430.0 with text scale 2
00:40 +249: C:/Users/ADMIN/Desktop/CocEnglish/apps/mobile/test/onboarding_flow_test.dart: language fits width 430.0 with text scale 2
00:40 +250: C:/Users/ADMIN/Desktop/CocEnglish/apps/mobile/test/onboarding_flow_test.dart: knowledge fits width 430.0 with text scale 2
00:41 +251: C:/Users/ADMIN/Desktop/CocEnglish/apps/mobile/test/onboarding_flow_test.dart: reasons fits width 430.0 with text scale 2
00:41 +252: C:/Users/ADMIN/Desktop/CocEnglish/apps/mobile/test/onboarding_flow_test.dart: routine fits width 430.0 with text scale 2
00:41 +253: C:/Users/ADMIN/Desktop/CocEnglish/apps/mobile/test/onboarding_flow_test.dart: goal fits width 430.0 with text scale 2
00:41 +254: C:/Users/ADMIN/Desktop/CocEnglish/apps/mobile/test/onboarding_flow_test.dart: promise fits width 430.0 with text scale 2
00:41 +255: C:/Users/ADMIN/Desktop/CocEnglish/apps/mobile/test/onboarding_flow_test.dart: reminder fits width 430.0 with text scale 2
00:41 +256: C:/Users/ADMIN/Desktop/CocEnglish/apps/mobile/test/onboarding_flow_test.dart: widget fits width 430.0 with text scale 2
00:41 +257: C:/Users/ADMIN/Desktop/CocEnglish/apps/mobile/test/onboarding_flow_test.dart: benefits fits width 430.0 with text scale 2
00:41 +258: C:/Users/ADMIN/Desktop/CocEnglish/apps/mobile/test/onboarding_flow_test.dart: plan fits width 430.0 with text scale 2
00:41 +259: C:/Users/ADMIN/Desktop/CocEnglish/apps/mobile/test/onboarding_flow_test.dart: startPoint fits width 430.0 with text scale 2
00:41 +260: C:/Users/ADMIN/Desktop/CocEnglish/apps/mobile/test/onboarding_flow_test.dart: levelConfirmation fits width 430.0 with text scale 2
00:41 +261: C:/Users/ADMIN/Desktop/CocEnglish/apps/mobile/test/onboarding_flow_test.dart: lessonEntry fits width 430.0 with text scale 2
00:41 +262: C:/Users/ADMIN/Desktop/CocEnglish/apps/mobile/test/product_surface_test.dart: badges and family invite keep engineering notes out of product copy
00:42 +263: C:/Users/ADMIN/Desktop/CocEnglish/apps/mobile/test/product_surface_test.dart: connection recovery exposes only learner actions
00:42 +264: C:/Users/ADMIN/Desktop/CocEnglish/apps/mobile/test/profile_actions_route_test.dart: unknown profile is unavailable and cannot mutate social state
00:43 +265: C:/Users/ADMIN/Desktop/CocEnglish/apps/mobile/test/profile_actions_route_test.dart: League profile uses the same identity for block, report and following
00:43 +266: C:/Users/ADMIN/Desktop/CocEnglish/apps/mobile/test/profile_actions_route_test.dart: League profile uses the same identity for block, report and following
00:43 +267: C:/Users/ADMIN/Desktop/CocEnglish/apps/mobile/test/profile_actions_route_test.dart: League profile uses the same identity for block, report and following
00:43 +268: C:/Users/ADMIN/Desktop/CocEnglish/apps/mobile/test/profile_actions_route_test.dart: League profile uses the same identity for block, report and following
00:43 +269: C:/Users/ADMIN/Desktop/CocEnglish/apps/mobile/test/profile_actions_route_test.dart: League profile uses the same identity for block, report and following
00:43 +270: C:/Users/ADMIN/Desktop/CocEnglish/apps/mobile/test/profile_actions_route_test.dart: report cancellation retains following; confirm blocks once and unblock does not refollow
00:44 +271: C:/Users/ADMIN/Desktop/CocEnglish/apps/mobile/test/profile_actions_route_test.dart: own profile link copies actual local URL then closes back to profile
00:44 +272: C:/Users/ADMIN/Desktop/CocEnglish/apps/mobile/test/profile_actions_ui_test.dart: own profile QR uses saved avatar; foreign QR uses authored owner avatar
═════════════════════════════════════════════════════════════════════════════════════════
[31m[1m  Rive Native: Failed to open dynamic library[0m
[33m  Library: rive_native.dll[0m      

  To fix this issue, run the following command:     
[36m[1m    dart run rive_native:setup --verbose --clean --platform windows[0m           
  
  See the troubleshooting section in the docs for more information:
[36m[1m    https://rive.app/docs/runtimes/flutter/rive-native#troubleshooting[0m
═════════════════════════════════════════════════════════════════════════════════════════

═════════════════════════════════════════════════════════════════════════════════════════
[31m[1m  Rive Native: Failed to open dynamic library[0m
[33m  Library: rive_native.dll[0m      

  To fix this issue, run the following command:     
[36m[1m    dart run rive_native:setup --verbose --clean --platform windows[0m           
  
  See the troubleshooting section in the docs for more information:
[36m[1m    https://rive.app/docs/runtimes/flutter/rive-native#troubleshooting[0m
═════════════════════════════════════════════════════════════════════════════════════════

═════════════════════════════════════════════════════════════════════════════════════════
[31m[1m  Rive Native: Failed to open dynamic library[0m
[33m  Library: rive_native.dll[0m      

  To fix this issue, run the following command:     
[36m[1m    dart run rive_native:setup --verbose --clean --platform windows[0m           
  
  See the troubleshooting section in the docs for more information:
[36m[1m    https://rive.app/docs/runtimes/flutter/rive-native#troubleshooting[0m
═════════════════════════════════════════════════════════════════════════════════════════

00:46 +273: C:/Users/ADMIN/Desktop/CocEnglish/apps/mobile/test/profile_actions_ui_test.dart: QR data and copied link match; copy preserves dialog and can retry
00:46 +274: C:/Users/ADMIN/Desktop/CocEnglish/apps/mobile/test/profile_actions_ui_test.dart: profile share controls width360.0 text1.0 remain usable
00:46 +275: C:/Users/ADMIN/Desktop/CocEnglish/apps/mobile/test/profile_actions_ui_test.dart: profile share controls width360.0 text2.0 remain usable
00:46 +276: C:/Users/ADMIN/Desktop/CocEnglish/apps/mobile/test/profile_actions_ui_test.dart: profile share controls width430.0 text1.0 remain usable
00:46 +277: C:/Users/ADMIN/Desktop/CocEnglish/apps/mobile/test/profile_actions_ui_test.dart: profile share controls width430.0 text2.0 remain usable
00:47 +278: C:/Users/ADMIN/Desktop/CocEnglish/apps/mobile/test/profile_course_capture_test.dart: source sized profile/course continuation captures
00:49 +279: C:/Users/ADMIN/Desktop/CocEnglish/apps/mobile/test/profile_editor_test.dart: full name boundary rejects atomically with the canonical limit
00:49 +280: C:/Users/ADMIN/Desktop/CocEnglish/apps/mobile/test/profile_editor_test.dart: profile save is atomic and rejects a phone with no digits
00:49 +281: C:/Users/ADMIN/Desktop/CocEnglish/apps/mobile/test/profile_editor_test.dart: full profile fields preserve draft on validation failure
00:51 +282: C:/Users/ADMIN/Desktop/CocEnglish/apps/mobile/test/profile_lists_route_test.dart: followBack only follows snapshot members once
00:51 +283: C:/Users/ADMIN/Desktop/CocEnglish/apps/mobile/test/profile_lists_route_test.dart: source lists scroll without clipping at 320 and text scale two
00:51 +284: C:/Users/ADMIN/Desktop/CocEnglish/apps/mobile/test/profile_lists_route_test.dart: profile courses reflect enrollment; opening the list does not switch English
00:52 +285: C:/Users/ADMIN/Desktop/CocEnglish/apps/mobile/test/profile_lists_route_test.dart: profile friend tabs keep following identity and empty followers separate
00:52 +286: C:/Users/ADMIN/Desktop/CocEnglish/apps/mobile/test/profile_lists_route_test.dart: changing friend route query selects the requested tab in the reused page
00:52 +287: C:/Users/ADMIN/Desktop/CocEnglish/apps/mobile/test/profile_sections_test.dart: empty Friend Streak slots invite and heading opens friends view
00:53 +288: C:/Users/ADMIN/Desktop/CocEnglish/apps/mobile/test/profile_sections_test.dart: empty Friend Streak slots invite and heading opens friends view
00:53 +289: C:/Users/ADMIN/Desktop/CocEnglish/apps/mobile/test/profile_sections_test.dart: accepted and pending friends update avatars without archived counts
00:53 +290: C:/Users/ADMIN/Desktop/CocEnglish/apps/mobile/test/profile_sections_test.dart: badge and achievement shortcuts preserve destination ids
00:53 +291: C:/Users/ADMIN/Desktop/CocEnglish/apps/mobile/test/profile_sections_test.dart: family section is conditional and reflects local member state
00:55 +292: C:/Users/ADMIN/Desktop/CocEnglish/apps/mobile/test/profile_surface_capture_test.dart: capture native source profile and language lists
00:56 +293: C:/Users/ADMIN/Desktop/CocEnglish/apps/mobile/test/profile_weekly_progress_test.dart: canvas labels inherit font and repaint when typography changes
00:56 +294: C:/Users/ADMIN/Desktop/CocEnglish/apps/mobile/test/profile_weekly_progress_test.dart: weekly fixtures cover known profiles and expose immutable seven days
00:56 +295: C:/Users/ADMIN/Desktop/CocEnglish/apps/mobile/test/profile_weekly_progress_test.dart: learner receipts change only You weekly progress
00:56 +296: C:/Users/ADMIN/Desktop/CocEnglish/apps/mobile/test/profile_weekly_progress_test.dart: axis keeps a zero floor and expands for large learner values
00:56 +297: C:/Users/ADMIN/Desktop/CocEnglish/apps/mobile/test/profile_weekly_progress_test.dart: 320 text2 chart remains accessible without overflow
00:57 +298: C:/Users/ADMIN/Desktop/CocEnglish/apps/mobile/test/progress_preview_test.dart: quest and purchase receipts are idempotent and reject invalid funds
00:59 +299: C:/Users/ADMIN/Desktop/CocEnglish/apps/mobile/test/reference_art_cache_test.dart: original illustration survives cache eviction and releases after navigation
01:01 +300: C:/Users/ADMIN/Desktop/CocEnglish/apps/mobile/test/reference_button_test.dart: tactile edge depresses on press and cancellation does not act
01:02 +301: C:/Users/ADMIN/Desktop/CocEnglish/apps/mobile/test/registration_controller_test.dart: registration preserves input on duplicate email and clears password after success
01:03 +302: C:/Users/ADMIN/Desktop/CocEnglish/apps/mobile/test/registration_controller_test.dart: invalid age does not advance and Back keeps existing names
01:04 +303: C:/Users/ADMIN/Desktop/CocEnglish/apps/mobile/test/saved_account_management_test.dart: Manage accounts opens full screen and Done preserves account
01:05 +304: C:/Users/ADMIN/Desktop/CocEnglish/apps/mobile/test/saved_account_management_test.dart: minus opens Remove popover and dismissal preserves account
01:05 +305: C:/Users/ADMIN/Desktop/CocEnglish/apps/mobile/test/saved_account_management_test.dart: Remove forgets saved account once and returns to welcome
01:05 +306: C:/Users/ADMIN/Desktop/CocEnglish/apps/mobile/test/saved_account_management_test.dart: pending Remove disables duplicate account removal
01:05 +307: C:/Users/ADMIN/Desktop/CocEnglish/apps/mobile/test/saved_account_management_test.dart: failed Remove stays visible with account at width 360 text2
01:06 +308: C:/Users/ADMIN/Desktop/CocEnglish/apps/mobile/test/score_information_test.dart: official inclusive score boundaries map to nine bands
01:06 +309: C:/Users/ADMIN/Desktop/CocEnglish/apps/mobile/test/score_information_test.dart: range selection and playback never change learning score
01:06 +310: C:/Users/ADMIN/Desktop/CocEnglish/apps/mobile/test/score_information_test.dart: clipboard work ignores duplicates and completion after disposal
01:06 +311: C:/Users/ADMIN/Desktop/CocEnglish/apps/mobile/test/score_information_test.dart: reset invalidates stale clipboard completion and permits retry
01:06 +312: C:/Users/ADMIN/Desktop/CocEnglish/apps/mobile/test/score_information_test.dart: current high score scrolls its selected range into view
01:06 +313: C:/Users/ADMIN/Desktop/CocEnglish/apps/mobile/test/score_information_test.dart: locked range, clipboard retry and narrow text2 remain usable
01:06 +314: C:/Users/ADMIN/Desktop/CocEnglish/apps/mobile/test/score_information_test.dart: course panel derives score progress from learning state
01:07 +315: C:/Users/ADMIN/Desktop/CocEnglish/apps/mobile/test/score_information_test.dart: playback pauses in background and timer is disposed safely
01:07 +316: C:/Users/ADMIN/Desktop/CocEnglish/apps/mobile/test/score_information_test.dart: close returns to the prior profile route
01:07 +317: C:/Users/ADMIN/Desktop/CocEnglish/apps/mobile/test/score_information_test.dart: close returns with the course popover still open
01:07 +318: C:/Users/ADMIN/Desktop/CocEnglish/apps/mobile/test/social_capture_test.dart: capture native social source states
01:09 +319: C:/Users/ADMIN/Desktop/CocEnglish/apps/mobile/test/social_route_test.dart: shield insufficient or repeated purchase never double spends wallet
01:09 +320: C:/Users/ADMIN/Desktop/CocEnglish/apps/mobile/test/social_route_test.dart: real streak accept, cancel remove, confirm remove and invite retain Back state
01:09 +321: C:/Users/ADMIN/Desktop/CocEnglish/apps/mobile/test/social_route_test.dart: real streak accept, cancel remove, confirm remove and invite retain Back state
01:09 +322: C:/Users/ADMIN/Desktop/CocEnglish/apps/mobile/test/social_route_test.dart: real streak accept, cancel remove, confirm remove and invite retain Back state
01:09 +323: C:/Users/ADMIN/Desktop/CocEnglish/apps/mobile/test/social_route_test.dart: real streak accept, cancel remove, confirm remove and invite retain Back state
01:09 +324: C:/Users/ADMIN/Desktop/CocEnglish/apps/mobile/test/social_route_test.dart: real streak accept, cancel remove, confirm remove and invite retain Back state
01:09 +325: C:/Users/ADMIN/Desktop/CocEnglish/apps/mobile/test/social_route_test.dart: real streak accept, cancel remove, confirm remove and invite retain Back state
01:10 +326: C:/Users/ADMIN/Desktop/CocEnglish/apps/mobile/test/social_route_test.dart: real streak accept, cancel remove, confirm remove and invite retain Back state
01:10 +327: C:/Users/ADMIN/Desktop/CocEnglish/apps/mobile/test/social_route_test.dart: real streak accept, cancel remove, confirm remove and invite retain Back state
01:10 +328: C:/Users/ADMIN/Desktop/CocEnglish/apps/mobile/test/social_route_test.dart: real streak accept, cancel remove, confirm remove and invite retain Back state
01:10 +329: C:/Users/ADMIN/Desktop/CocEnglish/apps/mobile/test/social_route_test.dart: real streak accept, cancel remove, confirm remove and invite retain Back state
01:10 +330: C:/Users/ADMIN/Desktop/CocEnglish/apps/mobile/test/social_route_test.dart: real streak accept, cancel remove, confirm remove and invite retain Back state
01:10 +331: C:/Users/ADMIN/Desktop/CocEnglish/apps/mobile/test/status_feed_ui_test.dart: actual league status sheet cancels draft, commits and clears
01:11 +332: C:/Users/ADMIN/Desktop/CocEnglish/apps/mobile/test/status_feed_ui_test.dart: actual league status sheet cancels draft, commits and clears
01:11 +333: C:/Users/ADMIN/Desktop/CocEnglish/apps/mobile/test/stories_library_test.dart: close and reopen a story restores its selected answer
01:11 +334: C:/Users/ADMIN/Desktop/CocEnglish/apps/mobile/test/stories_library_test.dart: close and reopen a story restores its selected answer
01:11 +335: C:/Users/ADMIN/Desktop/CocEnglish/apps/mobile/test/timer_boost_test.dart: GET GEMS opens Shop without minting balance or losing the selected pack
01:11 +336: C:/Users/ADMIN/Desktop/CocEnglish/apps/mobile/test/timer_boost_test.dart: GET GEMS opens Shop without minting balance or losing the selected pack
01:11 +337: C:/Users/ADMIN/Desktop/CocEnglish/apps/mobile/test/timer_boost_test.dart: GET GEMS opens Shop without minting balance or losing the selected pack
01:11 +338: C:/Users/ADMIN/Desktop/CocEnglish/apps/mobile/test/timer_boost_test.dart: GET GEMS opens Shop without minting balance or losing the selected pack
01:11 +339: C:/Users/ADMIN/Desktop/CocEnglish/apps/mobile/test/timer_boost_test.dart: GET GEMS opens Shop without minting balance or losing the selected pack
01:12 +340: C:/Users/ADMIN/Desktop/CocEnglish/apps/mobile/test/timer_boost_test.dart: GET GEMS opens Shop without minting balance or losing the selected pack
01:12 +341: C:/Users/ADMIN/Desktop/CocEnglish/apps/mobile/test/timer_boost_test.dart: GET GEMS opens Shop without minting balance or losing the selected pack
01:12 +342: C:/Users/ADMIN/Desktop/CocEnglish/apps/mobile/test/visual_capture_test.dart: all 20 reference states render with bundled fonts at original resolution
01:12 +343: C:/Users/ADMIN/Desktop/CocEnglish/apps/mobile/test/visual_capture_test.dart: all 20 reference states render with bundled fonts at original resolution
01:12 +344: C:/Users/ADMIN/Desktop/CocEnglish/apps/mobile/test/visual_capture_test.dart: all 20 reference states render with bundled fonts at original resolution
01:12 +345: C:/Users/ADMIN/Desktop/CocEnglish/apps/mobile/test/visual_capture_test.dart: all 20 reference states render with bundled fonts at original resolution
01:12 +346: C:/Users/ADMIN/Desktop/CocEnglish/apps/mobile/test/visual_capture_test.dart: all 20 reference states render with bundled fonts at original resolution
01:12 +347: C:/Users/ADMIN/Desktop/CocEnglish/apps/mobile/test/visual_capture_test.dart: all 20 reference states render with bundled fonts at original resolution
01:12 +348: C:/Users/ADMIN/Desktop/CocEnglish/apps/mobile/test/visual_capture_test.dart: all 20 reference states render with bundled fonts at original resolution
01:12 +349: C:/Users/ADMIN/Desktop/CocEnglish/apps/mobile/test/status_feed_ui_test.dart: actual feed adds friends, profile identity and comment validation work
01:12 +350: C:/Users/ADMIN/Desktop/CocEnglish/apps/mobile/test/status_feed_ui_test.dart: actual feed adds friends, profile identity and comment validation work
01:13 +351: C:/Users/ADMIN/Desktop/CocEnglish/apps/mobile/test/timer_boost_test.dart: Shop modal at width360 text2 purchases and Home shows the same wallet
01:13 +352: C:/Users/ADMIN/Desktop/CocEnglish/apps/mobile/test/social_route_test.dart: social layout width360.0 text2.0
01:13 +353: C:/Users/ADMIN/Desktop/CocEnglish/apps/mobile/test/status_feed_ui_test.dart: feed and actual status modal width360.0 text1.0
01:13 +354: C:/Users/ADMIN/Desktop/CocEnglish/apps/mobile/test/status_feed_ui_test.dart: feed and actual status modal width360.0 text1.0
01:13 +355: C:/Users/ADMIN/Desktop/CocEnglish/apps/mobile/test/status_feed_ui_test.dart: feed and actual status modal width360.0 text1.0
01:13 +356: C:/Users/ADMIN/Desktop/CocEnglish/apps/mobile/test/social_route_test.dart: social layout width430.0 text1.0
01:13 +357: C:/Users/ADMIN/Desktop/CocEnglish/apps/mobile/test/social_route_test.dart: social layout width430.0 text1.0
01:13 +358: C:/Users/ADMIN/Desktop/CocEnglish/apps/mobile/test/status_feed_ui_test.dart: feed and actual status modal width360.0 text2.0
01:13 +359: C:/Users/ADMIN/Desktop/CocEnglish/apps/mobile/test/status_feed_ui_test.dart: feed and actual status modal width360.0 text2.0
01:13 +360: C:/Users/ADMIN/Desktop/CocEnglish/apps/mobile/test/social_route_test.dart: social layout width430.0 text2.0
01:13 +361: C:/Users/ADMIN/Desktop/CocEnglish/apps/mobile/test/status_feed_ui_test.dart: feed and actual status modal width430.0 text1.0
01:13 +362: C:/Users/ADMIN/Desktop/CocEnglish/apps/mobile/test/status_feed_ui_test.dart: feed and actual status modal width430.0 text2.0
01:14 +363: All tests passed!
