00:00 +0: loading C:/Users/ADMIN/Desktop/CocEnglish/apps/mobile/test/profile_actions_ui_test.dart
00:00 +0: QR data and copied link match; copy preserves dialog and can retry

Warning: A call to tap() with finder "Found 1 widget with widget matching predicate: [
  RawTooltip-[LabeledGlobalKey<RawTooltipState>#b1d20]("Close profile link", hover delay: 0:00:00.000000, touch delay: 0:00:01.500000, dismiss delay: 0:00:00.100000, triggerMode: TooltipTriggerMode.longPress, enableFeedback: true, positionDelegate: Closure: (TooltipPositionContext) => Offset from Function '_getDefaultPositionDelegate@673220820':., state: RawTooltipState#b7613(ticker inactive)),
]" derived an Offset (Offset(269.0, -6.0)) that would not hit test on the specified widget.
Maybe the widget is actually off-screen, or another widget is obscuring it, or the widget cannot receive pointer events.
Indeed, Offset(269.0, -6.0) is outside the bounds of the root of the render tree, Size(800.0, 600.0).
The finder corresponds to this RenderBox: _RenderLayoutSurrogateProxyBox#57177 relayoutBoundary=up23
The hit test result at that offset is: HitTestResult(HitTestEntry<HitTestTarget>#54341(_ReusableRenderView#8b0db), HitTestEntry<HitTestTarget>#a856f(<AutomatedTestWidgetsFlutterBinding>))
#0      WidgetController._getElementPoint (package:flutter_test/src/controller.dart:2165:25)
#1      WidgetController.getCenter (package:flutter_test/src/controller.dart:1947:12)
#2      WidgetController.tap (package:flutter_test/src/controller.dart:1080:7)
#3      main.<anonymous closure> (file:///C:/Users/ADMIN/Desktop/CocEnglish/apps/mobile/test/profile_actions_ui_test.dart:61:15)
<asynchronous suspension>
#4      testWidgets.<anonymous closure>.<anonymous closure> (package:flutter_test/src/widget_tester.dart:192:15)
<asynchronous suspension>
#5      TestWidgetsFlutterBinding._runTestBody (package:flutter_test/src/binding.dart:1953:5)
<asynchronous suspension>
#6      StackZoneSpecification._registerCallback.<anonymous closure> (package:stack_trace/src/stack_zone_specification.dart:114:42)
<asynchronous suspension>
To silence this warning, pass "warnIfMissed: false" to "tap()".
To make this warning fatal, set WidgetController.hitTestWarningShouldBeFatal to true.


Warning: A call to tap() with finder "Found 1 widget with text "OPEN": [
  Text("OPEN", dependencies: [DefaultSelectionStyle, DefaultTextStyle, MediaQuery]),
]" derived an Offset (Offset(40.2, 24.0)) that would not hit test on the specified widget.
Maybe the widget is actually off-screen, or another widget is obscuring it, or the widget cannot receive pointer events.
The finder corresponds to this RenderBox: RenderParagraph#72d24 relayoutBoundary=up13
The hit test result at that offset is: HitTestResult(_RenderColoredBox#f8ce4@Offset(40.2, 24.0), RenderConstrainedBox#ba728@Offset(40.2, 24.0), RenderMouseRegion#3dc50@Offset(40.2, 24.0), RenderSemanticsAnnotations#91c82@Offset(40.2, 24.0), RenderPointerListener#74a9a@Offset(40.2, 24.0), RenderSemanticsGestureHandler#b1539@Offset(40.2, 24.0), RenderExcludeSemantics#acdab@Offset(40.2, 24.0), RenderBlockSemantics#aacdf@Offset(40.2, 24.0), RenderIgnorePointer#87d26@Offset(40.2, 24.0), RenderSemanticsAnnotations#26bc8@Offset(40.2, 24.0), _RenderTheater#4bd2e@Offset(40.2, 24.0), RenderAbsorbPointer#2ee4e@Offset(40.2, 24.0), RenderPointerListener#34ef7@Offset(40.2, 24.0), RenderSemanticsAnnotations#bf540@Offset(40.2, 24.0), RenderCustomPaint#94e84@Offset(40.2, 24.0), RenderSemanticsAnnotations#65b40@Offset(40.2, 24.0), RenderSemanticsAnnotations#3af78@Offset(40.2, 24.0), RenderSemanticsAnnotations#12259@Offset(40.2, 24.0), RenderTapRegionSurface#9b0d9@Offset(40.2, 24.0), RenderSemanticsAnnotations#d2698@Offset(40.2, 24.0), RenderSemanticsAnnotations#ba130@Offset(40.2, 24.0), HitTestEntry<HitTestTarget>#37198(_ReusableRenderView#8b0db), HitTestEntry<HitTestTarget>#4b224(<AutomatedTestWidgetsFlutterBinding>))
#0      WidgetController._getElementPoint (package:flutter_test/src/controller.dart:2165:25)
#1      WidgetController.getCenter (package:flutter_test/src/controller.dart:1947:12)
#2      WidgetController.tap (package:flutter_test/src/controller.dart:1080:7)
#3      main.<anonymous closure> (file:///C:/Users/ADMIN/Desktop/CocEnglish/apps/mobile/test/profile_actions_ui_test.dart:63:15)
<asynchronous suspension>
#4      testWidgets.<anonymous closure>.<anonymous closure> (package:flutter_test/src/widget_tester.dart:192:15)
<asynchronous suspension>
#5      TestWidgetsFlutterBinding._runTestBody (package:flutter_test/src/binding.dart:1953:5)
<asynchronous suspension>
#6      StackZoneSpecification._registerCallback.<anonymous closure> (package:stack_trace/src/stack_zone_specification.dart:114:42)
<asynchronous suspension>
To silence this warning, pass "warnIfMissed: false" to "tap()".
To make this warning fatal, set WidgetController.hitTestWarningShouldBeFatal to true.

══╡ EXCEPTION CAUGHT BY FLUTTER TEST FRAMEWORK ╞════════════════════════════════════════════════════
The following TestFailure was thrown running a test:
Expected: no matching candidates
  Actual: _TextWidgetFinder:<Found 1 widget with text "Profile link copied": [
            Text("Profile link copied", dependencies: [DefaultSelectionStyle, DefaultTextStyle,
MediaQuery]),
          ]>
   Which: means one was found but none were expected

When the exception was thrown, this was the stack:
#4      main.<anonymous closure> (file:///C:/Users/ADMIN/Desktop/CocEnglish/apps/mobile/test/profile_actions_ui_test.dart:65:7)
<asynchronous suspension>
#5      testWidgets.<anonymous closure>.<anonymous closure> (package:flutter_test/src/widget_tester.dart:192:15)
<asynchronous suspension>
#6      TestWidgetsFlutterBinding._runTestBody (package:flutter_test/src/binding.dart:1953:5)
<asynchronous suspension>
<asynchronous suspension>
(elided one frame from package:stack_trace)

This was caught by the test expectation on the following line:
  file:///C:/Users/ADMIN/Desktop/CocEnglish/apps/mobile/test/profile_actions_ui_test.dart line 65
The test description was:
  QR data and copied link match; copy preserves dialog and can retry
════════════════════════════════════════════════════════════════════════════════════════════════════
00:01 +0 -1: QR data and copied link match; copy preserves dialog and can retry [E]
  Test failed. See exception logs above.
  The test description was: QR data and copied link match; copy preserves dialog and can retry

00:01 +0 -1: profile share controls width360.0 text1.0 remain usable
00:02 +1 -1: profile share controls width360.0 text2.0 remain usable
00:02 +2 -1: profile share controls width430.0 text1.0 remain usable
00:02 +3 -1: profile share controls width430.0 text2.0 remain usable
00:02 +4 -1: Some tests failed.

Failing tests:
  C:/Users/ADMIN/Desktop/CocEnglish/apps/mobile/test/profile_actions_ui_test.dart: QR data and copied link match; copy preserves dialog and can retry
