00:00 +0: loading C:/Users/ADMIN/Desktop/CocEnglish/apps/mobile/test/profile_weekly_progress_test.dart
00:00 +0: canvas labels inherit font and repaint when typography changes
══╡ EXCEPTION CAUGHT BY FLUTTER TEST FRAMEWORK ╞════════════════════════════════════════════════════
The following TestFailure was thrown running a test:
Expected: true
  Actual: <false>

When the exception was thrown, this was the stack:
#4      main.<anonymous closure> (file:///C:/Users/ADMIN/Desktop/CocEnglish/apps/mobile/test/profile_weekly_progress_test.dart:62:5)
<asynchronous suspension>
#5      testWidgets.<anonymous closure>.<anonymous closure> (package:flutter_test/src/widget_tester.dart:192:15)
<asynchronous suspension>
#6      TestWidgetsFlutterBinding._runTestBody (package:flutter_test/src/binding.dart:1953:5)
<asynchronous suspension>
<asynchronous suspension>
(elided one frame from package:stack_trace)

This was caught by the test expectation on the following line:
  file:///C:/Users/ADMIN/Desktop/CocEnglish/apps/mobile/test/profile_weekly_progress_test.dart line 62
The test description was:
  canvas labels inherit font and repaint when typography changes
════════════════════════════════════════════════════════════════════════════════════════════════════
00:00 +0 -1: canvas labels inherit font and repaint when typography changes [E]
  Test failed. See exception logs above.
  The test description was: canvas labels inherit font and repaint when typography changes

00:00 +0 -1: weekly fixtures cover known profiles and expose immutable seven days
00:00 +1 -1: learner receipts change only You weekly progress
00:00 +2 -1: axis keeps a zero floor and expands for large learner values
00:00 +3 -1: 320 text2 chart remains accessible without overflow
00:00 +4 -1: Some tests failed.

Failing tests:
  C:/Users/ADMIN/Desktop/CocEnglish/apps/mobile/test/profile_weekly_progress_test.dart: canvas labels inherit font and repaint when typography changes
