00:00 +0: loading C:/Users/ADMIN/Desktop/CocEnglish/apps/mobile/test/foreign_profile_sections_test.dart
00:00 +0: foreign achievement section is compact at 320 text2
══╡ EXCEPTION CAUGHT BY FLUTTER TEST FRAMEWORK ╞════════════════════════════════════════════════════
The following TestFailure was thrown running a test:
Expected: 'DuolingoSans'
  Actual: <null>
   Which: not an <Instance of 'String'>

When the exception was thrown, this was the stack:
#4      main.<anonymous closure> (file:///C:/Users/ADMIN/Desktop/CocEnglish/apps/mobile/test/foreign_profile_sections_test.dart:201:5)
<asynchronous suspension>
#5      testWidgets.<anonymous closure>.<anonymous closure> (package:flutter_test/src/widget_tester.dart:192:15)
<asynchronous suspension>
#6      TestWidgetsFlutterBinding._runTestBody (package:flutter_test/src/binding.dart:1953:5)
<asynchronous suspension>
<asynchronous suspension>
(elided one frame from package:stack_trace)

This was caught by the test expectation on the following line:
  file:///C:/Users/ADMIN/Desktop/CocEnglish/apps/mobile/test/foreign_profile_sections_test.dart line 201
The test description was:
  foreign achievement section is compact at 320 text2
════════════════════════════════════════════════════════════════════════════════════════════════════
00:00 +0 -1: foreign achievement section is compact at 320 text2 [E]
  Test failed. See exception logs above.
  The test description was: foreign achievement section is compact at 320 text2
  
00:00 +0 -1: Some tests failed.

Failing tests:
  C:/Users/ADMIN/Desktop/CocEnglish/apps/mobile/test/foreign_profile_sections_test.dart: foreign achievement section is compact at 320 text2
