00:00 +0: loading C:/Users/ADMIN/Desktop/CocEnglish/apps/mobile/test/foreign_profile_header_test.dart
00:00 +0: C:/Users/ADMIN/Desktop/CocEnglish/apps/mobile/test/foreign_profile_header_test.dart: foreign header places original avatar before identity and actions
00:00 +1: C:/Users/ADMIN/Desktop/CocEnglish/apps/mobile/test/foreign_profile_header_test.dart: foreign header places original avatar before identity and actions
00:00 +2: C:/Users/ADMIN/Desktop/CocEnglish/apps/mobile/test/foreign_profile_header_test.dart: foreign header places original avatar before identity and actions
00:01 +3: C:/Users/ADMIN/Desktop/CocEnglish/apps/mobile/test/foreign_profile_header_test.dart: foreign header places original avatar before identity and actions
00:01 +4: C:/Users/ADMIN/Desktop/CocEnglish/apps/mobile/test/foreign_profile_header_test.dart: foreign header places original avatar before identity and actions
═════════════════════════════════════════════════════════════════════════════════════════
[31m[1m  Rive Native: Failed to open dynamic library[0m
[33m  Library: rive_native.dll[0m      

  To fix this issue, run the following command:     
[36m[1m    dart run rive_native:setup --verbose --clean --platform windows[0m           
  
  See the troubleshooting section in the docs for more information:
[36m[1m    https://rive.app/docs/runtimes/flutter/rive-native#troubleshooting[0m
═════════════════════════════════════════════════════════════════════════════════════════

═════════════════════════════════════════════════════════════════════════════════════════
[31m[1m  Rive Native: Failed to open dynamic library[0m
[33m  Library: rive_native.dll[0m      

  To fix this issue, run the following command:     
[36m[1m    dart run rive_native:setup --verbose --clean --platform windows[0m           
  
  See the troubleshooting section in the docs for more information:
[36m[1m    https://rive.app/docs/runtimes/flutter/rive-native#troubleshooting[0m
═════════════════════════════════════════════════════════════════════════════════════════

00:01 +5: C:/Users/ADMIN/Desktop/CocEnglish/apps/mobile/test/foreign_profile_sections_test.dart: foreign strip has three source awards and owner counters
00:01 +6: C:/Users/ADMIN/Desktop/CocEnglish/apps/mobile/test/foreign_profile_sections_test.dart: foreign strip has three source awards and owner counters
00:01 +7: C:/Users/ADMIN/Desktop/CocEnglish/apps/mobile/test/foreign_achievements_route_test.dart: foreign View all retains owner through achievement list and Back
00:02 +8: C:/Users/ADMIN/Desktop/CocEnglish/apps/mobile/test/foreign_achievements_route_test.dart: foreign View all retains owner through achievement list and Back
00:02 +8: C:/Users/ADMIN/Desktop/CocEnglish/apps/mobile/test/foreign_profile_header_test.dart: follow share cancel and close retain foreign identity
═════════════════════════════════════════════════════════════════════════════════════════
[31m[1m  Rive Native: Failed to open dynamic library[0m
[33m  Library: rive_native.dll[0m      

  To fix this issue, run the following command:     
[36m[1m    dart run rive_native:setup --verbose --clean --platform windows[0m           
  
  See the troubleshooting section in the docs for more information:
[36m[1m    https://rive.app/docs/runtimes/flutter/rive-native#troubleshooting[0m
═════════════════════════════════════════════════════════════════════════════════════════

═════════════════════════════════════════════════════════════════════════════════════════
[31m[1m  Rive Native: Failed to open dynamic library[0m
[33m  Library: rive_native.dll[0m      

  To fix this issue, run the following command:     
[36m[1m    dart run rive_native:setup --verbose --clean --platform windows[0m           
  
  See the troubleshooting section in the docs for more information:
[36m[1m    https://rive.app/docs/runtimes/flutter/rive-native#troubleshooting[0m
═════════════════════════════════════════════════════════════════════════════════════════

══╡ EXCEPTION CAUGHT BY FLUTTER TEST FRAMEWORK ╞════════════════════════════════════════════════════
The following TestFailure was thrown running a test:
Expected: exactly one matching candidate
  Actual: _TextWidgetFinder:<Found 0 widgets with text
"https://cocenglish.test/profile/James%20Smith": []>
   Which: means none were found but one was expected

When the exception was thrown, this was the stack:
#4      main.<anonymous closure> (file:///C:/Users/ADMIN/Desktop/CocEnglish/apps/mobile/test/foreign_profile_header_test.dart:67:5)
<asynchronous suspension>
#5      testWidgets.<anonymous closure>.<anonymous closure> (package:flutter_test/src/widget_tester.dart:192:15)
<asynchronous suspension>
#6      TestWidgetsFlutterBinding._runTestBody (package:flutter_test/src/binding.dart:1953:5)
<asynchronous suspension>
<asynchronous suspension>
(elided one frame from package:stack_trace)

This was caught by the test expectation on the following line:
  file:///C:/Users/ADMIN/Desktop/CocEnglish/apps/mobile/test/foreign_profile_header_test.dart line 67
The test description was:
  follow share cancel and close retain foreign identity
════════════════════════════════════════════════════════════════════════════════════════════════════
00:02 +8 -1: C:/Users/ADMIN/Desktop/CocEnglish/apps/mobile/test/foreign_achievements_route_test.dart: foreign View all retains owner through achievement list and Back
00:02 +8 -1: C:/Users/ADMIN/Desktop/CocEnglish/apps/mobile/test/foreign_profile_header_test.dart: follow share cancel and close retain foreign identity [E]
  Test failed. See exception logs above.
  The test description was: follow share cancel and close retain foreign identity
  
00:02 +9 -1: C:/Users/ADMIN/Desktop/CocEnglish/apps/mobile/test/foreign_profile_sections_test.dart: safety actions preserve cancel and allow confirmed block then unblock
00:02 +10 -1: C:/Users/ADMIN/Desktop/CocEnglish/apps/mobile/test/foreign_profile_sections_test.dart: safety actions preserve cancel and allow confirmed block then unblock
00:02 +11 -1: C:/Users/ADMIN/Desktop/CocEnglish/apps/mobile/test/foreign_profile_sections_test.dart: safety actions preserve cancel and allow confirmed block then unblock
00:02 +12 -1: C:/Users/ADMIN/Desktop/CocEnglish/apps/mobile/test/profile_lists_route_test.dart: profile courses reflect enrollment; opening the list does not switch English
00:02 +13 -1: C:/Users/ADMIN/Desktop/CocEnglish/apps/mobile/test/profile_lists_route_test.dart: profile courses reflect enrollment; opening the list does not switch English
00:02 +13 -1: C:/Users/ADMIN/Desktop/CocEnglish/apps/mobile/test/foreign_profile_header_test.dart: foreign header text2 controls fit and direct Back is safe
═════════════════════════════════════════════════════════════════════════════════════════
[31m[1m  Rive Native: Failed to open dynamic library[0m
[33m  Library: rive_native.dll[0m      

  To fix this issue, run the following command:     
[36m[1m    dart run rive_native:setup --verbose --clean --platform windows[0m           
  
  See the troubleshooting section in the docs for more information:
[36m[1m    https://rive.app/docs/runtimes/flutter/rive-native#troubleshooting[0m
═════════════════════════════════════════════════════════════════════════════════════════

═════════════════════════════════════════════════════════════════════════════════════════
[31m[1m  Rive Native: Failed to open dynamic library[0m
[33m  Library: rive_native.dll[0m      

  To fix this issue, run the following command:     
[36m[1m    dart run rive_native:setup --verbose --clean --platform windows[0m           
  
  See the troubleshooting section in the docs for more information:
[36m[1m    https://rive.app/docs/runtimes/flutter/rive-native#troubleshooting[0m
═════════════════════════════════════════════════════════════════════════════════════════

═════════════════════════════════════════════════════════════════════════════════════════
[31m[1m  Rive Native: Failed to open dynamic library[0m
[33m  Library: rive_native.dll[0m      

  To fix this issue, run the following command:     
[36m[1m    dart run rive_native:setup --verbose --clean --platform windows[0m           
  
  See the troubleshooting section in the docs for more information:
[36m[1m    https://rive.app/docs/runtimes/flutter/rive-native#troubleshooting[0m
═════════════════════════════════════════════════════════════════════════════════════════

═════════════════════════════════════════════════════════════════════════════════════════
[31m[1m  Rive Native: Failed to open dynamic library[0m
[33m  Library: rive_native.dll[0m      

  To fix this issue, run the following command:     
[36m[1m    dart run rive_native:setup --verbose --clean --platform windows[0m           
  
  See the troubleshooting section in the docs for more information:
[36m[1m    https://rive.app/docs/runtimes/flutter/rive-native#troubleshooting[0m
═════════════════════════════════════════════════════════════════════════════════════════

═════════════════════════════════════════════════════════════════════════════════════════
[31m[1m  Rive Native: Failed to open dynamic library[0m
[33m  Library: rive_native.dll[0m      

  To fix this issue, run the following command:     
[36m[1m    dart run rive_native:setup --verbose --clean --platform windows[0m           
  
  See the troubleshooting section in the docs for more information:
[36m[1m    https://rive.app/docs/runtimes/flutter/rive-native#troubleshooting[0m
═════════════════════════════════════════════════════════════════════════════════════════

═════════════════════════════════════════════════════════════════════════════════════════
[31m[1m  Rive Native: Failed to open dynamic library[0m
[33m  Library: rive_native.dll[0m      

  To fix this issue, run the following command:     
[36m[1m    dart run rive_native:setup --verbose --clean --platform windows[0m           
  
  See the troubleshooting section in the docs for more information:
[36m[1m    https://rive.app/docs/runtimes/flutter/rive-native#troubleshooting[0m
═════════════════════════════════════════════════════════════════════════════════════════

00:02 +14 -1: C:/Users/ADMIN/Desktop/CocEnglish/apps/mobile/test/profile_lists_route_test.dart: profile courses reflect enrollment; opening the list does not switch English
00:02 +15 -1: C:/Users/ADMIN/Desktop/CocEnglish/apps/mobile/test/foreign_profile_sections_test.dart: award selection retains owner and returns to profile
00:02 +16 -1: C:/Users/ADMIN/Desktop/CocEnglish/apps/mobile/test/profile_lists_route_test.dart: profile friend tabs keep following identity and empty followers separate
00:03 +17 -1: C:/Users/ADMIN/Desktop/CocEnglish/apps/mobile/test/profile_lists_route_test.dart: profile friend tabs keep following identity and empty followers separate
00:03 +18 -1: C:/Users/ADMIN/Desktop/CocEnglish/apps/mobile/test/profile_lists_route_test.dart: changing friend route query selects the requested tab in the reused page
00:03 +19 -1: C:/Users/ADMIN/Desktop/CocEnglish/apps/mobile/test/profile_lists_route_test.dart: populated followers follow back once and retain source state on return
00:03 +20 -1: Some tests failed.

Failing tests:
  C:/Users/ADMIN/Desktop/CocEnglish/apps/mobile/test/foreign_profile_header_test.dart: follow share cancel and close retain foreign identity
