00:00 +0: loading C:/Users/ADMIN/Desktop/CocEnglish/apps/mobile/test/profile_surface_capture_test.dart
00:00 +0: C:/Users/ADMIN/Desktop/CocEnglish/apps/mobile/test/profile_sections_test.dart: empty Friend Streak slots invite and heading opens friends view
00:00 +1: C:/Users/ADMIN/Desktop/CocEnglish/apps/mobile/test/profile_surface_capture_test.dart: capture native source profile and language lists
00:01 +2: C:/Users/ADMIN/Desktop/CocEnglish/apps/mobile/test/profile_surface_capture_test.dart: capture native source profile and language lists
00:01 +3: C:/Users/ADMIN/Desktop/CocEnglish/apps/mobile/test/profile_surface_capture_test.dart: capture native source profile and language lists
00:01 +4: C:/Users/ADMIN/Desktop/CocEnglish/apps/mobile/test/profile_surface_capture_test.dart: capture native source profile and language lists
═════════════════════════════════════════════════════════════════════════════════════════
[31m[1m  Rive Native: Failed to open dynamic library[0m
[33m  Library: rive_native.dll[0m      

  To fix this issue, run the following command:     
[36m[1m    dart run rive_native:setup --verbose --clean --platform windows[0m           
  
  See the troubleshooting section in the docs for more information:
[36m[1m    https://rive.app/docs/runtimes/flutter/rive-native#troubleshooting[0m
═════════════════════════════════════════════════════════════════════════════════════════

═════════════════════════════════════════════════════════════════════════════════════════
[31m[1m  Rive Native: Failed to open dynamic library[0m
[33m  Library: rive_native.dll[0m      

  To fix this issue, run the following command:     
[36m[1m    dart run rive_native:setup --verbose --clean --platform windows[0m           
  
  See the troubleshooting section in the docs for more information:
[36m[1m    https://rive.app/docs/runtimes/flutter/rive-native#troubleshooting[0m
═════════════════════════════════════════════════════════════════════════════════════════

═════════════════════════════════════════════════════════════════════════════════════════
[31m[1m  Rive Native: Failed to open dynamic library[0m
[33m  Library: rive_native.dll[0m      

  To fix this issue, run the following command:     
[36m[1m    dart run rive_native:setup --verbose --clean --platform windows[0m           
  
  See the troubleshooting section in the docs for more information:
[36m[1m    https://rive.app/docs/runtimes/flutter/rive-native#troubleshooting[0m
═════════════════════════════════════════════════════════════════════════════════════════

00:08 +5: All tests passed!
