00:00 +0: loading C:/Users/ADMIN/Desktop/CocEnglish/apps/mobile/test/foreign_achievements_route_test.dart
00:00 +0: C:/Users/ADMIN/Desktop/CocEnglish/apps/mobile/test/foreign_achievements_route_test.dart: foreign View all retains owner through achievement list and Back
00:00 +1: C:/Users/ADMIN/Desktop/CocEnglish/apps/mobile/test/foreign_achievements_route_test.dart: foreign View all retains owner through achievement list and Back
00:01 +2: C:/Users/ADMIN/Desktop/CocEnglish/apps/mobile/test/foreign_achievements_route_test.dart: foreign View all retains owner through achievement list and Back
00:01 +3: C:/Users/ADMIN/Desktop/CocEnglish/apps/mobile/test/foreign_achievements_route_test.dart: foreign View all retains owner through achievement list and Back
00:01 +4: C:/Users/ADMIN/Desktop/CocEnglish/apps/mobile/test/foreign_achievements_route_test.dart: foreign View all retains owner through achievement list and Back
00:01 +5: C:/Users/ADMIN/Desktop/CocEnglish/apps/mobile/test/foreign_achievements_route_test.dart: foreign View all retains owner through achievement list and Back
00:01 +6: C:/Users/ADMIN/Desktop/CocEnglish/apps/mobile/test/foreign_achievements_route_test.dart: foreign View all retains owner through achievement list and Back
00:01 +7: C:/Users/ADMIN/Desktop/CocEnglish/apps/mobile/test/foreign_achievements_route_test.dart: foreign View all retains owner through achievement list and Back
00:01 +8: C:/Users/ADMIN/Desktop/CocEnglish/apps/mobile/test/foreign_achievements_route_test.dart: foreign View all retains owner through achievement list and Back
00:01 +9: C:/Users/ADMIN/Desktop/CocEnglish/apps/mobile/test/foreign_achievements_route_test.dart: foreign View all retains owner through achievement list and Back
══╡ EXCEPTION CAUGHT BY FLUTTER TEST FRAMEWORK ╞════════════════════════════════════════════════════
The following TestFailure was thrown running a test:
Expected: exactly one matching candidate
  Actual: _WidgetPredicateWidgetFinder:<Found 0 widgets with widget matching predicate: []>
   Which: means none were found but one was expected

When the exception was thrown, this was the stack:
#4      main.<anonymous closure> (file:///C:/Users/ADMIN/Desktop/CocEnglish/apps/mobile/test/foreign_achievements_route_test.dart:44:7)
<asynchronous suspension>
#5      testWidgets.<anonymous closure>.<anonymous closure> (package:flutter_test/src/widget_tester.dart:192:15)
<asynchronous suspension>
#6      TestWidgetsFlutterBinding._runTestBody (package:flutter_test/src/binding.dart:1953:5)
<asynchronous suspension>
<asynchronous suspension>
(elided one frame from package:stack_trace)

This was caught by the test expectation on the following line:
  file:///C:/Users/ADMIN/Desktop/CocEnglish/apps/mobile/test/foreign_achievements_route_test.dart line 44
The test description was:
  foreign View all retains owner through achievement list and Back
════════════════════════════════════════════════════════════════════════════════════════════════════
00:02 +9 -1: C:/Users/ADMIN/Desktop/CocEnglish/apps/mobile/test/achievements_flow_test.dart: source award opens matching detail, shares locally, and keeps claim across Back
00:02 +9 -1: C:/Users/ADMIN/Desktop/CocEnglish/apps/mobile/test/foreign_achievements_route_test.dart: foreign View all retains owner through achievement list and Back [E]
  Test failed. See exception logs above.
  The test description was: foreign View all retains owner through achievement list and Back
  
00:02 +10 -1: C:/Users/ADMIN/Desktop/CocEnglish/apps/mobile/test/achievements_flow_test.dart: source award opens matching detail, shares locally, and keeps claim across Back
00:02 +11 -1: C:/Users/ADMIN/Desktop/CocEnglish/apps/mobile/test/profile_lists_route_test.dart: source lists scroll without clipping at 320 and text scale two
00:02 +12 -1: C:/Users/ADMIN/Desktop/CocEnglish/apps/mobile/test/profile_lists_route_test.dart: source lists scroll without clipping at 320 and text scale two
00:02 +13 -1: C:/Users/ADMIN/Desktop/CocEnglish/apps/mobile/test/achievements_flow_test.dart: achievement and monthly source grids render width360.0 text1.0
00:02 +14 -1: C:/Users/ADMIN/Desktop/CocEnglish/apps/mobile/test/profile_lists_route_test.dart: profile courses reflect enrollment; opening the list does not switch English
00:03 +15 -1: C:/Users/ADMIN/Desktop/CocEnglish/apps/mobile/test/profile_lists_route_test.dart: profile courses reflect enrollment; opening the list does not switch English
00:03 +16 -1: C:/Users/ADMIN/Desktop/CocEnglish/apps/mobile/test/achievements_flow_test.dart: achievement and monthly source grids render width430.0 text1.0
00:03 +17 -1: C:/Users/ADMIN/Desktop/CocEnglish/apps/mobile/test/profile_lists_route_test.dart: profile friend tabs keep following identity and empty followers separate
00:03 +18 -1: C:/Users/ADMIN/Desktop/CocEnglish/apps/mobile/test/achievements_flow_test.dart: achievement and monthly source grids render width430.0 text2.0
00:03 +19 -1: C:/Users/ADMIN/Desktop/CocEnglish/apps/mobile/test/profile_lists_route_test.dart: changing friend route query selects the requested tab in the reused page
00:03 +20 -1: C:/Users/ADMIN/Desktop/CocEnglish/apps/mobile/test/profile_lists_route_test.dart: populated followers follow back once and retain source state on return
00:04 +21 -1: Some tests failed.

Failing tests:
  C:/Users/ADMIN/Desktop/CocEnglish/apps/mobile/test/foreign_achievements_route_test.dart: foreign View all retains owner through achievement list and Back
