00:00 +0: loading C:/Users/ADMIN/Desktop/CocEnglish/apps/mobile/test/saved_account_management_test.dart
00:00 +0: Manage accounts opens full screen and Done preserves account
══╡ EXCEPTION CAUGHT BY FLUTTER TEST FRAMEWORK ╞════════════════════════════════════════════════════
The following TestFailure was thrown running a test:
Expected: exactly one matching candidate
  Actual: _TextWidgetFinder:<Found 0 widgets with text "Manage Accounts": []>
   Which: means none were found but one was expected

When the exception was thrown, this was the stack:
#4      main.<anonymous closure> (file:///C:/Users/ADMIN/Desktop/CocEnglish/apps/mobile/test/saved_account_management_test.dart:104:5)
<asynchronous suspension>
#5      testWidgets.<anonymous closure>.<anonymous closure> (package:flutter_test/src/widget_tester.dart:192:15)
<asynchronous suspension>
#6      TestWidgetsFlutterBinding._runTestBody (package:flutter_test/src/binding.dart:1953:5)
<asynchronous suspension>
<asynchronous suspension>
(elided one frame from package:stack_trace)

This was caught by the test expectation on the following line:
  file:///C:/Users/ADMIN/Desktop/CocEnglish/apps/mobile/test/saved_account_management_test.dart line 104
The test description was:
  Manage accounts opens full screen and Done preserves account
════════════════════════════════════════════════════════════════════════════════════════════════════
00:01 +0 -1: Manage accounts opens full screen and Done preserves account [E]
  Test failed. See exception logs above.
  The test description was: Manage accounts opens full screen and Done preserves account

00:01 +0 -1: minus opens Remove popover and dismissal preserves account
══╡ EXCEPTION CAUGHT BY FLUTTER TEST FRAMEWORK ╞════════════════════════════════════════════════════
The following assertion was thrown running a test:
The finder "Found 0 widgets with a semantics label named "Remove saved account": []" (used in a call
to "tap()") could not find any matching widgets.

When the exception was thrown, this was the stack:
#0      WidgetController._getElementPoint (package:flutter_test/src/controller.dart:2095:7)
#1      WidgetController.getCenter (package:flutter_test/src/controller.dart:1947:12)
#2      WidgetController.tap (package:flutter_test/src/controller.dart:1080:7)
#3      main.<anonymous closure> (file:///C:/Users/ADMIN/Desktop/CocEnglish/apps/mobile/test/saved_account_management_test.dart:123:18)
<asynchronous suspension>
#4      testWidgets.<anonymous closure>.<anonymous closure> (package:flutter_test/src/widget_tester.dart:192:15)
<asynchronous suspension>
#5      TestWidgetsFlutterBinding._runTestBody (package:flutter_test/src/binding.dart:1953:5)
<asynchronous suspension>
<asynchronous suspension>
(elided one frame from package:stack_trace)

The test description was:
  minus opens Remove popover and dismissal preserves account
════════════════════════════════════════════════════════════════════════════════════════════════════
00:01 +0 -2: minus opens Remove popover and dismissal preserves account [E]
  Test failed. See exception logs above.
  The test description was: minus opens Remove popover and dismissal preserves account

00:01 +0 -2: Remove forgets saved account once and returns to welcome
══╡ EXCEPTION CAUGHT BY FLUTTER TEST FRAMEWORK ╞════════════════════════════════════════════════════
The following assertion was thrown running a test:
The finder "Found 0 widgets with a semantics label named "Remove saved account": []" (used in a call
to "tap()") could not find any matching widgets.

When the exception was thrown, this was the stack:
#0      WidgetController._getElementPoint (package:flutter_test/src/controller.dart:2095:7)
#1      WidgetController.getCenter (package:flutter_test/src/controller.dart:1947:12)
#2      WidgetController.tap (package:flutter_test/src/controller.dart:1080:7)
#3      main.<anonymous closure> (file:///C:/Users/ADMIN/Desktop/CocEnglish/apps/mobile/test/saved_account_management_test.dart:142:18)
<asynchronous suspension>
#4      testWidgets.<anonymous closure>.<anonymous closure> (package:flutter_test/src/widget_tester.dart:192:15)
<asynchronous suspension>
#5      TestWidgetsFlutterBinding._runTestBody (package:flutter_test/src/binding.dart:1953:5)
<asynchronous suspension>
<asynchronous suspension>
(elided one frame from package:stack_trace)

The test description was:
  Remove forgets saved account once and returns to welcome
════════════════════════════════════════════════════════════════════════════════════════════════════
00:01 +0 -3: Remove forgets saved account once and returns to welcome [E]
  Test failed. See exception logs above.
  The test description was: Remove forgets saved account once and returns to welcome

00:01 +0 -3: failed Remove stays visible with account at width 360 text2

Warning: A call to tap() with finder "Found 1 widget with text "MANAGE ACCOUNTS": [
  Text("MANAGE ACCOUNTS", inherit: true, color: Color(alpha: 1.0000, red: 0.6902, green: 0.6824, blue: 0.6902, colorSpace: ColorSpace.sRGB), weight: 700, letterSpacing: 1.0, dependencies: [DefaultSelectionStyle, DefaultTextStyle, MediaQuery]),
]" derived an Offset (Offset(180.0, 947.0)) that would not hit test on the specified widget.
Maybe the widget is actually off-screen, or another widget is obscuring it, or the widget cannot receive pointer events.
Indeed, Offset(180.0, 947.0) is outside the bounds of the root of the render tree, Size(360.0, 844.0).
The finder corresponds to this RenderBox: RenderParagraph#9216e relayoutBoundary=up26
The hit test result at that offset is: HitTestResult(HitTestEntry<HitTestTarget>#53ea0(_ReusableRenderView#246ad), HitTestEntry<HitTestTarget>#9a83d(<AutomatedTestWidgetsFlutterBinding>))
#0      WidgetController._getElementPoint (package:flutter_test/src/controller.dart:2165:25)
#1      WidgetController.getCenter (package:flutter_test/src/controller.dart:1947:12)
#2      WidgetController.tap (package:flutter_test/src/controller.dart:1080:7)
#3      openManager (file:///C:/Users/ADMIN/Desktop/CocEnglish/apps/mobile/test/saved_account_management_test.dart:92:16)
#4      main.<anonymous closure> (file:///C:/Users/ADMIN/Desktop/CocEnglish/apps/mobile/test/saved_account_management_test.dart:163:11)
<asynchronous suspension>
#5      testWidgets.<anonymous closure>.<anonymous closure> (package:flutter_test/src/widget_tester.dart:192:15)
<asynchronous suspension>
#6      TestWidgetsFlutterBinding._runTestBody (package:flutter_test/src/binding.dart:1953:5)
<asynchronous suspension>
#7      StackZoneSpecification._registerCallback.<anonymous closure> (package:stack_trace/src/stack_zone_specification.dart:114:42)
<asynchronous suspension>
To silence this warning, pass "warnIfMissed: false" to "tap()".
To make this warning fatal, set WidgetController.hitTestWarningShouldBeFatal to true.

══╡ EXCEPTION CAUGHT BY FLUTTER TEST FRAMEWORK ╞════════════════════════════════════════════════════
The following assertion was thrown running a test:
The finder "Found 0 widgets with a semantics label named "Remove saved account": []" (used in a call
to "tap()") could not find any matching widgets.

When the exception was thrown, this was the stack:
#0      WidgetController._getElementPoint (package:flutter_test/src/controller.dart:2095:7)
#1      WidgetController.getCenter (package:flutter_test/src/controller.dart:1947:12)
#2      WidgetController.tap (package:flutter_test/src/controller.dart:1080:7)
#3      main.<anonymous closure> (file:///C:/Users/ADMIN/Desktop/CocEnglish/apps/mobile/test/saved_account_management_test.dart:165:18)
<asynchronous suspension>
#4      testWidgets.<anonymous closure>.<anonymous closure> (package:flutter_test/src/widget_tester.dart:192:15)
<asynchronous suspension>
#5      TestWidgetsFlutterBinding._runTestBody (package:flutter_test/src/binding.dart:1953:5)
<asynchronous suspension>
<asynchronous suspension>
(elided one frame from package:stack_trace)

The test description was:
  failed Remove stays visible with account at width 360 text2
════════════════════════════════════════════════════════════════════════════════════════════════════
00:01 +0 -4: failed Remove stays visible with account at width 360 text2 [E]
  Test failed. See exception logs above.
  The test description was: failed Remove stays visible with account at width 360 text2

00:02 +0 -4: Some tests failed.

Failing tests:
  C:/Users/ADMIN/Desktop/CocEnglish/apps/mobile/test/saved_account_management_test.dart: Manage accounts opens full screen and Done preserves account
  C:/Users/ADMIN/Desktop/CocEnglish/apps/mobile/test/saved_account_management_test.dart: Remove forgets saved account once and returns to welcome
  C:/Users/ADMIN/Desktop/CocEnglish/apps/mobile/test/saved_account_management_test.dart: failed Remove stays visible with account at width 360 text2
  C:/Users/ADMIN/Desktop/CocEnglish/apps/mobile/test/saved_account_management_test.dart: minus opens Remove popover and dismissal preserves account
