Resolving dependencies...
Downloading packages...
  code_assets 1.2.1 (2.1.0 available)
  cupertino_icons 1.0.9 (2.0.0 available)
  hooks 2.0.2 (2.2.0 available)
  material_color_utilities 0.13.0 (0.13.1 available)
  meta 1.18.3 (1.19.0 available)
  objective_c 9.5.0 (9.6.2 available)
  petitparser 7.0.2 (7.1.0 available)
  qr 3.0.2 (4.0.0 available)
  record_use 0.6.0 (1.1.1 available)
  test_api 0.7.12 (0.7.14 available)
  vector_math 2.4.0 (2.4.3 available)
  window_to_front 0.0.4 (1.0.0 available)
  xml 7.0.1 (7.1.0 available)
Got dependencies!
13 packages have newer versions incompatible with dependency constraints.
Try `flutter pub outdated` for more information.
00:00 +0: loading C:/Users/ADMIN/Desktop/CocEnglish/apps/mobile/test/league_result_test.dart
00:00 +0: C:/Users/ADMIN/Desktop/CocEnglish/apps/mobile/test/league_result_test.dart: settlement advances once through authored eligible stages
00:00 +1: C:/Users/ADMIN/Desktop/CocEnglish/apps/mobile/test/league_result_test.dart: ineligible authored stages are skipped without inventing rewards
00:00 +2: C:/Users/ADMIN/Desktop/CocEnglish/apps/mobile/test/league_result_test.dart: authored result promotes to Silver and acknowledges 40 gems
00:00 +3: C:/Users/ADMIN/Desktop/CocEnglish/apps/mobile/test/league_result_test.dart: authored result promotes to Silver and acknowledges 40 gems
00:00 +4: C:/Users/ADMIN/Desktop/CocEnglish/apps/mobile/test/league_result_test.dart: authored result promotes to Silver and acknowledges 40 gems
00:00 +5: C:/Users/ADMIN/Desktop/CocEnglish/apps/mobile/test/league_result_test.dart: authored result promotes to Silver and acknowledges 40 gems
══╡ EXCEPTION CAUGHT BY FLUTTER TEST FRAMEWORK ╞════════════════════════════════════════════════════
The following TestFailure was thrown running a test:
Expected: exactly one matching candidate
  Actual: _ElementPredicateWidgetFinder:<Found 0 widgets with a semantics label named "Rank 1, Sam,
867 XP": []>
   Which: means none were found but one was expected

When the exception was thrown, this was the stack:
#4      main.<anonymous closure> (file:///C:/Users/ADMIN/Desktop/CocEnglish/apps/mobile/test/league_result_test.dart:92:5)
<asynchronous suspension>
#5      testWidgets.<anonymous closure>.<anonymous closure> (package:flutter_test/src/widget_tester.dart:192:15)
<asynchronous suspension>
#6      TestWidgetsFlutterBinding._runTestBody (package:flutter_test/src/binding.dart:1953:5)
<asynchronous suspension>
<asynchronous suspension>
(elided one frame from package:stack_trace)

This was caught by the test expectation on the following line:
  file:///C:/Users/ADMIN/Desktop/CocEnglish/apps/mobile/test/league_result_test.dart line 92
The test description was:
  authored result promotes to Silver and acknowledges 40 gems
════════════════════════════════════════════════════════════════════════════════════════════════════
00:00 +5 -1: C:/Users/ADMIN/Desktop/CocEnglish/apps/mobile/test/year_review_test.dart: seven native pages keep English copy and expose tap navigation
00:00 +5 -1: C:/Users/ADMIN/Desktop/CocEnglish/apps/mobile/test/league_result_test.dart: authored result promotes to Silver and acknowledges 40 gems [E]
  Test failed. See exception logs above.
  The test description was: authored result promotes to Silver and acknowledges 40 gems

00:00 +5 -1: C:/Users/ADMIN/Desktop/CocEnglish/apps/mobile/test/year_review_test.dart: seven native pages keep English copy and expose tap navigation
══╡ EXCEPTION CAUGHT BY FLUTTER TEST FRAMEWORK ╞════════════════════════════════════════════════════
The following TestFailure was thrown running a test:
Expected: exactly one matching candidate
  Actual: _ElementPredicateWidgetFinder:<Found 0 widgets with a semantics label named "Close Year in
Review": []>
   Which: means none were found but one was expected

When the exception was thrown, this was the stack:
#4      main.<anonymous closure> (file:///C:/Users/ADMIN/Desktop/CocEnglish/apps/mobile/test/year_review_test.dart:75:5)
<asynchronous suspension>
#5      testWidgets.<anonymous closure>.<anonymous closure> (package:flutter_test/src/widget_tester.dart:192:15)
<asynchronous suspension>
#6      TestWidgetsFlutterBinding._runTestBody (package:flutter_test/src/binding.dart:1953:5)
<asynchronous suspension>
<asynchronous suspension>
(elided one frame from package:stack_trace)

This was caught by the test expectation on the following line:
  file:///C:/Users/ADMIN/Desktop/CocEnglish/apps/mobile/test/year_review_test.dart line 75
The test description was:
  seven native pages keep English copy and expose tap navigation
════════════════════════════════════════════════════════════════════════════════════════════════════
00:00 +5 -2: C:/Users/ADMIN/Desktop/CocEnglish/apps/mobile/test/league_result_test.dart: Diamond event variant uses authored tier and skips no reward
00:00 +5 -2: C:/Users/ADMIN/Desktop/CocEnglish/apps/mobile/test/year_review_test.dart: seven native pages keep English copy and expose tap navigation [E]
  Test failed. See exception logs above.
  The test description was: seven native pages keep English copy and expose tap navigation

00:00 +5 -2: C:/Users/ADMIN/Desktop/CocEnglish/apps/mobile/test/league_result_test.dart: Diamond event variant uses authored tier and skips no reward

Warning: A call to tap() with finder "Found 1 widget with a semantics label named "CONTINUE": [
  Semantics(container: true, properties: SemanticsProperties, renderObject: RenderSemanticsAnnotations#f56e8 relayoutBoundary=up25),
]" derived an Offset (Offset(400.0, 598.0)) that would not hit test on the specified widget.
Maybe the widget is actually off-screen, or another widget is obscuring it, or the widget cannot receive pointer events.
The finder corresponds to this RenderBox: RenderSemanticsAnnotations#f56e8 relayoutBoundary=up25
The hit test result at that offset is: HitTestResult(RenderPointerListener#0556c@Offset(400.0, 550.0), RenderSemanticsGestureHandler#8c44b@Offset(400.0, 550.0), RenderPointerListener#1275a@Offset(400.0, 550.0), _RenderScrollSemantics#14e80@Offset(400.0, 550.0), RenderClipRect#5d022@Offset(400.0, 550.0), _RenderLayoutBuilder#014dd@Offset(400.0, 550.0), RenderAnimatedOpacity#60618@Offset(400.0, 550.0), RenderStack#07099@Offset(400.0, 550.0), RenderFlex#930c6@Offset(400.0, 598.0), RenderPadding#2c562@Offset(400.0, 598.0), RenderCustomMultiChildLayoutBox#9ebc2@Offset(400.0, 598.0), _RenderInkFeatures#e7162@Offset(400.0, 598.0), RenderPhysicalModel#952aa@Offset(400.0, 598.0), RenderSemanticsAnnotations#4d798@Offset(400.0, 598.0), RenderRepaintBoundary#3630a@Offset(400.0, 598.0), RenderIgnorePointer#50d7f@Offset(400.0, 598.0), RenderAnimatedOpacity#e1df5@Offset(400.0, 598.0), RenderAnimatedOpacity#94f78@Offset(400.0, 598.0), _RenderColoredBox#54e4f@Offset(400.0, 598.0), RenderAnimatedOpacity#2eb1a@Offset(400.0, 598.0), RenderIgnorePointer#156c5@Offset(400.0, 598.0), RenderAnimatedOpacity#5f774@Offset(400.0, 598.0), RenderRepaintBoundary#73276@Offset(400.0, 598.0), RenderSemanticsAnnotations#9e5ae@Offset(400.0, 598.0), RenderOffstage#162cf@Offset(400.0, 598.0), RenderSemanticsAnnotations#f7739@Offset(400.0, 598.0), _RenderTheater#7e248@Offset(400.0, 598.0), RenderAbsorbPointer#f304e@Offset(400.0, 598.0), RenderPointerListener#007c2@Offset(400.0, 598.0), RenderSemanticsAnnotations#a7b49@Offset(400.0, 598.0), RenderCustomPaint#a3d37@Offset(400.0, 598.0), RenderSemanticsAnnotations#4fea6@Offset(400.0, 598.0), RenderSemanticsAnnotations#620d4@Offset(400.0, 598.0), RenderSemanticsAnnotations#df51a@Offset(400.0, 598.0), RenderTapRegionSurface#133e0@Offset(400.0, 598.0), RenderSemanticsAnnotations#a67eb@Offset(400.0, 598.0), RenderSemanticsAnnotations#606e5@Offset(400.0, 598.0), HitTestEntry<HitTestTarget>#df0c6(_ReusableRenderView#7149b), HitTestEntry<HitTestTarget>#f6153(<AutomatedTestWidgetsFlutterBinding>))
#0      WidgetController._getElementPoint (package:flutter_test/src/controller.dart:2165:25)
#1      WidgetController.getCenter (package:flutter_test/src/controller.dart:1947:12)
#2      WidgetController.tap (package:flutter_test/src/controller.dart:1080:7)
#3      main.<anonymous closure> (file:///C:/Users/ADMIN/Desktop/CocEnglish/apps/mobile/test/league_result_test.dart:175:18)
<asynchronous suspension>
#4      testWidgets.<anonymous closure>.<anonymous closure> (package:flutter_test/src/widget_tester.dart:192:15)
<asynchronous suspension>
#5      TestWidgetsFlutterBinding._runTestBody (package:flutter_test/src/binding.dart:1953:5)
<asynchronous suspension>
#6      StackZoneSpecification._registerCallback.<anonymous closure> (package:stack_trace/src/stack_zone_specification.dart:114:42)
<asynchronous suspension>
To silence this warning, pass "warnIfMissed: false" to "tap()".
To make this warning fatal, set WidgetController.hitTestWarningShouldBeFatal to true.

══╡ EXCEPTION CAUGHT BY FLUTTER TEST FRAMEWORK ╞════════════════════════════════════════════════════
The following TestFailure was thrown running a test:
Expected: <1>
  Actual: <0>

When the exception was thrown, this was the stack:
#4      main.<anonymous closure> (file:///C:/Users/ADMIN/Desktop/CocEnglish/apps/mobile/test/league_result_test.dart:178:5)
<asynchronous suspension>
#5      testWidgets.<anonymous closure>.<anonymous closure> (package:flutter_test/src/widget_tester.dart:192:15)
<asynchronous suspension>
#6      TestWidgetsFlutterBinding._runTestBody (package:flutter_test/src/binding.dart:1953:5)
<asynchronous suspension>
<asynchronous suspension>
(elided one frame from package:stack_trace)

This was caught by the test expectation on the following line:
  file:///C:/Users/ADMIN/Desktop/CocEnglish/apps/mobile/test/league_result_test.dart line 178
The test description was:
  Diamond event variant uses authored tier and skips no reward
════════════════════════════════════════════════════════════════════════════════════════════════════
00:00 +5 -3: C:/Users/ADMIN/Desktop/CocEnglish/apps/mobile/test/year_review_test.dart: 320 wide text scale two can reach every action without overflow
00:00 +5 -3: C:/Users/ADMIN/Desktop/CocEnglish/apps/mobile/test/league_result_test.dart: Diamond event variant uses authored tier and skips no reward [E]
  Test failed. See exception logs above.
  The test description was: Diamond event variant uses authored tier and skips no reward

00:01 +6 -3: C:/Users/ADMIN/Desktop/CocEnglish/apps/mobile/test/year_review_test.dart: 320 wide text scale two can reach every action without overflow
══╡ EXCEPTION CAUGHT BY FLUTTER TEST FRAMEWORK ╞════════════════════════════════════════════════════
The following assertion was thrown running a test:
'package:flutter/src/widgets/scroll_activity.dart': Failed assertion: line 705 pos 15: 'duration >
Duration.zero': is not true.

Either the assertion indicates an error in the framework itself, or we should provide substantially
more information in this error message to help you determine and fix the underlying cause.
In either case, please report this assertion by filing a bug on GitHub:
  https://github.com/flutter/flutter/issues/new?template=02_bug.yml

When the exception was thrown, this was the stack:
#2      new DrivenScrollActivity (package:flutter/src/widgets/scroll_activity.dart:705:15)
#3      ScrollPositionWithSingleContext.animateTo (package:flutter/src/widgets/scroll_position_with_single_context.dart:184:22)
#4      PageController.animateToPage (package:flutter/src/widgets/page_view.dart:216:21)
#5      _YearReviewScreenState._moveTo (package:cocenglish/features/progress/presentation/year_review_screen.dart:68:18)
#6      _YearReviewScreenState.build.<anonymous closure> (package:cocenglish/features/progress/presentation/year_review_screen.dart:89:40)
#7      _InkResponseState.handleTap (package:flutter/src/material/ink_well.dart:1224:21)
#8      GestureRecognizer.invokeCallback (package:flutter/src/gestures/recognizer.dart:362:24)
#9      TapGestureRecognizer.handleTapUp (package:flutter/src/gestures/tap.dart:758:11)
#10     BaseTapGestureRecognizer._checkUp (package:flutter/src/gestures/tap.dart:383:5)
#11     BaseTapGestureRecognizer.acceptGesture (package:flutter/src/gestures/tap.dart:353:7)
#12     GestureArenaManager.sweep (package:flutter/src/gestures/arena.dart:173:27)
#13     GestureBinding.handleEvent (package:flutter/src/gestures/binding.dart:542:20)
#14     GestureBinding.dispatchEvent (package:flutter/src/gestures/binding.dart:508:22)
#15     RendererBinding.dispatchEvent (package:flutter/src/rendering/binding.dart:473:11)
#16     GestureBinding._handlePointerEventImmediately (package:flutter/src/gestures/binding.dart:447:7)
#17     GestureBinding.handlePointerEvent (package:flutter/src/gestures/binding.dart:404:5)
#18     TestWidgetsFlutterBinding.handlePointerEventForSource.<anonymous closure> (package:flutter_test/src/binding.dart:1571:42)
#19     TestWidgetsFlutterBinding.withPointerEventSource (package:flutter_test/src/binding.dart:1581:11)
#20     TestWidgetsFlutterBinding.handlePointerEventForSource (package:flutter_test/src/binding.dart:1571:5)
#21     WidgetTester.sendEventToBinding.<anonymous closure> (package:flutter_test/src/widget_tester.dart:869:15)
#24     TestAsyncUtils.guard (package:flutter_test/src/test_async_utils.dart:74:41)
#25     WidgetTester.sendEventToBinding (package:flutter_test/src/widget_tester.dart:868:27)
#26     TestGesture.up.<anonymous closure> (package:flutter_test/src/test_pointer.dart:587:26)
#29     TestAsyncUtils.guard (package:flutter_test/src/test_async_utils.dart:74:41)
#30     TestGesture.up (package:flutter_test/src/test_pointer.dart:580:27)
#31     WidgetController.tapAt.<anonymous closure> (package:flutter_test/src/controller.dart:1155:21)
<asynchronous suspension>
#32     TestAsyncUtils.guard.<anonymous closure> (package:flutter_test/src/test_async_utils.dart:130:27)
<asynchronous suspension>
#33     main.<anonymous closure> (file:///C:/Users/ADMIN/Desktop/CocEnglish/apps/mobile/test/year_review_test.dart:120:7)
<asynchronous suspension>
#34     testWidgets.<anonymous closure>.<anonymous closure> (package:flutter_test/src/widget_tester.dart:192:15)
<asynchronous suspension>
#35     TestWidgetsFlutterBinding._runTestBody (package:flutter_test/src/binding.dart:1953:5)
<asynchronous suspension>
<asynchronous suspension>
(elided 7 frames from class _AssertionError, dart:async, and package:stack_trace)

The test description was:
  320 wide text scale two can reach every action without overflow
════════════════════════════════════════════════════════════════════════════════════════════════════
00:01 +6 -4: C:/Users/ADMIN/Desktop/CocEnglish/apps/mobile/test/league_result_test.dart: 320 wide text scale two scrolls every step without overflow
00:01 +6 -4: C:/Users/ADMIN/Desktop/CocEnglish/apps/mobile/test/year_review_test.dart: 320 wide text scale two can reach every action without overflow [E]
  Test failed. See exception logs above.
  The test description was: 320 wide text scale two can reach every action without overflow

══╡ EXCEPTION CAUGHT BY FLUTTER TEST FRAMEWORK ╞════════════════════════════════════════════════════
The following StateError was thrown running a test (but after the test had completed):
Bad state: No element

When the exception was thrown, this was the stack:
#0      Iterable.single (dart:core/iterable.dart:694:25)
#1      WidgetController.element (package:flutter_test/src/controller.dart:888:30)
#2      WidgetController.ensureVisible (package:flutter_test/src/controller.dart:2389:32)
#3      main.<anonymous closure> (file:///C:/Users/ADMIN/Desktop/CocEnglish/apps/mobile/test/year_review_test.dart:119:20)
<asynchronous suspension>
#4      testWidgets.<anonymous closure>.<anonymous closure> (package:flutter_test/src/widget_tester.dart:192:15)
<asynchronous suspension>
#5      TestWidgetsFlutterBinding._runTestBody (package:flutter_test/src/binding.dart:1953:5)
<asynchronous suspension>
<asynchronous suspension>
(elided one frame from package:stack_trace)
════════════════════════════════════════════════════════════════════════════════════════════════════
  Test failed. See exception logs above.
  The test description was: 320 wide text scale two can reach every action without overflow

00:01 +6 -4: C:/Users/ADMIN/Desktop/CocEnglish/apps/mobile/test/league_result_test.dart: 320 wide text scale two scrolls every step without overflow
══╡ EXCEPTION CAUGHT BY FLUTTER TEST FRAMEWORK ╞════════════════════════════════════════════════════
The following TestFailure was thrown running a test:
Expected: null
  Actual: FlutterError:<A RenderFlex overflowed by 32 pixels on the right.>

When the exception was thrown, this was the stack:
#4      main.<anonymous closure> (file:///C:/Users/ADMIN/Desktop/CocEnglish/apps/mobile/test/league_result_test.dart:245:7)
<asynchronous suspension>
#5      testWidgets.<anonymous closure>.<anonymous closure> (package:flutter_test/src/widget_tester.dart:192:15)
<asynchronous suspension>
#6      TestWidgetsFlutterBinding._runTestBody (package:flutter_test/src/binding.dart:1953:5)
<asynchronous suspension>
<asynchronous suspension>
(elided one frame from package:stack_trace)

This was caught by the test expectation on the following line:
  file:///C:/Users/ADMIN/Desktop/CocEnglish/apps/mobile/test/league_result_test.dart line 245
The test description was:
  320 wide text scale two scrolls every step without overflow
════════════════════════════════════════════════════════════════════════════════════════════════════
00:01 +6 -5: C:/Users/ADMIN/Desktop/CocEnglish/apps/mobile/test/year_review_test.dart: clipboard failure remains on summary and retry reports copied
00:01 +6 -5: C:/Users/ADMIN/Desktop/CocEnglish/apps/mobile/test/league_result_test.dart: 320 wide text scale two scrolls every step without overflow [E]
  Test failed. See exception logs above.
  The test description was: 320 wide text scale two scrolls every step without overflow

00:01 +6 -5: C:/Users/ADMIN/Desktop/CocEnglish/apps/mobile/test/year_review_test.dart: clipboard failure remains on summary and retry reports copied

Warning: A call to tap() with finder "Found 1 widget with a semantics label named "NEXT": [
  Semantics(container: false, properties: SemanticsProperties, label: "NEXT", dependencies: [Directionality], renderObject: RenderSemanticsAnnotations#e297a relayoutBoundary=up1),
]" derived an Offset (Offset(400.0, 605.5)) that would not hit test on the specified widget.
Maybe the widget is actually off-screen, or another widget is obscuring it, or the widget cannot receive pointer events.
Indeed, Offset(400.0, 605.5) is outside the bounds of the root of the render tree, Size(800.0, 600.0).
The finder corresponds to this RenderBox: RenderSemanticsAnnotations#e297a relayoutBoundary=up1
The hit test result at that offset is: HitTestResult(HitTestEntry<HitTestTarget>#3c4d5(_ReusableRenderView#927c4), HitTestEntry<HitTestTarget>#2b53f(<AutomatedTestWidgetsFlutterBinding>))
#0      WidgetController._getElementPoint (package:flutter_test/src/controller.dart:2165:25)
#1      WidgetController.getCenter (package:flutter_test/src/controller.dart:1947:12)
#2      WidgetController.tap (package:flutter_test/src/controller.dart:1080:7)
#3      main.<anonymous closure> (file:///C:/Users/ADMIN/Desktop/CocEnglish/apps/mobile/test/year_review_test.dart:146:20)
<asynchronous suspension>
#4      testWidgets.<anonymous closure>.<anonymous closure> (package:flutter_test/src/widget_tester.dart:192:15)
<asynchronous suspension>
#5      TestWidgetsFlutterBinding._runTestBody (package:flutter_test/src/binding.dart:1953:5)
<asynchronous suspension>
#6      StackZoneSpecification._registerCallback.<anonymous closure> (package:stack_trace/src/stack_zone_specification.dart:114:42)
<asynchronous suspension>
To silence this warning, pass "warnIfMissed: false" to "tap()".
To make this warning fatal, set WidgetController.hitTestWarningShouldBeFatal to true.

══╡ EXCEPTION CAUGHT BY FLUTTER TEST FRAMEWORK ╞════════════════════════════════════════════════════
The following TestFailure was thrown running a test:
Expected: exactly one matching candidate
  Actual: _TextWidgetFinder:<Found 0 widgets with text "Share your progress and keep learning next
year!": []>
   Which: means none were found but one was expected

When the exception was thrown, this was the stack:
#4      main.<anonymous closure> (file:///C:/Users/ADMIN/Desktop/CocEnglish/apps/mobile/test/year_review_test.dart:157:5)
<asynchronous suspension>
#5      testWidgets.<anonymous closure>.<anonymous closure> (package:flutter_test/src/widget_tester.dart:192:15)
<asynchronous suspension>
#6      TestWidgetsFlutterBinding._runTestBody (package:flutter_test/src/binding.dart:1953:5)
<asynchronous suspension>
<asynchronous suspension>
(elided one frame from package:stack_trace)

This was caught by the test expectation on the following line:
  file:///C:/Users/ADMIN/Desktop/CocEnglish/apps/mobile/test/year_review_test.dart line 157
The test description was:
  clipboard failure remains on summary and retry reports copied
════════════════════════════════════════════════════════════════════════════════════════════════════
00:01 +6 -6: C:/Users/ADMIN/Desktop/CocEnglish/apps/mobile/test/year_review_test.dart: clipboard failure remains on summary and retry reports copied [E]
  Test failed. See exception logs above.
  The test description was: clipboard failure remains on summary and retry reports copied

00:01 +6 -6: Some tests failed.

Failing tests:
  C:/Users/ADMIN/Desktop/CocEnglish/apps/mobile/test/league_result_test.dart: 320 wide text scale two scrolls every step without overflow
  C:/Users/ADMIN/Desktop/CocEnglish/apps/mobile/test/league_result_test.dart: Diamond event variant uses authored tier and skips no reward
  C:/Users/ADMIN/Desktop/CocEnglish/apps/mobile/test/league_result_test.dart: authored result promotes to Silver and acknowledges 40 gems
  C:/Users/ADMIN/Desktop/CocEnglish/apps/mobile/test/year_review_test.dart: 320 wide text scale two can reach every action without overflow
  ... and 2 more
