Resolving dependencies...
Downloading packages...
  code_assets 1.2.1 (2.1.0 available)
  cupertino_icons 1.0.9 (2.0.0 available)
  hooks 2.0.2 (2.2.0 available)
  material_color_utilities 0.13.0 (0.13.1 available)
  meta 1.18.3 (1.19.0 available)
  objective_c 9.5.0 (9.6.2 available)
  petitparser 7.0.2 (7.1.0 available)
  qr 3.0.2 (4.0.0 available)
  record_use 0.6.0 (1.1.1 available)
  test_api 0.7.12 (0.7.14 available)
  vector_math 2.4.0 (2.4.3 available)
  window_to_front 0.0.4 (1.0.0 available)
  xml 7.0.1 (7.1.0 available)
Got dependencies!
13 packages have newer versions incompatible with dependency constraints.
Try `flutter pub outdated` for more information.
00:00 +0: loading C:/Users/ADMIN/Desktop/CocEnglish/apps/mobile/test/streak_widgets_test.dart
test/streak_widgets_test.dart:3:8: Error: Error when reading 'lib/features/progress/application/streak_widgets_controller.dart': The system cannot find the file specified
import 'package:cocenglish/features/progress/application/streak_widgets_controller.dart';
       ^
test/streak_widgets_test.dart:4:8: Error: Error when reading 'lib/features/progress/domain/streak_widget.dart': The system cannot find the file specified
import 'package:cocenglish/features/progress/domain/streak_widget.dart';
       ^
test/streak_widgets_test.dart:5:8: Error: Error when reading 'lib/features/progress/presentation/streak_widgets_screen.dart': The system cannot find the file specified
import 'package:cocenglish/features/progress/presentation/streak_widgets_screen.dart';
       ^
test/streak_widgets_test.dart:14:12: Error: Undefined name 'streakWidgetStyles'.
    expect(streakWidgetStyles, hasLength(7));
           ^^^^^^^^^^^^^^^^^^
test/streak_widgets_test.dart:15:18: Error: Undefined name 'streakWidgetStyles'.
    expect(() => streakWidgetStyles.clear(), throwsUnsupportedError);
                 ^^^^^^^^^^^^^^^^^^
test/streak_widgets_test.dart:16:39: Error: Undefined name 'streakWidgetsProvider'.
    final controller = container.read(streakWidgetsProvider.notifier);
                                      ^^^^^^^^^^^^^^^^^^^^^
test/streak_widgets_test.dart:17:23: Error: Undefined name 'StreakWidgetMood'.
    controller.select(StreakWidgetMood.practice);
                      ^^^^^^^^^^^^^^^^
test/streak_widgets_test.dart:18:27: Error: Undefined name 'streakWidgetsProvider'.
    expect(container.read(streakWidgetsProvider), StreakWidgetMood.practice);
                          ^^^^^^^^^^^^^^^^^^^^^
test/streak_widgets_test.dart:18:51: Error: Undefined name 'StreakWidgetMood'.
    expect(container.read(streakWidgetsProvider), StreakWidgetMood.practice);
                                                  ^^^^^^^^^^^^^^^^
test/streak_widgets_test.dart:24:44: Error: Couldn't find constructor 'StreakWidgetsScreen'.
      theme: referenceTheme(), home: const StreakWidgetsScreen(),
                                           ^^^^^^^^^^^^^^^^^^^
test/streak_widgets_test.dart:32:63: Error: Undefined name 'StreakWidgetsScreen'.
    final c = ProviderScope.containerOf(t.element(find.byType(StreakWidgetsScreen)));
                                                              ^^^^^^^^^^^^^^^^^^^
test/streak_widgets_test.dart:44:19: Error: Undefined name 'streakWidgetsProvider'.
    expect(c.read(streakWidgetsProvider), StreakWidgetMood.practice);
                  ^^^^^^^^^^^^^^^^^^^^^
test/streak_widgets_test.dart:44:43: Error: Undefined name 'StreakWidgetMood'.
    expect(c.read(streakWidgetsProvider), StreakWidgetMood.practice);
                                          ^^^^^^^^^^^^^^^^
test/streak_widgets_test.dart:59:18: Error: Couldn't find constructor 'StreakWidgetsScreen'.
      home:const StreakWidgetsScreen(),
                 ^^^^^^^^^^^^^^^^^^^
00:00 +0 -1: loading C:/Users/ADMIN/Desktop/CocEnglish/apps/mobile/test/streak_widgets_test.dart [E]
  Failed to load "C:/Users/ADMIN/Desktop/CocEnglish/apps/mobile/test/streak_widgets_test.dart":
  Compilation failed for testPath=C:/Users/ADMIN/Desktop/CocEnglish/apps/mobile/test/streak_widgets_test.dart: test/streak_widgets_test.dart:3:8: Error: Error when reading 'lib/features/progress/application/streak_widgets_controller.dart': The system cannot find the file specified
  import 'package:cocenglish/features/progress/application/streak_widgets_controller.dart';
         ^
  test/streak_widgets_test.dart:4:8: Error: Error when reading 'lib/features/progress/domain/streak_widget.dart': The system cannot find the file specified
  import 'package:cocenglish/features/progress/domain/streak_widget.dart';
         ^
  test/streak_widgets_test.dart:5:8: Error: Error when reading 'lib/features/progress/presentation/streak_widgets_screen.dart': The system cannot find the file specified
  import 'package:cocenglish/features/progress/presentation/streak_widgets_screen.dart';
         ^
  test/streak_widgets_test.dart:14:12: Error: Undefined name 'streakWidgetStyles'.
      expect(streakWidgetStyles, hasLength(7));
             ^^^^^^^^^^^^^^^^^^
  test/streak_widgets_test.dart:15:18: Error: Undefined name 'streakWidgetStyles'.
      expect(() => streakWidgetStyles.clear(), throwsUnsupportedError);
                   ^^^^^^^^^^^^^^^^^^
  test/streak_widgets_test.dart:16:39: Error: Undefined name 'streakWidgetsProvider'.
      final controller = container.read(streakWidgetsProvider.notifier);
                                        ^^^^^^^^^^^^^^^^^^^^^
  test/streak_widgets_test.dart:17:23: Error: Undefined name 'StreakWidgetMood'.
      controller.select(StreakWidgetMood.practice);
                        ^^^^^^^^^^^^^^^^
  test/streak_widgets_test.dart:18:27: Error: Undefined name 'streakWidgetsProvider'.
      expect(container.read(streakWidgetsProvider), StreakWidgetMood.practice);
                            ^^^^^^^^^^^^^^^^^^^^^
  test/streak_widgets_test.dart:18:51: Error: Undefined name 'StreakWidgetMood'.
      expect(container.read(streakWidgetsProvider), StreakWidgetMood.practice);
                                                    ^^^^^^^^^^^^^^^^
  test/streak_widgets_test.dart:24:44: Error: Couldn't find constructor 'StreakWidgetsScreen'.
        theme: referenceTheme(), home: const StreakWidgetsScreen(),
                                             ^^^^^^^^^^^^^^^^^^^
  test/streak_widgets_test.dart:32:63: Error: Undefined name 'StreakWidgetsScreen'.
      final c = ProviderScope.containerOf(t.element(find.byType(StreakWidgetsScreen)));
                                                                ^^^^^^^^^^^^^^^^^^^
  test/streak_widgets_test.dart:44:19: Error: Undefined name 'streakWidgetsProvider'.
      expect(c.read(streakWidgetsProvider), StreakWidgetMood.practice);
                    ^^^^^^^^^^^^^^^^^^^^^
  test/streak_widgets_test.dart:44:43: Error: Undefined name 'StreakWidgetMood'.
      expect(c.read(streakWidgetsProvider), StreakWidgetMood.practice);
                                            ^^^^^^^^^^^^^^^^
  test/streak_widgets_test.dart:59:18: Error: Couldn't find constructor 'StreakWidgetsScreen'.
        home:const StreakWidgetsScreen(),
                   ^^^^^^^^^^^^^^^^^^^
  .
00:00 +0 -1: Some tests failed.

Failing tests:
  C:/Users/ADMIN/Desktop/CocEnglish/apps/mobile/test/streak_widgets_test.dart: loading C:/Users/ADMIN/Desktop/CocEnglish/apps/mobile/test/streak_widgets_test.dart
