Resolving dependencies...
Downloading packages...
  code_assets 1.2.1 (2.1.0 available)
  cupertino_icons 1.0.9 (2.0.0 available)
  hooks 2.0.2 (2.2.0 available)
  material_color_utilities 0.13.0 (0.13.1 available)
  meta 1.18.3 (1.19.0 available)
  objective_c 9.5.0 (9.6.2 available)
  petitparser 7.0.2 (7.1.0 available)
  qr 3.0.2 (4.0.0 available)
  record_use 0.6.0 (1.1.1 available)
  test_api 0.7.12 (0.7.14 available)
  vector_math 2.4.0 (2.4.3 available)
  window_to_front 0.0.4 (1.0.0 available)
  xml 7.0.1 (7.1.0 available)
Got dependencies!
13 packages have newer versions incompatible with dependency constraints.
Try `flutter pub outdated` for more information.
00:00 +0: loading C:/Users/ADMIN/Desktop/CocEnglish/apps/mobile/test/year_review_test.dart
test/year_review_test.dart:65:27: Error: Cannot invoke a non-'const' constructor where a const expression is expected.
Try using a constructor or factory that is 'const'.
              throw const PlatformException(code: 'clipboard-unavailable');
                          ^^^^^^^^^^^^^^^^^
test/year_review_test.dart:297:27: Error: Cannot invoke a non-'const' constructor where a const expression is expected.
Try using a constructor or factory that is 'const'.
              throw const PlatformException(code: 'clipboard-unavailable');
                          ^^^^^^^^^^^^^^^^^
00:00 +0 -1: loading C:/Users/ADMIN/Desktop/CocEnglish/apps/mobile/test/year_review_test.dart [E]
  Failed to load "C:/Users/ADMIN/Desktop/CocEnglish/apps/mobile/test/year_review_test.dart":
  Compilation failed for testPath=C:/Users/ADMIN/Desktop/CocEnglish/apps/mobile/test/year_review_test.dart: test/year_review_test.dart:65:27: Error: Cannot invoke a non-'const' constructor where a const expression is expected.
  Try using a constructor or factory that is 'const'.
                throw const PlatformException(code: 'clipboard-unavailable');
                            ^^^^^^^^^^^^^^^^^
  test/year_review_test.dart:297:27: Error: Cannot invoke a non-'const' constructor where a const expression is expected.
  Try using a constructor or factory that is 'const'.
                throw const PlatformException(code: 'clipboard-unavailable');
                            ^^^^^^^^^^^^^^^^^
  .
00:00 +0 -1: Some tests failed.

Failing tests:
  C:/Users/ADMIN/Desktop/CocEnglish/apps/mobile/test/year_review_test.dart: loading C:/Users/ADMIN/Desktop/CocEnglish/apps/mobile/test/year_review_test.dart
