Resolving dependencies...
Downloading packages...
  code_assets 1.2.1 (2.1.0 available)
  cupertino_icons 1.0.9 (2.0.0 available)
  hooks 2.0.2 (2.2.0 available)
  material_color_utilities 0.13.0 (0.13.1 available)
  meta 1.18.3 (1.19.0 available)
  objective_c 9.5.0 (9.6.2 available)
  petitparser 7.0.2 (7.1.0 available)
  qr 3.0.2 (4.0.0 available)
  record_use 0.6.0 (1.1.1 available)
  test_api 0.7.12 (0.7.14 available)
  vector_math 2.4.0 (2.4.3 available)
  window_to_front 0.0.4 (1.0.0 available)
  xml 7.0.1 (7.1.0 available)
Got dependencies!
13 packages have newer versions incompatible with dependency constraints.
Try `flutter pub outdated` for more information.
00:00 +0: loading C:/Users/ADMIN/Desktop/CocEnglish/apps/mobile/test/league_result_test.dart
00:00 +0: C:/Users/ADMIN/Desktop/CocEnglish/apps/mobile/test/streak_widgets_test.dart: widget choices are immutable and invalid choices preserve selection
00:00 +1: C:/Users/ADMIN/Desktop/CocEnglish/apps/mobile/test/streak_widgets_test.dart: widget choices are immutable and invalid choices preserve selection
00:00 +2: C:/Users/ADMIN/Desktop/CocEnglish/apps/mobile/test/league_result_test.dart: settlement advances once through authored eligible stages
00:00 +3: C:/Users/ADMIN/Desktop/CocEnglish/apps/mobile/test/league_result_test.dart: settlement advances once through authored eligible stages
00:00 +4: C:/Users/ADMIN/Desktop/CocEnglish/apps/mobile/test/streak_widgets_test.dart: gallery keeps selected portrait, count, and platform instructions
00:00 +5: C:/Users/ADMIN/Desktop/CocEnglish/apps/mobile/test/streak_widgets_test.dart: gallery keeps selected portrait, count, and platform instructions
00:00 +6: C:/Users/ADMIN/Desktop/CocEnglish/apps/mobile/test/streak_widgets_test.dart: gallery keeps selected portrait, count, and platform instructions
00:00 +7: C:/Users/ADMIN/Desktop/CocEnglish/apps/mobile/test/streak_widgets_test.dart: gallery keeps selected portrait, count, and platform instructions
00:00 +8: C:/Users/ADMIN/Desktop/CocEnglish/apps/mobile/test/streak_widgets_test.dart: gallery keeps selected portrait, count, and platform instructions
00:00 +9: C:/Users/ADMIN/Desktop/CocEnglish/apps/mobile/test/streak_widgets_test.dart: gallery keeps selected portrait, count, and platform instructions
00:00 +10: C:/Users/ADMIN/Desktop/CocEnglish/apps/mobile/test/streak_widgets_test.dart: gallery keeps selected portrait, count, and platform instructions
00:00 +11: C:/Users/ADMIN/Desktop/CocEnglish/apps/mobile/test/streak_widgets_test.dart: gallery keeps selected portrait, count, and platform instructions
00:00 +12: C:/Users/ADMIN/Desktop/CocEnglish/apps/mobile/test/streak_widgets_test.dart: gallery keeps selected portrait, count, and platform instructions
00:00 +13: C:/Users/ADMIN/Desktop/CocEnglish/apps/mobile/test/streak_widgets_test.dart: gallery keeps selected portrait, count, and platform instructions
00:00 +14: C:/Users/ADMIN/Desktop/CocEnglish/apps/mobile/test/streak_widgets_test.dart: gallery keeps selected portrait, count, and platform instructions
00:00 +15: C:/Users/ADMIN/Desktop/CocEnglish/apps/mobile/test/streak_widgets_test.dart: gallery keeps selected portrait, count, and platform instructions
00:00 +16: C:/Users/ADMIN/Desktop/CocEnglish/apps/mobile/test/streak_widgets_test.dart: gallery keeps selected portrait, count, and platform instructions
00:01 +17: C:/Users/ADMIN/Desktop/CocEnglish/apps/mobile/test/streak_widgets_test.dart: gallery keeps selected portrait, count, and platform instructions

Warning: A call to tap() with finder "Found 1 widget with a semantics label named "Please practice!": [
  Semantics(container: false, properties: SemanticsProperties, selected: false, label: "Please practice!", dependencies: [Directionality], renderObject: RenderSemanticsAnnotations#104fb relayoutBoundary=up6),
]" derived an Offset (Offset(145.8, 658.5)) that would not hit test on the specified widget.
Maybe the widget is actually off-screen, or another widget is obscuring it, or the widget cannot receive pointer events.
Indeed, Offset(145.8, 658.5) is outside the bounds of the root of the render tree, Size(800.0, 600.0).
The finder corresponds to this RenderBox: RenderSemanticsAnnotations#104fb relayoutBoundary=up6
The hit test result at that offset is: HitTestResult(HitTestEntry<HitTestTarget>#b5135(_ReusableRenderView#bb1e3), HitTestEntry<HitTestTarget>#b1ba9(<AutomatedTestWidgetsFlutterBinding>))
#0      WidgetController._getElementPoint (package:flutter_test/src/controller.dart:2165:25)
#1      WidgetController.getCenter (package:flutter_test/src/controller.dart:1947:12)
#2      WidgetController.tap (package:flutter_test/src/controller.dart:1080:7)
#3      main.<anonymous closure> (file:///C:/Users/ADMIN/Desktop/CocEnglish/apps/mobile/test/streak_widgets_test.dart:38:15)
<asynchronous suspension>
#4      testWidgets.<anonymous closure>.<anonymous closure> (package:flutter_test/src/widget_tester.dart:192:15)
<asynchronous suspension>
#5      TestWidgetsFlutterBinding._runTestBody (package:flutter_test/src/binding.dart:1953:5)
<asynchronous suspension>
#6      StackZoneSpecification._registerCallback.<anonymous closure> (package:stack_trace/src/stack_zone_specification.dart:114:42)
<asynchronous suspension>
To silence this warning, pass "warnIfMissed: false" to "tap()".
To make this warning fatal, set WidgetController.hitTestWarningShouldBeFatal to true.

══╡ EXCEPTION CAUGHT BY FLUTTER TEST FRAMEWORK ╞════════════════════════════════════════════════════
The following TestFailure was thrown running a test:
Expected: exactly one matching candidate
  Actual: _KeyWidgetFinder:<Found 0 widgets with key [<'widget-medium-practice'>]: []>
   Which: means none were found but one was expected

When the exception was thrown, this was the stack:
#4      main.<anonymous closure> (file:///C:/Users/ADMIN/Desktop/CocEnglish/apps/mobile/test/streak_widgets_test.dart:40:7)
<asynchronous suspension>
#5      testWidgets.<anonymous closure>.<anonymous closure> (package:flutter_test/src/widget_tester.dart:192:15)
<asynchronous suspension>
#6      TestWidgetsFlutterBinding._runTestBody (package:flutter_test/src/binding.dart:1953:5)
<asynchronous suspension>
<asynchronous suspension>
(elided one frame from package:stack_trace)

This was caught by the test expectation on the following line:
  file:///C:/Users/ADMIN/Desktop/CocEnglish/apps/mobile/test/streak_widgets_test.dart line 40
The test description was:
  gallery keeps selected portrait, count, and platform instructions
════════════════════════════════════════════════════════════════════════════════════════════════════
00:01 +17 -1: C:/Users/ADMIN/Desktop/CocEnglish/apps/mobile/test/year_review_test.dart: seven native pages keep English copy and expose tap navigation
00:01 +17 -1: C:/Users/ADMIN/Desktop/CocEnglish/apps/mobile/test/streak_widgets_test.dart: gallery keeps selected portrait, count, and platform instructions [E]
  Test failed. See exception logs above.
  The test description was: gallery keeps selected portrait, count, and platform instructions

00:01 +18 -1: C:/Users/ADMIN/Desktop/CocEnglish/apps/mobile/test/year_review_test.dart: seven native pages keep English copy and expose tap navigation
00:01 +19 -1: C:/Users/ADMIN/Desktop/CocEnglish/apps/mobile/test/session_finish_routing_test.dart: settings opens all new histories and preserves learner progress
00:01 +20 -1: C:/Users/ADMIN/Desktop/CocEnglish/apps/mobile/test/session_finish_routing_test.dart: settings opens all new histories and preserves learner progress
00:01 +21 -1: C:/Users/ADMIN/Desktop/CocEnglish/apps/mobile/test/session_finish_routing_test.dart: settings opens all new histories and preserves learner progress
00:01 +22 -1: C:/Users/ADMIN/Desktop/CocEnglish/apps/mobile/test/session_finish_routing_test.dart: settings opens all new histories and preserves learner progress
00:01 +23 -1: C:/Users/ADMIN/Desktop/CocEnglish/apps/mobile/test/session_finish_routing_test.dart: settings opens all new histories and preserves learner progress
00:01 +24 -1: C:/Users/ADMIN/Desktop/CocEnglish/apps/mobile/test/session_finish_routing_test.dart: settings opens all new histories and preserves learner progress
00:01 +25 -1: C:/Users/ADMIN/Desktop/CocEnglish/apps/mobile/test/session_finish_routing_test.dart: settings opens all new histories and preserves learner progress
00:01 +26 -1: C:/Users/ADMIN/Desktop/CocEnglish/apps/mobile/test/session_finish_routing_test.dart: settings opens all new histories and preserves learner progress
00:02 +27 -1: Some tests failed.

Failing tests:
  C:/Users/ADMIN/Desktop/CocEnglish/apps/mobile/test/streak_widgets_test.dart: gallery keeps selected portrait, count, and platform instructions
