Resolving dependencies...
Downloading packages...
  code_assets 1.2.1 (2.1.0 available)
  cupertino_icons 1.0.9 (2.0.0 available)
  hooks 2.0.2 (2.2.0 available)
  material_color_utilities 0.13.0 (0.13.1 available)
  meta 1.18.3 (1.19.0 available)
  objective_c 9.5.0 (9.6.2 available)
  petitparser 7.0.2 (7.1.0 available)
  qr 3.0.2 (4.0.0 available)
  record_use 0.6.0 (1.1.1 available)
  test_api 0.7.12 (0.7.14 available)
  vector_math 2.4.0 (2.4.3 available)
  window_to_front 0.0.4 (1.0.0 available)
  xml 7.0.1 (7.1.0 available)
Got dependencies!
13 packages have newer versions incompatible with dependency constraints.
Try `flutter pub outdated` for more information.
00:00 +0: loading C:/Users/ADMIN/Desktop/CocEnglish/apps/mobile/test/year_review_test.dart
00:00 +0: C:/Users/ADMIN/Desktop/CocEnglish/apps/mobile/test/year_review_test.dart: historical fixture is English-only and remains dated 2025
00:00 +1: C:/Users/ADMIN/Desktop/CocEnglish/apps/mobile/test/year_review_test.dart: controller navigation is bounded and restart returns to intro
00:00 +2: C:/Users/ADMIN/Desktop/CocEnglish/apps/mobile/test/year_review_test.dart: share copies one historical English summary and supports retry
00:00 +3: C:/Users/ADMIN/Desktop/CocEnglish/apps/mobile/test/year_review_test.dart: programmer errors from the clipboard writer are not hidden
00:00 +4: C:/Users/ADMIN/Desktop/CocEnglish/apps/mobile/test/year_review_test.dart: disposing the route scope ignores a pending clipboard completion
00:00 +5: C:/Users/ADMIN/Desktop/CocEnglish/apps/mobile/test/year_review_test.dart: restart invalidates stale share completion and permits retry
00:00 +6: C:/Users/ADMIN/Desktop/CocEnglish/apps/mobile/test/year_review_test.dart: auto-dispose starts a later journey from the intro
00:00 +7: C:/Users/ADMIN/Desktop/CocEnglish/apps/mobile/test/year_review_test.dart: seven native pages keep English copy and expose tap navigation
00:00 +8: C:/Users/ADMIN/Desktop/CocEnglish/apps/mobile/test/year_review_test.dart: seven native pages keep English copy and expose tap navigation
00:01 +9: C:/Users/ADMIN/Desktop/CocEnglish/apps/mobile/test/streak_widgets_test.dart: gallery keeps selected portrait, count, and platform instructions
00:01 +10: C:/Users/ADMIN/Desktop/CocEnglish/apps/mobile/test/streak_widgets_test.dart: gallery keeps selected portrait, count, and platform instructions
00:01 +11: C:/Users/ADMIN/Desktop/CocEnglish/apps/mobile/test/streak_widgets_test.dart: gallery keeps selected portrait, count, and platform instructions
00:01 +12: C:/Users/ADMIN/Desktop/CocEnglish/apps/mobile/test/streak_widgets_test.dart: gallery keeps selected portrait, count, and platform instructions
00:01 +13: C:/Users/ADMIN/Desktop/CocEnglish/apps/mobile/test/streak_widgets_test.dart: gallery keeps selected portrait, count, and platform instructions
══╡ EXCEPTION CAUGHT BY RENDERING LIBRARY ╞═════════════════════════════════════════════════════════
The following assertion was thrown during layout:
A RenderFlex overflowed by 14 pixels on the bottom.

The overflowing RenderFlex has an orientation of Axis.vertical.
The edge of the RenderFlex that is overflowing has been marked in the rendering with a yellow and
black striped pattern. This is usually caused by the contents being too big for the RenderFlex.
Consider applying a flex factor (e.g. using an Expanded widget) to force the children of the
RenderFlex to fit within the available space instead of being sized to their natural size.
This is considered an error condition because it indicates that there is content that cannot be
seen. If the content is legitimately bigger than the available space, consider clipping it with a
ClipRect widget before putting it in the flex, or using a scrollable container rather than a Flex,
like a ListView.
The specific RenderFlex in question is: RenderFlex#719ca DISPOSED OVERFLOWING:
  creator: MultiChildRenderObjectElement#93277(DEFUNCT) ←
    SingleChildRenderObjectElement#9d4de(DEFUNCT) ← SingleChildRenderObjectElement#37bef(DEFUNCT) ←
    MultiChildRenderObjectElement#7c74b(DEFUNCT) ← SingleChildRenderObjectElement#5b841(DEFUNCT) ←
    _LayoutBuilderElement<BoxConstraints>#ae409(DEFUNCT) ←
    SingleChildRenderObjectElement#72b37(DEFUNCT) ← SingleChildRenderObjectElement#bdb92(DEFUNCT) ←
    StatelessElement#d57a6(DEFUNCT)
  parentData: <none> (can use size)
  constraints: BoxConstraints(0.0<=w<=126.0, 0.0<=h<=126.0)
  size: Size(126.0, 126.0)
  direction: vertical
  mainAxisAlignment: start
  mainAxisSize: max
  crossAxisAlignment: start
  textDirection: ltr
  verticalDirection: down
  spacing: 0.0
◢◤◢◤◢◤◢◤◢◤◢◤◢◤◢◤◢◤◢◤◢◤◢◤◢◤◢◤◢◤◢◤◢◤◢◤◢◤◢◤◢◤◢◤◢◤◢◤◢◤◢◤◢◤◢◤◢◤◢◤◢◤◢◤◢◤◢◤◢◤◢◤◢◤◢◤◢◤◢◤◢◤◢◤◢◤◢◤◢◤◢◤◢◤◢◤◢◤◢◤
════════════════════════════════════════════════════════════════════════════════════════════════════
══╡ EXCEPTION CAUGHT BY FLUTTER TEST FRAMEWORK ╞════════════════════════════════════════════════════
The following StateError was thrown running a test:
Bad state: No element

When the exception was thrown, this was the stack:
#0      Iterable.single (dart:core/iterable.dart:694:25)
#1      WidgetController.element (package:flutter_test/src/controller.dart:888:30)
#2      WidgetController.ensureVisible (package:flutter_test/src/controller.dart:2389:32)
#3      main.<anonymous closure> (file:///C:/Users/ADMIN/Desktop/CocEnglish/apps/mobile/test/streak_widgets_test.dart:52:15)
<asynchronous suspension>
#4      testWidgets.<anonymous closure>.<anonymous closure> (package:flutter_test/src/widget_tester.dart:192:15)
<asynchronous suspension>
#5      TestWidgetsFlutterBinding._runTestBody (package:flutter_test/src/binding.dart:1953:5)
<asynchronous suspension>
<asynchronous suspension>
(elided one frame from package:stack_trace)

The test description was:
  gallery keeps selected portrait, count, and platform instructions
════════════════════════════════════════════════════════════════════════════════════════════════════
══╡ EXCEPTION CAUGHT BY FLUTTER TEST FRAMEWORK ╞════════════════════════════════════════════════════
The following message was thrown:
Multiple exceptions (2) were detected during the running of the current test, and at least one was
unexpected.
════════════════════════════════════════════════════════════════════════════════════════════════════
00:01 +13 -1: C:/Users/ADMIN/Desktop/CocEnglish/apps/mobile/test/session_finish_routing_test.dart: settings opens all new histories and preserves learner progress
00:01 +13 -1: C:/Users/ADMIN/Desktop/CocEnglish/apps/mobile/test/streak_widgets_test.dart: gallery keeps selected portrait, count, and platform instructions [E]
  Test failed. See exception logs above.
  The test description was: gallery keeps selected portrait, count, and platform instructions

══╡ EXCEPTION CAUGHT BY WIDGET INSPECTOR ╞══════════════════════════════════════════════════════════
The following assertion was thrown:
Looking up a deactivated widget's ancestor is unsafe.
At this point the state of the widget's element tree is no longer stable.
To safely refer to a widget's ancestor in its dispose() method, save a reference to the ancestor by
calling dependOnInheritedWidgetOfExactType() in the widget's didChangeDependencies() method.

When the exception was thrown, this was the stack:
#0      Element._debugCheckStateIsActiveForAncestorLookup.<anonymous closure> (package:flutter/src/widgets/framework.dart:5062:9)
#1      Element._debugCheckStateIsActiveForAncestorLookup (package:flutter/src/widgets/framework.dart:5076:6)
#2      Element.visitAncestorElements (package:flutter/src/widgets/framework.dart:5187:12)
#3      _describeRelevantUserCode (package:flutter/src/widgets/widget_inspector.dart:4342:13)
#4      _parseDiagnosticsNode (package:flutter/src/widgets/widget_inspector.dart:4261:12)
#5      debugTransformDebugCreator (package:flutter/src/widgets/widget_inspector.dart:4240:21)
#6      _FlutterErrorDetailsNode.builder (package:flutter/src/foundation/assertions.dart:1300:31)
#7      DiagnosticableNode.emptyBodyDescription (package:flutter/src/foundation/diagnostics.dart:2939:45)
#8      TextTreeRenderer._debugRender (package:flutter/src/foundation/diagnostics.dart:1307:14)
#9      TextTreeRenderer.render (package:flutter/src/foundation/diagnostics.dart:1137:14)
#10     FlutterError.dumpErrorToConsole (package:flutter/src/foundation/assertions.dart:1030:13)
#11     TestWidgetsFlutterBinding._runTest.<anonymous closure> (package:flutter_test/src/binding.dart:1780:24)
#12     FlutterError.reportError (package:flutter/src/foundation/assertions.dart:1193:14)
#13     TestWidgetsFlutterBinding._runTest.handleUncaughtError (package:flutter_test/src/binding.dart:1879:20)
#14     TestWidgetsFlutterBinding._runTest.<anonymous closure> (package:flutter_test/src/binding.dart:1921:13)
<asynchronous suspension>
(elided 5 frames from dart:async)

This exception was caught while trying to describe the user-relevant code of another error.
════════════════════════════════════════════════════════════════════════════════════════════════════
00:01 +13 -1: C:/Users/ADMIN/Desktop/CocEnglish/apps/mobile/test/streak_widgets_test.dart: 320 text2 gallery and instructions scroll without shrinking text
══╡ EXCEPTION CAUGHT BY FLUTTER TEST FRAMEWORK ╞════════════════════════════════════════════════════
The following StateError was thrown running a test:
Bad state: No element

When the exception was thrown, this was the stack:
#0      Iterable.single (dart:core/iterable.dart:694:25)
#1      WidgetController.element (package:flutter_test/src/controller.dart:888:30)
#2      WidgetController.ensureVisible (package:flutter_test/src/controller.dart:2389:32)
#3      main.<anonymous closure> (file:///C:/Users/ADMIN/Desktop/CocEnglish/apps/mobile/test/streak_widgets_test.dart:91:15)
<asynchronous suspension>
#4      testWidgets.<anonymous closure>.<anonymous closure> (package:flutter_test/src/widget_tester.dart:192:15)
<asynchronous suspension>
#5      TestWidgetsFlutterBinding._runTestBody (package:flutter_test/src/binding.dart:1953:5)
<asynchronous suspension>
<asynchronous suspension>
(elided one frame from package:stack_trace)

The test description was:
  320 text2 gallery and instructions scroll without shrinking text
════════════════════════════════════════════════════════════════════════════════════════════════════
00:01 +13 -2: C:/Users/ADMIN/Desktop/CocEnglish/apps/mobile/test/session_finish_routing_test.dart: settings opens all new histories and preserves learner progress
00:01 +13 -2: C:/Users/ADMIN/Desktop/CocEnglish/apps/mobile/test/streak_widgets_test.dart: 320 text2 gallery and instructions scroll without shrinking text [E]
  Test failed. See exception logs above.
  The test description was: 320 text2 gallery and instructions scroll without shrinking text

00:01 +14 -2: C:/Users/ADMIN/Desktop/CocEnglish/apps/mobile/test/session_finish_routing_test.dart: settings opens all new histories and preserves learner progress
══╡ EXCEPTION CAUGHT BY FLUTTER TEST FRAMEWORK ╞════════════════════════════════════════════════════
The following TestFailure was thrown running a test:
Expected: null
  Actual: FlutterError:<A RenderFlex overflowed by 14 pixels on the bottom.>

When the exception was thrown, this was the stack:
#4      main.<anonymous closure> (file:///C:/Users/ADMIN/Desktop/CocEnglish/apps/mobile/test/session_finish_routing_test.dart:58:7)
<asynchronous suspension>
#5      testWidgets.<anonymous closure>.<anonymous closure> (package:flutter_test/src/widget_tester.dart:192:15)
<asynchronous suspension>
#6      TestWidgetsFlutterBinding._runTestBody (package:flutter_test/src/binding.dart:1953:5)
<asynchronous suspension>
<asynchronous suspension>
(elided one frame from package:stack_trace)

This was caught by the test expectation on the following line:
  file:///C:/Users/ADMIN/Desktop/CocEnglish/apps/mobile/test/session_finish_routing_test.dart line 58
The test description was:
  settings opens all new histories and preserves learner progress
════════════════════════════════════════════════════════════════════════════════════════════════════
00:02 +14 -3: C:/Users/ADMIN/Desktop/CocEnglish/apps/mobile/test/session_finish_routing_test.dart: settings opens all new histories and preserves learner progress [E]
  Test failed. See exception logs above.
  The test description was: settings opens all new histories and preserves learner progress

00:02 +14 -3: Some tests failed.

Failing tests:
  C:/Users/ADMIN/Desktop/CocEnglish/apps/mobile/test/session_finish_routing_test.dart: settings opens all new histories and preserves learner progress
  C:/Users/ADMIN/Desktop/CocEnglish/apps/mobile/test/streak_widgets_test.dart: 320 text2 gallery and instructions scroll without shrinking text
  C:/Users/ADMIN/Desktop/CocEnglish/apps/mobile/test/streak_widgets_test.dart: gallery keeps selected portrait, count, and platform instructions
