Resolving dependencies...
Downloading packages...
  code_assets 1.2.1 (2.1.0 available)
  cupertino_icons 1.0.9 (2.0.0 available)
  hooks 2.0.2 (2.2.0 available)
  material_color_utilities 0.13.0 (0.13.1 available)
  meta 1.18.3 (1.19.0 available)
  objective_c 9.5.0 (9.6.2 available)
  petitparser 7.0.2 (7.1.0 available)
  qr 3.0.2 (4.0.0 available)
  record_use 0.6.0 (1.1.1 available)
  test_api 0.7.12 (0.7.14 available)
  vector_math 2.4.0 (2.4.3 available)
  window_to_front 0.0.4 (1.0.0 available)
  xml 7.0.1 (7.1.0 available)
Got dependencies!
13 packages have newer versions incompatible with dependency constraints.
Try `flutter pub outdated` for more information.
00:00 +0: loading C:/Users/ADMIN/Desktop/CocEnglish/apps/mobile/test/streak_widgets_test.dart
lib/features/progress/presentation/year_review_screen.dart:162:11: Error: No named parameter with the name 'fullBleed'.
          fullBleed: true,
          ^^^^^^^^^
lib/features/progress/presentation/year_review_screen.dart:502:9: Context: Found this candidate, but the arguments don't match.
  const _ReviewArt(this.region, {required this.aspectRatio});
        ^^^^^^^^^^
lib/features/progress/presentation/year_review_screen.dart:197:11: Error: No named parameter with the name 'fullBleed'.
          fullBleed: true,
          ^^^^^^^^^
lib/features/progress/presentation/year_review_screen.dart:502:9: Context: Found this candidate, but the arguments don't match.
  const _ReviewArt(this.region, {required this.aspectRatio});
        ^^^^^^^^^^
lib/features/progress/presentation/year_review_screen.dart:334:11: Error: No named parameter with the name 'fullBleed'.
          fullBleed: true,
          ^^^^^^^^^
lib/features/progress/presentation/year_review_screen.dart:502:9: Context: Found this candidate, but the arguments don't match.
  const _ReviewArt(this.region, {required this.aspectRatio});
        ^^^^^^^^^^
lib/features/progress/presentation/year_review_screen.dart:358:11: Error: No named parameter with the name 'fullBleed'.
          fullBleed: true,
          ^^^^^^^^^
lib/features/progress/presentation/year_review_screen.dart:502:9: Context: Found this candidate, but the arguments don't match.
  const _ReviewArt(this.region, {required this.aspectRatio});
        ^^^^^^^^^^
00:00 +0 -1: loading C:/Users/ADMIN/Desktop/CocEnglish/apps/mobile/test/session_finish_routing_test.dart [E]
  Failed to load "C:/Users/ADMIN/Desktop/CocEnglish/apps/mobile/test/session_finish_routing_test.dart":
  Compilation failed for testPath=C:/Users/ADMIN/Desktop/CocEnglish/apps/mobile/test/session_finish_routing_test.dart: lib/features/progress/presentation/year_review_screen.dart:162:11: Error: No named parameter with the name 'fullBleed'.
            fullBleed: true,
            ^^^^^^^^^
  lib/features/progress/presentation/year_review_screen.dart:502:9: Context: Found this candidate, but the arguments don't match.
    const _ReviewArt(this.region, {required this.aspectRatio});
          ^^^^^^^^^^
  lib/features/progress/presentation/year_review_screen.dart:197:11: Error: No named parameter with the name 'fullBleed'.
            fullBleed: true,
            ^^^^^^^^^
  lib/features/progress/presentation/year_review_screen.dart:502:9: Context: Found this candidate, but the arguments don't match.
    const _ReviewArt(this.region, {required this.aspectRatio});
          ^^^^^^^^^^
  lib/features/progress/presentation/year_review_screen.dart:334:11: Error: No named parameter with the name 'fullBleed'.
            fullBleed: true,
            ^^^^^^^^^
  lib/features/progress/presentation/year_review_screen.dart:502:9: Context: Found this candidate, but the arguments don't match.
    const _ReviewArt(this.region, {required this.aspectRatio});
          ^^^^^^^^^^
  lib/features/progress/presentation/year_review_screen.dart:358:11: Error: No named parameter with the name 'fullBleed'.
            fullBleed: true,
            ^^^^^^^^^
  lib/features/progress/presentation/year_review_screen.dart:502:9: Context: Found this candidate, but the arguments don't match.
    const _ReviewArt(this.region, {required this.aspectRatio});
          ^^^^^^^^^^
  .
00:00 +0 -2: loading C:/Users/ADMIN/Desktop/CocEnglish/apps/mobile/test/streak_widgets_test.dart [E]
  Error: The Dart compiler exited unexpectedly.
  package:flutter_tools/src/base/common.dart 34:3  throwToolExit
  package:flutter_tools/src/compile.dart 1021:11   DefaultResidentCompiler._compile.<fn>
  dart:async/zone_root.dart 48:47                  _rootRunUnary
  dart:async/zone.dart 816:35                      _CustomZone.runUnary
  dart:async/future_impl.dart 948:45               Future._propagateToListeners.handleValueCallback
  dart:async/future_impl.dart 977:13               Future._propagateToListeners
  dart:async/future_impl.dart 862:9                Future._propagateToListeners
  dart:async/future_impl.dart 720:5                Future._completeWithValue
  dart:async/future_impl.dart 804:7                Future._asyncCompleteWithValue.<fn>
  dart:async/zone_root.dart 35:13                  _rootRun
  dart:async/zone.dart 810:35                      _CustomZone.run
  dart:async/zone.dart 702:7                       _CustomZone.runGuarded
  dart:async/zone.dart 743:23                      _CustomZone.bindCallbackGuarded.<fn>
  dart:async/schedule_microtask.dart 40:35         _microtaskLoop
  dart:async/schedule_microtask.dart 49:5          _startMicrotaskLoop
  dart:isolate-patch/isolate_patch.dart 127:13     _runPendingImmediateCallback
  dart:isolate-patch/isolate_patch.dart 193:5      _RawReceivePort._handleMessage

00:00 +0 -2: C:/Users/ADMIN/Desktop/CocEnglish/apps/mobile/test/streak_widgets_test.dart: widget choices are immutable and invalid choices preserve selection
00:00 +1 -2: C:/Users/ADMIN/Desktop/CocEnglish/apps/mobile/test/streak_widgets_test.dart: gallery keeps selected portrait, count, and platform instructions
00:02 +2 -2: C:/Users/ADMIN/Desktop/CocEnglish/apps/mobile/test/streak_widgets_test.dart: all widget moods keep text separate from undistorted Duo at narrow sizes
══╡ EXCEPTION CAUGHT BY FLUTTER TEST FRAMEWORK ╞════════════════════════════════════════════════════
The following TestFailure was thrown running a test:
Expected: false
  Actual: <true>
ready small=false text=1.0

When the exception was thrown, this was the stack:
#4      main.<anonymous closure> (file:///C:/Users/ADMIN/Desktop/CocEnglish/apps/mobile/test/streak_widgets_test.dart:136:13)
<asynchronous suspension>
#5      testWidgets.<anonymous closure>.<anonymous closure> (package:flutter_test/src/widget_tester.dart:192:15)
<asynchronous suspension>
#6      TestWidgetsFlutterBinding._runTestBody (package:flutter_test/src/binding.dart:1953:5)
<asynchronous suspension>
<asynchronous suspension>
(elided one frame from package:stack_trace)

This was caught by the test expectation on the following line:
  file:///C:/Users/ADMIN/Desktop/CocEnglish/apps/mobile/test/streak_widgets_test.dart line 136
The test description was:
  all widget moods keep text separate from undistorted Duo at narrow sizes
════════════════════════════════════════════════════════════════════════════════════════════════════
00:02 +2 -3: C:/Users/ADMIN/Desktop/CocEnglish/apps/mobile/test/streak_widgets_test.dart: all widget moods keep text separate from undistorted Duo at narrow sizes [E]
  Test failed. See exception logs above.
  The test description was: all widget moods keep text separate from undistorted Duo at narrow sizes

00:02 +2 -3: C:/Users/ADMIN/Desktop/CocEnglish/apps/mobile/test/streak_widgets_test.dart: 320 text2 gallery and instructions scroll without shrinking text
00:03 +3 -3: Some tests failed.

Failing tests:
  C:/Users/ADMIN/Desktop/CocEnglish/apps/mobile/test/session_finish_routing_test.dart: loading C:/Users/ADMIN/Desktop/CocEnglish/apps/mobile/test/session_finish_routing_test.dart
  C:/Users/ADMIN/Desktop/CocEnglish/apps/mobile/test/streak_widgets_test.dart: all widget moods keep text separate from undistorted Duo at narrow sizes
  C:/Users/ADMIN/Desktop/CocEnglish/apps/mobile/test/streak_widgets_test.dart: loading C:/Users/ADMIN/Desktop/CocEnglish/apps/mobile/test/streak_widgets_test.dart
