00:00 +0: loading C:/Users/ADMIN/Desktop/CocEnglish/apps/mobile/test/status_feed_capture_test.dart
00:00 +0: C:/Users/ADMIN/Desktop/CocEnglish/apps/mobile/test/status_feed_capture_test.dart: capture native English feed and actual status overlay
00:00 +0: C:/Users/ADMIN/Desktop/CocEnglish/apps/mobile/test/clash_runtime_capture_test.dart: actual Clash Rive actors render and character transition disposes safely
═════════════════════════════════════════════════════════════════════════════════════════
[31m[1m  Rive Native: Failed to open dynamic library[0m
[33m  Library: rive_native.dll[0m      

  To fix this issue, run the following command:     
[36m[1m    dart run rive_native:setup --verbose --clean --platform windows[0m           
  
  See the troubleshooting section in the docs for more information:
[36m[1m    https://rive.app/docs/runtimes/flutter/rive-native#troubleshooting[0m
═════════════════════════════════════════════════════════════════════════════════════════

═════════════════════════════════════════════════════════════════════════════════════════
[31m[1m  Rive Native: Failed to open dynamic library[0m
[33m  Library: rive_native.dll[0m      

  To fix this issue, run the following command:     
[36m[1m    dart run rive_native:setup --verbose --clean --platform windows[0m           
  
  See the troubleshooting section in the docs for more information:
[36m[1m    https://rive.app/docs/runtimes/flutter/rive-native#troubleshooting[0m
═════════════════════════════════════════════════════════════════════════════════════════

═════════════════════════════════════════════════════════════════════════════════════════
[31m[1m  Rive Native: Failed to open dynamic library[0m
[33m  Library: rive_native.dll[0m      

  To fix this issue, run the following command:     
[36m[1m    dart run rive_native:setup --verbose --clean --platform windows[0m           
  
  See the troubleshooting section in the docs for more information:
[36m[1m    https://rive.app/docs/runtimes/flutter/rive-native#troubleshooting[0m
═════════════════════════════════════════════════════════════════════════════════════════

00:02 +0: C:/Users/ADMIN/Desktop/CocEnglish/apps/mobile/test/status_feed_capture_test.dart: capture native English feed and actual status overlay
═════════════════════════════════════════════════════════════════════════════════════════
[31m[1m  Rive Native: Failed to open dynamic library[0m
[33m  Library: rive_native.dll[0m      

  To fix this issue, run the following command:     
[36m[1m    dart run rive_native:setup --verbose --clean --platform windows[0m           
  
  See the troubleshooting section in the docs for more information:
[36m[1m    https://rive.app/docs/runtimes/flutter/rive-native#troubleshooting[0m
═════════════════════════════════════════════════════════════════════════════════════════

═════════════════════════════════════════════════════════════════════════════════════════
[31m[1m  Rive Native: Failed to open dynamic library[0m
[33m  Library: rive_native.dll[0m      

  To fix this issue, run the following command:     
[36m[1m    dart run rive_native:setup --verbose --clean --platform windows[0m           
  
  See the troubleshooting section in the docs for more information:
[36m[1m    https://rive.app/docs/runtimes/flutter/rive-native#troubleshooting[0m
═════════════════════════════════════════════════════════════════════════════════════════

══╡ EXCEPTION CAUGHT BY FLUTTER TEST FRAMEWORK ╞════════════════════════════════════════════════════
The following assertion was thrown running a test:
pumpAndSettle timed out

When the exception was thrown, this was the stack:
#0      WidgetTester.pumpAndSettle.<anonymous closure> (package:flutter_test/src/widget_tester.dart:717:11)
<asynchronous suspension>
#1      TestAsyncUtils.guard.<anonymous closure> (package:flutter_test/src/test_async_utils.dart:130:27)
<asynchronous suspension>
#2      main.<anonymous closure> (file:///C:/Users/ADMIN/Desktop/CocEnglish/apps/mobile/test/status_feed_capture_test.dart:89:7)
<asynchronous suspension>
#3      testWidgets.<anonymous closure>.<anonymous closure> (package:flutter_test/src/widget_tester.dart:192:15)
<asynchronous suspension>
#4      TestWidgetsFlutterBinding._runTestBody (package:flutter_test/src/binding.dart:1953:5)
<asynchronous suspension>
<asynchronous suspension>
(elided one frame from package:stack_trace)

The test description was:
  capture native English feed and actual status overlay
════════════════════════════════════════════════════════════════════════════════════════════════════
00:02 +0 -1: C:/Users/ADMIN/Desktop/CocEnglish/apps/mobile/test/clash_runtime_capture_test.dart: actual Clash Rive actors render and character transition disposes safely
00:02 +0 -1: C:/Users/ADMIN/Desktop/CocEnglish/apps/mobile/test/status_feed_capture_test.dart: capture native English feed and actual status overlay [E]
  Test failed. See exception logs above.
  The test description was: capture native English feed and actual status overlay
  
00:02 +1 -1: Some tests failed.

Failing tests:
  C:/Users/ADMIN/Desktop/CocEnglish/apps/mobile/test/status_feed_capture_test.dart: capture native English feed and actual status overlay
