
> Blueprint validation
{
  "status": "PASS",
  "files": 1734,
  "markdown": 93,
  "localLinks": 236,
  "requirements": 39,
  "nfr": 19,
  "screens": 42,
  "edgeCases": 39,
  "tasks": 38,
  "tables": 37,
  "schemas": 94,
  "paths": 41,
  "operations": 42,
  "refs": 680,
  "adrs": 17,
  "skills": 8,
  "scope": "Phase0 structural consistency; no app build, account or device proof"
}

> Dart format check
Formatted 89 files (0 changed) in 2.52 seconds.

> Flutter analyze
Resolving dependencies...
Downloading packages...
  code_assets 1.2.1 (2.1.0 available)
  hooks 2.0.2 (2.2.0 available)
  material_color_utilities 0.13.0 (0.13.1 available)
  meta 1.18.3 (1.19.0 available)
  objective_c 9.5.0 (9.6.2 available)
  record_use 0.6.0 (1.1.1 available)
  test_api 0.7.12 (0.7.14 available)
  vector_math 2.4.0 (2.4.3 available)
  window_to_front 0.0.4 (1.0.0 available)
Got dependencies!
9 packages have newer versions incompatible with dependency constraints.
Try `flutter pub outdated` for more information.
Analyzing mobile...                                             
No issues found! (ran in 32.0s)

> Rive host test runtime
[rive_native]   Starting Rive Native Setup...

[rive_native]   rive_native libraries already present for windows. Not building/downloading libraries.
[rive_native]   
[rive_native]   To force a rebuild/download, run with `--clean`

> Flutter test
00:00 +0: loading C:/Users/ADMIN/Desktop/CocEnglish/apps/mobile/test/adventure_test.dart
00:00 +0: C:/Users/ADMIN/Desktop/CocEnglish/apps/mobile/test/auth_controller_test.dart: Back after sign-in returns to the saved account chooser
00:00 +1: C:/Users/ADMIN/Desktop/CocEnglish/apps/mobile/test/challenge_test.dart: rapid clock pauses in background and on hidden routes
00:00 +2: C:/Users/ADMIN/Desktop/CocEnglish/apps/mobile/test/challenge_test.dart: rapid clock pauses in background and on hidden routes
00:00 +3: C:/Users/ADMIN/Desktop/CocEnglish/apps/mobile/test/challenge_test.dart: rapid clock pauses in background and on hidden routes
00:00 +4: C:/Users/ADMIN/Desktop/CocEnglish/apps/mobile/test/challenge_test.dart: rapid clock pauses in background and on hidden routes
00:00 +5: C:/Users/ADMIN/Desktop/CocEnglish/apps/mobile/test/challenge_test.dart: rapid clock pauses in background and on hidden routes
00:00 +6: C:/Users/ADMIN/Desktop/CocEnglish/apps/mobile/test/challenge_test.dart: rapid clock pauses in background and on hidden routes
00:00 +7: C:/Users/ADMIN/Desktop/CocEnglish/apps/mobile/test/challenge_test.dart: rapid clock pauses in background and on hidden routes
00:00 +8: C:/Users/ADMIN/Desktop/CocEnglish/apps/mobile/test/challenge_test.dart: rapid clock pauses in background and on hidden routes
00:00 +9: C:/Users/ADMIN/Desktop/CocEnglish/apps/mobile/test/challenge_test.dart: rapid clock pauses in background and on hidden routes
00:00 +10: C:/Users/ADMIN/Desktop/CocEnglish/apps/mobile/test/challenge_test.dart: rapid clock pauses in background and on hidden routes
00:00 +11: C:/Users/ADMIN/Desktop/CocEnglish/apps/mobile/test/challenge_test.dart: rapid clock pauses in background and on hidden routes
00:00 +12: C:/Users/ADMIN/Desktop/CocEnglish/apps/mobile/test/challenge_test.dart: rapid clock pauses in background and on hidden routes
00:00 +13: C:/Users/ADMIN/Desktop/CocEnglish/apps/mobile/test/challenge_test.dart: rapid clock pauses in background and on hidden routes
00:00 +14: C:/Users/ADMIN/Desktop/CocEnglish/apps/mobile/test/challenge_test.dart: rapid clock pauses in background and on hidden routes
00:01 +15: C:/Users/ADMIN/Desktop/CocEnglish/apps/mobile/test/challenge_test.dart: rapid clock pauses in background and on hidden routes
00:01 +16: C:/Users/ADMIN/Desktop/CocEnglish/apps/mobile/test/challenge_test.dart: rapid clock pauses in background and on hidden routes
00:01 +17: C:/Users/ADMIN/Desktop/CocEnglish/apps/mobile/test/challenge_test.dart: rapid clock pauses in background and on hidden routes
00:01 +18: C:/Users/ADMIN/Desktop/CocEnglish/apps/mobile/test/challenge_test.dart: rapid clock pauses in background and on hidden routes
00:02 +19: C:/Users/ADMIN/Desktop/CocEnglish/apps/mobile/test/challenge_test.dart: rapid clock pauses in background and on hidden routes
00:02 +20: C:/Users/ADMIN/Desktop/CocEnglish/apps/mobile/test/challenge_test.dart: rapid clock pauses in background and on hidden routes
00:02 +20: C:/Users/ADMIN/Desktop/CocEnglish/apps/mobile/test/character_motion_test.dart: character reacts, pauses on background, and disposes its runtime
═════════════════════════════════════════════════════════════════════════════════════════
[31m[1m  Rive Native: Failed to open dynamic library[0m
[33m  Library: rive_native.dll[0m      

  To fix this issue, run the following command:     
[36m[1m    dart run rive_native:setup --verbose --clean --platform windows[0m           
  
  See the troubleshooting section in the docs for more information:
[36m[1m    https://rive.app/docs/runtimes/flutter/rive-native#troubleshooting[0m
═════════════════════════════════════════════════════════════════════════════════════════

═════════════════════════════════════════════════════════════════════════════════════════
[31m[1m  Rive Native: Failed to open dynamic library[0m
[33m  Library: rive_native.dll[0m      

  To fix this issue, run the following command:     
[36m[1m    dart run rive_native:setup --verbose --clean --platform windows[0m           
  
  See the troubleshooting section in the docs for more information:
[36m[1m    https://rive.app/docs/runtimes/flutter/rive-native#troubleshooting[0m
═════════════════════════════════════════════════════════════════════════════════════════

00:02 +21: C:/Users/ADMIN/Desktop/CocEnglish/apps/mobile/test/bootstrap_test.dart: storage read failure cannot overwrite saved answers; Retry restores them
00:02 +22: C:/Users/ADMIN/Desktop/CocEnglish/apps/mobile/test/character_motion_test.dart: character reacts, pauses on background, and disposes its runtime
00:02 +23: C:/Users/ADMIN/Desktop/CocEnglish/apps/mobile/test/character_motion_test.dart: character reacts, pauses on background, and disposes its runtime
═════════════════════════════════════════════════════════════════════════════════════════
[31m[1m  Rive Native: Failed to open dynamic library[0m
[33m  Library: rive_native.dll[0m      

  To fix this issue, run the following command:     
[36m[1m    dart run rive_native:setup --verbose --clean --platform windows[0m           
  
  See the troubleshooting section in the docs for more information:
[36m[1m    https://rive.app/docs/runtimes/flutter/rive-native#troubleshooting[0m
═════════════════════════════════════════════════════════════════════════════════════════

00:02 +24: C:/Users/ADMIN/Desktop/CocEnglish/apps/mobile/test/character_motion_test.dart: character reacts, pauses on background, and disposes its runtime
00:02 +25: C:/Users/ADMIN/Desktop/CocEnglish/apps/mobile/test/challenge_test.dart: challenge states fit width360.0 text1.0
00:03 +26: C:/Users/ADMIN/Desktop/CocEnglish/apps/mobile/test/challenge_test.dart: challenge states fit width360.0 text1.0
00:03 +27: C:/Users/ADMIN/Desktop/CocEnglish/apps/mobile/test/challenge_test.dart: challenge states fit width360.0 text1.0
00:03 +28: C:/Users/ADMIN/Desktop/CocEnglish/apps/mobile/test/challenge_test.dart: challenge states fit width360.0 text1.0
00:03 +29: C:/Users/ADMIN/Desktop/CocEnglish/apps/mobile/test/character_motion_test.dart: original character files expose verified feedback state machines
00:03 +30: C:/Users/ADMIN/Desktop/CocEnglish/apps/mobile/test/character_motion_test.dart: original character files expose verified feedback state machines
00:03 +31: C:/Users/ADMIN/Desktop/CocEnglish/apps/mobile/test/character_motion_test.dart: original character files expose verified feedback state machines
00:03 +32: C:/Users/ADMIN/Desktop/CocEnglish/apps/mobile/test/character_motion_test.dart: original character files expose verified feedback state machines
00:03 +33: C:/Users/ADMIN/Desktop/CocEnglish/apps/mobile/test/character_motion_test.dart: original character files expose verified feedback state machines
00:03 +34: C:/Users/ADMIN/Desktop/CocEnglish/apps/mobile/test/challenge_test.dart: challenge states fit width360.0 text2.0
00:03 +35: C:/Users/ADMIN/Desktop/CocEnglish/apps/mobile/test/challenge_test.dart: challenge states fit width360.0 text2.0
00:03 +36: C:/Users/ADMIN/Desktop/CocEnglish/apps/mobile/test/challenge_test.dart: challenge states fit width360.0 text2.0
00:03 +37: C:/Users/ADMIN/Desktop/CocEnglish/apps/mobile/test/challenge_test.dart: challenge states fit width430.0 text1.0
00:04 +38: C:/Users/ADMIN/Desktop/CocEnglish/apps/mobile/test/english_journey_test.dart: practice opens Roleplay, submits native input, and reviews the actual replies
00:04 +39: C:/Users/ADMIN/Desktop/CocEnglish/apps/mobile/test/english_journey_test.dart: practice opens Roleplay, submits native input, and reviews the actual replies
00:04 +40: C:/Users/ADMIN/Desktop/CocEnglish/apps/mobile/test/english_journey_test.dart: practice opens Roleplay, submits native input, and reviews the actual replies
00:04 +41: C:/Users/ADMIN/Desktop/CocEnglish/apps/mobile/test/english_journey_test.dart: practice opens Roleplay, submits native input, and reviews the actual replies
00:04 +42: C:/Users/ADMIN/Desktop/CocEnglish/apps/mobile/test/english_journey_test.dart: practice opens Roleplay, submits native input, and reviews the actual replies
00:04 +43: C:/Users/ADMIN/Desktop/CocEnglish/apps/mobile/test/english_journey_test.dart: practice opens Roleplay, submits native input, and reviews the actual replies
00:05 +44: C:/Users/ADMIN/Desktop/CocEnglish/apps/mobile/test/english_journey_test.dart: practice opens Roleplay, submits native input, and reviews the actual replies
00:05 +45: C:/Users/ADMIN/Desktop/CocEnglish/apps/mobile/test/english_journey_test.dart: practice opens Roleplay, submits native input, and reviews the actual replies
00:06 +46: C:/Users/ADMIN/Desktop/CocEnglish/apps/mobile/test/english_journey_test.dart: practice opens Roleplay, submits native input, and reviews the actual replies
00:06 +47: C:/Users/ADMIN/Desktop/CocEnglish/apps/mobile/test/english_journey_test.dart: practice opens Roleplay, submits native input, and reviews the actual replies
00:06 +48: C:/Users/ADMIN/Desktop/CocEnglish/apps/mobile/test/english_journey_test.dart: practice opens Roleplay, submits native input, and reviews the actual replies
00:06 +49: C:/Users/ADMIN/Desktop/CocEnglish/apps/mobile/test/english_journey_test.dart: practice opens Roleplay, submits native input, and reviews the actual replies
00:07 +50: C:/Users/ADMIN/Desktop/CocEnglish/apps/mobile/test/english_journey_test.dart: practice opens Roleplay, submits native input, and reviews the actual replies
00:07 +51: C:/Users/ADMIN/Desktop/CocEnglish/apps/mobile/test/english_journey_test.dart: practice opens Roleplay, submits native input, and reviews the actual replies
00:07 +52: C:/Users/ADMIN/Desktop/CocEnglish/apps/mobile/test/english_journey_test.dart: practice opens Roleplay, submits native input, and reviews the actual replies
00:07 +53: C:/Users/ADMIN/Desktop/CocEnglish/apps/mobile/test/english_journey_test.dart: practice opens Roleplay, submits native input, and reviews the actual replies
00:08 +54: C:/Users/ADMIN/Desktop/CocEnglish/apps/mobile/test/english_journey_test.dart: practice opens Roleplay, submits native input, and reviews the actual replies
00:10 +55: C:/Users/ADMIN/Desktop/CocEnglish/apps/mobile/test/english_journey_test.dart: practice opens Roleplay, submits native input, and reviews the actual replies
00:10 +56: C:/Users/ADMIN/Desktop/CocEnglish/apps/mobile/test/english_journey_test.dart: practice opens Roleplay, submits native input, and reviews the actual replies
00:10 +57: C:/Users/ADMIN/Desktop/CocEnglish/apps/mobile/test/english_journey_test.dart: practice opens Roleplay, submits native input, and reviews the actual replies
00:10 +58: C:/Users/ADMIN/Desktop/CocEnglish/apps/mobile/test/english_journey_test.dart: practice opens Roleplay, submits native input, and reviews the actual replies
00:10 +59: C:/Users/ADMIN/Desktop/CocEnglish/apps/mobile/test/english_journey_test.dart: practice opens Roleplay, submits native input, and reviews the actual replies
00:10 +60: C:/Users/ADMIN/Desktop/CocEnglish/apps/mobile/test/english_journey_test.dart: practice opens Roleplay, submits native input, and reviews the actual replies
00:14 +61: C:/Users/ADMIN/Desktop/CocEnglish/apps/mobile/test/full_frontend_qa_test.dart: all frontend states render at 360 / text 1.0
00:15 +62: C:/Users/ADMIN/Desktop/CocEnglish/apps/mobile/test/full_frontend_qa_test.dart: all frontend states render at 360 / text 1.0
00:15 +63: C:/Users/ADMIN/Desktop/CocEnglish/apps/mobile/test/full_frontend_qa_test.dart: all frontend states render at 360 / text 1.0
00:15 +64: C:/Users/ADMIN/Desktop/CocEnglish/apps/mobile/test/full_frontend_qa_test.dart: all frontend states render at 360 / text 1.0
00:16 +65: C:/Users/ADMIN/Desktop/CocEnglish/apps/mobile/test/full_frontend_qa_test.dart: all frontend states render at 360 / text 1.0
00:16 +66: C:/Users/ADMIN/Desktop/CocEnglish/apps/mobile/test/full_frontend_qa_test.dart: all frontend states render at 360 / text 1.0
00:16 +67: C:/Users/ADMIN/Desktop/CocEnglish/apps/mobile/test/full_frontend_qa_test.dart: all frontend states render at 360 / text 1.0
00:16 +68: C:/Users/ADMIN/Desktop/CocEnglish/apps/mobile/test/full_frontend_qa_test.dart: all frontend states render at 360 / text 1.0
00:19 +69: C:/Users/ADMIN/Desktop/CocEnglish/apps/mobile/test/full_frontend_qa_test.dart: all frontend states render at 360 / text 2.0
00:20 +70: C:/Users/ADMIN/Desktop/CocEnglish/apps/mobile/test/full_frontend_qa_test.dart: all frontend states render at 360 / text 2.0
00:20 +71: C:/Users/ADMIN/Desktop/CocEnglish/apps/mobile/test/full_frontend_qa_test.dart: all frontend states render at 360 / text 2.0
00:20 +72: C:/Users/ADMIN/Desktop/CocEnglish/apps/mobile/test/full_frontend_qa_test.dart: all frontend states render at 360 / text 2.0
00:20 +73: C:/Users/ADMIN/Desktop/CocEnglish/apps/mobile/test/full_frontend_qa_test.dart: all frontend states render at 360 / text 2.0
00:20 +74: C:/Users/ADMIN/Desktop/CocEnglish/apps/mobile/test/full_frontend_qa_test.dart: all frontend states render at 360 / text 2.0
00:20 +75: C:/Users/ADMIN/Desktop/CocEnglish/apps/mobile/test/full_frontend_qa_test.dart: all frontend states render at 360 / text 2.0
00:20 +76: C:/Users/ADMIN/Desktop/CocEnglish/apps/mobile/test/full_frontend_qa_test.dart: all frontend states render at 360 / text 2.0
00:20 +77: C:/Users/ADMIN/Desktop/CocEnglish/apps/mobile/test/full_frontend_qa_test.dart: all frontend states render at 360 / text 2.0
00:20 +78: C:/Users/ADMIN/Desktop/CocEnglish/apps/mobile/test/full_frontend_qa_test.dart: all frontend states render at 360 / text 2.0
00:20 +79: C:/Users/ADMIN/Desktop/CocEnglish/apps/mobile/test/full_frontend_qa_test.dart: all frontend states render at 360 / text 2.0
00:20 +80: C:/Users/ADMIN/Desktop/CocEnglish/apps/mobile/test/full_frontend_qa_test.dart: all frontend states render at 430 / text 1.0
00:21 +81: C:/Users/ADMIN/Desktop/CocEnglish/apps/mobile/test/full_frontend_qa_test.dart: all frontend states render at 430 / text 2.0
00:22 +82: C:/Users/ADMIN/Desktop/CocEnglish/apps/mobile/test/full_frontend_qa_test.dart: five tabs preserve path, words reveal, and shop rejects insufficient funds
00:22 +83: C:/Users/ADMIN/Desktop/CocEnglish/apps/mobile/test/full_frontend_qa_test.dart: monthly quest introduction continues once into daily quests
00:22 +84: C:/Users/ADMIN/Desktop/CocEnglish/apps/mobile/test/learning_flow_test.dart: complete the native lesson, claim once, return to the unlocked path
00:22 +85: C:/Users/ADMIN/Desktop/CocEnglish/apps/mobile/test/learning_flow_test.dart: complete the native lesson, claim once, return to the unlocked path
00:26 +86: C:/Users/ADMIN/Desktop/CocEnglish/apps/mobile/test/learning_flow_test.dart: finished onboarding opens path and a selectable lesson
00:27 +87: C:/Users/ADMIN/Desktop/CocEnglish/apps/mobile/test/login_flow_test.dart: visibility, retry and internal Back preserve form input
00:29 +88: C:/Users/ADMIN/Desktop/CocEnglish/apps/mobile/test/login_flow_test.dart: busy screen blocks duplicate and stale taps
00:29 +89: C:/Users/ADMIN/Desktop/CocEnglish/apps/mobile/test/login_flow_test.dart: recovery failure retains email and never shows sent sheet
00:29 +90: C:/Users/ADMIN/Desktop/CocEnglish/apps/mobile/test/login_flow_test.dart: recovery success opens dismissible sheet
00:29 +91: C:/Users/ADMIN/Desktop/CocEnglish/apps/mobile/test/login_flow_test.dart: login choice fits width 360.0 text2 and keyboard
00:29 +92: C:/Users/ADMIN/Desktop/CocEnglish/apps/mobile/test/login_flow_test.dart: login details fits width 360.0 text2 and keyboard
00:29 +93: C:/Users/ADMIN/Desktop/CocEnglish/apps/mobile/test/login_flow_test.dart: login forgot fits width 360.0 text2 and keyboard
00:30 +94: C:/Users/ADMIN/Desktop/CocEnglish/apps/mobile/test/login_flow_test.dart: login reset fits width 360.0 text2 and keyboard
00:30 +95: C:/Users/ADMIN/Desktop/CocEnglish/apps/mobile/test/login_flow_test.dart: login choice fits width 390.0 text2 and keyboard
00:30 +96: C:/Users/ADMIN/Desktop/CocEnglish/apps/mobile/test/login_flow_test.dart: login details fits width 390.0 text2 and keyboard
00:30 +97: C:/Users/ADMIN/Desktop/CocEnglish/apps/mobile/test/login_flow_test.dart: login forgot fits width 390.0 text2 and keyboard
00:30 +98: C:/Users/ADMIN/Desktop/CocEnglish/apps/mobile/test/login_flow_test.dart: login reset fits width 390.0 text2 and keyboard
00:30 +99: C:/Users/ADMIN/Desktop/CocEnglish/apps/mobile/test/login_flow_test.dart: login choice fits width 430.0 text2 and keyboard
00:30 +100: C:/Users/ADMIN/Desktop/CocEnglish/apps/mobile/test/login_flow_test.dart: login details fits width 430.0 text2 and keyboard
00:30 +101: C:/Users/ADMIN/Desktop/CocEnglish/apps/mobile/test/login_flow_test.dart: login forgot fits width 430.0 text2 and keyboard
00:30 +102: C:/Users/ADMIN/Desktop/CocEnglish/apps/mobile/test/login_flow_test.dart: login reset fits width 430.0 text2 and keyboard
00:31 +103: C:/Users/ADMIN/Desktop/CocEnglish/apps/mobile/test/login_visual_capture_test.dart: login reference fixtures render native inputs and artwork
00:33 +104: C:/Users/ADMIN/Desktop/CocEnglish/apps/mobile/test/mock_auth_repository_test.dart: demo sign-in stays asynchronous and remembers metadata only
00:34 +105: C:/Users/ADMIN/Desktop/CocEnglish/apps/mobile/test/mock_auth_repository_test.dart: wrong demo credentials fail generically and create no remembered account
00:34 +106: C:/Users/ADMIN/Desktop/CocEnglish/apps/mobile/test/mock_auth_repository_test.dart: social mock returns the demo fixture without creating a session
00:34 +107: C:/Users/ADMIN/Desktop/CocEnglish/apps/mobile/test/mock_auth_repository_test.dart: recovery and reset enforce local fixture inputs
00:35 +108: C:/Users/ADMIN/Desktop/CocEnglish/apps/mobile/test/motion_reference_capture_test.dart: inspect original Duo vector timeline frames
00:36 +109: C:/Users/ADMIN/Desktop/CocEnglish/apps/mobile/test/onboarding_controller_test.dart: final step stays reviewable until its snapshot is saved successfully
00:36 +110: C:/Users/ADMIN/Desktop/CocEnglish/apps/mobile/test/onboarding_controller_test.dart: required answers block Continue; Back retains language and level
00:36 +111: C:/Users/ADMIN/Desktop/CocEnglish/apps/mobile/test/onboarding_controller_test.dart: reasons toggle independently and removing the last disables Continue
00:36 +112: C:/Users/ADMIN/Desktop/CocEnglish/apps/mobile/test/onboarding_controller_test.dart: goal and denied reminder survive restart; scratch bypasses level confirmation
00:36 +113: C:/Users/ADMIN/Desktop/CocEnglish/apps/mobile/test/onboarding_controller_test.dart: queued writes preserve latest selection while a prior save is blocked
00:36 +114: C:/Users/ADMIN/Desktop/CocEnglish/apps/mobile/test/onboarding_controller_test.dart: save failure keeps input and retry clears the error
00:36 +115: C:/Users/ADMIN/Desktop/CocEnglish/apps/mobile/test/onboarding_controller_test.dart: corrupt/unknown snapshots reset safely; missing earlier answer resumes there
00:38 +116: C:/Users/ADMIN/Desktop/CocEnglish/apps/mobile/test/onboarding_flow_test.dart: language requires a selection and Back retains it
00:39 +117: C:/Users/ADMIN/Desktop/CocEnglish/apps/mobile/test/onboarding_flow_test.dart: reminder preview can be cancelled without losing the step
00:39 +118: C:/Users/ADMIN/Desktop/CocEnglish/apps/mobile/test/onboarding_flow_test.dart: welcome fits width 360.0 with text scale 2
00:39 +119: C:/Users/ADMIN/Desktop/CocEnglish/apps/mobile/test/onboarding_flow_test.dart: greeting fits width 360.0 with text scale 2
00:39 +120: C:/Users/ADMIN/Desktop/CocEnglish/apps/mobile/test/onboarding_flow_test.dart: questions fits width 360.0 with text scale 2
00:39 +121: C:/Users/ADMIN/Desktop/CocEnglish/apps/mobile/test/onboarding_flow_test.dart: language fits width 360.0 with text scale 2
00:39 +122: C:/Users/ADMIN/Desktop/CocEnglish/apps/mobile/test/onboarding_flow_test.dart: knowledge fits width 360.0 with text scale 2
00:39 +123: C:/Users/ADMIN/Desktop/CocEnglish/apps/mobile/test/onboarding_flow_test.dart: reasons fits width 360.0 with text scale 2
00:39 +124: C:/Users/ADMIN/Desktop/CocEnglish/apps/mobile/test/onboarding_flow_test.dart: routine fits width 360.0 with text scale 2
00:39 +125: C:/Users/ADMIN/Desktop/CocEnglish/apps/mobile/test/onboarding_flow_test.dart: goal fits width 360.0 with text scale 2
00:39 +126: C:/Users/ADMIN/Desktop/CocEnglish/apps/mobile/test/onboarding_flow_test.dart: promise fits width 360.0 with text scale 2
00:39 +127: C:/Users/ADMIN/Desktop/CocEnglish/apps/mobile/test/onboarding_flow_test.dart: reminder fits width 360.0 with text scale 2
00:39 +128: C:/Users/ADMIN/Desktop/CocEnglish/apps/mobile/test/onboarding_flow_test.dart: widget fits width 360.0 with text scale 2
00:39 +129: C:/Users/ADMIN/Desktop/CocEnglish/apps/mobile/test/onboarding_flow_test.dart: benefits fits width 360.0 with text scale 2
00:39 +130: C:/Users/ADMIN/Desktop/CocEnglish/apps/mobile/test/onboarding_flow_test.dart: plan fits width 360.0 with text scale 2
00:39 +131: C:/Users/ADMIN/Desktop/CocEnglish/apps/mobile/test/onboarding_flow_test.dart: startPoint fits width 360.0 with text scale 2
00:39 +132: C:/Users/ADMIN/Desktop/CocEnglish/apps/mobile/test/onboarding_flow_test.dart: levelConfirmation fits width 360.0 with text scale 2
00:39 +133: C:/Users/ADMIN/Desktop/CocEnglish/apps/mobile/test/onboarding_flow_test.dart: lessonEntry fits width 360.0 with text scale 2
00:40 +134: C:/Users/ADMIN/Desktop/CocEnglish/apps/mobile/test/onboarding_flow_test.dart: welcome fits width 390.0 with text scale 2
00:40 +135: C:/Users/ADMIN/Desktop/CocEnglish/apps/mobile/test/onboarding_flow_test.dart: greeting fits width 390.0 with text scale 2
00:40 +136: C:/Users/ADMIN/Desktop/CocEnglish/apps/mobile/test/onboarding_flow_test.dart: questions fits width 390.0 with text scale 2
00:40 +137: C:/Users/ADMIN/Desktop/CocEnglish/apps/mobile/test/onboarding_flow_test.dart: language fits width 390.0 with text scale 2
00:40 +138: C:/Users/ADMIN/Desktop/CocEnglish/apps/mobile/test/onboarding_flow_test.dart: knowledge fits width 390.0 with text scale 2
00:40 +139: C:/Users/ADMIN/Desktop/CocEnglish/apps/mobile/test/onboarding_flow_test.dart: reasons fits width 390.0 with text scale 2
00:40 +140: C:/Users/ADMIN/Desktop/CocEnglish/apps/mobile/test/onboarding_flow_test.dart: routine fits width 390.0 with text scale 2
00:40 +141: C:/Users/ADMIN/Desktop/CocEnglish/apps/mobile/test/onboarding_flow_test.dart: goal fits width 390.0 with text scale 2
00:40 +142: C:/Users/ADMIN/Desktop/CocEnglish/apps/mobile/test/onboarding_flow_test.dart: promise fits width 390.0 with text scale 2
00:40 +143: C:/Users/ADMIN/Desktop/CocEnglish/apps/mobile/test/onboarding_flow_test.dart: reminder fits width 390.0 with text scale 2
00:40 +144: C:/Users/ADMIN/Desktop/CocEnglish/apps/mobile/test/onboarding_flow_test.dart: widget fits width 390.0 with text scale 2
00:40 +145: C:/Users/ADMIN/Desktop/CocEnglish/apps/mobile/test/practice_flow_test.dart: practice hub keeps source hierarchy at text scale two
00:40 +146: C:/Users/ADMIN/Desktop/CocEnglish/apps/mobile/test/practice_flow_test.dart: practice hub keeps source hierarchy at text scale two
00:40 +147: C:/Users/ADMIN/Desktop/CocEnglish/apps/mobile/test/practice_flow_test.dart: practice hub keeps source hierarchy at text scale two
00:40 +148: C:/Users/ADMIN/Desktop/CocEnglish/apps/mobile/test/practice_flow_test.dart: practice hub keeps source hierarchy at text scale two
00:40 +149: C:/Users/ADMIN/Desktop/CocEnglish/apps/mobile/test/practice_flow_test.dart: practice hub keeps source hierarchy at text scale two
00:40 +150: C:/Users/ADMIN/Desktop/CocEnglish/apps/mobile/test/practice_flow_test.dart: practice hub keeps source hierarchy at text scale two
00:40 +151: C:/Users/ADMIN/Desktop/CocEnglish/apps/mobile/test/practice_flow_test.dart: practice hub keeps source hierarchy at text scale two
00:40 +152: C:/Users/ADMIN/Desktop/CocEnglish/apps/mobile/test/practice_flow_test.dart: practice hub keeps source hierarchy at text scale two
00:40 +153: C:/Users/ADMIN/Desktop/CocEnglish/apps/mobile/test/practice_flow_test.dart: practice hub keeps source hierarchy at text scale two
00:40 +154: C:/Users/ADMIN/Desktop/CocEnglish/apps/mobile/test/practice_flow_test.dart: practice hub keeps source hierarchy at text scale two
00:40 +155: C:/Users/ADMIN/Desktop/CocEnglish/apps/mobile/test/practice_flow_test.dart: practice hub keeps source hierarchy at text scale two
00:40 +156: C:/Users/ADMIN/Desktop/CocEnglish/apps/mobile/test/practice_flow_test.dart: practice hub keeps source hierarchy at text scale two
00:40 +157: C:/Users/ADMIN/Desktop/CocEnglish/apps/mobile/test/practice_flow_test.dart: practice hub keeps source hierarchy at text scale two
00:40 +158: C:/Users/ADMIN/Desktop/CocEnglish/apps/mobile/test/practice_flow_test.dart: practice hub keeps source hierarchy at text scale two
00:40 +159: C:/Users/ADMIN/Desktop/CocEnglish/apps/mobile/test/practice_flow_test.dart: practice hub keeps source hierarchy at text scale two
00:40 +160: C:/Users/ADMIN/Desktop/CocEnglish/apps/mobile/test/practice_flow_test.dart: practice hub keeps source hierarchy at text scale two
00:40 +161: C:/Users/ADMIN/Desktop/CocEnglish/apps/mobile/test/practice_flow_test.dart: practice hub keeps source hierarchy at text scale two
00:40 +162: C:/Users/ADMIN/Desktop/CocEnglish/apps/mobile/test/onboarding_flow_test.dart: benefits fits width 430.0 with text scale 2
00:40 +163: C:/Users/ADMIN/Desktop/CocEnglish/apps/mobile/test/practice_flow_test.dart: word practice reveals an answer and records local recall
00:40 +164: C:/Users/ADMIN/Desktop/CocEnglish/apps/mobile/test/practice_flow_test.dart: word practice reveals an answer and records local recall
00:40 +165: C:/Users/ADMIN/Desktop/CocEnglish/apps/mobile/test/practice_flow_test.dart: word practice reveals an answer and records local recall
00:41 +166: C:/Users/ADMIN/Desktop/CocEnglish/apps/mobile/test/practice_flow_test.dart: word practice reveals an answer and records local recall
00:41 +167: C:/Users/ADMIN/Desktop/CocEnglish/apps/mobile/test/practice_flow_test.dart: word practice reveals an answer and records local recall
00:43 +168: C:/Users/ADMIN/Desktop/CocEnglish/apps/mobile/test/practice_flow_test.dart: denied speech uses an assisted guest text substitution
00:43 +169: C:/Users/ADMIN/Desktop/CocEnglish/apps/mobile/test/practice_flow_test.dart: background resets recording and disposal cancels its callback
00:43 +170: C:/Users/ADMIN/Desktop/CocEnglish/apps/mobile/test/practice_flow_test.dart: call reconnects safely after app resumes
00:44 +171: C:/Users/ADMIN/Desktop/CocEnglish/apps/mobile/test/progress_preview_test.dart: quest and purchase receipts are idempotent and reject invalid funds
00:46 +172: C:/Users/ADMIN/Desktop/CocEnglish/apps/mobile/test/reference_art_cache_test.dart: original illustration survives cache eviction and releases after navigation
00:47 +173: C:/Users/ADMIN/Desktop/CocEnglish/apps/mobile/test/reference_button_test.dart: tactile edge depresses on press and cancellation does not act
00:47 +174: C:/Users/ADMIN/Desktop/CocEnglish/apps/mobile/test/reference_button_test.dart: tactile edge depresses on press and cancellation does not act
00:47 +175: C:/Users/ADMIN/Desktop/CocEnglish/apps/mobile/test/reference_button_test.dart: tactile edge depresses on press and cancellation does not act
00:47 +176: C:/Users/ADMIN/Desktop/CocEnglish/apps/mobile/test/reference_button_test.dart: tactile edge depresses on press and cancellation does not act
00:47 +177: C:/Users/ADMIN/Desktop/CocEnglish/apps/mobile/test/stories_library_test.dart: library card titles fit 360.0 text 1.0
00:48 +178: C:/Users/ADMIN/Desktop/CocEnglish/apps/mobile/test/visual_capture_test.dart: all 20 reference states render with bundled fonts at original resolution
00:48 +179: C:/Users/ADMIN/Desktop/CocEnglish/apps/mobile/test/visual_capture_test.dart: all 20 reference states render with bundled fonts at original resolution
00:48 +180: C:/Users/ADMIN/Desktop/CocEnglish/apps/mobile/test/visual_capture_test.dart: all 20 reference states render with bundled fonts at original resolution
00:48 +181: C:/Users/ADMIN/Desktop/CocEnglish/apps/mobile/test/visual_capture_test.dart: all 20 reference states render with bundled fonts at original resolution
00:49 +182: All tests passed!
