Resolving dependencies...
Downloading packages...
  code_assets 1.2.1 (2.1.0 available)
  hooks 2.0.2 (2.2.0 available)
  material_color_utilities 0.13.0 (0.13.1 available)
  meta 1.18.3 (1.19.0 available)
  objective_c 9.5.0 (9.6.2 available)
  record_use 0.6.0 (1.1.1 available)
  test_api 0.7.12 (0.7.14 available)
  vector_math 2.4.0 (2.4.3 available)
  window_to_front 0.0.4 (1.0.0 available)
Got dependencies!
9 packages have newer versions incompatible with dependency constraints.
Try `flutter pub outdated` for more information.
00:00 +0: loading C:/Users/ADMIN/Desktop/CocEnglish/apps/mobile/test/stories_library_test.dart
00:00 +0: C:/Users/ADMIN/Desktop/CocEnglish/apps/mobile/test/stories_library_test.dart: each library story uses its own English questions and invalid IDs preserve the draft
00:00 +1: C:/Users/ADMIN/Desktop/CocEnglish/apps/mobile/test/stories_library_test.dart: library card titles fit 360.0 text 1.0
00:00 +2: C:/Users/ADMIN/Desktop/CocEnglish/apps/mobile/test/english_journey_test.dart: practice opens Roleplay, submits native input, and reviews the actual replies
00:00 +3: C:/Users/ADMIN/Desktop/CocEnglish/apps/mobile/test/english_journey_test.dart: practice opens Roleplay, submits native input, and reviews the actual replies
00:00 +4: C:/Users/ADMIN/Desktop/CocEnglish/apps/mobile/test/english_journey_test.dart: practice opens Roleplay, submits native input, and reviews the actual replies
00:00 +5: C:/Users/ADMIN/Desktop/CocEnglish/apps/mobile/test/english_journey_test.dart: practice opens Roleplay, submits native input, and reviews the actual replies
00:01 +6: C:/Users/ADMIN/Desktop/CocEnglish/apps/mobile/test/english_journey_test.dart: practice opens Roleplay, submits native input, and reviews the actual replies
00:01 +7: C:/Users/ADMIN/Desktop/CocEnglish/apps/mobile/test/english_journey_test.dart: practice opens Roleplay, submits native input, and reviews the actual replies
00:01 +8: C:/Users/ADMIN/Desktop/CocEnglish/apps/mobile/test/english_journey_test.dart: practice opens Roleplay, submits native input, and reviews the actual replies
00:01 +9: C:/Users/ADMIN/Desktop/CocEnglish/apps/mobile/test/challenge_test.dart: challenge states fit width430.0 text1.0
00:01 +10: C:/Users/ADMIN/Desktop/CocEnglish/apps/mobile/test/english_journey_test.dart: English journey states fit width360.0 text1.0
00:02 +11: C:/Users/ADMIN/Desktop/CocEnglish/apps/mobile/test/challenge_test.dart: challenge states fit width430.0 text2.0
00:02 +12: C:/Users/ADMIN/Desktop/CocEnglish/apps/mobile/test/english_journey_test.dart: English journey states fit width360.0 text2.0
00:02 +13: C:/Users/ADMIN/Desktop/CocEnglish/apps/mobile/test/english_journey_test.dart: English journey states fit width360.0 text2.0
00:02 +14: C:/Users/ADMIN/Desktop/CocEnglish/apps/mobile/test/english_journey_test.dart: English journey states fit width360.0 text2.0
00:02 +15: C:/Users/ADMIN/Desktop/CocEnglish/apps/mobile/test/english_journey_test.dart: English journey states fit width360.0 text2.0
00:02 +16: C:/Users/ADMIN/Desktop/CocEnglish/apps/mobile/test/english_journey_test.dart: English journey states fit width430.0 text1.0
00:02 +17: C:/Users/ADMIN/Desktop/CocEnglish/apps/mobile/test/english_journey_test.dart: English journey states fit width430.0 text2.0
00:02 +18: C:/Users/ADMIN/Desktop/CocEnglish/apps/mobile/test/english_journey_test.dart: story preserves a wrong selection through feedback and finishes once
00:02 +19: C:/Users/ADMIN/Desktop/CocEnglish/apps/mobile/test/english_journey_test.dart: radio cannot check half a pair, and transcript picks are editable
00:02 +20: C:/Users/ADMIN/Desktop/CocEnglish/apps/mobile/test/english_journey_test.dart: roleplay preserves draft on validation, resumes, and resets deliberately
00:02 +21: All tests passed!
