00:00 +0: loading C:/Users/ADMIN/Desktop/CocEnglish/apps/mobile/test/timer_boost_test.dart
00:00 +0: C:/Users/ADMIN/Desktop/CocEnglish/apps/mobile/test/full_frontend_qa_test.dart: all frontend states render at 360 / text 1.0
00:00 +1: C:/Users/ADMIN/Desktop/CocEnglish/apps/mobile/test/full_frontend_qa_test.dart: all frontend states render at 360 / text 1.0
00:00 +2: C:/Users/ADMIN/Desktop/CocEnglish/apps/mobile/test/full_frontend_qa_test.dart: all frontend states render at 360 / text 1.0
00:00 +3: C:/Users/ADMIN/Desktop/CocEnglish/apps/mobile/test/full_frontend_qa_test.dart: all frontend states render at 360 / text 1.0
00:00 +4: C:/Users/ADMIN/Desktop/CocEnglish/apps/mobile/test/full_frontend_qa_test.dart: all frontend states render at 360 / text 1.0
00:00 +5: C:/Users/ADMIN/Desktop/CocEnglish/apps/mobile/test/full_frontend_qa_test.dart: all frontend states render at 360 / text 1.0
00:02 +6: C:/Users/ADMIN/Desktop/CocEnglish/apps/mobile/test/full_frontend_qa_test.dart: all frontend states render at 360 / text 1.0
00:03 +7: C:/Users/ADMIN/Desktop/CocEnglish/apps/mobile/test/full_frontend_qa_test.dart: all frontend states render at 360 / text 1.0
00:03 +8: C:/Users/ADMIN/Desktop/CocEnglish/apps/mobile/test/full_frontend_qa_test.dart: all frontend states render at 360 / text 1.0
00:03 +9: C:/Users/ADMIN/Desktop/CocEnglish/apps/mobile/test/full_frontend_qa_test.dart: all frontend states render at 360 / text 1.0
00:04 +10: C:/Users/ADMIN/Desktop/CocEnglish/apps/mobile/test/full_frontend_qa_test.dart: all frontend states render at 360 / text 1.0
00:04 +11: C:/Users/ADMIN/Desktop/CocEnglish/apps/mobile/test/full_frontend_qa_test.dart: all frontend states render at 360 / text 1.0
00:04 +12: C:/Users/ADMIN/Desktop/CocEnglish/apps/mobile/test/full_frontend_qa_test.dart: all frontend states render at 360 / text 1.0
00:04 +13: C:/Users/ADMIN/Desktop/CocEnglish/apps/mobile/test/full_frontend_qa_test.dart: all frontend states render at 360 / text 1.0
00:04 +14: C:/Users/ADMIN/Desktop/CocEnglish/apps/mobile/test/full_frontend_qa_test.dart: all frontend states render at 360 / text 1.0
00:05 +15: C:/Users/ADMIN/Desktop/CocEnglish/apps/mobile/test/max_flow_test.dart: Max states fit 430.0 text 1.0
00:05 +16: C:/Users/ADMIN/Desktop/CocEnglish/apps/mobile/test/full_frontend_qa_test.dart: all frontend states render at 360 / text 2.0
00:05 +17: C:/Users/ADMIN/Desktop/CocEnglish/apps/mobile/test/full_frontend_qa_test.dart: all frontend states render at 360 / text 2.0
00:07 +18: C:/Users/ADMIN/Desktop/CocEnglish/apps/mobile/test/full_frontend_qa_test.dart: all frontend states render at 430 / text 1.0
00:09 +19: C:/Users/ADMIN/Desktop/CocEnglish/apps/mobile/test/full_frontend_qa_test.dart: all frontend states render at 430 / text 2.0
00:11 +20: C:/Users/ADMIN/Desktop/CocEnglish/apps/mobile/test/full_frontend_qa_test.dart: five tabs preserve path, words reveal, and shop rejects insufficient funds
00:12 +21: C:/Users/ADMIN/Desktop/CocEnglish/apps/mobile/test/full_frontend_qa_test.dart: monthly quest introduction continues once into daily quests
00:12 +22: C:/Users/ADMIN/Desktop/CocEnglish/apps/mobile/test/full_frontend_qa_test.dart: capture analyzed frontend states with original fonts
00:12 +23: All tests passed!
