00:00 +0: loading C:/Users/ADMIN/Desktop/CocEnglish/apps/mobile/test/timer_boost_test.dart
00:00 +0: boost purchase preserves insufficient selection, then spends once from demo balance
00:00 +1: ledger validates boost pack and duplicate receipt without trusting a supplied price
00:00 +2: one owned boost resumes only expired rapid question and preserves answer
00:00 +3: real modal retains dismissed choice and purchase returns to paused rapid question
00:01 +4: Shop modal at width360 text2 purchases and Home shows the same wallet
══╡ EXCEPTION CAUGHT BY FLUTTER TEST FRAMEWORK ╞════════════════════════════════════════════════════
The following TestFailure was thrown running a test:
Expected: null
  Actual: FlutterError:<A RenderFlex overflowed by 37 pixels on the right.>

When the exception was thrown, this was the stack:
#4      main.<anonymous closure> (file:///C:/Users/ADMIN/Desktop/CocEnglish/apps/mobile/test/timer_boost_test.dart:189:7)
<asynchronous suspension>
#5      testWidgets.<anonymous closure>.<anonymous closure> (package:flutter_test/src/widget_tester.dart:192:15)
<asynchronous suspension>
#6      TestWidgetsFlutterBinding._runTestBody (package:flutter_test/src/binding.dart:1953:5)
<asynchronous suspension>
<asynchronous suspension>
(elided one frame from package:stack_trace)

This was caught by the test expectation on the following line:
  file:///C:/Users/ADMIN/Desktop/CocEnglish/apps/mobile/test/timer_boost_test.dart line 189
The test description was:
  Shop modal at width360 text2 purchases and Home shows the same wallet
════════════════════════════════════════════════════════════════════════════════════════════════════
00:02 +4 -1: Shop modal at width360 text2 purchases and Home shows the same wallet [E]
  Test failed. See exception logs above.
  The test description was: Shop modal at width360 text2 purchases and Home shows the same wallet
  
00:02 +4 -1: boost offer and success render width360.0 text1.0
00:02 +5 -1: boost offer and success render width360.0 text2.0
00:03 +6 -1: boost offer and success render width430.0 text1.0
00:03 +7 -1: boost offer and success render width430.0 text2.0
00:03 +8 -1: Some tests failed.

Failing tests:
  C:/Users/ADMIN/Desktop/CocEnglish/apps/mobile/test/timer_boost_test.dart: Shop modal at width360 text2 purchases and Home shows the same wallet
